172.31.14.238 - - [11/Jul/2025:15:49:33 +0000] "GET /company/FER/ratios/ HTTP/1.1" 200 55419 "-" "Mozilla/5.0 (Macintosh; Intel Mac OS X 10_15_7) AppleWebKit/537.36 (KHTML, like Gecko) Chrome/131.0.0.0 Safari/537.36; compatible; OAI-SearchBot/1.0; +https://openai.com/searchbot" "20.171.123.66"
172.31.20.228 - - [11/Jul/2025:15:49:33 +0000] "GET /company/JELD/transcripts/2021/4/ HTTP/1.1" 200 39132 "-" "python-requests/2.32.4" "185.156.46.179"
172.31.20.228 - - [11/Jul/2025:15:49:35 +0000] "GET / HTTP/1.1" 403 135 "-" "ELB-HealthChecker/2.0" "-"
172.31.14.238 - - [11/Jul/2025:15:49:36 +0000] "GET / HTTP/1.1" 200 48698 "-" "ELB-HealthChecker/2.0" "-"
172.31.35.30 - - [11/Jul/2025:15:49:36 +0000] "GET / HTTP/1.1" 200 48708 "-" "ELB-HealthChecker/2.0" "-"
172.31.20.228 - - [11/Jul/2025:15:49:36 +0000] "GET /company/JELD/transcripts/2021/3/ HTTP/1.1" 200 36676 "-" "python-requests/2.32.4" "185.156.46.179"
172.31.14.238 - - [11/Jul/2025:15:49:37 +0000] "GET /company/BIRK/valuation/benjamin-grahams-number/ HTTP/1.1" 200 67858 "-" "Mozilla/5.0 (Macintosh; Intel Mac OS X 10_15_7) AppleWebKit/537.36 (KHTML, like Gecko) Chrome/131.0.0.0 Safari/537.36; compatible; OAI-SearchBot/1.0; +https://openai.com/searchbot" "20.25.151.239"
172.31.35.30 - - [11/Jul/2025:15:49:37 +0000] "GET /company/FSV/transcripts/2021/3/ HTTP/1.1" 200 43319 "-" "Mozilla/5.0 AppleWebKit/537.36 (KHTML, like Gecko; compatible; Amazonbot/0.1; +https://developer.amazon.com/support/amazonbot) Chrome/119.0.6045.214 Safari/537.36" "100.29.128.75"
172.31.35.30 - - [11/Jul/2025:15:49:40 +0000] "GET /company/ICL/balance-sheet-statement/ HTTP/1.1" 200 353751 "-" "meta-externalagent/1.1 (+https://developers.facebook.com/docs/sharing/webmasters/crawler)" "57.141.0.8"
172.31.14.238 - - [11/Jul/2025:15:49:44 +0000] "GET /company/AII/valuation/simple-dividend-discount-model/ HTTP/1.1" 200 61616 "-" "Mozilla/5.0 (Macintosh; Intel Mac OS X 10_15_7) AppleWebKit/537.36 (KHTML, like Gecko) Chrome/131.0.0.0 Safari/537.36; compatible; OAI-SearchBot/1.0; +https://openai.com/searchbot" "172.182.224.14"
172.31.14.238 - - [11/Jul/2025:15:49:44 +0000] "GET /accounts/login/?next=/company/ATIP/revenue-analysis/ HTTP/1.1" 200 11112 "-" "Mozilla/5.0 AppleWebKit/537.36 (KHTML, like Gecko; compatible; Amazonbot/0.1; +https://developer.amazon.com/support/amazonbot) Chrome/119.0.6045.214 Safari/537.36" "3.221.156.96"
172.31.35.30 - - [11/Jul/2025:15:49:45 +0000] "GET /accounts/signup/?next=/company/TRVN/transcripts/2020/4/ HTTP/1.1" 200 49825 "-" "meta-externalagent/1.1 (+https://developers.facebook.com/docs/sharing/webmasters/crawler)" "57.141.0.17"
172.31.14.238 - - [11/Jul/2025:15:49:46 +0000] "GET /company/TBKCP/valuation/weighted-average-cost-of-capital/ HTTP/1.1" 200 378888 "-" "Mozilla/5.0 (compatible; DotBot/1.2; +https://opensiteexplorer.org/dotbot; help@moz.com)" "216.244.66.247"
172.31.20.228 - - [11/Jul/2025:15:49:47 +0000] "GET /company/JELD/transcripts/2020/3/ HTTP/1.1" 200 36185 "-" "python-requests/2.32.4" "185.156.46.179"
172.31.14.238 - - [11/Jul/2025:15:49:48 +0000] "GET /company/VSGDX/overview/ HTTP/1.1" 200 42037 "-" "Mozilla/5.0 (Windows NT 10.0; Win64; x64) AppleWebKit/537.36 (KHTML, like Gecko) Chrome/137.0.0.0 Safari/537.36" "142.245.59.11"
172.31.14.238 - - [11/Jul/2025:15:49:48 +0000] "GET /accounts/login/?next=/company/SNOW/earnings/ HTTP/1.1" 200 11041 "-" "Mozilla/5.0 AppleWebKit/537.36 (KHTML, like Gecko; compatible; Amazonbot/0.1; +https://developer.amazon.com/support/amazonbot) Chrome/119.0.6045.214 Safari/537.36" "52.45.194.165"
172.31.20.228 - - [11/Jul/2025:15:49:50 +0000] "GET / HTTP/1.1" 403 135 "-" "ELB-HealthChecker/2.0" "-"
172.31.14.238 - - [11/Jul/2025:15:49:51 +0000] "POST /parts/stock-chart/ HTTP/1.1" 200 869 "https://discountingcashflows.com/company/VSGDX/overview/" "Mozilla/5.0 (Windows NT 10.0; Win64; x64) AppleWebKit/537.36 (KHTML, like Gecko) Chrome/137.0.0.0 Safari/537.36" "142.245.59.11"
172.31.14.238 - - [11/Jul/2025:15:49:51 +0000] "GET / HTTP/1.1" 200 48648 "-" "ELB-HealthChecker/2.0" "-"
172.31.35.30 - - [11/Jul/2025:15:49:51 +0000] "GET / HTTP/1.1" 200 48710 "-" "ELB-HealthChecker/2.0" "-"
172.31.20.228 - - [11/Jul/2025:15:49:52 +0000] "GET /company/JELD/transcripts/2020/1/ HTTP/1.1" 200 43510 "-" "python-requests/2.32.4" "185.156.46.179"
172.31.35.30 - - [11/Jul/2025:15:49:52 +0000] "GET /accounts/login/?next=/company/CRWD/transcripts/2021/4/ HTTP/1.1" 200 11046 "-" "Mozilla/5.0 AppleWebKit/537.36 (KHTML, like Gecko; compatible; Amazonbot/0.1; +https://developer.amazon.com/support/amazonbot) Chrome/119.0.6045.214 Safari/537.36" "50.17.193.48"
172.31.20.228 - - [11/Jul/2025:15:49:53 +0000] "GET /accounts/signup/?next=/company/OFIX/transcripts/2024/3/ HTTP/1.1" 200 11575 "-" "Mozilla/5.0 (compatible; Barkrowler/0.9; +https://babbar.tech/crawler)" "217.113.194.220"
172.31.14.238 - - [11/Jul/2025:15:49:55 +0000] "GET /company/TCOM/valuation/two-stage-excess-return-model/ HTTP/1.1" 200 74006 "-" "Mozilla/5.0 (Macintosh; Intel Mac OS X 10_15_7) AppleWebKit/537.36 (KHTML, like Gecko) Chrome/131.0.0.0 Safari/537.36; compatible; OAI-SearchBot/1.0; +https://openai.com/searchbot" "172.182.195.58"
172.31.14.238 - - [11/Jul/2025:15:49:56 +0000] "GET /accounts/login/?next=/company/CNX/balance-sheet-statement/ HTTP/1.1" 200 11110 "-" "Mozilla/5.0 AppleWebKit/537.36 (KHTML, like Gecko; compatible; Amazonbot/0.1; +https://developer.amazon.com/support/amazonbot) Chrome/119.0.6045.214 Safari/537.36" "54.210.155.69"
172.31.14.238 - - [11/Jul/2025:15:49:59 +0000] "GET /company/NWFL/valuation/discounted-free-cash-flow-perpetuity/ HTTP/1.1" 200 75178 "-" "Mozilla/5.0 (Macintosh; Intel Mac OS X 10_15_7) AppleWebKit/537.36 (KHTML, like Gecko) Chrome/131.0.0.0 Safari/537.36; compatible; OAI-SearchBot/1.0; +https://openai.com/searchbot" "20.171.123.66"
172.31.35.30 - - [11/Jul/2025:15:50:03 +0000] "GET /company/SITC/transcripts/2016/4/ HTTP/1.1" 200 44456 "-" "Mozilla/5.0 AppleWebKit/537.36 (KHTML, like Gecko; compatible; Amazonbot/0.1; +https://developer.amazon.com/support/amazonbot) Chrome/119.0.6045.214 Safari/537.36" "23.23.137.202"
172.31.20.228 - - [11/Jul/2025:15:50:03 +0000] "GET /company/JELD/transcripts/2019/1/ HTTP/1.1" 200 37953 "-" "python-requests/2.32.4" "185.156.46.179"
172.31.20.228 - - [11/Jul/2025:15:50:04 +0000] "GET /company/TYGO/valuation/ HTTP/1.1" 200 54727 "-" "Mozilla/5.0 AppleWebKit/537.36 (KHTML, like Gecko); compatible; ChatGPT-User/1.0; +https://openai.com/bot" "52.230.163.39"
172.31.20.228 - - [11/Jul/2025:15:50:05 +0000] "GET / HTTP/1.1" 403 135 "-" "ELB-HealthChecker/2.0" "-"
172.31.14.238 - - [11/Jul/2025:15:50:07 +0000] "GET / HTTP/1.1" 200 48674 "-" "ELB-HealthChecker/2.0" "-"
172.31.35.30 - - [11/Jul/2025:15:50:07 +0000] "GET /accounts/signup/?next=/company/PETWW/ratios/quarterly/ HTTP/1.1" 200 11532 "-" "Mozilla/5.0 (compatible; AhrefsBot/7.0; +http://ahrefs.com/robot/)" "54.36.148.45"
172.31.35.30 - - [11/Jul/2025:15:50:07 +0000] "GET / HTTP/1.1" 200 48674 "-" "ELB-HealthChecker/2.0" "-"
172.31.20.228 - - [11/Jul/2025:15:50:08 +0000] "GET /accounts/signup/?next=/company/OFIX/transcripts/2024/4/ HTTP/1.1" 200 11590 "-" "Mozilla/5.0 (compatible; Barkrowler/0.9; +https://babbar.tech/crawler)" "217.113.194.217"
172.31.14.238 - - [11/Jul/2025:15:50:09 +0000] "GET /company/KDP/ratios/quarterly/ HTTP/1.1" 200 54004 "-" "Mozilla/5.0 (Macintosh; Intel Mac OS X 10_15_7) AppleWebKit/537.36 (KHTML, like Gecko) Chrome/131.0.0.0 Safari/537.36; compatible; OAI-SearchBot/1.0; +https://openai.com/searchbot" "172.182.193.86"
172.31.35.30 - - [11/Jul/2025:15:50:11 +0000] "GET /accounts/login/?next=/company/ETTX/income-statement/ HTTP/1.1" 200 11052 "-" "Mozilla/5.0 (compatible; AhrefsBot/7.0; +http://ahrefs.com/robot/)" "54.36.148.224"
172.31.14.238 - - [11/Jul/2025:15:50:12 +0000] "GET /company/FTS/overview/ HTTP/1.1" 200 43933 "-" "Mozilla/5.0 (Macintosh; Intel Mac OS X 10_15_7) AppleWebKit/537.36 (KHTML, like Gecko) Chrome/131.0.0.0 Safari/537.36; compatible; OAI-SearchBot/1.0; +https://openai.com/searchbot" "172.182.195.58"
172.31.20.228 - - [11/Jul/2025:15:50:12 +0000] "GET /company/JELD/transcripts/2018/2/ HTTP/1.1" 200 37099 "-" "python-requests/2.32.4" "185.156.46.179"
172.31.14.238 - - [11/Jul/2025:15:50:15 +0000] "GET /company/ABGI/overview/ HTTP/1.1" 200 43285 "-" "Mozilla/5.0 (Macintosh; Intel Mac OS X 10_15_7) AppleWebKit/537.36 (KHTML, like Gecko) Chrome/131.0.0.0 Safari/537.36; compatible; OAI-SearchBot/1.0; +https://openai.com/searchbot" "135.234.64.1"
172.31.14.238 - - [11/Jul/2025:15:50:16 +0000] "GET /sitemap-executive-compensation.xml?p=2 HTTP/1.1" 200 17242 "-" "Mozilla/5.0 (Macintosh; Intel Mac OS X 10_15_7) AppleWebKit/537.36 (KHTML, like Gecko) Chrome/131.0.0.0 Safari/537.36; compatible; OAI-SearchBot/1.0; +https://openai.com/searchbot" "20.171.53.233"
172.31.35.30 - - [11/Jul/2025:15:50:18 +0000] "GET /company/QSP-UN.TO/transcripts/2021/2/ HTTP/1.1" 200 42572 "-" "Mozilla/5.0 AppleWebKit/537.36 (KHTML, like Gecko); compatible; ChatGPT-User/1.0; +https://openai.com/bot" "172.213.21.155"
172.31.14.238 - - [11/Jul/2025:15:50:18 +0000] "GET /accounts/signup/?next=/company/GTES/transcripts/2020/2/ HTTP/1.1" 200 49825 "-" "meta-externalagent/1.1 (+https://developers.facebook.com/docs/sharing/webmasters/crawler)" "57.141.0.12"
172.31.20.228 - - [11/Jul/2025:15:50:21 +0000] "GET /company/SYF-PB/ratios/ HTTP/1.1" 200 52714 "-" "Mozilla/5.0 AppleWebKit/537.36 (KHTML, like Gecko); compatible; ChatGPT-User/1.0; +https://openai.com/bot" "4.151.241.240"
172.31.14.238 - - [11/Jul/2025:15:50:21 +0000] "GET / HTTP/1.1" 200 48715 "-" "ELB-HealthChecker/2.0" "-"
172.31.35.30 - - [11/Jul/2025:15:50:21 +0000] "GET / HTTP/1.1" 200 48661 "-" "ELB-HealthChecker/2.0" "-"
172.31.20.228 - - [11/Jul/2025:15:50:21 +0000] "GET / HTTP/1.1" 200 48643 "-" "ELB-HealthChecker/2.0" "-"
172.31.35.30 - - [11/Jul/2025:15:50:23 +0000] "GET /accounts/signup/?next=/company/VLEOX/income-statement/quarterly/ HTTP/1.1" 200 11581 "-" "Mozilla/5.0 (compatible; AhrefsBot/7.0; +http://ahrefs.com/robot/)" "54.36.149.43"
172.31.20.228 - - [11/Jul/2025:15:50:24 +0000] "GET /accounts/signup/?next=/company/OFIX/transcripts/2025/1/ HTTP/1.1" 200 11570 "-" "Mozilla/5.0 (compatible; Barkrowler/0.9; +https://babbar.tech/crawler)" "217.113.194.221"
172.31.14.238 - - [11/Jul/2025:15:50:24 +0000] "GET /company/MCFE/executive-compensation/ HTTP/1.1" 200 42464 "https://www.google.com/" "Mozilla/5.0 (Macintosh; Intel Mac OS X 10_15_7) AppleWebKit/537.36 (KHTML, like Gecko) Chrome/137.0.0.0 Safari/537.36" "193.186.4.229"
172.31.14.238 - - [11/Jul/2025:15:50:25 +0000] "GET /company/RLYB/insider-trading/ HTTP/1.1" 200 45101 "-" "Mozilla/5.0 (Macintosh; Intel Mac OS X 10_15_7) AppleWebKit/537.36 (KHTML, like Gecko) Chrome/131.0.0.0 Safari/537.36; compatible; OAI-SearchBot/1.0; +https://openai.com/searchbot" "172.182.193.86"
172.31.35.30 - - [11/Jul/2025:15:50:25 +0000] "GET /company/RENB/institutional-holders/ HTTP/1.1" 200 41841 "-" "Mozilla/5.0 AppleWebKit/537.36 (KHTML, like Gecko); compatible; ChatGPT-User/1.0; +https://openai.com/bot" "172.213.21.151"
172.31.35.30 - - [11/Jul/2025:15:50:26 +0000] "GET /company/EMCGW/valuation/repository/nathan-winklepleck-cfa/nathans-discounted-free-cash-flow/ HTTP/1.1" 200 59300 "-" "Mozilla/5.0 AppleWebKit/537.36 (KHTML, like Gecko); compatible; ChatGPT-User/1.0; +https://openai.com/bot" "68.221.75.20"
172.31.14.238 - - [11/Jul/2025:15:50:28 +0000] "GET /company/TOPW/income-statement/ HTTP/1.1" 200 43783 "-" "Mozilla/5.0 (Macintosh; Intel Mac OS X 10_15_7) AppleWebKit/537.36 (KHTML, like Gecko) Chrome/131.0.0.0 Safari/537.36; compatible; OAI-SearchBot/1.0; +https://openai.com/searchbot" "172.182.195.58"
172.31.14.238 - - [11/Jul/2025:15:50:30 +0000] "GET /company/ABUS/valuation/ HTTP/1.1" 200 54728 "-" "Mozilla/5.0 (Macintosh; Intel Mac OS X 10_15_7) AppleWebKit/537.36 (KHTML, like Gecko) Chrome/131.0.0.0 Safari/537.36; compatible; OAI-SearchBot/1.0; +https://openai.com/searchbot" "135.234.64.1"
172.31.35.30 - - [11/Jul/2025:15:50:30 +0000] "GET /company/MEOH/profile/ HTTP/1.1" 302 0 "-" "Mozilla/5.0 AppleWebKit/537.36 (KHTML, like Gecko); compatible; ChatGPT-User/1.0; +https://openai.com/bot" "40.84.221.223"
172.31.14.238 - - [11/Jul/2025:15:50:32 +0000] "GET /company/TYGGX/ HTTP/1.1" 302 0 "-" "Mozilla/5.0 (Macintosh; Intel Mac OS X 10_15_7) AppleWebKit/537.36 (KHTML, like Gecko) Chrome/131.0.0.0 Safari/537.36; compatible; OAI-SearchBot/1.0; +https://openai.com/searchbot" "20.171.53.233"
172.31.20.228 - - [11/Jul/2025:15:50:32 +0000] "GET /company/JELD/transcripts/2016/3/ HTTP/1.1" 200 84 "-" "python-requests/2.32.4" "185.156.46.179"
172.31.35.30 - - [11/Jul/2025:15:50:35 +0000] "GET /accounts/signup/?next=/company/ETTX/cash-flow-statement/ HTTP/1.1" 200 11589 "-" "Mozilla/5.0 (compatible; AhrefsBot/7.0; +http://ahrefs.com/robot/)" "54.36.148.135"
172.31.14.238 - - [11/Jul/2025:15:50:36 +0000] "GET / HTTP/1.1" 200 48713 "-" "ELB-HealthChecker/2.0" "-"
172.31.35.30 - - [11/Jul/2025:15:50:36 +0000] "GET /accounts/signup/?next=/company/2353.TW/ratios/ HTTP/1.1" 200 11550 "-" "Mozilla/5.0 AppleWebKit/537.36 (KHTML, like Gecko; compatible; Amazonbot/0.1; +https://developer.amazon.com/support/amazonbot) Chrome/119.0.6045.214 Safari/537.36" "52.71.203.206"
172.31.35.30 - - [11/Jul/2025:15:50:36 +0000] "GET / HTTP/1.1" 200 48722 "-" "ELB-HealthChecker/2.0" "-"
172.31.20.228 - - [11/Jul/2025:15:50:36 +0000] "GET / HTTP/1.1" 200 48665 "-" "ELB-HealthChecker/2.0" "-"
172.31.20.228 - - [11/Jul/2025:15:50:37 +0000] "GET /company/JFIN/transcripts/2025/2/ HTTP/1.1" 200 84 "-" "python-requests/2.32.4" "185.156.46.179"
172.31.14.238 - - [11/Jul/2025:15:50:38 +0000] "GET /company/YHC/valuation/weighted-average-cost-of-capital/ HTTP/1.1" 200 60110 "-" "Mozilla/5.0 (Macintosh; Intel Mac OS X 10_15_7) AppleWebKit/537.36 (KHTML, like Gecko) Chrome/131.0.0.0 Safari/537.36; compatible; OAI-SearchBot/1.0; +https://openai.com/searchbot" "172.182.224.14"
172.31.20.228 - - [11/Jul/2025:15:50:40 +0000] "GET /accounts/signup/?next=/company/ZTS/transcripts/2023/1/ HTTP/1.1" 200 11542 "-" "Mozilla/5.0 (compatible; Barkrowler/0.9; +https://babbar.tech/crawler)" "217.113.194.218"
172.31.14.238 - - [11/Jul/2025:15:50:40 +0000] "GET /company/GTBP/valuation/ HTTP/1.1" 200 54724 "-" "Mozilla/5.0 (Macintosh; Intel Mac OS X 10_15_7) AppleWebKit/537.36 (KHTML, like Gecko) Chrome/131.0.0.0 Safari/537.36; compatible; OAI-SearchBot/1.0; +https://openai.com/searchbot" "20.171.53.233"
172.31.35.30 - - [11/Jul/2025:15:50:41 +0000] "GET /company/FELE/transcripts/2025/1/?org.htmx.cache-buster=transcriptsContent HTTP/1.1" 200 27194 "https://discountingcashflows.com/company/FELE/transcripts/" "Mozilla/5.0 (Windows NT 10.0; Win64; x64) AppleWebKit/537.36 (KHTML, like Gecko) Chrome/138.0.0.0 Safari/537.36" "197.79.60.80"
172.31.14.238 - - [11/Jul/2025:15:50:41 +0000] "GET /company/JFIN/transcripts/2025/1/ HTTP/1.1" 200 14525 "-" "python-requests/2.32.4" "185.156.46.179"
172.31.35.30 - - [11/Jul/2025:15:50:44 +0000] "GET /company/BLCI/transcripts/2026/4/ HTTP/1.1" 200 9460 "-" "axios/1.9.0" "18.153.216.70"
172.31.14.238 - - [11/Jul/2025:15:50:44 +0000] "GET /company/PNC/balance-sheet-statement/ HTTP/1.1" 200 55007 "-" "Mozilla/5.0 (Macintosh; Intel Mac OS X 10_15_7) AppleWebKit/537.36 (KHTML, like Gecko) Chrome/131.0.0.0 Safari/537.36; compatible; OAI-SearchBot/1.0; +https://openai.com/searchbot" "172.182.224.14"
172.31.14.238 - - [11/Jul/2025:15:50:45 +0000] "GET /company/UPXI/income-statement/quarterly/ HTTP/1.1" 200 45616 "-" "Mozilla/5.0 (Macintosh; Intel Mac OS X 10_15_7) AppleWebKit/537.36 (KHTML, like Gecko) Chrome/131.0.0.0 Safari/537.36; compatible; OAI-SearchBot/1.0; +https://openai.com/searchbot" "20.171.123.66"
172.31.14.238 - - [11/Jul/2025:15:50:47 +0000] "GET /company/JFIN/transcripts/2019/1/ HTTP/1.1" 200 84 "-" "python-requests/2.32.4" "185.156.46.179"
172.31.35.30 - - [11/Jul/2025:15:50:48 +0000] "GET /company/RACE/transcripts/2020/2/ HTTP/1.1" 200 43335 "-" "Mozilla/5.0 (compatible; SemrushBot/7~bl; +http://www.semrush.com/bot.html)" "85.208.96.196"
172.31.35.30 - - [11/Jul/2025:15:50:48 +0000] "GET /accounts/signup/?next=/company/KL/estimates/ HTTP/1.1" 200 11569 "-" "Mozilla/5.0 AppleWebKit/537.36 (KHTML, like Gecko; compatible; Amazonbot/0.1; +https://developer.amazon.com/support/amazonbot) Chrome/119.0.6045.214 Safari/537.36" "3.89.176.255"
172.31.14.238 - - [11/Jul/2025:15:50:51 +0000] "GET /company/FDUS/valuation/two-stage-dividend-discount-model/ HTTP/1.1" 200 71897 "-" "Mozilla/5.0 (Macintosh; Intel Mac OS X 10_15_7) AppleWebKit/537.36 (KHTML, like Gecko) Chrome/131.0.0.0 Safari/537.36; compatible; OAI-SearchBot/1.0; +https://openai.com/searchbot" "172.182.195.50"
172.31.20.228 - - [11/Jul/2025:15:50:51 +0000] "GET / HTTP/1.1" 200 48652 "-" "ELB-HealthChecker/2.0" "-"
172.31.35.30 - - [11/Jul/2025:15:50:51 +0000] "GET / HTTP/1.1" 200 48648 "-" "ELB-HealthChecker/2.0" "-"
172.31.14.238 - - [11/Jul/2025:15:50:51 +0000] "GET / HTTP/1.1" 200 48720 "-" "ELB-HealthChecker/2.0" "-"
172.31.14.238 - - [11/Jul/2025:15:50:53 +0000] "GET /company/BODI/valuation/simple-dividend-discount-model/ HTTP/1.1" 200 61657 "-" "Mozilla/5.0 (Macintosh; Intel Mac OS X 10_15_7) AppleWebKit/537.36 (KHTML, like Gecko) Chrome/131.0.0.0 Safari/537.36; compatible; OAI-SearchBot/1.0; +https://openai.com/searchbot" "172.182.195.50"
172.31.14.238 - - [11/Jul/2025:15:50:54 +0000] "GET /company/FELE/transcripts/2025/1/ HTTP/1.1" 200 44272 "-" "Mozilla/5.0 (Windows NT 10.0; Win64; x64) AppleWebKit/537.36 (KHTML, like Gecko) Chrome/138.0.0.0 Safari/537.36" "197.79.60.80"
172.31.14.238 - - [11/Jul/2025:15:50:56 +0000] "GET /company/JHB/transcripts/2025/2/ HTTP/1.1" 302 0 "-" "python-requests/2.32.4" "185.156.46.179"
172.31.35.30 - - [11/Jul/2025:15:50:57 +0000] "GET /accounts/signup/?next=/company/VVIAX/balance-sheet-statement/quarterly/ HTTP/1.1" 200 11608 "-" "Mozilla/5.0 (compatible; AhrefsBot/7.0; +http://ahrefs.com/robot/)" "54.36.148.128"
172.31.14.238 - - [11/Jul/2025:15:50:58 +0000] "GET /company/ACN/income-statement/ HTTP/1.1" 200 49990 "-" "Mozilla/5.0 (Macintosh; Intel Mac OS X 10_15_7) AppleWebKit/537.36 (KHTML, like Gecko) Chrome/131.0.0.0 Safari/537.36; compatible; OAI-SearchBot/1.0; +https://openai.com/searchbot" "20.171.123.66"
172.31.35.30 - - [11/Jul/2025:15:50:59 +0000] "GET /company/AFAXX/valuation/weighted-average-cost-of-capital/ HTTP/1.1" 302 0 "-" "meta-externalagent/1.1 (+https://developers.facebook.com/docs/sharing/webmasters/crawler)" "57.141.0.2"
172.31.14.238 - - [11/Jul/2025:15:50:59 +0000] "GET /company/CCO/transcripts/2021/4/ HTTP/1.1" 200 44036 "" "Mozilla/5.0 (Windows NT 10.0; Win64; x64) AppleWebKit/537.36 (KHTML, like Gecko) Chrome/108.0.0.0 Safari/537.36 Edg/108.0.1418.42'" "34.63.19.128"
172.31.14.238 - - [11/Jul/2025:15:51:02 +0000] "GET /company/FELE/transcripts/2024/4/ HTTP/1.1" 200 44313 "-" "Mozilla/5.0 (Windows NT 10.0; Win64; x64) AppleWebKit/537.36 (KHTML, like Gecko) Chrome/138.0.0.0 Safari/537.36" "197.79.60.80"
172.31.14.238 - - [11/Jul/2025:15:51:03 +0000] "GET /company/FELE/transcripts/2024/4/?org.htmx.cache-buster=transcriptsContent HTTP/1.1" 200 31364 "https://discountingcashflows.com/company/FELE/transcripts/2024/4/" "Mozilla/5.0 (Windows NT 10.0; Win64; x64) AppleWebKit/537.36 (KHTML, like Gecko) Chrome/138.0.0.0 Safari/537.36" "197.79.60.80"
172.31.35.30 - - [11/Jul/2025:15:51:04 +0000] "GET /accounts/signup/?next=/company/VENAX/balance-sheet-statement/quarterly/ HTTP/1.1" 200 11515 "-" "Mozilla/5.0 (compatible; AhrefsBot/7.0; +http://ahrefs.com/robot/)" "54.36.148.250"
172.31.14.238 - - [11/Jul/2025:15:51:05 +0000] "GET /company/ACICU/valuation/annual-margin-report/ HTTP/1.1" 200 59715 "-" "Mozilla/5.0 (Macintosh; Intel Mac OS X 10_15_7) AppleWebKit/537.36 (KHTML, like Gecko) Chrome/131.0.0.0 Safari/537.36; compatible; OAI-SearchBot/1.0; +https://openai.com/searchbot" "20.25.151.239"
172.31.20.228 - - [11/Jul/2025:15:51:06 +0000] "GET /company/YHC/balance-sheet-statement/quarterly/ HTTP/1.1" 200 45946 "-" "Mozilla/5.0 AppleWebKit/537.36 (KHTML, like Gecko); compatible; ChatGPT-User/1.0; +https://openai.com/bot" "40.84.221.239"
172.31.14.238 - - [11/Jul/2025:15:51:06 +0000] "GET / HTTP/1.1" 200 48659 "-" "ELB-HealthChecker/2.0" "-"
172.31.35.30 - - [11/Jul/2025:15:51:07 +0000] "GET / HTTP/1.1" 200 48655 "-" "ELB-HealthChecker/2.0" "-"
172.31.20.228 - - [11/Jul/2025:15:51:07 +0000] "GET / HTTP/1.1" 200 48659 "-" "ELB-HealthChecker/2.0" "-"
172.31.14.238 - - [11/Jul/2025:15:51:08 +0000] "GET /company/JHG/transcripts/2025/1/ HTTP/1.1" 200 33689 "-" "python-requests/2.32.4" "185.156.46.179"
172.31.20.228 - - [11/Jul/2025:15:51:08 +0000] "GET /accounts/login/?next=/company/HTIA/valuation/ HTTP/1.1" 200 11076 "-" "Mozilla/5.0 AppleWebKit/537.36 (KHTML, like Gecko; compatible; Amazonbot/0.1; +https://developer.amazon.com/support/amazonbot) Chrome/119.0.6045.214 Safari/537.36" "18.205.91.101"
172.31.14.238 - - [11/Jul/2025:15:51:08 +0000] "GET /company/FELE/transcripts/2024/3/?org.htmx.cache-buster=transcriptsContent HTTP/1.1" 200 30168 "https://discountingcashflows.com/company/FELE/transcripts/2024/3/" "Mozilla/5.0 (Windows NT 10.0; Win64; x64) AppleWebKit/537.36 (KHTML, like Gecko) Chrome/138.0.0.0 Safari/537.36" "197.79.60.80"
172.31.14.238 - - [11/Jul/2025:15:51:09 +0000] "GET /api/ratios/ltm/MNST/ HTTP/1.1" 403 0 "https://discountingcashflows.com/logout/?next=/company/mnst/ratios/" "Mozilla/5.0 (Linux; Android 7.0;) AppleWebKit/537.36 (KHTML, like Gecko) Mobile Safari/537.36 (compatible; PetalBot;+https://webmaster.petalsearch.com/site/petalbot)" "114.119.134.204"
172.31.35.30 - - [11/Jul/2025:15:51:11 +0000] "GET /company/OCN/transcripts/2010/2/ HTTP/1.1" 200 44503 "-" "Mozilla/5.0 (compatible; SemrushBot/7~bl; +http://www.semrush.com/bot.html)" "185.191.171.4"
172.31.14.238 - - [11/Jul/2025:15:51:13 +0000] "GET /company/FELE/transcripts/2024/2/?org.htmx.cache-buster=transcriptsContent HTTP/1.1" 200 17860 "https://discountingcashflows.com/company/FELE/transcripts/2024/2/" "Mozilla/5.0 (Windows NT 10.0; Win64; x64) AppleWebKit/537.36 (KHTML, like Gecko) Chrome/138.0.0.0 Safari/537.36" "197.79.60.80"
172.31.14.238 - - [11/Jul/2025:15:51:13 +0000] "GET /company/JHG/transcripts/2016/4/ HTTP/1.1" 200 84 "-" "python-requests/2.32.4" "185.156.46.179"
172.31.35.30 - - [11/Jul/2025:15:51:14 +0000] "GET /company/MDV/executive-compensation/ HTTP/1.1" 200 42148 "-" "Mozilla/5.0 (compatible; AhrefsBot/7.0; +http://ahrefs.com/robot/)" "54.36.148.72"
172.31.20.228 - - [11/Jul/2025:15:51:16 +0000] "GET /company/RNA/overview/ HTTP/1.1" 200 43561 "-" "Mozilla/5.0 AppleWebKit/537.36 (KHTML, like Gecko; compatible; Perplexity-User/1.0; +https://perplexity.ai/perplexity-user)" "44.208.221.197"
172.31.20.228 - - [11/Jul/2025:15:51:16 +0000] "GET /company/APLE/transcripts/2024/2/ HTTP/1.1" 200 43368 "-" "Mozilla/5.0 (Macintosh; Intel Mac OS X 10_15_7) AppleWebKit/537.36 (KHTML, like Gecko) Chrome/109.0.0.0 Safari/537.36" "31.58.154.112"
172.31.14.238 - - [11/Jul/2025:15:51:16 +0000] "GET /company/GTEC/earnings/ HTTP/1.1" 200 43350 "-" "Mozilla/5.0 (Macintosh; Intel Mac OS X 10_15_7) AppleWebKit/537.36 (KHTML, like Gecko) Chrome/131.0.0.0 Safari/537.36; compatible; OAI-SearchBot/1.0; +https://openai.com/searchbot" "172.182.193.86"
172.31.14.238 - - [11/Jul/2025:15:51:18 +0000] "GET /company/JHX/transcripts/2025/2/ HTTP/1.1" 200 39810 "-" "python-requests/2.32.4" "185.156.46.179"
172.31.35.30 - - [11/Jul/2025:15:51:19 +0000] "GET /accounts/login/?next=/editor/&org.htmx.cache-buster=true HTTP/1.1" 200 11107 "https://discountingcashflows.com/" "Mozilla/5.0 (Windows NT 10.0; Win64; x64) AppleWebKit/537.36 (KHTML, like Gecko) Chrome/126.0.0.0 Safari/537.36" "89.114.236.188"
172.31.14.238 - - [11/Jul/2025:15:51:21 +0000] "GET / HTTP/1.1" 200 48658 "-" "ELB-HealthChecker/2.0" "-"
172.31.14.238 - - [11/Jul/2025:15:51:21 +0000] "GET /company/ECPG/valuation/discounted-future-market-cap/ HTTP/1.1" 200 74337 "-" "Mozilla/5.0 (Macintosh; Intel Mac OS X 10_15_7) AppleWebKit/537.36 (KHTML, like Gecko) Chrome/131.0.0.0 Safari/537.36; compatible; OAI-SearchBot/1.0; +https://openai.com/searchbot" "172.182.224.14"
172.31.20.228 - - [11/Jul/2025:15:51:21 +0000] "GET / HTTP/1.1" 200 48653 "-" "ELB-HealthChecker/2.0" "-"
172.31.35.30 - - [11/Jul/2025:15:51:22 +0000] "GET / HTTP/1.1" 200 48746 "-" "ELB-HealthChecker/2.0" "-"
172.31.14.238 - - [11/Jul/2025:15:51:22 +0000] "GET /company/FELE/transcripts/2023/4/ HTTP/1.1" 200 44256 "-" "Mozilla/5.0 (Windows NT 10.0; Win64; x64) AppleWebKit/537.36 (KHTML, like Gecko) Chrome/138.0.0.0 Safari/537.36" "197.79.60.80"
172.31.14.238 - - [11/Jul/2025:15:51:22 +0000] "GET /company/LUN.TO/income-statement/quarterly/ HTTP/1.1" 200 46061 "-" "Mozilla/5.0 (Macintosh; Intel Mac OS X 10_15_7) AppleWebKit/537.36 (KHTML, like Gecko) Chrome/131.0.0.0 Safari/537.36; compatible; OAI-SearchBot/1.0; +https://openai.com/searchbot" "172.182.195.50"
172.31.14.238 - - [11/Jul/2025:15:51:25 +0000] "GET /company/WW/transcripts/2012/3/ HTTP/1.1" 200 44584 "-" "Mozilla/5.0 (Macintosh; Intel Mac OS X 10_15_7) AppleWebKit/537.36 (KHTML, like Gecko) Chrome/131.0.0.0 Safari/537.36; compatible; OAI-SearchBot/1.0; +https://openai.com/searchbot" "172.182.195.58"
172.31.14.238 - - [11/Jul/2025:15:51:26 +0000] "GET /company/NOMD/insider-trading/ HTTP/1.1" 200 41404 "-" "Mozilla/5.0 (Macintosh; Intel Mac OS X 10_15_7) AppleWebKit/537.36 (KHTML, like Gecko) Chrome/131.0.0.0 Safari/537.36; compatible; OAI-SearchBot/1.0; +https://openai.com/searchbot" "172.182.195.50"
172.31.35.30 - - [11/Jul/2025:15:51:26 +0000] "GET /accounts/signup/?next=/company/LUBAX/profile/None HTTP/1.1" 200 11496 "-" "Mozilla/5.0 (compatible; AhrefsBot/7.0; +http://ahrefs.com/robot/)" "54.36.148.19"
172.31.14.238 - - [11/Jul/2025:15:51:27 +0000] "GET /company/JIH/transcripts/2025/2/ HTTP/1.1" 200 9430 "-" "python-requests/2.32.4" "185.156.46.179"
172.31.20.228 - - [11/Jul/2025:15:51:28 +0000] "GET /accounts/login/?next=/company/HPE/valuation/simple-dividend-discount-model/ HTTP/1.1" 200 11048 "-" "Mozilla/5.0 AppleWebKit/537.36 (KHTML, like Gecko; compatible; Amazonbot/0.1; +https://developer.amazon.com/support/amazonbot) Chrome/119.0.6045.214 Safari/537.36" "44.210.204.255"
172.31.14.238 - - [11/Jul/2025:15:51:30 +0000] "GET /company/JIH/transcripts/2025/2/ HTTP/1.1" 200 9452 "-" "python-requests/2.32.4" "185.156.46.179"
172.31.14.238 - - [11/Jul/2025:15:51:31 +0000] "GET /company/LEN/balance-sheet-statement/quarterly/ HTTP/1.1" 200 536428 "-" "meta-externalagent/1.1 (+https://developers.facebook.com/docs/sharing/webmasters/crawler)" "57.141.0.28"
172.31.35.30 - - [11/Jul/2025:15:51:32 +0000] "GET /search/angela+manuel+na+procuradoria HTTP/1.1" 200 31289 "-" "Mozilla/5.0 AppleWebKit/537.36 (KHTML, like Gecko; compatible; bingbot/2.0; +http://www.bing.com/bingbot.htm) Chrome/116.0.1938.76 Safari/537.36" "40.77.167.58"
172.31.35.30 - - [11/Jul/2025:15:51:32 +0000] "GET /company/EQRR/valuation/ HTTP/1.1" 302 0 "-" "Mozilla/5.0 (compatible; AhrefsBot/7.0; +http://ahrefs.com/robot/)" "54.36.148.26"
172.31.14.238 - - [11/Jul/2025:15:51:33 +0000] "GET /company/SBET/overview/ HTTP/1.1" 200 43730 "-" "Mozilla/5.0 (Macintosh; Intel Mac OS X 10_15_7) AppleWebKit/537.36 (KHTML, like Gecko) Chrome/131.0.0.0 Safari/537.36; compatible; OAI-SearchBot/1.0; +https://openai.com/searchbot" "135.234.64.1"
172.31.14.238 - - [11/Jul/2025:15:51:36 +0000] "GET / HTTP/1.1" 200 48697 "-" "ELB-HealthChecker/2.0" "-"
172.31.35.30 - - [11/Jul/2025:15:51:36 +0000] "GET / HTTP/1.1" 200 48660 "-" "ELB-HealthChecker/2.0" "-"
172.31.20.228 - - [11/Jul/2025:15:51:37 +0000] "GET / HTTP/1.1" 200 48706 "-" "ELB-HealthChecker/2.0" "-"
172.31.14.238 - - [11/Jul/2025:15:51:37 +0000] "GET /company/ACN/earnings/ HTTP/1.1" 200 46526 "-" "Mozilla/5.0 (Macintosh; Intel Mac OS X 10_15_7) AppleWebKit/537.36 (KHTML, like Gecko) Chrome/131.0.0.0 Safari/537.36; compatible; OAI-SearchBot/1.0; +https://openai.com/searchbot" "135.234.64.1"
172.31.14.238 - - [11/Jul/2025:15:51:37 +0000] "GET /company/FELE/transcripts/2023/1/ HTTP/1.1" 200 44277 "-" "Mozilla/5.0 (Windows NT 10.0; Win64; x64) AppleWebKit/537.36 (KHTML, like Gecko) Chrome/138.0.0.0 Safari/537.36" "197.79.60.80"
172.31.35.30 - - [11/Jul/2025:15:51:37 +0000] "GET /accounts/signup/?next=/company/SOPAX/profile/None HTTP/1.1" 200 11535 "-" "Mozilla/5.0 (compatible; AhrefsBot/7.0; +http://ahrefs.com/robot/)" "54.36.149.72"
172.31.14.238 - - [11/Jul/2025:15:51:40 +0000] "GET /company/TFC/valuation/two-stage-excess-return-model/ HTTP/1.1" 200 74432 "-" "Mozilla/5.0 (Macintosh; Intel Mac OS X 10_15_7) AppleWebKit/537.36 (KHTML, like Gecko) Chrome/131.0.0.0 Safari/537.36; compatible; OAI-SearchBot/1.0; +https://openai.com/searchbot" "172.182.224.14"
172.31.20.228 - - [11/Jul/2025:15:51:40 +0000] "GET /accounts/signup/?next=/company/JSCEX/sec-filings/ HTTP/1.1" 200 11546 "-" "Mozilla/5.0 AppleWebKit/537.36 (KHTML, like Gecko; compatible; Amazonbot/0.1; +https://developer.amazon.com/support/amazonbot) Chrome/119.0.6045.214 Safari/537.36" "35.173.38.202"
172.31.35.30 - - [11/Jul/2025:15:51:43 +0000] "GET /company/RRX/valuation/ HTTP/1.1" 200 351370 "-" "meta-externalagent/1.1 (+https://developers.facebook.com/docs/sharing/webmasters/crawler)" "57.141.0.12"
172.31.14.238 - - [11/Jul/2025:15:51:43 +0000] "GET /company/JIH-WT/transcripts/2025/2/ HTTP/1.1" 200 9413 "-" "python-requests/2.32.4" "185.156.46.179"
172.31.14.238 - - [11/Jul/2025:15:51:44 +0000] "GET /company/VFLEX/dividends/ HTTP/1.1" 200 42413 "-" "Mozilla/5.0 (Macintosh; Intel Mac OS X 10_15_7) AppleWebKit/537.36 (KHTML, like Gecko) Chrome/131.0.0.0 Safari/537.36; compatible; OAI-SearchBot/1.0; +https://openai.com/searchbot" "172.182.195.58"
172.31.35.30 - - [11/Jul/2025:15:51:44 +0000] "GET /accounts/signup/?next=/search/10.7/2 HTTP/1.1" 200 11525 "-" "Mozilla/5.0 AppleWebKit/537.36 (KHTML, like Gecko; compatible; bingbot/2.0; +http://www.bing.com/bingbot.htm) Chrome/116.0.1938.76 Safari/537.36" "52.167.144.206"
172.31.20.228 - - [11/Jul/2025:15:51:45 +0000] "GET /company/ADT/transcripts/2024/3/ HTTP/1.1" 200 43567 "-" "Mozilla/5.0 AppleWebKit/537.36 (KHTML, like Gecko; compatible; Amazonbot/0.1; +https://developer.amazon.com/support/amazonbot) Chrome/119.0.6045.214 Safari/537.36" "18.233.24.238"
172.31.14.238 - - [11/Jul/2025:15:51:46 +0000] "GET /company/CAE/valuation/annual-margin-report/ HTTP/1.1" 200 64571 "-" "Mozilla/5.0 (Macintosh; Intel Mac OS X 10_15_7) AppleWebKit/537.36 (KHTML, like Gecko) Chrome/131.0.0.0 Safari/537.36; compatible; OAI-SearchBot/1.0; +https://openai.com/searchbot" "135.234.64.1"
172.31.14.238 - - [11/Jul/2025:15:51:47 +0000] "GET /company/OSCR/valuation/repository/33/ HTTP/1.1" 302 0 "-" "Mozilla/5.0 AppleWebKit/537.36 (KHTML, like Gecko); compatible; ChatGPT-User/1.0; +https://openai.com/bot" "20.97.189.102"
172.31.14.238 - - [11/Jul/2025:15:51:47 +0000] "GET /company/FELE/transcripts/2022/3/ HTTP/1.1" 200 44243 "-" "Mozilla/5.0 (Windows NT 10.0; Win64; x64) AppleWebKit/537.36 (KHTML, like Gecko) Chrome/138.0.0.0 Safari/537.36" "197.79.60.80"
172.31.35.30 - - [11/Jul/2025:15:51:48 +0000] "GET /company/HLIO/transcripts/2015/4/ HTTP/1.1" 200 44330 "-" "Mozilla/5.0 (compatible; SemrushBot/7~bl; +http://www.semrush.com/bot.html)" "85.208.96.208"
172.31.35.30 - - [11/Jul/2025:15:51:48 +0000] "GET /accounts/signup/?next=/company/SVIX/profile/None HTTP/1.1" 200 11504 "-" "Mozilla/5.0 (compatible; AhrefsBot/7.0; +http://ahrefs.com/robot/)" "54.36.148.141"
172.31.14.238 - - [11/Jul/2025:15:51:48 +0000] "GET /company/MXL/balance-sheet-statement/ HTTP/1.1" 200 49951 "-" "Mozilla/5.0 (Macintosh; Intel Mac OS X 10_15_7) AppleWebKit/537.36 (KHTML, like Gecko) Chrome/131.0.0.0 Safari/537.36; compatible; OAI-SearchBot/1.0; +https://openai.com/searchbot" "172.182.224.14"
172.31.14.238 - - [11/Jul/2025:15:51:51 +0000] "GET /company/SPLP-PA/balance-sheet-statement/ HTTP/1.1" 200 49808 "-" "Mozilla/5.0 (Macintosh; Intel Mac OS X 10_15_7) AppleWebKit/537.36 (KHTML, like Gecko) Chrome/131.0.0.0 Safari/537.36; compatible; OAI-SearchBot/1.0; +https://openai.com/searchbot" "172.182.195.50"
172.31.35.30 - - [11/Jul/2025:15:51:51 +0000] "GET / HTTP/1.1" 200 48709 "-" "ELB-HealthChecker/2.0" "-"
172.31.14.238 - - [11/Jul/2025:15:51:51 +0000] "GET / HTTP/1.1" 200 48655 "-" "ELB-HealthChecker/2.0" "-"
172.31.20.228 - - [11/Jul/2025:15:51:51 +0000] "GET / HTTP/1.1" 200 48706 "-" "ELB-HealthChecker/2.0" "-"
172.31.14.238 - - [11/Jul/2025:15:51:53 +0000] "GET /company/ANAD/valuation/discounted-free-cash-flow-exit-multiple/ HTTP/1.1" 200 64027 "-" "Mozilla/5.0 (Macintosh; Intel Mac OS X 10_15_7) AppleWebKit/537.36 (KHTML, like Gecko) Chrome/131.0.0.0 Safari/537.36; compatible; OAI-SearchBot/1.0; +https://openai.com/searchbot" "172.182.195.58"
172.31.14.238 - - [11/Jul/2025:15:51:54 +0000] "GET /company/CAE/balance-sheet-statement/ HTTP/1.1" 200 54256 "-" "Mozilla/5.0 (compatible; YandexBot/3.0; +http://yandex.com/bots) AppleWebKit/537.36 (KHTML, like Gecko) Chrome/108.0.0.0" "87.250.224.225"
172.31.35.30 - - [11/Jul/2025:15:51:55 +0000] "HEAD /company/OIIM/profile/ HTTP/1.1" 302 0 "-" "curl/8.10.0" "34.55.113.150"
172.31.14.238 - - [11/Jul/2025:15:51:56 +0000] "GET /company/OIIM/profile/ HTTP/1.1" 302 0 "https://www.google.com/" "Mozilla/5.0 (Windows NT 10.0; Win64; x64) AppleWebKit/537.36 (KHTML, like Gecko) Chrome/138.0.0.0 Safari/537.36 Edg/138.0.1833.2" "139.5.105.224"
172.31.20.228 - - [11/Jul/2025:15:51:58 +0000] "GET /company/OIIM/overview/ HTTP/1.1" 499 0 "https://discountingcashflows.com/company/OIIM/profile/" "Mozilla/5.0 (Windows NT 10.0; Win64; x64) AppleWebKit/537.36 (KHTML, like Gecko) Chrome/138.0.0.0 Safari/537.36 Edg/138.0.1833.2" "165.140.72.104"
172.31.20.228 - - [11/Jul/2025:15:51:58 +0000] "GET /company/OIIM/overview/ HTTP/1.1" 200 43759 "https://discountingcashflows.com/company/OIIM/profile/" "Mozilla/5.0 (Windows NT 10.0; Win64; x64) AppleWebKit/537.36 (KHTML, like Gecko) Chrome/138.0.0.0 Safari/537.36 Edg/138.0.1902.65" "174.138.73.241"
172.31.35.30 - - [11/Jul/2025:15:51:58 +0000] "GET /company/BLK/transcripts/2017/4/ HTTP/1.1" 200 44533 "-" "Mozilla/5.0 AppleWebKit/537.36 (KHTML, like Gecko); compatible; ChatGPT-User/1.0; +https://openai.com/bot" "23.98.142.185"
172.31.14.238 - - [11/Jul/2025:15:51:58 +0000] "GET /company/PNY/chart/ HTTP/1.1" 200 40909 "-" "Mozilla/5.0 (Macintosh; Intel Mac OS X 10_15_7) AppleWebKit/537.36 (KHTML, like Gecko) Chrome/131.0.0.0 Safari/537.36; compatible; OAI-SearchBot/1.0; +https://openai.com/searchbot" "172.182.195.58"
172.31.35.30 - - [11/Jul/2025:15:51:58 +0000] "GET /company/OIIM/overview/ HTTP/1.1" 200 43853 "https://discountingcashflows.com/company/OIIM/profile/" "Mozilla/5.0 (Windows NT 10.0; Win64; x64) AppleWebKit/537.36 (KHTML, like Gecko) Chrome/138.0.0.0 Safari/537.36 Edg/138.0.1902.65" "134.199.80.79"
172.31.35.30 - - [11/Jul/2025:15:51:58 +0000] "GET /company/ACLS/valuation/annual-margin-report/ HTTP/1.1" 200 64449 "-" "Mozilla/5.0 (compatible; AhrefsBot/7.0; +http://ahrefs.com/robot/)" "54.36.148.142"
172.31.14.238 - - [11/Jul/2025:15:51:58 +0000] "GET /company/OIIM/overview/ HTTP/1.1" 200 43801 "https://discountingcashflows.com/company/OIIM/profile/" "Mozilla/5.0 (Windows NT 10.0; Win64; x64) AppleWebKit/537.36 (KHTML, like Gecko) Chrome/138.0.0.0 Safari/537.36 Edg/138.0.1814.73" "188.240.83.19"
172.31.20.228 - - [11/Jul/2025:15:51:58 +0000] "GET /company/OIIM/overview/ HTTP/1.1" 200 43822 "https://discountingcashflows.com/company/OIIM/profile/" "Mozilla/5.0 (Windows NT 10.0; Win64; x64) AppleWebKit/537.36 (KHTML, like Gecko) Chrome/138.0.0.0 Safari/537.36 Edg/138.0.1816.2" "206.204.58.82"
172.31.14.238 - - [11/Jul/2025:15:52:00 +0000] "GET /company/JJSF/transcripts/2011/4/ HTTP/1.1" 200 84 "-" "python-requests/2.32.4" "185.156.46.179"
172.31.14.238 - - [11/Jul/2025:15:52:00 +0000] "GET /company/FELE/transcripts/2022/1/?org.htmx.cache-buster=transcriptsContent HTTP/1.1" 200 22385 "https://discountingcashflows.com/company/FELE/transcripts/2022/1/" "Mozilla/5.0 (Windows NT 10.0; Win64; x64) AppleWebKit/537.36 (KHTML, like Gecko) Chrome/138.0.0.0 Safari/537.36" "197.79.60.80"
172.31.14.238 - - [11/Jul/2025:15:52:02 +0000] "GET /company/JKHY/transcripts/2012/1/ HTTP/1.1" 200 84 "-" "python-requests/2.32.4" "185.156.46.179"
172.31.20.228 - - [11/Jul/2025:15:52:04 +0000] "GET /company/AMBR/balance-sheet-statement/ HTTP/1.1" 200 47785 "-" "Mozilla/5.0 AppleWebKit/537.36 (KHTML, like Gecko; compatible; Perplexity-User/1.0; +https://perplexity.ai/perplexity-user)" "44.208.221.197"
172.31.35.30 - - [11/Jul/2025:15:52:05 +0000] "GET /accounts/login/?next=/company/OHPAU/insider-trading/ HTTP/1.1" 200 11105 "-" "Mozilla/5.0 AppleWebKit/537.36 (KHTML, like Gecko; compatible; Amazonbot/0.1; +https://developer.amazon.com/support/amazonbot) Chrome/119.0.6045.214 Safari/537.36" "35.168.238.50"
172.31.14.238 - - [11/Jul/2025:15:52:05 +0000] "GET /company/JKHY/transcripts/2012/1/ HTTP/1.1" 200 84 "-" "python-requests/2.32.4" "185.156.46.179"
172.31.35.30 - - [11/Jul/2025:15:52:06 +0000] "GET /company/MFEJX/valuation/ HTTP/1.1" 302 0 "-" "meta-externalagent/1.1 (+https://developers.facebook.com/docs/sharing/webmasters/crawler)" "57.141.0.27"
172.31.35.30 - - [11/Jul/2025:15:52:07 +0000] "GET / HTTP/1.1" 200 48679 "-" "ELB-HealthChecker/2.0" "-"
172.31.20.228 - - [11/Jul/2025:15:52:08 +0000] "GET / HTTP/1.1" 200 48732 "-" "ELB-HealthChecker/2.0" "-"
172.31.14.238 - - [11/Jul/2025:15:52:08 +0000] "GET / HTTP/1.1" 200 48713 "-" "ELB-HealthChecker/2.0" "-"
172.31.20.228 - - [11/Jul/2025:15:52:08 +0000] "GET /company/BGL/valuation/peter-lynch-fair-value/ HTTP/1.1" 200 54687 "-" "Mozilla/5.0 AppleWebKit/537.36 (KHTML, like Gecko); compatible; ChatGPT-User/1.0; +https://openai.com/bot" "52.190.190.25"
172.31.14.238 - - [11/Jul/2025:15:52:08 +0000] "GET /company/TRON/insider-trading/ HTTP/1.1" 200 42687 "-" "Mozilla/5.0 (Macintosh; Intel Mac OS X 10_15_7) AppleWebKit/537.36 (KHTML, like Gecko) Chrome/131.0.0.0 Safari/537.36; compatible; OAI-SearchBot/1.0; +https://openai.com/searchbot" "20.171.53.233"
172.31.35.30 - - [11/Jul/2025:15:52:08 +0000] "GET /accounts/login/?next=/company/MDLA/valuation/annual-margin-report/ HTTP/1.1" 200 11048 "-" "Mozilla/5.0 AppleWebKit/537.36 (KHTML, like Gecko; compatible; Amazonbot/0.1; +https://developer.amazon.com/support/amazonbot) Chrome/119.0.6045.214 Safari/537.36" "52.203.65.83"
172.31.14.238 - - [11/Jul/2025:15:52:09 +0000] "GET /company/EIPFX/valuation/earnings-power-value/ HTTP/1.1" 302 0 "-" "Mozilla/5.0 (Macintosh; Intel Mac OS X 10_15_7) AppleWebKit/537.36 (KHTML, like Gecko) Chrome/131.0.0.0 Safari/537.36; compatible; OAI-SearchBot/1.0; +https://openai.com/searchbot" "172.182.195.50"
172.31.14.238 - - [11/Jul/2025:15:52:10 +0000] "GET /company/FELE/transcripts/2021/3/ HTTP/1.1" 200 44306 "-" "Mozilla/5.0 (Windows NT 10.0; Win64; x64) AppleWebKit/537.36 (KHTML, like Gecko) Chrome/138.0.0.0 Safari/537.36" "197.79.60.80"
172.31.14.238 - - [11/Jul/2025:15:52:12 +0000] "GET /company/JKS/transcripts/2025/2/ HTTP/1.1" 200 84 "-" "python-requests/2.32.4" "185.156.46.179"
172.31.35.30 - - [11/Jul/2025:15:52:14 +0000] "GET /company/GFL/transcripts/2021/2/ HTTP/1.1" 200 42208 "-" "Mozilla/5.0 (compatible; SemrushBot/7~bl; +http://www.semrush.com/bot.html)" "85.208.96.198"
172.31.14.238 - - [11/Jul/2025:15:52:14 +0000] "GET /company/JKS/transcripts/2025/1/ HTTP/1.1" 200 20492 "-" "python-requests/2.32.4" "185.156.46.179"
172.31.14.238 - - [11/Jul/2025:15:52:15 +0000] "GET /company/FELE/transcripts/2021/2/ HTTP/1.1" 200 44288 "-" "Mozilla/5.0 (Windows NT 10.0; Win64; x64) AppleWebKit/537.36 (KHTML, like Gecko) Chrome/138.0.0.0 Safari/537.36" "197.79.60.80"
172.31.14.238 - - [11/Jul/2025:15:52:16 +0000] "GET /company/MEOH/profile/ HTTP/1.1" 302 0 "-" "Mozilla/5.0 (Macintosh; Intel Mac OS X 10_15_7) AppleWebKit/537.36 (KHTML, like Gecko) Chrome/131.0.0.0 Safari/537.36; compatible; OAI-SearchBot/1.0; +https://openai.com/searchbot" "20.171.123.66"
172.31.35.30 - - [11/Jul/2025:15:52:19 +0000] "GET /company/MISNX/valuation/two-stage-excess-return-model/ HTTP/1.1" 302 0 "-" "Mozilla/5.0 (compatible; DotBot/1.2; +https://opensiteexplorer.org/dotbot; help@moz.com)" "216.244.66.247"
172.31.14.238 - - [11/Jul/2025:15:52:20 +0000] "GET /company/JKS/transcripts/2012/1/ HTTP/1.1" 200 84 "-" "python-requests/2.32.4" "185.156.46.179"
172.31.35.30 - - [11/Jul/2025:15:52:21 +0000] "GET /company/LVS/valuation/two-stage-dividend-discount-model/ HTTP/1.1" 200 71896 "-" "Mozilla/5.0 (Linux; Android 6.0.1; Nexus 5X Build/MMB29P) AppleWebKit/537.36 (KHTML, like Gecko) Chrome/137.0.7151.103 Mobile Safari/537.36 (compatible; Googlebot/2.1; +http://www.google.com/bot.html)" "66.249.74.134"
172.31.14.238 - - [11/Jul/2025:15:52:21 +0000] "GET / HTTP/1.1" 200 48670 "-" "ELB-HealthChecker/2.0" "-"
172.31.14.238 - - [11/Jul/2025:15:52:21 +0000] "GET /company/FELE/transcripts/2021/1/?org.htmx.cache-buster=transcriptsContent HTTP/1.1" 200 23230 "https://discountingcashflows.com/company/FELE/transcripts/2021/1/" "Mozilla/5.0 (Windows NT 10.0; Win64; x64) AppleWebKit/537.36 (KHTML, like Gecko) Chrome/138.0.0.0 Safari/537.36" "197.79.60.80"
172.31.35.30 - - [11/Jul/2025:15:52:22 +0000] "GET / HTTP/1.1" 200 48646 "-" "ELB-HealthChecker/2.0" "-"
172.31.20.228 - - [11/Jul/2025:15:52:22 +0000] "GET / HTTP/1.1" 200 48664 "-" "ELB-HealthChecker/2.0" "-"
172.31.14.238 - - [11/Jul/2025:15:52:23 +0000] "GET /company/GEAR/valuation/simple-dividend-discount-model/ HTTP/1.1" 200 61646 "-" "Mozilla/5.0 (Macintosh; Intel Mac OS X 10_15_7) AppleWebKit/537.36 (KHTML, like Gecko) Chrome/131.0.0.0 Safari/537.36; compatible; OAI-SearchBot/1.0; +https://openai.com/searchbot" "172.182.195.50"
172.31.14.238 - - [11/Jul/2025:15:52:24 +0000] "GET /company/WGS/valuation/discounted-free-cash-flow-exit-multiple/ HTTP/1.1" 200 77289 "-" "Mozilla/5.0 (Macintosh; Intel Mac OS X 10_15_7) AppleWebKit/537.36 (KHTML, like Gecko) Chrome/131.0.0.0 Safari/537.36; compatible; OAI-SearchBot/1.0; +https://openai.com/searchbot" "135.234.64.1"
172.31.35.30 - - [11/Jul/2025:15:52:25 +0000] "GET /company/NGVC/valuation/weighted-average-cost-of-capital/ HTTP/1.1" 200 62400 "-" "Mozilla/5.0 (compatible; AhrefsBot/7.0; +http://ahrefs.com/robot/)" "54.36.148.148"
172.31.14.238 - - [11/Jul/2025:15:52:27 +0000] "GET /company/MRX/valuation/simple-excess-return-model/ HTTP/1.1" 200 70359 "-" "Mozilla/5.0 (Macintosh; Intel Mac OS X 10_15_7) AppleWebKit/537.36 (KHTML, like Gecko) Chrome/131.0.0.0 Safari/537.36; compatible; OAI-SearchBot/1.0; +https://openai.com/searchbot" "20.171.53.233"
172.31.20.228 - - [11/Jul/2025:15:52:27 +0000] "GET /company/GTLB/ratios/ HTTP/1.1" 200 50497 "-" "Mozilla/5.0 AppleWebKit/537.36 (KHTML, like Gecko); compatible; ChatGPT-User/1.0; +https://openai.com/bot" "52.255.111.9"
172.31.14.238 - - [11/Jul/2025:15:52:29 +0000] "GET /company/AMBR/transcripts/2020/2/ HTTP/1.1" 200 42205 "-" "Mozilla/5.0 AppleWebKit/537.36 (KHTML, like Gecko; compatible; Perplexity-User/1.0; +https://perplexity.ai/perplexity-user)" "34.193.163.52"
172.31.14.238 - - [11/Jul/2025:15:52:31 +0000] "GET /company/FELE/transcripts/2020/3/ HTTP/1.1" 200 44231 "-" "Mozilla/5.0 (Windows NT 10.0; Win64; x64) AppleWebKit/537.36 (KHTML, like Gecko) Chrome/138.0.0.0 Safari/537.36" "197.79.60.80"
172.31.14.238 - - [11/Jul/2025:15:52:31 +0000] "GET /company/JMIA/transcripts/2025/2/ HTTP/1.1" 200 84 "-" "python-requests/2.32.4" "185.156.46.179"
172.31.35.30 - - [11/Jul/2025:15:52:33 +0000] "GET /company/CAPNR/valuation/discounted-future-market-cap/ HTTP/1.1" 200 60762 "-" "Mozilla/5.0 (compatible; SemrushBot/7~bl; +http://www.semrush.com/bot.html)" "85.208.96.204"
172.31.14.238 - - [11/Jul/2025:15:52:34 +0000] "GET /company/JMIA/transcripts/2025/2/ HTTP/1.1" 200 84 "-" "python-requests/2.32.4" "185.156.46.179"
172.31.14.238 - - [11/Jul/2025:15:52:35 +0000] "POST /parts/stock-chart/ HTTP/1.1" 200 5254 "https://discountingcashflows.com/company/SAN/overview/" "Mozilla/5.0 (Windows NT 10.0; Win64; x64) AppleWebKit/537.36 (KHTML, like Gecko) Chrome/123.0.6312.0 Safari/537.36" "52.32.139.146"
172.31.14.238 - - [11/Jul/2025:15:52:36 +0000] "GET /company/FELE/transcripts/2020/2/ HTTP/1.1" 200 44247 "-" "Mozilla/5.0 (Windows NT 10.0; Win64; x64) AppleWebKit/537.36 (KHTML, like Gecko) Chrome/138.0.0.0 Safari/537.36" "197.79.60.80"
172.31.14.238 - - [11/Jul/2025:15:52:36 +0000] "GET /company/JMIA/transcripts/2025/1/ HTTP/1.1" 200 34037 "-" "python-requests/2.32.4" "185.156.46.179"
172.31.14.238 - - [11/Jul/2025:15:52:36 +0000] "GET / HTTP/1.1" 200 48678 "-" "ELB-HealthChecker/2.0" "-"
172.31.35.30 - - [11/Jul/2025:15:52:36 +0000] "GET /accounts/login/?next=/company/UPXI/transcripts/ HTTP/1.1" 200 11100 "-" "Mozilla/5.0 AppleWebKit/537.36 (KHTML, like Gecko; compatible; Amazonbot/0.1; +https://developer.amazon.com/support/amazonbot) Chrome/119.0.6045.214 Safari/537.36" "100.29.128.75"
172.31.20.228 - - [11/Jul/2025:15:52:36 +0000] "GET / HTTP/1.1" 200 48727 "-" "ELB-HealthChecker/2.0" "-"
172.31.35.30 - - [11/Jul/2025:15:52:37 +0000] "GET / HTTP/1.1" 200 48735 "-" "ELB-HealthChecker/2.0" "-"
172.31.14.238 - - [11/Jul/2025:15:52:38 +0000] "GET /company/JMIA/transcripts/2024/4/ HTTP/1.1" 200 23378 "-" "python-requests/2.32.4" "185.156.46.179"
172.31.35.30 - - [11/Jul/2025:15:52:40 +0000] "GET /accounts/signup/?next=/company/LNW/income-statement/None HTTP/1.1" 200 11574 "-" "Mozilla/5.0 AppleWebKit/537.36 (KHTML, like Gecko; compatible; Amazonbot/0.1; +https://developer.amazon.com/support/amazonbot) Chrome/119.0.6045.214 Safari/537.36" "23.23.214.190"
172.31.14.238 - - [11/Jul/2025:15:52:40 +0000] "GET /company/FELE/transcripts/2020/1/ HTTP/1.1" 200 44260 "-" "Mozilla/5.0 (Windows NT 10.0; Win64; x64) AppleWebKit/537.36 (KHTML, like Gecko) Chrome/138.0.0.0 Safari/537.36" "197.79.60.80"
172.31.20.228 - - [11/Jul/2025:15:52:43 +0000] "GET /accounts/signup/?next=/company/ZTS/transcripts/2021/1/ HTTP/1.1" 200 11535 "-" "Mozilla/5.0 (compatible; Barkrowler/0.9; +https://babbar.tech/crawler)" "217.113.194.213"
172.31.14.238 - - [11/Jul/2025:15:52:43 +0000] "GET /company/JMIA/transcripts/2024/2/ HTTP/1.1" 200 20031 "-" "python-requests/2.32.4" "185.156.46.179"
172.31.35.30 - - [11/Jul/2025:15:52:44 +0000] "GET /company/GOLD/earnings/ HTTP/1.1" 200 374977 "-" "meta-externalagent/1.1 (+https://developers.facebook.com/docs/sharing/webmasters/crawler)" "57.141.0.11"
172.31.14.238 - - [11/Jul/2025:15:52:45 +0000] "GET /company/EU/valuation/discounted-future-market-cap/ HTTP/1.1" 200 74443 "-" "Mozilla/5.0 (Macintosh; Intel Mac OS X 10_15_7) AppleWebKit/537.36 (KHTML, like Gecko) Chrome/131.0.0.0 Safari/537.36; compatible; OAI-SearchBot/1.0; +https://openai.com/searchbot" "172.182.224.14"
172.31.14.238 - - [11/Jul/2025:15:52:46 +0000] "GET /company/FELE/transcripts/2019/4/?org.htmx.cache-buster=transcriptsContent HTTP/1.1" 200 22725 "https://discountingcashflows.com/company/FELE/transcripts/2019/4/" "Mozilla/5.0 (Windows NT 10.0; Win64; x64) AppleWebKit/537.36 (KHTML, like Gecko) Chrome/138.0.0.0 Safari/537.36" "197.79.60.80"
172.31.20.228 - - [11/Jul/2025:15:52:48 +0000] "GET /company/SW/valuation/discounted-free-cash-flow-exit-multiple/ HTTP/1.1" 200 77004 "-" "Mozilla/5.0 AppleWebKit/537.36 (KHTML, like Gecko); compatible; ChatGPT-User/1.0; +https://openai.com/bot" "23.98.142.188"
172.31.35.30 - - [11/Jul/2025:15:52:48 +0000] "GET /company/RBRK/valuation/altman-z-score/ HTTP/1.1" 200 54613 "-" "Mozilla/5.0 AppleWebKit/537.36 (KHTML, like Gecko); compatible; ChatGPT-User/1.0; +https://openai.com/bot" "74.7.35.116"
172.31.35.30 - - [11/Jul/2025:15:52:50 +0000] "GET /sitemap-valuations.xml?p=16 HTTP/1.1" 200 17387 "-" "Mozilla/5.0 (compatible; Googlebot/2.1; +http://www.google.com/bot.html)" "66.249.76.133"
172.31.35.30 - - [11/Jul/2025:15:52:50 +0000] "GET /accounts/signup/?next=/company/ACFOX/dividends/ HTTP/1.1" 200 11493 "-" "Mozilla/5.0 (compatible; AhrefsBot/7.0; +http://ahrefs.com/robot/)" "54.36.149.26"
172.31.14.238 - - [11/Jul/2025:15:52:50 +0000] "GET /company/FELE/transcripts/2019/3/ HTTP/1.1" 200 44263 "-" "Mozilla/5.0 (Windows NT 10.0; Win64; x64) AppleWebKit/537.36 (KHTML, like Gecko) Chrome/138.0.0.0 Safari/537.36" "197.79.60.80"
172.31.14.238 - - [11/Jul/2025:15:52:50 +0000] "GET /company/JMIA/transcripts/2023/3/ HTTP/1.1" 200 20415 "-" "python-requests/2.32.4" "185.156.46.179"
172.31.14.238 - - [11/Jul/2025:15:52:51 +0000] "GET / HTTP/1.1" 200 48715 "-" "ELB-HealthChecker/2.0" "-"
172.31.35.30 - - [11/Jul/2025:15:52:51 +0000] "GET / HTTP/1.1" 200 48660 "-" "ELB-HealthChecker/2.0" "-"
172.31.20.228 - - [11/Jul/2025:15:52:51 +0000] "GET / HTTP/1.1" 200 48683 "-" "ELB-HealthChecker/2.0" "-"
172.31.14.238 - - [11/Jul/2025:15:52:52 +0000] "GET /accounts/signup/?next=/company/PEB-PD/executive-compensation/ HTTP/1.1" 200 11551 "-" "Mozilla/5.0 AppleWebKit/537.36 (KHTML, like Gecko; compatible; Amazonbot/0.1; +https://developer.amazon.com/support/amazonbot) Chrome/119.0.6045.214 Safari/537.36" "18.215.77.19"
172.31.14.238 - - [11/Jul/2025:15:52:53 +0000] "GET /company/EADOX/overview/None HTTP/1.1" 200 120600 "-" "meta-externalagent/1.1 (+https://developers.facebook.com/docs/sharing/webmasters/crawler)" "57.141.0.12"
172.31.20.228 - - [11/Jul/2025:15:52:53 +0000] "GET /company/TU/cash-flow-statement/quarterly/ HTTP/1.1" 200 402729 "-" "meta-externalagent/1.1 (+https://developers.facebook.com/docs/sharing/webmasters/crawler)" "57.141.0.11"
172.31.14.238 - - [11/Jul/2025:15:52:55 +0000] "GET /company/FELE/transcripts/2019/2/ HTTP/1.1" 200 44260 "-" "Mozilla/5.0 (Windows NT 10.0; Win64; x64) AppleWebKit/537.36 (KHTML, like Gecko) Chrome/138.0.0.0 Safari/537.36" "197.79.60.80"
