172.31.35.30 - - [11/Jul/2025:15:56:05 +0000] "GET /company/PUB.PA/valuation/annual-margin-report/ HTTP/1.1" 200 63025 "-" "Mozilla/5.0 (compatible; SemrushBot/7~bl; +http://www.semrush.com/bot.html)" "85.208.96.198"
172.31.20.228 - - [11/Jul/2025:15:56:06 +0000] "GET /company/BSIIU/overview HTTP/1.1" 200 31272 "https://discountingcashflows.com/company/BSIIU/overview" "Mozilla/5.0 (Windows NT 10.0; Win64; x64) AppleWebKit/537.36 (KHTML, like Gecko) Chrome/114.0.0.0 Safari/537.36 Edg/114.0.1823.43" "47.82.60.38"
172.31.14.238 - - [11/Jul/2025:15:56:06 +0000] "GET / HTTP/1.1" 200 48669 "-" "ELB-HealthChecker/2.0" "-"
172.31.35.30 - - [11/Jul/2025:15:56:07 +0000] "GET / HTTP/1.1" 200 48692 "-" "ELB-HealthChecker/2.0" "-"
172.31.20.228 - - [11/Jul/2025:15:56:07 +0000] "GET / HTTP/1.1" 200 48709 "-" "ELB-HealthChecker/2.0" "-"
172.31.14.238 - - [11/Jul/2025:15:56:08 +0000] "GET /accounts/login/?next=/company/PRU/valuation/annual-margin-report/ HTTP/1.1" 200 11040 "-" "Mozilla/5.0 AppleWebKit/537.36 (KHTML, like Gecko; compatible; Amazonbot/0.1; +https://developer.amazon.com/support/amazonbot) Chrome/119.0.6045.214 Safari/537.36" "52.71.216.196"
172.31.35.30 - - [11/Jul/2025:15:56:09 +0000] "GET /company/VMGMX/overview/ HTTP/1.1" 200 42117 "https://www.google.com/" "Mozilla/5.0 (Windows NT 10.0; Win64; x64) AppleWebKit/537.36 (KHTML, like Gecko) Chrome/138.0.0.0 Safari/537.36" "193.186.4.197"
172.31.20.228 - - [11/Jul/2025:15:56:09 +0000] "GET /accounts/signup/?next=/company/AZN/transcripts/2017/4/ HTTP/1.1" 200 49823 "-" "meta-externalagent/1.1 (+https://developers.facebook.com/docs/sharing/webmasters/crawler)" "57.141.0.23"
172.31.14.238 - - [11/Jul/2025:15:56:11 +0000] "GET /company/AGM-PC/balance-sheet-statement/ HTTP/1.1" 200 53908 "-" "Mozilla/5.0 (Macintosh; Intel Mac OS X 10_15_7) AppleWebKit/537.36 (KHTML, like Gecko) Chrome/131.0.0.0 Safari/537.36; compatible; OAI-SearchBot/1.0; +https://openai.com/searchbot" "20.171.53.233"
172.31.35.30 - - [11/Jul/2025:15:56:12 +0000] "GET /accounts/login/?next=/company/ETTX/estimates/ HTTP/1.1" 200 11091 "-" "Mozilla/5.0 (compatible; AhrefsBot/7.0; +http://ahrefs.com/robot/)" "54.36.149.97"
172.31.14.238 - - [11/Jul/2025:15:56:14 +0000] "GET /company/RZLT/valuation/discounted-free-cash-flow-exit-multiple/ HTTP/1.1" 200 64093 "-" "Mozilla/5.0 (Macintosh; Intel Mac OS X 10_15_7) AppleWebKit/537.36 (KHTML, like Gecko) Chrome/131.0.0.0 Safari/537.36; compatible; OAI-SearchBot/1.0; +https://openai.com/searchbot" "172.182.193.86"
172.31.14.238 - - [11/Jul/2025:15:56:17 +0000] "GET /company/LASR/insider-trading/ HTTP/1.1" 200 44986 "-" "Mozilla/5.0 (Macintosh; Intel Mac OS X 10_15_7) AppleWebKit/537.36 (KHTML, like Gecko) Chrome/131.0.0.0 Safari/537.36; compatible; OAI-SearchBot/1.0; +https://openai.com/searchbot" "172.182.193.86"
172.31.35.30 - - [11/Jul/2025:15:56:18 +0000] "GET /company/DAL/transcripts/2017/3/?org.htmx.cache-buster=transcriptsContent HTTP/1.1" 200 42499 "https://discountingcashflows.com/company/DAL/transcripts/2017/3/" "Mozilla/5.0 (Linux; Android 6.0.1; Nexus 5X Build/MMB29P) AppleWebKit/537.36 (KHTML, like Gecko) Chrome/137.0.7151.119 Mobile Safari/537.36 (compatible; Googlebot/2.1; +http://www.google.com/bot.html)" "66.249.74.133"
172.31.14.238 - - [11/Jul/2025:15:56:18 +0000] "GET /company/EYE/valuation/discounted-future-market-cap/ HTTP/1.1" 200 74434 "-" "Mozilla/5.0 (Macintosh; Intel Mac OS X 10_15_7) AppleWebKit/537.36 (KHTML, like Gecko) Chrome/131.0.0.0 Safari/537.36; compatible; OAI-SearchBot/1.0; +https://openai.com/searchbot" "172.182.195.58"
172.31.20.228 - - [11/Jul/2025:15:56:19 +0000] "GET /company/ANUP.NS/valuation/repository/1/ HTTP/1.1" 302 0 "-" "Mozilla/5.0 AppleWebKit/537.36 (KHTML, like Gecko); compatible; ChatGPT-User/1.0; +https://openai.com/bot" "172.178.141.135"
172.31.35.30 - - [11/Jul/2025:15:56:19 +0000] "GET /company/WDAY/earnings/ HTTP/1.1" 200 44641 "-" "Mozilla/5.0 (compatible; AhrefsBot/7.0; +http://ahrefs.com/robot/)" "54.36.148.57"
172.31.35.30 - - [11/Jul/2025:15:56:21 +0000] "GET /accounts/signup/?next=/company/EVH/cash-flow-statement/None HTTP/1.1" 200 11588 "-" "Mozilla/5.0 AppleWebKit/537.36 (KHTML, like Gecko; compatible; Amazonbot/0.1; +https://developer.amazon.com/support/amazonbot) Chrome/119.0.6045.214 Safari/537.36" "34.195.248.30"
172.31.14.238 - - [11/Jul/2025:15:56:22 +0000] "GET /company/PRCH/estimates/ HTTP/1.1" 200 44193 "-" "Mozilla/5.0 (Macintosh; Intel Mac OS X 10_15_7) AppleWebKit/537.36 (KHTML, like Gecko) Chrome/131.0.0.0 Safari/537.36; compatible; OAI-SearchBot/1.0; +https://openai.com/searchbot" "172.182.193.86"
172.31.14.238 - - [11/Jul/2025:15:56:22 +0000] "GET / HTTP/1.1" 200 48671 "-" "ELB-HealthChecker/2.0" "-"
172.31.20.228 - - [11/Jul/2025:15:56:22 +0000] "GET / HTTP/1.1" 200 48735 "-" "ELB-HealthChecker/2.0" "-"
172.31.35.30 - - [11/Jul/2025:15:56:22 +0000] "GET / HTTP/1.1" 200 48649 "-" "ELB-HealthChecker/2.0" "-"
172.31.20.228 - - [11/Jul/2025:15:56:22 +0000] "GET /company/ATHN/overview HTTP/1.1" 200 31222 "https://discountingcashflows.com/company/ATHN/overview" "Mozilla/5.0 (Windows NT 10.0; Win64; x64) AppleWebKit/537.36 (KHTML, like Gecko) Chrome/114.0.0.0 Safari/537.36 Edg/114.0.1823.43" "47.82.60.29"
172.31.14.238 - - [11/Jul/2025:15:56:23 +0000] "GET /company/JOUT/transcripts/2013/1/ HTTP/1.1" 200 8207 "-" "python-requests/2.32.4" "185.156.46.179"
172.31.14.238 - - [11/Jul/2025:15:56:25 +0000] "GET /company/WMK/estimates/ HTTP/1.1" 200 46757 "-" "Mozilla/5.0 (Macintosh; Intel Mac OS X 10_15_7) AppleWebKit/537.36 (KHTML, like Gecko) Chrome/131.0.0.0 Safari/537.36; compatible; OAI-SearchBot/1.0; +https://openai.com/searchbot" "172.182.195.50"
172.31.14.238 - - [11/Jul/2025:15:56:28 +0000] "GET /company/PHIOW/earnings/ HTTP/1.1" 200 43499 "-" "Mozilla/5.0 (Macintosh; Intel Mac OS X 10_15_7) AppleWebKit/537.36 (KHTML, like Gecko) Chrome/131.0.0.0 Safari/537.36; compatible; OAI-SearchBot/1.0; +https://openai.com/searchbot" "20.171.123.66"
172.31.14.238 - - [11/Jul/2025:15:56:28 +0000] "GET /company/JOUT/transcripts/2012/3/ HTTP/1.1" 200 18097 "-" "python-requests/2.32.4" "185.156.46.179"
172.31.35.30 - - [11/Jul/2025:15:56:28 +0000] "GET /company/PBF/valuation/discounted-free-cash-flow-perpetuity/ HTTP/1.1" 200 75384 "-" "Mozilla/5.0 (Linux; Android 6.0.1; Nexus 5X Build/MMB29P) AppleWebKit/537.36 (KHTML, like Gecko) Chrome/137.0.7151.103 Mobile Safari/537.36 (compatible; Googlebot/2.1; +http://www.google.com/bot.html)" "66.249.74.134"
172.31.35.30 - - [11/Jul/2025:15:56:30 +0000] "GET /accounts/login/?next=/company/PACI-WT/valuation/ HTTP/1.1" 200 11035 "-" "Mozilla/5.0 (compatible; AhrefsBot/7.0; +http://ahrefs.com/robot/)" "54.36.148.254"
172.31.14.238 - - [11/Jul/2025:15:56:30 +0000] "GET /company/JOUT/transcripts/2012/2/ HTTP/1.1" 200 10458 "-" "python-requests/2.32.4" "185.156.46.179"
172.31.14.238 - - [11/Jul/2025:15:56:32 +0000] "GET /company/SION/income-statement/ HTTP/1.1" 200 43719 "-" "Mozilla/5.0 (Macintosh; Intel Mac OS X 10_15_7) AppleWebKit/537.36 (KHTML, like Gecko) Chrome/131.0.0.0 Safari/537.36; compatible; OAI-SearchBot/1.0; +https://openai.com/searchbot" "20.25.151.239"
172.31.35.30 - - [11/Jul/2025:15:56:34 +0000] "GET /.env HTTP/1.1" 200 31178 "-" "Mozilla/5.0 (Windows NT 10.0; Win64; x64) AppleWebKit/537.36 (KHTML, like Gecko) Chrome/116.0.5845.140 Safari/537.36" "193.148.92.71"
172.31.35.30 - - [11/Jul/2025:15:56:34 +0000] "POST / HTTP/1.1" 403 799 "-" "Mozilla/5.0 (Windows NT 10.0; Win64; x64) AppleWebKit/537.36 (KHTML, like Gecko) Chrome/116.0.5845.140 Safari/537.36" "193.148.92.71"
172.31.14.238 - - [11/Jul/2025:15:56:35 +0000] "GET /company/MDCA/overview HTTP/1.1" 200 31231 "https://discountingcashflows.com/company/MDCA/overview" "Mozilla/5.0 (Windows NT 10.0; Win64; x64) AppleWebKit/537.36 (KHTML, like Gecko) Chrome/114.0.0.0 Safari/537.36 Edg/114.0.1823.43" "47.82.60.39"
172.31.14.238 - - [11/Jul/2025:15:56:36 +0000] "GET /company/MCB/insider-trading/ HTTP/1.1" 200 45926 "-" "Mozilla/5.0 (Macintosh; Intel Mac OS X 10_15_7) AppleWebKit/537.36 (KHTML, like Gecko) Chrome/131.0.0.0 Safari/537.36; compatible; OAI-SearchBot/1.0; +https://openai.com/searchbot" "172.182.193.86"
172.31.35.30 - - [11/Jul/2025:15:56:36 +0000] "GET / HTTP/1.1" 200 48694 "-" "ELB-HealthChecker/2.0" "-"
172.31.14.238 - - [11/Jul/2025:15:56:37 +0000] "GET / HTTP/1.1" 200 48643 "-" "ELB-HealthChecker/2.0" "-"
172.31.20.228 - - [11/Jul/2025:15:56:37 +0000] "GET / HTTP/1.1" 200 48671 "-" "ELB-HealthChecker/2.0" "-"
172.31.14.238 - - [11/Jul/2025:15:56:38 +0000] "GET /company/JOUT/transcripts/2011/4/ HTTP/1.1" 200 84 "-" "python-requests/2.32.4" "185.156.46.179"
172.31.35.30 - - [11/Jul/2025:15:56:38 +0000] "GET /company/MPV/estimates/ HTTP/1.1" 200 40802 "-" "Mozilla/5.0 (compatible; AhrefsBot/7.0; +http://ahrefs.com/robot/)" "54.36.148.211"
172.31.14.238 - - [11/Jul/2025:15:56:39 +0000] "GET /company/BKI/overview/ HTTP/1.1" 200 43750 "https://discountingcashflows.com/company/BKI/" "Mozilla/5.0 (Windows NT 10.0; Win64; x64) AppleWebKit/537.36 (KHTML, like Gecko) Chrome/114.0.0.0 Safari/537.36 Edg/114.0.1823.43" "47.82.60.20"
172.31.14.238 - - [11/Jul/2025:15:56:40 +0000] "GET /accounts/signup/?next=/company/LILA/dividends/ HTTP/1.1" 200 11518 "-" "Mozilla/5.0 AppleWebKit/537.36 (KHTML, like Gecko; compatible; Amazonbot/0.1; +https://developer.amazon.com/support/amazonbot) Chrome/119.0.6045.214 Safari/537.36" "50.16.216.166"
172.31.14.238 - - [11/Jul/2025:15:56:41 +0000] "GET /company/SSRM/income-statement/ HTTP/1.1" 200 50683 "-" "Mozilla/5.0 (Macintosh; Intel Mac OS X 10_15_7) AppleWebKit/537.36 (KHTML, like Gecko) Chrome/131.0.0.0 Safari/537.36; compatible; OAI-SearchBot/1.0; +https://openai.com/searchbot" "20.25.151.239"
172.31.35.30 - - [11/Jul/2025:15:56:41 +0000] "GET /accounts/login/?next=/company/CSJZX/executive-compensation/ HTTP/1.1" 200 11044 "-" "Mozilla/5.0 (compatible; AhrefsBot/7.0; +http://ahrefs.com/robot/)" "54.36.149.53"
172.31.14.238 - - [11/Jul/2025:15:56:44 +0000] "GET /company/BPLSX/overview/ HTTP/1.1" 200 42062 "-" "Mozilla/5.0 (Macintosh; Intel Mac OS X 10_15_7) AppleWebKit/537.36 (KHTML, like Gecko) Chrome/131.0.0.0 Safari/537.36; compatible; OAI-SearchBot/1.0; +https://openai.com/searchbot" "172.182.195.50"
172.31.14.238 - - [11/Jul/2025:15:56:47 +0000] "GET /company/FANH/valuation/simple-dividend-discount-model/ HTTP/1.1" 200 69160 "-" "Mozilla/5.0 (Macintosh; Intel Mac OS X 10_15_7) AppleWebKit/537.36 (KHTML, like Gecko) Chrome/131.0.0.0 Safari/537.36; compatible; OAI-SearchBot/1.0; +https://openai.com/searchbot" "172.182.193.86"
172.31.20.228 - - [11/Jul/2025:15:56:47 +0000] "GET /company/SYM/institutional-holders/ HTTP/1.1" 200 42005 "-" "Mozilla/5.0 AppleWebKit/537.36 (KHTML, like Gecko; compatible; Perplexity-User/1.0; +https://perplexity.ai/perplexity-user)" "34.193.163.52"
172.31.35.30 - - [11/Jul/2025:15:56:48 +0000] "GET /accounts/signup/?next=/company/PBCT/valuation/discounted-free-cash-flow-exit-multiple/ HTTP/1.1" 200 11528 "-" "Mozilla/5.0 AppleWebKit/537.36 (KHTML, like Gecko; compatible; Amazonbot/0.1; +https://developer.amazon.com/support/amazonbot) Chrome/119.0.6045.214 Safari/537.36" "54.210.152.179"
172.31.14.238 - - [11/Jul/2025:15:56:49 +0000] "GET /company/JOYY/transcripts/2012/3/ HTTP/1.1" 200 84 "-" "python-requests/2.32.4" "185.156.46.179"
172.31.35.30 - - [11/Jul/2025:15:56:50 +0000] "GET /company/0700.HK/estimates/ HTTP/1.1" 200 45183 "-" "Mozilla/5.0 (Linux; Android 6.0.1; Nexus 5X Build/MMB29P) AppleWebKit/537.36 (KHTML, like Gecko) Chrome/137.0.7151.103 Mobile Safari/537.36 (compatible; Googlebot/2.1; +http://www.google.com/bot.html)" "66.249.74.133"
172.31.14.238 - - [11/Jul/2025:15:56:51 +0000] "GET / HTTP/1.1" 200 48668 "-" "ELB-HealthChecker/2.0" "-"
172.31.35.30 - - [11/Jul/2025:15:56:51 +0000] "GET / HTTP/1.1" 200 48682 "-" "ELB-HealthChecker/2.0" "-"
172.31.20.228 - - [11/Jul/2025:15:56:51 +0000] "GET / HTTP/1.1" 200 48704 "-" "ELB-HealthChecker/2.0" "-"
172.31.14.238 - - [11/Jul/2025:15:56:52 +0000] "GET /company/JOYY/transcripts/2012/3/ HTTP/1.1" 200 84 "-" "python-requests/2.32.4" "185.156.46.179"
172.31.35.30 - - [11/Jul/2025:15:56:56 +0000] "GET /company/ATXG/valuation/annual-margin-report/ HTTP/1.1" 200 64464 "-" "Mozilla/5.0 (compatible; SemrushBot/7~bl; +http://www.semrush.com/bot.html)" "185.191.171.14"
172.31.14.238 - - [11/Jul/2025:15:56:56 +0000] "GET /company/GREEL/valuation/discounted-free-cash-flow-perpetuity/ HTTP/1.1" 200 63570 "-" "Mozilla/5.0 (Macintosh; Intel Mac OS X 10_15_7) AppleWebKit/537.36 (KHTML, like Gecko) Chrome/131.0.0.0 Safari/537.36; compatible; OAI-SearchBot/1.0; +https://openai.com/searchbot" "172.182.193.86"
172.31.14.238 - - [11/Jul/2025:15:56:57 +0000] "GET /company/JPI/overview/ HTTP/1.1" 200 22082 "-" "python-requests/2.32.4" "185.156.46.179"
172.31.20.228 - - [11/Jul/2025:15:56:57 +0000] "GET /company/BTG/transcripts/2018/4/ HTTP/1.1" 200 43375 "-" "Mozilla/5.0 AppleWebKit/537.36 (KHTML, like Gecko; compatible; Amazonbot/0.1; +https://developer.amazon.com/support/amazonbot) Chrome/119.0.6045.214 Safari/537.36" "54.157.84.74"
172.31.14.238 - - [11/Jul/2025:15:57:00 +0000] "GET /company/JPI/transcripts/2025/2/ HTTP/1.1" 302 0 "-" "python-requests/2.32.4" "185.156.46.179"
172.31.20.228 - - [11/Jul/2025:15:57:00 +0000] "GET /accounts/login/?next=/company/MEDS/valuation/annual-margin-report/ HTTP/1.1" 200 11069 "-" "Mozilla/5.0 AppleWebKit/537.36 (KHTML, like Gecko; compatible; Amazonbot/0.1; +https://developer.amazon.com/support/amazonbot) Chrome/119.0.6045.214 Safari/537.36" "52.45.92.83"
172.31.35.30 - - [11/Jul/2025:15:57:03 +0000] "GET /company/DISCB/income-statement/ HTTP/1.1" 200 48820 "-" "Mozilla/5.0 AppleWebKit/537.36 (KHTML, like Gecko); compatible; ChatGPT-User/1.0; +https://openai.com/bot" "23.98.142.187"
172.31.14.238 - - [11/Jul/2025:15:57:03 +0000] "GET /company/JPI/transcripts/2025/1/ HTTP/1.1" 302 0 "-" "python-requests/2.32.4" "185.156.46.179"
172.31.35.30 - - [11/Jul/2025:15:57:03 +0000] "GET /accounts/login/?next=/company/CSJZX/estimates/ HTTP/1.1" 200 11037 "-" "Mozilla/5.0 (compatible; AhrefsBot/7.0; +http://ahrefs.com/robot/)" "54.36.149.25"
172.31.14.238 - - [11/Jul/2025:15:57:07 +0000] "GET / HTTP/1.1" 200 48675 "-" "ELB-HealthChecker/2.0" "-"
172.31.14.238 - - [11/Jul/2025:15:57:07 +0000] "GET /company/JPM/transcripts/2025/2/ HTTP/1.1" 200 84 "-" "python-requests/2.32.4" "185.156.46.179"
172.31.20.228 - - [11/Jul/2025:15:57:07 +0000] "GET / HTTP/1.1" 200 48722 "-" "ELB-HealthChecker/2.0" "-"
172.31.35.30 - - [11/Jul/2025:15:57:07 +0000] "GET / HTTP/1.1" 200 48683 "-" "ELB-HealthChecker/2.0" "-"
172.31.14.238 - - [11/Jul/2025:15:57:07 +0000] "GET /company/MPW/valuation/return-on-invested-capital-roic/ HTTP/1.1" 200 65776 "-" "Mozilla/5.0 (Macintosh; Intel Mac OS X 10_15_7) AppleWebKit/537.36 (KHTML, like Gecko) Chrome/131.0.0.0 Safari/537.36; compatible; OAI-SearchBot/1.0; +https://openai.com/searchbot" "172.182.224.14"
172.31.35.30 - - [11/Jul/2025:15:57:07 +0000] "GET /accounts/signup/?next=/company/IRBO/senate-trading/ HTTP/1.1" 200 11553 "-" "Mozilla/5.0 (compatible; AhrefsBot/7.0; +http://ahrefs.com/robot/)" "54.36.149.46"
172.31.35.30 - - [11/Jul/2025:15:57:09 +0000] "GET /company/DUOT/transcripts/2019/4/ HTTP/1.1" 200 42460 "-" "Mozilla/5.0 AppleWebKit/537.36 (KHTML, like Gecko; compatible; Amazonbot/0.1; +https://developer.amazon.com/support/amazonbot) Chrome/119.0.6045.214 Safari/537.36" "44.221.227.90"
172.31.14.238 - - [11/Jul/2025:15:57:10 +0000] "GET /company/JPM/transcripts/2025/2/ HTTP/1.1" 200 84 "-" "python-requests/2.32.4" "185.156.46.179"
172.31.20.228 - - [11/Jul/2025:15:57:12 +0000] "GET /accounts/signup/?next=/company/SIGI/ratios/quarterly/ HTTP/1.1" 200 11543 "-" "Mozilla/5.0 AppleWebKit/537.36 (KHTML, like Gecko; compatible; Amazonbot/0.1; +https://developer.amazon.com/support/amazonbot) Chrome/119.0.6045.214 Safari/537.36" "52.6.232.201"
172.31.35.30 - - [11/Jul/2025:15:57:13 +0000] "GET /company/ARKVX/valuation/discounted-free-cash-flow-exit-multiple/ HTTP/1.1" 302 0 "-" "Mozilla/5.0 (compatible; AhrefsBot/7.0; +http://ahrefs.com/robot/)" "54.36.148.233"
172.31.14.238 - - [11/Jul/2025:15:57:13 +0000] "GET /company/TLX/balance-sheet-statement/ HTTP/1.1" 200 49349 "-" "Mozilla/5.0 (Macintosh; Intel Mac OS X 10_15_7) AppleWebKit/537.36 (KHTML, like Gecko) Chrome/131.0.0.0 Safari/537.36; compatible; OAI-SearchBot/1.0; +https://openai.com/searchbot" "172.182.193.86"
172.31.14.238 - - [11/Jul/2025:15:57:15 +0000] "GET /company/JPM-PC/transcripts/2025/2/ HTTP/1.1" 200 84 "-" "python-requests/2.32.4" "185.156.46.179"
172.31.14.238 - - [11/Jul/2025:15:57:18 +0000] "GET /company/JPM-PC/transcripts/2025/2/ HTTP/1.1" 200 84 "-" "python-requests/2.32.4" "185.156.46.179"
172.31.35.30 - - [11/Jul/2025:15:57:18 +0000] "GET /company/SHEL/transcripts/2020/1/ HTTP/1.1" 200 44267 "-" "Mozilla/5.0 AppleWebKit/537.36 (KHTML, like Gecko); compatible; ChatGPT-User/1.0; +https://openai.com/bot" "23.98.142.187"
172.31.14.238 - - [11/Jul/2025:15:57:20 +0000] "GET /company/WBD/valuation/shiller-pe-cape-ratio/ HTTP/1.1" 200 54635 "-" "Mozilla/5.0 (Macintosh; Intel Mac OS X 10_15_7) AppleWebKit/537.36 (KHTML, like Gecko) Chrome/131.0.0.0 Safari/537.36; compatible; OAI-SearchBot/1.0; +https://openai.com/searchbot" "172.182.224.14"
172.31.14.238 - - [11/Jul/2025:15:57:22 +0000] "GET / HTTP/1.1" 200 48702 "-" "ELB-HealthChecker/2.0" "-"
172.31.35.30 - - [11/Jul/2025:15:57:22 +0000] "GET / HTTP/1.1" 200 48657 "-" "ELB-HealthChecker/2.0" "-"
172.31.35.30 - - [11/Jul/2025:15:57:22 +0000] "GET /company/BGH/executive-compensation/ HTTP/1.1" 302 0 "-" "Mozilla/5.0 (compatible; AhrefsBot/7.0; +http://ahrefs.com/robot/)" "54.36.149.76"
172.31.20.228 - - [11/Jul/2025:15:57:22 +0000] "GET / HTTP/1.1" 200 48727 "-" "ELB-HealthChecker/2.0" "-"
172.31.14.238 - - [11/Jul/2025:15:57:22 +0000] "GET /company/MRUS/estimates/ HTTP/1.1" 200 45194 "-" "Mozilla/5.0 (Macintosh; Intel Mac OS X 10_15_7) AppleWebKit/537.36 (KHTML, like Gecko) Chrome/131.0.0.0 Safari/537.36; compatible; OAI-SearchBot/1.0; +https://openai.com/searchbot" "172.182.224.14"
172.31.14.238 - - [11/Jul/2025:15:57:23 +0000] "GET /company/KSU/earnings/ HTTP/1.1" 200 47604 "-" "Mozilla/5.0 (Macintosh; Intel Mac OS X 10_15_7) AppleWebKit/537.36 (KHTML, like Gecko) Chrome/131.0.0.0 Safari/537.36; compatible; OAI-SearchBot/1.0; +https://openai.com/searchbot" "172.182.195.58"
172.31.35.30 - - [11/Jul/2025:15:57:24 +0000] "GET /company/DAL/transcripts/2018/2/?org.htmx.cache-buster=transcriptsContent HTTP/1.1" 200 43573 "https://discountingcashflows.com/company/DAL/transcripts/2018/2/" "Mozilla/5.0 (Linux; Android 6.0.1; Nexus 5X Build/MMB29P) AppleWebKit/537.36 (KHTML, like Gecko) Chrome/137.0.7151.119 Mobile Safari/537.36 (compatible; Googlebot/2.1; +http://www.google.com/bot.html)" "66.249.76.133"
172.31.20.228 - - [11/Jul/2025:15:57:24 +0000] "GET /accounts/signup/?next=/company/PSEC/earnings/ HTTP/1.1" 200 11492 "-" "Mozilla/5.0 AppleWebKit/537.36 (KHTML, like Gecko; compatible; Amazonbot/0.1; +https://developer.amazon.com/support/amazonbot) Chrome/119.0.6045.214 Safari/537.36" "18.213.240.226"
172.31.14.238 - - [11/Jul/2025:15:57:27 +0000] "GET /company/HYMC/insider-trading/ HTTP/1.1" 200 45689 "-" "Mozilla/5.0 (Macintosh; Intel Mac OS X 10_15_7) AppleWebKit/537.36 (KHTML, like Gecko) Chrome/131.0.0.0 Safari/537.36; compatible; OAI-SearchBot/1.0; +https://openai.com/searchbot" "172.182.224.14"
172.31.14.238 - - [11/Jul/2025:15:57:28 +0000] "GET /company/JPM-PC/transcripts/2024/2/ HTTP/1.1" 200 38999 "-" "python-requests/2.32.4" "185.156.46.179"
172.31.35.30 - - [11/Jul/2025:15:57:30 +0000] "GET /accounts/signup/?next=/company/HFRO-PA/sec-filings/ HTTP/1.1" 200 11530 "-" "Mozilla/5.0 (compatible; AhrefsBot/7.0; +http://ahrefs.com/robot/)" "54.36.148.212"
172.31.14.238 - - [11/Jul/2025:15:57:30 +0000] "GET /company/VWNAX/valuation/shiller-pe-cape-ratio/ HTTP/1.1" 302 0 "-" "Mozilla/5.0 (Macintosh; Intel Mac OS X 10_15_7) AppleWebKit/537.36 (KHTML, like Gecko) Chrome/131.0.0.0 Safari/537.36; compatible; OAI-SearchBot/1.0; +https://openai.com/searchbot" "20.25.151.239"
172.31.20.228 - - [11/Jul/2025:15:57:31 +0000] "GET /accounts/signup/?next=/company/WHF/transcripts/2022/2/ HTTP/1.1" 200 11505 "-" "Mozilla/5.0 (compatible; Barkrowler/0.9; +https://babbar.tech/crawler)" "217.113.194.217"
172.31.35.30 - - [11/Jul/2025:15:57:33 +0000] "GET /accounts/login/?next=/company/DFEMX/executive-compensation/ HTTP/1.1" 200 11076 "-" "Mozilla/5.0 (compatible; AhrefsBot/7.0; +http://ahrefs.com/robot/)" "54.36.148.57"
172.31.14.238 - - [11/Jul/2025:15:57:33 +0000] "GET /company/INKT/cash-flow-statement/ HTTP/1.1" 200 45638 "-" "Mozilla/5.0 (Macintosh; Intel Mac OS X 10_15_7) AppleWebKit/537.36 (KHTML, like Gecko) Chrome/131.0.0.0 Safari/537.36; compatible; OAI-SearchBot/1.0; +https://openai.com/searchbot" "172.182.224.14"
172.31.20.228 - - [11/Jul/2025:15:57:34 +0000] "POST /accounts/google/login/?action=reauthenticate&next=%2Feditor%2F HTTP/1.1" 302 0 "https://discountingcashflows.com/accounts/login/?next=/editor/" "Mozilla/5.0 (Linux; Android 10; K) AppleWebKit/537.36 (KHTML, like Gecko) Chrome/131.0.0.0 Mobile Safari/537.36" "152.59.167.32"
172.31.14.238 - - [11/Jul/2025:15:57:34 +0000] "GET /company/KEN/ratios/ HTTP/1.1" 200 53416 "-" "Mozilla/5.0 (Macintosh; Intel Mac OS X 10_15_7) AppleWebKit/537.36 (KHTML, like Gecko) Chrome/131.0.0.0 Safari/537.36; compatible; OAI-SearchBot/1.0; +https://openai.com/searchbot" "172.182.195.58"
172.31.14.238 - - [11/Jul/2025:15:57:36 +0000] "GET / HTTP/1.1" 200 48712 "-" "ELB-HealthChecker/2.0" "-"
172.31.35.30 - - [11/Jul/2025:15:57:37 +0000] "GET / HTTP/1.1" 200 48737 "-" "ELB-HealthChecker/2.0" "-"
172.31.20.228 - - [11/Jul/2025:15:57:37 +0000] "GET / HTTP/1.1" 200 48667 "-" "ELB-HealthChecker/2.0" "-"
172.31.35.30 - - [11/Jul/2025:15:57:37 +0000] "GET /company/DAL/transcripts/2016/2/ HTTP/1.1" 200 44518 "-" "Mozilla/5.0 (Linux; Android 6.0.1; Nexus 5X Build/MMB29P) AppleWebKit/537.36 (KHTML, like Gecko) Chrome/137.0.7151.103 Mobile Safari/537.36 (compatible; Googlebot/2.1; +http://www.google.com/bot.html)" "66.249.74.133"
172.31.14.238 - - [11/Jul/2025:15:57:38 +0000] "GET /company/VVORX/overview/ HTTP/1.1" 200 41989 "-" "Mozilla/5.0 (Macintosh; Intel Mac OS X 10_15_7) AppleWebKit/537.36 (KHTML, like Gecko) Chrome/131.0.0.0 Safari/537.36; compatible; OAI-SearchBot/1.0; +https://openai.com/searchbot" "172.182.224.14"
172.31.20.228 - - [11/Jul/2025:15:57:38 +0000] "GET /company/OZK/overview HTTP/1.1" 200 31230 "https://discountingcashflows.com/company/OZK/overview" "Mozilla/5.0 (Windows NT 10.0; Win64; x64) AppleWebKit/537.36 (KHTML, like Gecko) Chrome/114.0.0.0 Safari/537.36 Edg/114.0.1823.43" "47.82.60.6"
172.31.35.30 - - [11/Jul/2025:15:57:39 +0000] "GET /company/AAPL/valuation/discounted-free-cash-flow-perpetuity/ HTTP/1.1" 200 75485 "-" "Mozilla/5.0 (compatible; GoogleDocs; apps-spreadsheets; +http://docs.google.com)" "74.125.217.137"
172.31.14.238 - - [11/Jul/2025:15:57:41 +0000] "GET /company/W/valuation/shiller-pe-cape-ratio/ HTTP/1.1" 200 54560 "-" "Mozilla/5.0 (Macintosh; Intel Mac OS X 10_15_7) AppleWebKit/537.36 (KHTML, like Gecko) Chrome/131.0.0.0 Safari/537.36; compatible; OAI-SearchBot/1.0; +https://openai.com/searchbot" "20.25.151.239"
172.31.35.30 - - [11/Jul/2025:15:57:42 +0000] "POST /parts/stock-chart/ HTTP/1.1" 200 695 "https://discountingcashflows.com/company/OFSSZ/overview/" "Mozilla/5.0 (Linux; Android 6.0.1; Nexus 5X Build/MMB29P) AppleWebKit/537.36 (KHTML, like Gecko) Chrome/137.0.7151.119 Mobile Safari/537.36 (compatible; Googlebot/2.1; +http://www.google.com/bot.html)" "66.249.74.133"
172.31.35.30 - - [11/Jul/2025:15:57:43 +0000] "POST /parts/stock-chart/ HTTP/1.1" 200 10789 "https://discountingcashflows.com/company/ZGN/chart/" "Mozilla/5.0 (Linux; Android 6.0.1; Nexus 5X Build/MMB29P) AppleWebKit/537.36 (KHTML, like Gecko) Chrome/137.0.7151.119 Mobile Safari/537.36 (compatible; Googlebot/2.1; +http://www.google.com/bot.html)" "66.249.74.133"
172.31.20.228 - - [11/Jul/2025:15:57:44 +0000] "GET /accounts/google/login/callback/?state=zD9jlZBxeJCXFLto&code=4%2F0AVMBsJih6gpN7nUyz-bWUOUG8CRscXqJ-cPuu4NnAlXVYrcAXUYceG1v3PMdTFVBnfEDRg&scope=email+profile+https%3A%2F%2Fwww.googleapis.com%2Fauth%2Fuserinfo.profile+https%3A%2F%2Fwww.googleapis.com%2Fauth%2Fuserinfo.email+openid&authuser=0&prompt=consent HTTP/1.1" 302 0 "https://accounts.google.com/" "Mozilla/5.0 (Linux; Android 10; K) AppleWebKit/537.36 (KHTML, like Gecko) Chrome/131.0.0.0 Mobile Safari/537.36" "152.59.167.32"
172.31.14.238 - - [11/Jul/2025:15:57:44 +0000] "GET /company/IPOCU/insider-trading/ HTTP/1.1" 200 41379 "-" "Mozilla/5.0 (Macintosh; Intel Mac OS X 10_15_7) AppleWebKit/537.36 (KHTML, like Gecko) Chrome/131.0.0.0 Safari/537.36; compatible; OAI-SearchBot/1.0; +https://openai.com/searchbot" "172.182.193.86"
172.31.14.238 - - [11/Jul/2025:15:57:45 +0000] "GET /company/JPM-PC/transcripts/2022/4/ HTTP/1.1" 200 42704 "-" "python-requests/2.32.4" "185.156.46.179"
172.31.20.228 - - [11/Jul/2025:15:57:46 +0000] "GET /accounts/signup/?next=/company/WHF/transcripts/2022/3/ HTTP/1.1" 200 11579 "-" "Mozilla/5.0 (compatible; Barkrowler/0.9; +https://babbar.tech/crawler)" "217.113.194.219"
172.31.35.30 - - [11/Jul/2025:15:57:47 +0000] "GET /company/DOL.TO/ratios/quarterly/ HTTP/1.1" 200 52478 "-" "Mozilla/5.0 AppleWebKit/537.36 (KHTML, like Gecko); compatible; ChatGPT-User/1.0; +https://openai.com/bot" "57.154.175.2"
172.31.14.238 - - [11/Jul/2025:15:57:49 +0000] "GET /company/WY/transcripts/2025/1/ HTTP/1.1" 200 44602 "-" "Mozilla/5.0 AppleWebKit/537.36 (KHTML, like Gecko); compatible; ChatGPT-User/1.0; +https://openai.com/bot" "74.7.36.109"
172.31.14.238 - - [11/Jul/2025:15:57:51 +0000] "GET / HTTP/1.1" 200 48646 "-" "ELB-HealthChecker/2.0" "-"
172.31.35.30 - - [11/Jul/2025:15:57:52 +0000] "GET / HTTP/1.1" 200 48728 "-" "ELB-HealthChecker/2.0" "-"
172.31.20.228 - - [11/Jul/2025:15:57:52 +0000] "GET / HTTP/1.1" 200 48643 "-" "ELB-HealthChecker/2.0" "-"
172.31.14.238 - - [11/Jul/2025:15:57:53 +0000] "GET /company/JPM-PC/transcripts/2022/1/ HTTP/1.1" 200 38352 "-" "python-requests/2.32.4" "185.156.46.179"
172.31.14.238 - - [11/Jul/2025:15:57:54 +0000] "GET /company/EFXT/valuation/earnings-power-value/ HTTP/1.1" 200 55138 "-" "Mozilla/5.0 (Macintosh; Intel Mac OS X 10_15_7) AppleWebKit/537.36 (KHTML, like Gecko) Chrome/131.0.0.0 Safari/537.36; compatible; OAI-SearchBot/1.0; +https://openai.com/searchbot" "172.182.195.50"
172.31.35.30 - - [11/Jul/2025:15:57:56 +0000] "GET /company/FCPT/cash-flow-statement/ HTTP/1.1" 200 47017 "-" "Mozilla/5.0 (compatible; AhrefsBot/7.0; +http://ahrefs.com/robot/)" "54.36.149.65"
172.31.14.238 - - [11/Jul/2025:15:57:56 +0000] "GET /company/EXLS/balance-sheet-statement/ HTTP/1.1" 200 52181 "-" "Mozilla/5.0 (Macintosh; Intel Mac OS X 10_15_7) AppleWebKit/537.36 (KHTML, like Gecko) Chrome/131.0.0.0 Safari/537.36; compatible; OAI-SearchBot/1.0; +https://openai.com/searchbot" "20.171.123.66"
172.31.14.238 - - [11/Jul/2025:15:57:59 +0000] "GET /company/JPM-PC/transcripts/2021/3/ HTTP/1.1" 200 45189 "-" "python-requests/2.32.4" "185.156.46.179"
172.31.20.228 - - [11/Jul/2025:15:58:00 +0000] "GET /accounts/login/?next=/company/ODP/earnings/ HTTP/1.1" 200 11066 "-" "Mozilla/5.0 AppleWebKit/537.36 (KHTML, like Gecko; compatible; Amazonbot/0.1; +https://developer.amazon.com/support/amazonbot) Chrome/119.0.6045.214 Safari/537.36" "34.206.249.188"
172.31.35.30 - - [11/Jul/2025:15:58:01 +0000] "GET /company/ALCC/transcripts/2024/4/ HTTP/1.1" 200 41420 "-" "Mozilla/5.0 AppleWebKit/537.36 (KHTML, like Gecko); compatible; ChatGPT-User/1.0; +https://openai.com/bot" "23.98.142.181"
172.31.20.228 - - [11/Jul/2025:15:58:01 +0000] "GET /company/CM/valuation/two-stage-dividend-discount-model/ HTTP/1.1" 200 488490 "-" "meta-externalagent/1.1 (+https://developers.facebook.com/docs/sharing/webmasters/crawler)" "57.141.0.8"
172.31.35.30 - - [11/Jul/2025:15:58:05 +0000] "GET /company/EQR/transcripts/2024/3/ HTTP/1.1" 200 44548 "-" "Mozilla/5.0 AppleWebKit/537.36 (KHTML, like Gecko; compatible; Amazonbot/0.1; +https://developer.amazon.com/support/amazonbot) Chrome/119.0.6045.214 Safari/537.36" "107.20.181.148"
172.31.14.238 - - [11/Jul/2025:15:58:06 +0000] "GET /company/JPM-PC/transcripts/2021/1/ HTTP/1.1" 200 43172 "-" "python-requests/2.32.4" "185.156.46.179"
172.31.14.238 - - [11/Jul/2025:15:58:07 +0000] "GET /company/ICR-PA/dividends/ HTTP/1.1" 200 42380 "-" "Mozilla/5.0 (Macintosh; Intel Mac OS X 10_15_7) AppleWebKit/537.36 (KHTML, like Gecko) Chrome/131.0.0.0 Safari/537.36; compatible; OAI-SearchBot/1.0; +https://openai.com/searchbot" "172.182.224.14"
172.31.20.228 - - [11/Jul/2025:15:58:07 +0000] "GET / HTTP/1.1" 200 48659 "-" "ELB-HealthChecker/2.0" "-"
172.31.14.238 - - [11/Jul/2025:15:58:07 +0000] "GET / HTTP/1.1" 200 48706 "-" "ELB-HealthChecker/2.0" "-"
172.31.35.30 - - [11/Jul/2025:15:58:09 +0000] "GET / HTTP/1.1" 200 48708 "-" "ELB-HealthChecker/2.0" "-"
172.31.14.238 - - [11/Jul/2025:15:58:10 +0000] "GET /company/TFPM.TO/overview/ HTTP/1.1" 200 42177 "-" "Mozilla/5.0 AppleWebKit/537.36 (KHTML, like Gecko); compatible; ChatGPT-User/1.0; +https://openai.com/bot" "74.7.36.92"
172.31.14.238 - - [11/Jul/2025:15:58:12 +0000] "GET /accounts/signup/?next=/company/NOC/valuation/discounted-future-market-cap/ HTTP/1.1" 200 11528 "-" "Mozilla/5.0 AppleWebKit/537.36 (KHTML, like Gecko; compatible; Amazonbot/0.1; +https://developer.amazon.com/support/amazonbot) Chrome/119.0.6045.214 Safari/537.36" "52.44.148.203"
172.31.14.238 - - [11/Jul/2025:15:58:13 +0000] "GET /company/JPM-PC/transcripts/2020/3/ HTTP/1.1" 200 41315 "-" "python-requests/2.32.4" "185.156.46.179"
172.31.35.30 - - [11/Jul/2025:15:58:13 +0000] "GET /accounts/signup/?next=/company/SSTK/valuation/return-on-invested-capital-roic/ HTTP/1.1" 200 11601 "-" "Mozilla/5.0 (compatible; AhrefsBot/7.0; +http://ahrefs.com/robot/)" "54.36.148.236"
172.31.14.238 - - [11/Jul/2025:15:58:16 +0000] "GET /company/JPM-PC/transcripts/2020/2/ HTTP/1.1" 200 50021 "-" "python-requests/2.32.4" "185.156.46.179"
172.31.20.228 - - [11/Jul/2025:15:58:16 +0000] "GET /api/ratios/ltm/INFA/ HTTP/1.1" 403 0 "https://discountingcashflows.com/logout/?next=/company/infa/ratios/" "Mozilla/5.0 (Linux; Android 7.0;) AppleWebKit/537.36 (KHTML, like Gecko) Mobile Safari/537.36 (compatible; PetalBot;+https://webmaster.petalsearch.com/site/petalbot)" "114.119.136.14"
172.31.35.30 - - [11/Jul/2025:15:58:17 +0000] "GET /company/TWO-PA/valuation/discounted-free-cash-flow-exit-multiple/ HTTP/1.1" 200 537543 "-" "Mozilla/5.0 (compatible; DotBot/1.2; +https://opensiteexplorer.org/dotbot; help@moz.com)" "216.244.66.247"
172.31.14.238 - - [11/Jul/2025:15:58:19 +0000] "GET /company/CIIT/earnings/ HTTP/1.1" 200 42974 "-" "Mozilla/5.0 AppleWebKit/537.36 (KHTML, like Gecko); compatible; ChatGPT-User/1.0; +https://openai.com/bot" "13.65.138.122"
172.31.20.228 - - [11/Jul/2025:15:58:20 +0000] "GET /accounts/login/?next=/company/ROIV/insider-trading/ HTTP/1.1" 200 11107 "-" "Mozilla/5.0 AppleWebKit/537.36 (KHTML, like Gecko; compatible; Amazonbot/0.1; +https://developer.amazon.com/support/amazonbot) Chrome/119.0.6045.214 Safari/537.36" "34.226.89.140"
172.31.14.238 - - [11/Jul/2025:15:58:22 +0000] "GET / HTTP/1.1" 200 48662 "-" "ELB-HealthChecker/2.0" "-"
172.31.35.30 - - [11/Jul/2025:15:58:22 +0000] "GET / HTTP/1.1" 200 48656 "-" "ELB-HealthChecker/2.0" "-"
172.31.14.238 - - [11/Jul/2025:15:58:22 +0000] "GET /company/JPM-PC/transcripts/2019/4/ HTTP/1.1" 200 33619 "-" "python-requests/2.32.4" "185.156.46.179"
172.31.20.228 - - [11/Jul/2025:15:58:22 +0000] "GET / HTTP/1.1" 200 48682 "-" "ELB-HealthChecker/2.0" "-"
172.31.35.30 - - [11/Jul/2025:15:58:23 +0000] "GET /company/LNN/executive-compensation/ HTTP/1.1" 200 49146 "-" "Mozilla/5.0 AppleWebKit/537.36 (KHTML, like Gecko); compatible; ChatGPT-User/1.0; +https://openai.com/bot" "4.151.241.253"
172.31.14.238 - - [11/Jul/2025:15:58:24 +0000] "GET /api/search/?keyword=EDP&limit=5&org.htmx.cache-buster=SearchResults HTTP/1.1" 200 1515 "https://discountingcashflows.com/documentation/model-editor-guide/" "Mozilla/5.0 (Windows NT 10.0; Win64; x64) AppleWebKit/537.36 (KHTML, like Gecko) Chrome/126.0.0.0 Safari/537.36" "89.114.236.188"
172.31.14.238 - - [11/Jul/2025:15:58:25 +0000] "GET /company/JPM-PC/transcripts/2019/3/ HTTP/1.1" 200 34295 "-" "python-requests/2.32.4" "185.156.46.179"
172.31.20.228 - - [11/Jul/2025:15:58:25 +0000] "GET /company/IP/valuation/repository/nathan-winklepleck-cfa/nathans-discounted-free-cash-flow/ HTTP/1.1" 200 72272 "-" "Mozilla/5.0 AppleWebKit/537.36 (KHTML, like Gecko); compatible; ChatGPT-User/1.0; +https://openai.com/bot" "23.98.142.191"
172.31.35.30 - - [11/Jul/2025:15:58:26 +0000] "GET /company/MOHO/income-statement/ HTTP/1.1" 200 45116 "-" "Mozilla/5.0 (compatible; AhrefsBot/7.0; +http://ahrefs.com/robot/)" "54.36.149.78"
172.31.14.238 - - [11/Jul/2025:15:58:29 +0000] "GET /company/ANUP.NS/valuation/repository/nathan-winklepleck-cfa/nathans-discounted-free-cash-flow/ HTTP/1.1" 200 71201 "-" "Mozilla/5.0 (Macintosh; Intel Mac OS X 10_15_7) AppleWebKit/537.36 (KHTML, like Gecko) Chrome/131.0.0.0 Safari/537.36; compatible; OAI-SearchBot/1.0; +https://openai.com/searchbot" "20.171.123.66"
172.31.14.238 - - [11/Jul/2025:15:58:32 +0000] "GET /company/EDP.LS/?org.htmx.cache-buster=baseContent HTTP/1.1" 302 0 "https://discountingcashflows.com/documentation/model-editor-guide/" "Mozilla/5.0 (Windows NT 10.0; Win64; x64) AppleWebKit/537.36 (KHTML, like Gecko) Chrome/126.0.0.0 Safari/537.36" "89.114.236.188"
172.31.14.238 - - [11/Jul/2025:15:58:32 +0000] "GET /company/FBYD/insider-trading/ HTTP/1.1" 200 45090 "-" "Mozilla/5.0 (Macintosh; Intel Mac OS X 10_15_7) AppleWebKit/537.36 (KHTML, like Gecko) Chrome/131.0.0.0 Safari/537.36; compatible; OAI-SearchBot/1.0; +https://openai.com/searchbot" "172.182.195.50"
172.31.14.238 - - [11/Jul/2025:15:58:32 +0000] "GET /accounts/login/?next=/company/F/valuation/return-on-invested-capital-roic/ HTTP/1.1" 200 11131 "-" "Mozilla/5.0 AppleWebKit/537.36 (KHTML, like Gecko; compatible; Amazonbot/0.1; +https://developer.amazon.com/support/amazonbot) Chrome/119.0.6045.214 Safari/537.36" "52.7.13.143"
172.31.35.30 - - [11/Jul/2025:15:58:33 +0000] "GET /company/GRPH/ratios/ HTTP/1.1" 200 50106 "-" "Mozilla/5.0 (compatible; AhrefsBot/7.0; +http://ahrefs.com/robot/)" "54.36.149.82"
172.31.14.238 - - [11/Jul/2025:15:58:36 +0000] "GET /company/JPM-PC/transcripts/2018/3/ HTTP/1.1" 200 41872 "-" "python-requests/2.32.4" "185.156.46.179"
172.31.20.228 - - [11/Jul/2025:15:58:37 +0000] "GET / HTTP/1.1" 200 48728 "-" "ELB-HealthChecker/2.0" "-"
172.31.14.238 - - [11/Jul/2025:15:58:37 +0000] "GET / HTTP/1.1" 200 48739 "-" "ELB-HealthChecker/2.0" "-"
172.31.35.30 - - [11/Jul/2025:15:58:37 +0000] "GET / HTTP/1.1" 200 48686 "-" "ELB-HealthChecker/2.0" "-"
172.31.35.30 - - [11/Jul/2025:15:58:37 +0000] "GET /company/GRPH/estimates/ HTTP/1.1" 200 42688 "-" "Mozilla/5.0 (compatible; AhrefsBot/7.0; +http://ahrefs.com/robot/)" "54.36.149.101"
172.31.14.238 - - [11/Jul/2025:15:58:38 +0000] "GET /company/FTV/transcripts/2024/3/ HTTP/1.1" 200 43052 "-" "Mozilla/5.0 AppleWebKit/537.36 (KHTML, like Gecko); compatible; ChatGPT-User/1.0; +https://openai.com/bot" "172.178.140.159"
172.31.14.238 - - [11/Jul/2025:15:58:39 +0000] "GET /company/CAH/valuation/discounted-free-cash-flow-exit-multiple/ HTTP/1.1" 200 77663 "-" "Mozilla/5.0 (Macintosh; Intel Mac OS X 10_15_7) AppleWebKit/537.36 (KHTML, like Gecko) Chrome/131.0.0.0 Safari/537.36; compatible; OAI-SearchBot/1.0; +https://openai.com/searchbot" "172.182.224.14"
172.31.20.228 - - [11/Jul/2025:15:58:41 +0000] "GET /company/JPM-PK/transcripts/2024/1/ HTTP/1.1" 200 44633 "-" "Mozilla/5.0 AppleWebKit/537.36 (KHTML, like Gecko); compatible; ChatGPT-User/1.0; +https://openai.com/bot" "40.84.221.239"
172.31.14.238 - - [11/Jul/2025:15:58:43 +0000] "GET /company/DAL/transcripts/2019/3/ HTTP/1.1" 200 44477 "-" "Mozilla/5.0 (Linux; Android 6.0.1; Nexus 5X Build/MMB29P) AppleWebKit/537.36 (KHTML, like Gecko) Chrome/137.0.7151.103 Mobile Safari/537.36 (compatible; Googlebot/2.1; +http://www.google.com/bot.html)" "66.249.74.129"
172.31.14.238 - - [11/Jul/2025:15:58:44 +0000] "GET /company/JPM-PC/transcripts/2017/4/ HTTP/1.1" 200 47330 "-" "python-requests/2.32.4" "185.156.46.179"
172.31.20.228 - - [11/Jul/2025:15:58:45 +0000] "GET /company/ADT/transcripts/2014/2/ HTTP/1.1" 200 43607 "-" "Mozilla/5.0 AppleWebKit/537.36 (KHTML, like Gecko; compatible; Amazonbot/0.1; +https://developer.amazon.com/support/amazonbot) Chrome/119.0.6045.214 Safari/537.36" "34.233.114.237"
172.31.14.238 - - [11/Jul/2025:15:58:46 +0000] "GET /company/EQPGX/valuation/weighted-average-cost-of-capital/ HTTP/1.1" 302 0 "-" "Mozilla/5.0 (Macintosh; Intel Mac OS X 10_15_7) AppleWebKit/537.36 (KHTML, like Gecko) Chrome/131.0.0.0 Safari/537.36; compatible; OAI-SearchBot/1.0; +https://openai.com/searchbot" "20.25.151.239"
172.31.35.30 - - [11/Jul/2025:15:58:47 +0000] "GET /company/DCBO/cash-flow-statement/ HTTP/1.1" 200 46344 "-" "Mozilla/5.0 (compatible; AhrefsBot/7.0; +http://ahrefs.com/robot/)" "54.36.149.93"
172.31.14.238 - - [11/Jul/2025:15:58:47 +0000] "GET /company/JPM-PC/transcripts/2017/3/ HTTP/1.1" 200 43309 "-" "python-requests/2.32.4" "185.156.46.179"
172.31.35.30 - - [11/Jul/2025:15:58:49 +0000] "GET /company/STAR-PD/transcripts/2010/1/ HTTP/1.1" 200 44219 "-" "Mozilla/5.0 (compatible; SemrushBot/7~bl; +http://www.semrush.com/bot.html)" "185.191.171.18"
172.31.14.238 - - [11/Jul/2025:15:58:50 +0000] "GET /company/FBLA/insider-trading/ HTTP/1.1" 200 42807 "-" "Mozilla/5.0 (Macintosh; Intel Mac OS X 10_15_7) AppleWebKit/537.36 (KHTML, like Gecko) Chrome/131.0.0.0 Safari/537.36; compatible; OAI-SearchBot/1.0; +https://openai.com/searchbot" "20.171.123.66"
172.31.35.30 - - [11/Jul/2025:15:58:52 +0000] "GET /company/BAYA/valuation/discounted-free-cash-flow-exit-multiple/ HTTP/1.1" 200 63650 "-" "Mozilla/5.0 AppleWebKit/537.36 (KHTML, like Gecko); compatible; ChatGPT-User/1.0; +https://openai.com/bot" "23.98.186.197"
172.31.35.30 - - [11/Jul/2025:15:58:52 +0000] "GET /company/FXE/dividends/ HTTP/1.1" 200 43142 "-" "Mozilla/5.0 AppleWebKit/537.36 (KHTML, like Gecko); compatible; ChatGPT-User/1.0; +https://openai.com/bot" "52.230.163.44"
172.31.14.238 - - [11/Jul/2025:15:58:52 +0000] "GET / HTTP/1.1" 200 48727 "-" "ELB-HealthChecker/2.0" "-"
172.31.20.228 - - [11/Jul/2025:15:58:52 +0000] "GET / HTTP/1.1" 200 48717 "-" "ELB-HealthChecker/2.0" "-"
172.31.35.30 - - [11/Jul/2025:15:58:52 +0000] "GET / HTTP/1.1" 200 48691 "-" "ELB-HealthChecker/2.0" "-"
172.31.20.228 - - [11/Jul/2025:15:58:52 +0000] "GET /accounts/signup/?next=/company/CODYY/valuation/discounted-free-cash-flow-exit-multiple/ HTTP/1.1" 200 11561 "-" "Mozilla/5.0 AppleWebKit/537.36 (KHTML, like Gecko; compatible; Amazonbot/0.1; +https://developer.amazon.com/support/amazonbot) Chrome/119.0.6045.214 Safari/537.36" "54.235.172.108"
172.31.14.238 - - [11/Jul/2025:15:58:52 +0000] "GET /company/STRZ/chart/ HTTP/1.1" 200 40875 "-" "Mozilla/5.0 (Macintosh; Intel Mac OS X 10_15_7) AppleWebKit/537.36 (KHTML, like Gecko) Chrome/131.0.0.0 Safari/537.36; compatible; OAI-SearchBot/1.0; +https://openai.com/searchbot" "20.171.123.66"
172.31.14.238 - - [11/Jul/2025:15:58:54 +0000] "GET /company/WBSNX/overview/ HTTP/1.1" 200 42189 "-" "Mozilla/5.0 (Macintosh; Intel Mac OS X 10_15_7) AppleWebKit/537.36 (KHTML, like Gecko) Chrome/131.0.0.0 Safari/537.36; compatible; OAI-SearchBot/1.0; +https://openai.com/searchbot" "172.182.193.86"
172.31.20.228 - - [11/Jul/2025:15:58:56 +0000] "GET /company/0011.HK/dividends/ HTTP/1.1" 200 43630 "-" "Mozilla/5.0 AppleWebKit/537.36 (KHTML, like Gecko); compatible; ChatGPT-User/1.0; +https://openai.com/bot" "40.116.73.219"
172.31.14.238 - - [11/Jul/2025:15:58:56 +0000] "GET /company/DPZ/valuation/discounted-free-cash-flow-exit-multiple/ HTTP/1.1" 200 77311 "-" "Mozilla/5.0 (Macintosh; Intel Mac OS X 10_15_7) AppleWebKit/537.36 (KHTML, like Gecko) Chrome/131.0.0.0 Safari/537.36; compatible; OAI-SearchBot/1.0; +https://openai.com/searchbot" "172.182.195.50"
172.31.14.238 - - [11/Jul/2025:15:58:58 +0000] "GET /accounts/signup/?next=/company/GOOG/transcripts/2009/1/ HTTP/1.1" 200 49825 "-" "meta-externalagent/1.1 (+https://developers.facebook.com/docs/sharing/webmasters/crawler)" "57.141.0.26"
172.31.14.238 - - [11/Jul/2025:15:59:00 +0000] "GET /company/LNN/executive-compensation/ HTTP/1.1" 200 49128 "-" "Mozilla/5.0 (Macintosh; Intel Mac OS X 10_15_7) AppleWebKit/537.36 (KHTML, like Gecko) Chrome/131.0.0.0 Safari/537.36; compatible; OAI-SearchBot/1.0; +https://openai.com/searchbot" "135.234.64.1"
172.31.20.228 - - [11/Jul/2025:15:59:00 +0000] "GET /announcements/?org.htmx.cache-buster=baseContent HTTP/1.1" 200 267314 "https://discountingcashflows.com/announcements/143/" "Mozilla/5.0 (Linux; Android 10; K) AppleWebKit/537.36 (KHTML, like Gecko) Chrome/131.0.0.0 Mobile Safari/537.36" "152.59.167.32"
172.31.35.30 - - [11/Jul/2025:15:59:03 +0000] "GET /company/ONDS/valuation/benjamin-grahams-number/ HTTP/1.1" 200 61178 "-" "Mozilla/5.0 (compatible; AhrefsBot/7.0; +http://ahrefs.com/robot/)" "54.36.148.84"
172.31.35.30 - - [11/Jul/2025:15:59:04 +0000] "GET /accounts/signup/?next=/company/ZGN/income-statement/ HTTP/1.1" 200 11509 "-" "Mozilla/5.0 AppleWebKit/537.36 (KHTML, like Gecko; compatible; Amazonbot/0.1; +https://developer.amazon.com/support/amazonbot) Chrome/119.0.6045.214 Safari/537.36" "3.209.174.110"
172.31.14.238 - - [11/Jul/2025:15:59:05 +0000] "GET /company/DAL/transcripts/2008/2/ HTTP/1.1" 200 44417 "-" "Mozilla/5.0 (Linux; Android 6.0.1; Nexus 5X Build/MMB29P) AppleWebKit/537.36 (KHTML, like Gecko) Chrome/137.0.7151.103 Mobile Safari/537.36 (compatible; Googlebot/2.1; +http://www.google.com/bot.html)" "66.249.74.130"
172.31.14.238 - - [11/Jul/2025:15:59:07 +0000] "GET /company/ENJ/valuation/discounted-free-cash-flow-perpetuity/ HTTP/1.1" 200 63541 "-" "Mozilla/5.0 (Macintosh; Intel Mac OS X 10_15_7) AppleWebKit/537.36 (KHTML, like Gecko) Chrome/131.0.0.0 Safari/537.36; compatible; OAI-SearchBot/1.0; +https://openai.com/searchbot" "172.182.224.14"
172.31.14.238 - - [11/Jul/2025:15:59:07 +0000] "GET / HTTP/1.1" 200 48703 "-" "ELB-HealthChecker/2.0" "-"
172.31.14.238 - - [11/Jul/2025:15:59:07 +0000] "GET /company/AN/valuation/weighted-average-cost-of-capital/ HTTP/1.1" 200 62319 "-" "Mozilla/5.0 (Linux; Android 6.0.1; Nexus 5X Build/MMB29P) AppleWebKit/537.36 (KHTML, like Gecko) Chrome/137.0.7151.103 Mobile Safari/537.36 (compatible; Googlebot/2.1; +http://www.google.com/bot.html)" "66.249.74.129"
172.31.35.30 - - [11/Jul/2025:15:59:07 +0000] "POST /parts/stock-chart/ HTTP/1.1" 200 6360 "https://discountingcashflows.com/company/HPS-A.TO/overview/" "Mozilla/5.0 (Linux; Android 10; K) AppleWebKit/537.36 (KHTML, like Gecko) Chrome/138.0.0.0 Mobile Safari/537.36" "23.239.51.217"
172.31.35.30 - - [11/Jul/2025:15:59:07 +0000] "GET / HTTP/1.1" 200 48745 "-" "ELB-HealthChecker/2.0" "-"
172.31.20.228 - - [11/Jul/2025:15:59:07 +0000] "GET / HTTP/1.1" 200 48657 "-" "ELB-HealthChecker/2.0" "-"
172.31.35.30 - - [11/Jul/2025:15:59:09 +0000] "GET /accounts/login/?next=/company/AVUAX/transcripts/ HTTP/1.1" 200 11073 "-" "Mozilla/5.0 (compatible; AhrefsBot/7.0; +http://ahrefs.com/robot/)" "54.36.148.182"
172.31.14.238 - - [11/Jul/2025:15:59:11 +0000] "GET /company/VZ/valuation/shiller-pe-cape-ratio/ HTTP/1.1" 200 55174 "-" "Mozilla/5.0 (Macintosh; Intel Mac OS X 10_15_7) AppleWebKit/537.36 (KHTML, like Gecko) Chrome/131.0.0.0 Safari/537.36; compatible; OAI-SearchBot/1.0; +https://openai.com/searchbot" "20.25.151.239"
172.31.20.228 - - [11/Jul/2025:15:59:13 +0000] "GET /announcements/new-features-in-july-2025/?org.htmx.cache-buster=baseContent HTTP/1.1" 200 265358 "https://discountingcashflows.com/announcements/" "Mozilla/5.0 (Linux; Android 10; K) AppleWebKit/537.36 (KHTML, like Gecko) Chrome/131.0.0.0 Mobile Safari/537.36" "152.59.167.32"
172.31.14.238 - - [11/Jul/2025:15:59:13 +0000] "GET /company/BEP-UN.TO/ratios/quarterly/ HTTP/1.1" 200 53302 "-" "Mozilla/5.0 AppleWebKit/537.36 (KHTML, like Gecko); compatible; ChatGPT-User/1.0; +https://openai.com/bot" "40.84.221.210"
172.31.35.30 - - [11/Jul/2025:15:59:13 +0000] "GET /company/RRGSX/valuation/repository/33/ HTTP/1.1" 302 0 "-" "Mozilla/5.0 (compatible; AhrefsBot/7.0; +http://ahrefs.com/robot/)" "54.36.148.129"
172.31.14.238 - - [11/Jul/2025:15:59:14 +0000] "GET /company/ALUR/valuation/discounted-free-cash-flow-exit-multiple/ HTTP/1.1" 200 76963 "-" "Mozilla/5.0 (Macintosh; Intel Mac OS X 10_15_7) AppleWebKit/537.36 (KHTML, like Gecko) Chrome/131.0.0.0 Safari/537.36; compatible; OAI-SearchBot/1.0; +https://openai.com/searchbot" "172.182.195.50"
172.31.35.30 - - [11/Jul/2025:15:59:14 +0000] "GET /company/HPS-A.TO/ratios/?org.htmx.cache-buster=baseContent HTTP/1.1" 200 35041 "https://discountingcashflows.com/company/HPS-A.TO/overview/" "Mozilla/5.0 (Linux; Android 10; K) AppleWebKit/537.36 (KHTML, like Gecko) Chrome/138.0.0.0 Mobile Safari/537.36" "23.239.51.217"
172.31.20.228 - - [11/Jul/2025:15:59:15 +0000] "GET /company/AAPL/ratios/ HTTP/1.1" 200 60422 "-" "Mozilla/5.0 AppleWebKit/537.36 (KHTML, like Gecko); compatible; ChatGPT-User/1.0; +https://openai.com/bot" "23.98.142.176"
172.31.14.238 - - [11/Jul/2025:15:59:17 +0000] "GET /company/CNR.TO/dividends/ HTTP/1.1" 200 44921 "-" "Mozilla/5.0 AppleWebKit/537.36 (KHTML, like Gecko); compatible; ChatGPT-User/1.0; +https://openai.com/bot" "13.65.138.114"
172.31.14.238 - - [11/Jul/2025:15:59:17 +0000] "GET /company/RENE.LS/overview/?org.htmx.cache-buster=baseContent HTTP/1.1" 200 21745 "https://discountingcashflows.com/company/EDP.LS/overview/" "Mozilla/5.0 (Windows NT 10.0; Win64; x64) AppleWebKit/537.36 (KHTML, like Gecko) Chrome/126.0.0.0 Safari/537.36" "89.114.236.188"
172.31.14.238 - - [11/Jul/2025:15:59:18 +0000] "POST /parts/stock-chart/ HTTP/1.1" 200 6055 "https://discountingcashflows.com/company/RENE.LS/overview/" "Mozilla/5.0 (Windows NT 10.0; Win64; x64) AppleWebKit/537.36 (KHTML, like Gecko) Chrome/126.0.0.0 Safari/537.36" "89.114.236.188"
172.31.14.238 - - [11/Jul/2025:15:59:18 +0000] "POST /widgets/stock-list/ HTTP/1.1" 200 2445 "https://discountingcashflows.com/company/RENE.LS/overview/" "Mozilla/5.0 (Windows NT 10.0; Win64; x64) AppleWebKit/537.36 (KHTML, like Gecko) Chrome/126.0.0.0 Safari/537.36" "89.114.236.188"
172.31.14.238 - - [11/Jul/2025:15:59:19 +0000] "GET /company/JPM-PC/transcripts/2014/4/ HTTP/1.1" 200 64609 "-" "python-requests/2.32.4" "185.156.46.179"
172.31.14.238 - - [11/Jul/2025:15:59:22 +0000] "GET / HTTP/1.1" 200 48723 "-" "ELB-HealthChecker/2.0" "-"
172.31.20.228 - - [11/Jul/2025:15:59:22 +0000] "GET / HTTP/1.1" 200 48677 "-" "ELB-HealthChecker/2.0" "-"
172.31.35.30 - - [11/Jul/2025:15:59:22 +0000] "GET / HTTP/1.1" 200 48712 "-" "ELB-HealthChecker/2.0" "-"
172.31.14.238 - - [11/Jul/2025:15:59:22 +0000] "GET /company/JPM-PC/transcripts/2014/3/ HTTP/1.1" 200 60044 "-" "python-requests/2.32.4" "185.156.46.179"
172.31.35.30 - - [11/Jul/2025:15:59:23 +0000] "GET /accounts/signup/?next=/company/RFP/valuation/ HTTP/1.1" 200 11486 "-" "Mozilla/5.0 (compatible; AhrefsBot/7.0; +http://ahrefs.com/robot/)" "54.36.149.84"
172.31.14.238 - - [11/Jul/2025:15:59:24 +0000] "GET /company/MDIA/transcripts/ HTTP/1.1" 200 40878 "-" "Mozilla/5.0 (Macintosh; Intel Mac OS X 10_15_7) AppleWebKit/537.36 (KHTML, like Gecko) Chrome/109.0.0.0 Safari/537.36" "172.120.73.73"
172.31.35.30 - - [11/Jul/2025:15:59:25 +0000] "GET /watchlist/ HTTP/1.1" 200 33634 "-" "Mozilla/5.0 (Macintosh; Intel Mac OS X 10_15_7) AppleWebKit/537.36 (KHTML, like Gecko) Chrome/134.0.0.0 Safari/537.36" "104.166.80.111"
172.31.20.228 - - [11/Jul/2025:15:59:25 +0000] "GET /company/TSLA/ratios/ HTTP/1.1" 200 357303 "-" "meta-externalagent/1.1 (+https://developers.facebook.com/docs/sharing/webmasters/crawler)" "57.141.0.13"
172.31.14.238 - - [11/Jul/2025:15:59:25 +0000] "GET /company/JPM-PC/transcripts/2014/2/ HTTP/1.1" 200 65330 "-" "python-requests/2.32.4" "185.156.46.179"
172.31.35.30 - - [11/Jul/2025:15:59:27 +0000] "GET /announcements/ HTTP/1.1" 200 288459 "-" "Mozilla/5.0 (Macintosh; Intel Mac OS X 10_15_7) AppleWebKit/537.36 (KHTML, like Gecko) Chrome/134.0.0.0 Safari/537.36" "104.166.80.13"
172.31.35.30 - - [11/Jul/2025:15:59:28 +0000] "GET /accounts/login/?next=/company/MCLD/valuation/two-stage-dividend-discount-model/ HTTP/1.1" 200 11114 "-" "Mozilla/5.0 AppleWebKit/537.36 (KHTML, like Gecko; compatible; Amazonbot/0.1; +https://developer.amazon.com/support/amazonbot) Chrome/119.0.6045.214 Safari/537.36" "54.225.181.161"
172.31.14.238 - - [11/Jul/2025:15:59:29 +0000] "GET /company/ENR/overview/ HTTP/1.1" 200 44862 "-" "Mozilla/5.0 (Macintosh; Intel Mac OS X 10_15_7) AppleWebKit/537.36 (KHTML, like Gecko) Chrome/131.0.0.0 Safari/537.36; compatible; OAI-SearchBot/1.0; +https://openai.com/searchbot" "172.182.195.50"
172.31.14.238 - - [11/Jul/2025:15:59:30 +0000] "GET /company/KN/executive-compensation/ HTTP/1.1" 200 45973 "-" "Mozilla/5.0 (Macintosh; Intel Mac OS X 10_15_7) AppleWebKit/537.36 (KHTML, like Gecko) Chrome/131.0.0.0 Safari/537.36; compatible; OAI-SearchBot/1.0; +https://openai.com/searchbot" "20.171.53.233"
172.31.35.30 - - [11/Jul/2025:15:59:31 +0000] "GET /subscriptions/ HTTP/1.1" 200 37530 "-" "Mozilla/5.0 (Macintosh; Intel Mac OS X 10_15_7) AppleWebKit/537.36 (KHTML, like Gecko) Chrome/134.0.0.0 Safari/537.36" "104.166.80.205"
172.31.14.238 - - [11/Jul/2025:15:59:33 +0000] "GET /company/ACN/balance-sheet-statement/ HTTP/1.1" 200 53511 "-" "Mozilla/5.0 (Macintosh; Intel Mac OS X 10_15_7) AppleWebKit/537.36 (KHTML, like Gecko) Chrome/131.0.0.0 Safari/537.36; compatible; OAI-SearchBot/1.0; +https://openai.com/searchbot" "20.25.151.239"
