172.31.14.238 - - [11/Jul/2025:15:59:35 +0000] "GET /company/OB/earnings/ HTTP/1.1" 200 43842 "-" "Mozilla/5.0 (Macintosh; Intel Mac OS X 10_15_7) AppleWebKit/537.36 (KHTML, like Gecko) Chrome/131.0.0.0 Safari/537.36; compatible; OAI-SearchBot/1.0; +https://openai.com/searchbot" "20.171.123.66"
172.31.20.228 - - [11/Jul/2025:15:59:37 +0000] "GET /company/PBTS/overview HTTP/1.1" 200 31238 "-" "Mozilla/5.0 (Macintosh; Intel Mac OS X 10_15_7) AppleWebKit/537.36 (KHTML, like Gecko) Chrome/126.0.0.0 Safari/537.36" "52.7.81.233"
172.31.14.238 - - [11/Jul/2025:15:59:37 +0000] "GET /company/BULL/valuation/return-on-invested-capital-roic/ HTTP/1.1" 200 64924 "-" "Mozilla/5.0 (Macintosh; Intel Mac OS X 10_15_7) AppleWebKit/537.36 (KHTML, like Gecko) Chrome/131.0.0.0 Safari/537.36" "104.239.76.103"
172.31.14.238 - - [11/Jul/2025:15:59:37 +0000] "GET / HTTP/1.1" 200 48679 "-" "ELB-HealthChecker/2.0" "-"
172.31.35.30 - - [11/Jul/2025:15:59:37 +0000] "GET / HTTP/1.1" 200 48708 "-" "ELB-HealthChecker/2.0" "-"
172.31.20.228 - - [11/Jul/2025:15:59:37 +0000] "GET / HTTP/1.1" 200 48648 "-" "ELB-HealthChecker/2.0" "-"
172.31.35.30 - - [11/Jul/2025:15:59:38 +0000] "GET /documentation/faq/ HTTP/1.1" 200 33938 "-" "Mozilla/5.0 (Macintosh; Intel Mac OS X 10_15_7) AppleWebKit/537.36 (KHTML, like Gecko) Chrome/134.0.0.0 Safari/537.36" "104.166.80.175"
172.31.14.238 - - [11/Jul/2025:15:59:39 +0000] "GET /company/JPM-PC/transcripts/2013/2/ HTTP/1.1" 200 59535 "-" "python-requests/2.32.4" "185.156.46.179"
172.31.14.238 - - [11/Jul/2025:15:59:40 +0000] "GET /company/CRY/executive-compensation/ HTTP/1.1" 200 41181 "-" "Mozilla/5.0 (Macintosh; Intel Mac OS X 10_15_7) AppleWebKit/537.36 (KHTML, like Gecko) Chrome/131.0.0.0 Safari/537.36; compatible; OAI-SearchBot/1.0; +https://openai.com/searchbot" "172.182.224.14"
172.31.14.238 - - [11/Jul/2025:15:59:45 +0000] "GET /company/ETWO/executive-compensation/ HTTP/1.1" 200 42779 "-" "Mozilla/5.0 (Macintosh; Intel Mac OS X 10_15_7) AppleWebKit/537.36 (KHTML, like Gecko) Chrome/131.0.0.0 Safari/537.36; compatible; OAI-SearchBot/1.0; +https://openai.com/searchbot" "172.182.195.50"
172.31.14.238 - - [11/Jul/2025:15:59:46 +0000] "GET /company/JPM-PC/transcripts/2012/4/ HTTP/1.1" 200 44424 "-" "python-requests/2.32.4" "185.156.46.179"
172.31.20.228 - - [11/Jul/2025:15:59:48 +0000] "GET /accounts/signup/?next=/company/WHF/transcripts/2021/3/ HTTP/1.1" 200 11541 "-" "Mozilla/5.0 (compatible; Barkrowler/0.9; +https://babbar.tech/crawler)" "217.113.194.220"
172.31.35.30 - - [11/Jul/2025:15:59:48 +0000] "GET /company/UNH/valuation/discounted-free-cash-flow-exit-multiple/ HTTP/1.1" 200 77394 "-" "Mozilla/5.0 AppleWebKit/537.36 (KHTML, like Gecko); compatible; ChatGPT-User/1.0; +https://openai.com/bot" "172.213.21.156"
172.31.14.238 - - [11/Jul/2025:15:59:48 +0000] "GET /company/SCL/balance-sheet-statement/ HTTP/1.1" 200 56397 "-" "Mozilla/5.0 (Macintosh; Intel Mac OS X 10_15_7) AppleWebKit/537.36 (KHTML, like Gecko) Chrome/131.0.0.0 Safari/537.36; compatible; OAI-SearchBot/1.0; +https://openai.com/searchbot" "135.234.64.1"
172.31.35.30 - - [11/Jul/2025:15:59:48 +0000] "GET /accounts/login/?next=/company/VTABX/estimates/ HTTP/1.1" 200 11114 "-" "Mozilla/5.0 (compatible; AhrefsBot/7.0; +http://ahrefs.com/robot/)" "54.36.148.141"
172.31.14.238 - - [11/Jul/2025:15:59:51 +0000] "GET /company/EGOHX/overview/ HTTP/1.1" 200 42105 "-" "Mozilla/5.0 (Macintosh; Intel Mac OS X 10_15_7) AppleWebKit/537.36 (KHTML, like Gecko) Chrome/131.0.0.0 Safari/537.36; compatible; OAI-SearchBot/1.0; +https://openai.com/searchbot" "20.25.151.239"
172.31.14.238 - - [11/Jul/2025:15:59:52 +0000] "GET / HTTP/1.1" 200 48733 "-" "ELB-HealthChecker/2.0" "-"
172.31.35.30 - - [11/Jul/2025:15:59:52 +0000] "GET / HTTP/1.1" 200 48656 "-" "ELB-HealthChecker/2.0" "-"
172.31.20.228 - - [11/Jul/2025:15:59:52 +0000] "GET / HTTP/1.1" 200 48744 "-" "ELB-HealthChecker/2.0" "-"
172.31.14.238 - - [11/Jul/2025:15:59:52 +0000] "GET /company/INDV/executive-compensation/ HTTP/1.1" 200 41284 "-" "Mozilla/5.0 (Macintosh; Intel Mac OS X 10_15_7) AppleWebKit/537.36 (KHTML, like Gecko) Chrome/131.0.0.0 Safari/537.36; compatible; OAI-SearchBot/1.0; +https://openai.com/searchbot" "172.182.195.50"
172.31.14.238 - - [11/Jul/2025:15:59:54 +0000] "GET /company/CPSR-UN/valuation/capital-asset-pricing-model/ HTTP/1.1" 200 60956 "-" "Mozilla/5.0 (Macintosh; Intel Mac OS X 10_15_7) AppleWebKit/537.36 (KHTML, like Gecko) Chrome/131.0.0.0 Safari/537.36; compatible; OAI-SearchBot/1.0; +https://openai.com/searchbot" "20.171.123.66"
172.31.14.238 - - [11/Jul/2025:15:59:56 +0000] "GET /company/CDEV/profile/ HTTP/1.1" 302 0 "https://www.google.com/" "Mozilla/5.0 (Windows NT 10.0; Win64; x64) AppleWebKit/537.36 (KHTML, like Gecko) Chrome/138.0.0.0 Safari/537.36" "162.120.184.30"
172.31.20.228 - - [11/Jul/2025:15:59:57 +0000] "GET /company/WAB/transcripts/2011/4/ HTTP/1.1" 200 44693 "-" "Mozilla/5.0 AppleWebKit/537.36 (KHTML, like Gecko; compatible; Amazonbot/0.1; +https://developer.amazon.com/support/amazonbot) Chrome/119.0.6045.214 Safari/537.36" "23.21.228.180"
172.31.14.238 - - [11/Jul/2025:15:59:58 +0000] "GET /company/JPM-PC/transcripts/2011/4/ HTTP/1.1" 200 65480 "-" "python-requests/2.32.4" "185.156.46.179"
172.31.14.238 - - [11/Jul/2025:15:59:59 +0000] "GET /company/JYD/earnings/ HTTP/1.1" 200 40796 "-" "Mozilla/5.0 (Macintosh; Intel Mac OS X 10_15_7) AppleWebKit/537.36 (KHTML, like Gecko) Chrome/131.0.0.0 Safari/537.36; compatible; OAI-SearchBot/1.0; +https://openai.com/searchbot" "20.171.53.233"
172.31.35.30 - - [11/Jul/2025:16:00:00 +0000] "GET /accounts/signup/?next=/company/EVGRU/cash-flow-statement/None HTTP/1.1" 200 11543 "-" "Mozilla/5.0 AppleWebKit/537.36 (KHTML, like Gecko; compatible; Amazonbot/0.1; +https://developer.amazon.com/support/amazonbot) Chrome/119.0.6045.214 Safari/537.36" "3.215.59.93"
172.31.14.238 - - [11/Jul/2025:16:00:01 +0000] "GET /company/JPM-PC/transcripts/2011/3/ HTTP/1.1" 200 62444 "-" "python-requests/2.32.4" "185.156.46.179"
172.31.20.228 - - [11/Jul/2025:16:00:02 +0000] "POST /parts/stock-chart/ HTTP/1.1" 200 660 "https://discountingcashflows.com/company/CDEV/overview/" "Mozilla/5.0 (Windows NT 10.0; Win64; x64) AppleWebKit/537.36 (KHTML, like Gecko) Chrome/138.0.0.0 Safari/537.36" "27.110.231.238"
172.31.20.228 - - [11/Jul/2025:16:00:03 +0000] "GET /accounts/signup/?next=/company/WHF/transcripts/2025/1/ HTTP/1.1" 200 11538 "-" "Mozilla/5.0 (compatible; Barkrowler/0.9; +https://babbar.tech/crawler)" "217.113.194.214"
172.31.20.228 - - [11/Jul/2025:16:00:05 +0000] "POST /editor/delete/ HTTP/1.1" 200 27326 "https://discountingcashflows.com/editor/" "Mozilla/5.0 (Linux; Android 10; K) AppleWebKit/537.36 (KHTML, like Gecko) Chrome/131.0.0.0 Mobile Safari/537.36" "152.59.167.32"
172.31.14.238 - - [11/Jul/2025:16:00:09 +0000] "GET /accounts/signup/?next=/company/ZDVSV/valuation/return-on-invested-capital-roic/ HTTP/1.1" 200 11527 "-" "Mozilla/5.0 AppleWebKit/537.36 (KHTML, like Gecko; compatible; Amazonbot/0.1; +https://developer.amazon.com/support/amazonbot) Chrome/119.0.6045.214 Safari/537.36" "52.44.229.124"
172.31.35.30 - - [11/Jul/2025:16:00:10 +0000] "GET /company/DWAC/valuation/repository/33/ HTTP/1.1" 302 0 "-" "Mozilla/5.0 AppleWebKit/537.36 (KHTML, like Gecko); compatible; ChatGPT-User/1.0; +https://openai.com/bot" "74.7.36.82"
172.31.14.238 - - [11/Jul/2025:16:00:10 +0000] "GET / HTTP/1.1" 499 0 "-" "ELB-HealthChecker/2.0" "-"
172.31.35.30 - - [11/Jul/2025:16:00:10 +0000] "GET / HTTP/1.1" 499 0 "-" "ELB-HealthChecker/2.0" "-"
172.31.20.228 - - [11/Jul/2025:16:00:10 +0000] "GET / HTTP/1.1" 499 0 "-" "ELB-HealthChecker/2.0" "-"
172.31.14.238 - - [11/Jul/2025:16:00:11 +0000] "GET /company/HFMDX/overview/ HTTP/1.1" 200 42027 "-" "Mozilla/5.0 (Macintosh; Intel Mac OS X 10_15_7) AppleWebKit/537.36 (KHTML, like Gecko) Chrome/131.0.0.0 Safari/537.36; compatible; OAI-SearchBot/1.0; +https://openai.com/searchbot" "172.182.224.14"
172.31.20.228 - - [11/Jul/2025:16:00:15 +0000] "POST /parts/stock-chart/ HTTP/1.1" 200 5822 "https://discountingcashflows.com/company/INSE/overview/" "Mozilla/5.0 (Linux; Android 6.0.1; Nexus 5X Build/MMB29P) AppleWebKit/537.36 (KHTML, like Gecko) Chrome/137.0.7151.119 Mobile Safari/537.36 (compatible; Googlebot/2.1; +http://www.google.com/bot.html)" "66.249.74.130"
172.31.35.30 - - [11/Jul/2025:16:00:15 +0000] "GET /company/CRBP/transcripts/2020/2/ HTTP/1.1" 200 41704 "-" "Mozilla/5.0 (compatible; SemrushBot/7~bl; +http://www.semrush.com/bot.html)" "85.208.96.194"
172.31.14.238 - - [11/Jul/2025:16:00:15 +0000] "GET /company/WY/transcripts/2024/2/ HTTP/1.1" 200 44652 "-" "Mozilla/5.0 (Macintosh; Intel Mac OS X 10_15_7) AppleWebKit/537.36 (KHTML, like Gecko) Chrome/131.0.0.0 Safari/537.36; compatible; OAI-SearchBot/1.0; +https://openai.com/searchbot" "172.182.195.50"
172.31.20.228 - - [11/Jul/2025:16:00:16 +0000] "POST /widgets/stock-list/ HTTP/1.1" 200 2623 "https://discountingcashflows.com/company/INSE/overview/" "Mozilla/5.0 (Linux; Android 6.0.1; Nexus 5X Build/MMB29P) AppleWebKit/537.36 (KHTML, like Gecko) Chrome/137.0.7151.119 Mobile Safari/537.36 (compatible; Googlebot/2.1; +http://www.google.com/bot.html)" "66.249.74.132"
172.31.35.30 - - [11/Jul/2025:16:00:16 +0000] "GET /company/PLL/income-statement/ HTTP/1.1" 200 51325 "-" "Mozilla/5.0 (compatible; AhrefsBot/7.0; +http://ahrefs.com/robot/)" "54.36.148.210"
172.31.14.238 - - [11/Jul/2025:16:00:17 +0000] "GET /company/WAEMX/overview/ HTTP/1.1" 200 42086 "-" "Mozilla/5.0 (Macintosh; Intel Mac OS X 10_15_7) AppleWebKit/537.36 (KHTML, like Gecko) Chrome/131.0.0.0 Safari/537.36; compatible; OAI-SearchBot/1.0; +https://openai.com/searchbot" "135.234.64.1"
172.31.20.228 - - [11/Jul/2025:16:00:18 +0000] "GET /accounts/signup/?next=/company/WHF/transcripts/2023/1/ HTTP/1.1" 200 11572 "-" "Mozilla/5.0 (compatible; Barkrowler/0.9; +https://babbar.tech/crawler)" "217.113.194.215"
172.31.14.238 - - [11/Jul/2025:16:00:19 +0000] "GET /company/NM/valuation/two-stage-excess-return-model/ HTTP/1.1" 200 62623 "-" "Mozilla/5.0 (Macintosh; Intel Mac OS X 10_15_7) AppleWebKit/537.36 (KHTML, like Gecko) Chrome/131.0.0.0 Safari/537.36; compatible; OAI-SearchBot/1.0; +https://openai.com/searchbot" "172.182.195.58"
172.31.35.30 - - [11/Jul/2025:16:00:20 +0000] "GET /accounts/signup/?next=/company/SCHN/dividends/ HTTP/1.1" 200 11571 "-" "Mozilla/5.0 (compatible; AhrefsBot/7.0; +http://ahrefs.com/robot/)" "54.36.148.96"
172.31.14.238 - - [11/Jul/2025:16:00:21 +0000] "GET /company/JPM-PC/transcripts/2010/2/ HTTP/1.1" 200 56085 "-" "python-requests/2.32.4" "185.156.46.179"
172.31.14.238 - - [11/Jul/2025:16:00:22 +0000] "GET / HTTP/1.1" 200 48742 "-" "ELB-HealthChecker/2.0" "-"
172.31.35.30 - - [11/Jul/2025:16:00:22 +0000] "GET / HTTP/1.1" 200 48729 "-" "ELB-HealthChecker/2.0" "-"
172.31.20.228 - - [11/Jul/2025:16:00:22 +0000] "GET / HTTP/1.1" 200 48658 "-" "ELB-HealthChecker/2.0" "-"
172.31.14.238 - - [11/Jul/2025:16:00:24 +0000] "GET /company/JPM-PC/transcripts/2010/1/ HTTP/1.1" 200 51917 "-" "python-requests/2.32.4" "185.156.46.179"
172.31.35.30 - - [11/Jul/2025:16:00:24 +0000] "GET /accounts/login/?next=/company/UELMO/valuation/two-stage-dividend-discount-model/ HTTP/1.1" 200 11047 "-" "Mozilla/5.0 AppleWebKit/537.36 (KHTML, like Gecko; compatible; Amazonbot/0.1; +https://developer.amazon.com/support/amazonbot) Chrome/119.0.6045.214 Safari/537.36" "18.207.89.138"
172.31.35.30 - - [11/Jul/2025:16:00:24 +0000] "GET /accounts/signup/?next=/company/STCE/valuation/ HTTP/1.1" 200 11542 "-" "Mozilla/5.0 (compatible; AhrefsBot/7.0; +http://ahrefs.com/robot/)" "54.36.148.50"
172.31.14.238 - - [11/Jul/2025:16:00:27 +0000] "GET /company/EW/overview/ HTTP/1.1" 200 43892 "https://discountingcashflows.com/company/EW/profile/" "Mozilla/5.0 (compatible; SemrushBot-BA; +http://www.semrush.com/bot.html)" "85.208.98.24"
172.31.14.238 - - [11/Jul/2025:16:00:28 +0000] "GET /company/JPM-PD/transcripts/2025/2/ HTTP/1.1" 200 84 "-" "python-requests/2.32.4" "185.156.46.179"
172.31.14.238 - - [11/Jul/2025:16:00:31 +0000] "GET /company/PWRD/chart/ HTTP/1.1" 200 39799 "-" "Mozilla/5.0 (Macintosh; Intel Mac OS X 10_15_7) AppleWebKit/537.36 (KHTML, like Gecko) Chrome/131.0.0.0 Safari/537.36; compatible; OAI-SearchBot/1.0; +https://openai.com/searchbot" "172.182.224.14"
172.31.35.30 - - [11/Jul/2025:16:00:31 +0000] "GET /company/BUI/earnings/ HTTP/1.1" 302 0 "-" "Mozilla/5.0 (compatible; AhrefsBot/7.0; +http://ahrefs.com/robot/)" "54.36.148.166"
172.31.20.228 - - [11/Jul/2025:16:00:32 +0000] "GET /accounts/login/?next=/company/PTR/valuation/discounted-free-cash-flow-exit-multiple/ HTTP/1.1" 200 11098 "-" "Mozilla/5.0 AppleWebKit/537.36 (KHTML, like Gecko; compatible; Amazonbot/0.1; +https://developer.amazon.com/support/amazonbot) Chrome/119.0.6045.214 Safari/537.36" "44.220.2.97"
172.31.14.238 - - [11/Jul/2025:16:00:33 +0000] "GET /company/JPM-PD/transcripts/2025/1/ HTTP/1.1" 200 45071 "-" "python-requests/2.32.4" "185.156.46.179"
172.31.14.238 - - [11/Jul/2025:16:00:33 +0000] "GET /company/PRSR/income-statement/ HTTP/1.1" 200 43774 "-" "Mozilla/5.0 (Macintosh; Intel Mac OS X 10_15_7) AppleWebKit/537.36 (KHTML, like Gecko) Chrome/131.0.0.0 Safari/537.36; compatible; OAI-SearchBot/1.0; +https://openai.com/searchbot" "172.182.195.50"
172.31.14.238 - - [11/Jul/2025:16:00:35 +0000] "GET / HTTP/1.1" 403 135 "-" "ELB-HealthChecker/2.0" "-"
172.31.14.238 - - [11/Jul/2025:16:00:36 +0000] "GET /accounts/signup/?next=/company/TFINP/transcripts/2022/2/ HTTP/1.1" 200 11597 "-" "Mozilla/5.0 AppleWebKit/537.36 (KHTML, like Gecko; compatible; Amazonbot/0.1; +https://developer.amazon.com/support/amazonbot) Chrome/119.0.6045.214 Safari/537.36" "54.210.155.69"
172.31.35.30 - - [11/Jul/2025:16:00:37 +0000] "GET /company/HNST/cash-flow-statement/quarterly/ HTTP/1.1" 200 45712 "-" "Mozilla/5.0 AppleWebKit/537.36 (KHTML, like Gecko); compatible; ChatGPT-User/1.0; +https://openai.com/bot" "172.213.21.149"
172.31.35.30 - - [11/Jul/2025:16:00:37 +0000] "GET / HTTP/1.1" 200 48714 "-" "ELB-HealthChecker/2.0" "-"
172.31.20.228 - - [11/Jul/2025:16:00:37 +0000] "GET / HTTP/1.1" 200 48652 "-" "ELB-HealthChecker/2.0" "-"
172.31.20.228 - - [11/Jul/2025:16:00:38 +0000] "GET /company/ROSEU/transcripts/2019/2/ HTTP/1.1" 200 41408 "-" "Mozilla/5.0 (Linux; Android 6.0.1; Nexus 5X Build/MMB29P) AppleWebKit/537.36 (KHTML, like Gecko) Chrome/137.0.7151.103 Mobile Safari/537.36 (compatible; Googlebot/2.1; +http://www.google.com/bot.html)" "66.249.76.130"
172.31.20.228 - - [11/Jul/2025:16:00:39 +0000] "GET /company/MGI/executive-compensation/ HTTP/1.1" 200 48299 "-" "Mozilla/5.0 (Linux; Android 6.0.1; Nexus 5X Build/MMB29P) AppleWebKit/537.36 (KHTML, like Gecko) Chrome/137.0.7151.119 Mobile Safari/537.36 (compatible; Googlebot/2.1; +http://www.google.com/bot.html)" "66.249.76.131"
172.31.14.238 - - [11/Jul/2025:16:00:40 +0000] "GET /company/GOOS/valuation/discounted-free-cash-flow-perpetuity/ HTTP/1.1" 200 75438 "-" "Mozilla/5.0 (Macintosh; Intel Mac OS X 10_15_7) AppleWebKit/537.36 (KHTML, like Gecko) Chrome/131.0.0.0 Safari/537.36; compatible; OAI-SearchBot/1.0; +https://openai.com/searchbot" "172.182.195.58"
172.31.35.30 - - [11/Jul/2025:16:00:41 +0000] "GET /company/GNTX/transcripts/2012/4/ HTTP/1.1" 200 44281 "-" "Mozilla/5.0 AppleWebKit/537.36 (KHTML, like Gecko; compatible; Amazonbot/0.1; +https://developer.amazon.com/support/amazonbot) Chrome/119.0.6045.214 Safari/537.36" "3.217.82.254"
172.31.14.238 - - [11/Jul/2025:16:00:42 +0000] "GET /company/GLXY/valuation/weighted-average-cost-of-capital/ HTTP/1.1" 200 62264 "-" "Mozilla/5.0 (Macintosh; Intel Mac OS X 10_15_7) AppleWebKit/537.36 (KHTML, like Gecko) Chrome/131.0.0.0 Safari/537.36; compatible; OAI-SearchBot/1.0; +https://openai.com/searchbot" "172.182.193.86"
172.31.20.228 - - [11/Jul/2025:16:00:42 +0000] "GET /company/ROSEU/transcripts/2019/2/?org.htmx.cache-buster=transcriptsContent HTTP/1.1" 200 10989 "https://discountingcashflows.com/company/ROSEU/transcripts/2019/2/" "Mozilla/5.0 (Linux; Android 6.0.1; Nexus 5X Build/MMB29P) AppleWebKit/537.36 (KHTML, like Gecko) Chrome/137.0.7151.119 Mobile Safari/537.36 (compatible; Googlebot/2.1; +http://www.google.com/bot.html)" "66.249.74.130"
172.31.35.30 - - [11/Jul/2025:16:00:44 +0000] "GET /company/CBI/valuation/two-stage-dividend-discount-model/ HTTP/1.1" 302 0 "-" "Mozilla/5.0 (compatible; SemrushBot/7~bl; +http://www.semrush.com/bot.html)" "185.191.171.16"
172.31.14.238 - - [11/Jul/2025:16:00:45 +0000] "GET /company/BRZE/valuation/annual-margin-report/ HTTP/1.1" 200 64437 "-" "Mozilla/5.0 (Macintosh; Intel Mac OS X 10_15_7) AppleWebKit/537.36 (KHTML, like Gecko) Chrome/131.0.0.0 Safari/537.36; compatible; OAI-SearchBot/1.0; +https://openai.com/searchbot" "172.182.195.58"
172.31.35.30 - - [11/Jul/2025:16:00:45 +0000] "GET /accounts/signup/?next=/company/CSJZX/cash-flow-statement/ HTTP/1.1" 200 11503 "-" "Mozilla/5.0 (compatible; AhrefsBot/7.0; +http://ahrefs.com/robot/)" "54.36.148.132"
172.31.14.238 - - [11/Jul/2025:16:00:46 +0000] "GET /company/JPM-PD/transcripts/2023/4/ HTTP/1.1" 200 32775 "-" "python-requests/2.32.4" "185.156.46.179"
172.31.14.238 - - [11/Jul/2025:16:00:49 +0000] "GET /company/JPM-PD/transcripts/2023/3/ HTTP/1.1" 200 43199 "-" "python-requests/2.32.4" "185.156.46.179"
172.31.35.30 - - [11/Jul/2025:16:00:49 +0000] "GET /company/FFNOX/balance-sheet-statement/quarterly/ HTTP/1.1" 302 0 "-" "Mozilla/5.0 (compatible; AhrefsBot/7.0; +http://ahrefs.com/robot/)" "54.36.148.194"
172.31.14.238 - - [11/Jul/2025:16:00:50 +0000] "GET / HTTP/1.1" 403 135 "-" "ELB-HealthChecker/2.0" "-"
172.31.35.30 - - [11/Jul/2025:16:00:52 +0000] "GET / HTTP/1.1" 200 48727 "-" "ELB-HealthChecker/2.0" "-"
172.31.14.238 - - [11/Jul/2025:16:00:52 +0000] "GET /company/KEN/valuation/weighted-average-cost-of-capital/ HTTP/1.1" 200 62334 "-" "Mozilla/5.0 (Macintosh; Intel Mac OS X 10_15_7) AppleWebKit/537.36 (KHTML, like Gecko) Chrome/131.0.0.0 Safari/537.36; compatible; OAI-SearchBot/1.0; +https://openai.com/searchbot" "172.182.195.50"
172.31.35.30 - - [11/Jul/2025:16:00:53 +0000] "GET /search/cci+uni HTTP/1.1" 200 31277 "-" "Mozilla/5.0 AppleWebKit/537.36 (KHTML, like Gecko; compatible; bingbot/2.0; +http://www.bing.com/bingbot.htm) Chrome/116.0.1938.76 Safari/537.36" "40.77.167.45"
172.31.20.228 - - [11/Jul/2025:16:00:53 +0000] "GET /company/CLH/transcripts/2021/3/ HTTP/1.1" 200 44299 "-" "Mozilla/5.0 AppleWebKit/537.36 (KHTML, like Gecko); compatible; ChatGPT-User/1.0; +https://openai.com/bot" "51.8.155.62"
172.31.20.228 - - [11/Jul/2025:16:00:54 +0000] "GET / HTTP/1.1" 200 48711 "-" "ELB-HealthChecker/2.0" "-"
172.31.35.30 - - [11/Jul/2025:16:00:55 +0000] "GET /company/H/sec-filings/ HTTP/1.1" 200 76638 "-" "Mozilla/5.0 (compatible; AhrefsBot/7.0; +http://ahrefs.com/robot/)" "54.36.148.93"
172.31.14.238 - - [11/Jul/2025:16:00:55 +0000] "GET /company/JPM-PD/transcripts/2023/1/ HTTP/1.1" 200 37049 "-" "python-requests/2.32.4" "185.156.46.179"
172.31.14.238 - - [11/Jul/2025:16:00:57 +0000] "GET /company/GBCI/executive-compensation/ HTTP/1.1" 200 46651 "-" "Mozilla/5.0 (Macintosh; Intel Mac OS X 10_15_7) AppleWebKit/537.36 (KHTML, like Gecko) Chrome/131.0.0.0 Safari/537.36; compatible; OAI-SearchBot/1.0; +https://openai.com/searchbot" "172.182.195.50"
172.31.20.228 - - [11/Jul/2025:16:00:59 +0000] "GET /company/BCE.TO/transcripts/2018/3/ HTTP/1.1" 200 42838 "-" "Mozilla/5.0 AppleWebKit/537.36 (KHTML, like Gecko); compatible; ChatGPT-User/1.0; +https://openai.com/bot" "20.117.22.228"
172.31.14.238 - - [11/Jul/2025:16:01:00 +0000] "GET /accounts/signup/?next=/company/BMO/valuation/discounted-free-cash-flow-perpetuity/ HTTP/1.1" 200 11603 "-" "Mozilla/5.0 AppleWebKit/537.36 (KHTML, like Gecko; compatible; Amazonbot/0.1; +https://developer.amazon.com/support/amazonbot) Chrome/119.0.6045.214 Safari/537.36" "34.235.239.240"
172.31.14.238 - - [11/Jul/2025:16:01:01 +0000] "GET /company/CNP/transcripts/2017/2/ HTTP/1.1" 200 44620 "-" "Mozilla/5.0 (Macintosh; Intel Mac OS X 10_15_7) AppleWebKit/537.36 (KHTML, like Gecko) Chrome/131.0.0.0 Safari/537.36; compatible; OAI-SearchBot/1.0; +https://openai.com/searchbot" "135.234.64.1"
172.31.20.228 - - [11/Jul/2025:16:01:03 +0000] "GET /.env HTTP/1.1" 200 31170 "-" "Mozilla/5.0 (Macintosh; Intel Mac OS X 10.15; rv:77.0) Gecko/20100101 Firefox/77.0" "198.244.224.196"
172.31.35.30 - - [11/Jul/2025:16:01:03 +0000] "GET /accounts/signup/?next=/company/VBLTX/valuation/return-on-invested-capital-roic/ HTTP/1.1" 200 11578 "-" "Mozilla/5.0 (compatible; AhrefsBot/7.0; +http://ahrefs.com/robot/)" "54.36.148.123"
172.31.14.238 - - [11/Jul/2025:16:01:04 +0000] "GET /company/JPM-PD/transcripts/2022/2/ HTTP/1.1" 200 37644 "-" "python-requests/2.32.4" "185.156.46.179"
172.31.14.238 - - [11/Jul/2025:16:01:05 +0000] "GET / HTTP/1.1" 403 135 "-" "ELB-HealthChecker/2.0" "-"
172.31.35.30 - - [11/Jul/2025:16:01:06 +0000] "GET / HTTP/1.1" 200 48686 "-" "ELB-HealthChecker/2.0" "-"
172.31.20.228 - - [11/Jul/2025:16:01:07 +0000] "GET / HTTP/1.1" 200 48668 "-" "ELB-HealthChecker/2.0" "-"
172.31.14.238 - - [11/Jul/2025:16:01:08 +0000] "GET /company/TWFG/balance-sheet-statement/ HTTP/1.1" 200 44938 "-" "Mozilla/5.0 (Macintosh; Intel Mac OS X 10_15_7) AppleWebKit/537.36 (KHTML, like Gecko) Chrome/131.0.0.0 Safari/537.36; compatible; OAI-SearchBot/1.0; +https://openai.com/searchbot" "172.182.193.86"
172.31.35.30 - - [11/Jul/2025:16:01:08 +0000] "GET /accounts/login/?next=/company/DTRT/valuation/annual-margin-report/ HTTP/1.1" 200 11067 "-" "Mozilla/5.0 AppleWebKit/537.36 (KHTML, like Gecko; compatible; Amazonbot/0.1; +https://developer.amazon.com/support/amazonbot) Chrome/119.0.6045.214 Safari/537.36" "3.219.80.71"
172.31.35.30 - - [11/Jul/2025:16:01:10 +0000] "GET /company/DREGX/valuation/annual-margin-report/ HTTP/1.1" 302 0 "-" "Mozilla/5.0 (compatible; AhrefsBot/7.0; +http://ahrefs.com/robot/)" "54.36.148.59"
172.31.14.238 - - [11/Jul/2025:16:01:11 +0000] "GET /company/HLF/valuation/weighted-average-cost-of-capital/ HTTP/1.1" 200 62367 "-" "Mozilla/5.0 (Macintosh; Intel Mac OS X 10_15_7) AppleWebKit/537.36 (KHTML, like Gecko) Chrome/131.0.0.0 Safari/537.36; compatible; OAI-SearchBot/1.0; +https://openai.com/searchbot" "20.171.53.233"
172.31.14.238 - - [11/Jul/2025:16:01:12 +0000] "GET /company/LSAK/overview/ HTTP/1.1" 200 43714 "-" "Mozilla/5.0 (Macintosh; Intel Mac OS X 10_15_7) AppleWebKit/537.36 (KHTML, like Gecko) Chrome/131.0.0.0 Safari/537.36; compatible; OAI-SearchBot/1.0; +https://openai.com/searchbot" "172.182.195.50"
172.31.14.238 - - [11/Jul/2025:16:01:15 +0000] "GET /company/CBUS/overview/ HTTP/1.1" 200 43357 "-" "Mozilla/5.0 (Macintosh; Intel Mac OS X 10_15_7) AppleWebKit/537.36 (KHTML, like Gecko) Chrome/131.0.0.0 Safari/537.36; compatible; OAI-SearchBot/1.0; +https://openai.com/searchbot" "20.171.123.66"
172.31.14.238 - - [11/Jul/2025:16:01:15 +0000] "GET /company/JPM-PD/transcripts/2021/2/ HTTP/1.1" 200 51290 "-" "python-requests/2.32.4" "185.156.46.179"
172.31.14.238 - - [11/Jul/2025:16:01:18 +0000] "GET /company/JPM-PD/transcripts/2021/1/ HTTP/1.1" 200 43209 "-" "python-requests/2.32.4" "185.156.46.179"
172.31.20.228 - - [11/Jul/2025:16:01:18 +0000] "GET /accounts/signup/?next=/company/WHF/transcripts/2020/1/ HTTP/1.1" 200 11559 "-" "Mozilla/5.0 (compatible; Barkrowler/0.9; +https://babbar.tech/crawler)" "217.113.194.218"
172.31.35.30 - - [11/Jul/2025:16:01:19 +0000] "GET /company/HGLB/valuation/benjamin-grahams-number/ HTTP/1.1" 302 0 "-" "Mozilla/5.0 (compatible; AhrefsBot/7.0; +http://ahrefs.com/robot/)" "54.36.148.173"
172.31.14.238 - - [11/Jul/2025:16:01:19 +0000] "GET /company/EXTO/valuation/discounted-free-cash-flow-perpetuity/ HTTP/1.1" 200 75536 "-" "Mozilla/5.0 (Macintosh; Intel Mac OS X 10_15_7) AppleWebKit/537.36 (KHTML, like Gecko) Chrome/131.0.0.0 Safari/537.36; compatible; OAI-SearchBot/1.0; +https://openai.com/searchbot" "172.182.193.86"
172.31.14.238 - - [11/Jul/2025:16:01:20 +0000] "GET / HTTP/1.1" 403 135 "-" "ELB-HealthChecker/2.0" "-"
172.31.14.238 - - [11/Jul/2025:16:01:21 +0000] "GET /company/VTNR/valuation/shiller-pe-cape-ratio/ HTTP/1.1" 200 54586 "-" "Mozilla/5.0 (Macintosh; Intel Mac OS X 10_15_7) AppleWebKit/537.36 (KHTML, like Gecko) Chrome/131.0.0.0 Safari/537.36; compatible; OAI-SearchBot/1.0; +https://openai.com/searchbot" "172.182.195.58"
172.31.35.30 - - [11/Jul/2025:16:01:22 +0000] "GET / HTTP/1.1" 200 48689 "-" "ELB-HealthChecker/2.0" "-"
172.31.20.228 - - [11/Jul/2025:16:01:22 +0000] "GET / HTTP/1.1" 200 48743 "-" "ELB-HealthChecker/2.0" "-"
172.31.14.238 - - [11/Jul/2025:16:01:22 +0000] "GET /company/DOCS/balance-sheet-statement/ HTTP/1.1" 200 46458 "-" "Mozilla/5.0 (Macintosh; Intel Mac OS X 10_15_7) AppleWebKit/537.36 (KHTML, like Gecko) Chrome/131.0.0.0 Safari/537.36; compatible; OAI-SearchBot/1.0; +https://openai.com/searchbot" "172.182.195.50"
172.31.35.30 - - [11/Jul/2025:16:01:23 +0000] "GET /company/AIVEX/valuation/two-stage-excess-return-model/ HTTP/1.1" 302 0 "-" "meta-externalagent/1.1 (+https://developers.facebook.com/docs/sharing/webmasters/crawler)" "57.141.0.11"
172.31.14.238 - - [11/Jul/2025:16:01:25 +0000] "GET /company/JPM-PD/transcripts/2020/3/ HTTP/1.1" 200 41287 "-" "python-requests/2.32.4" "185.156.46.179"
172.31.14.238 - - [11/Jul/2025:16:01:25 +0000] "GET /company/SNDK/valuation/discounted-free-cash-flow-perpetuity/ HTTP/1.1" 200 74918 "-" "Mozilla/5.0 (Macintosh; Intel Mac OS X 10_15_7) AppleWebKit/537.36 (KHTML, like Gecko) Chrome/131.0.0.0 Safari/537.36; compatible; OAI-SearchBot/1.0; +https://openai.com/searchbot" "172.182.195.58"
172.31.14.238 - - [11/Jul/2025:16:01:28 +0000] "GET /company/GURE/valuation/benjamin-grahams-number/ HTTP/1.1" 200 61133 "-" "Mozilla/5.0 (Macintosh; Intel Mac OS X 10_15_7) AppleWebKit/537.36 (KHTML, like Gecko) Chrome/131.0.0.0 Safari/537.36; compatible; OAI-SearchBot/1.0; +https://openai.com/searchbot" "172.182.224.14"
172.31.14.238 - - [11/Jul/2025:16:01:28 +0000] "GET /company/KLXE/transcripts/2021/3/ HTTP/1.1" 200 42453 "-" "Mozilla/5.0 (Linux; Android 6.0.1; Nexus 5X Build/MMB29P) AppleWebKit/537.36 (KHTML, like Gecko) Chrome/137.0.7151.103 Mobile Safari/537.36 (compatible; Googlebot/2.1; +http://www.google.com/bot.html)" "66.249.74.129"
172.31.14.238 - - [11/Jul/2025:16:01:29 +0000] "GET /company/ARR-PC/valuation/discounted-future-market-cap/ HTTP/1.1" 200 74692 "-" "Mozilla/5.0 (Macintosh; Intel Mac OS X 10_15_7) AppleWebKit/537.36 (KHTML, like Gecko) Chrome/131.0.0.0 Safari/537.36; compatible; OAI-SearchBot/1.0; +https://openai.com/searchbot" "20.171.123.66"
172.31.14.238 - - [11/Jul/2025:16:01:30 +0000] "GET /company/JPM-PD/transcripts/2020/1/ HTTP/1.1" 200 43701 "-" "python-requests/2.32.4" "185.156.46.179"
172.31.14.238 - - [11/Jul/2025:16:01:31 +0000] "GET /company/KLXE/transcripts/2021/3/?org.htmx.cache-buster=transcriptsContent HTTP/1.1" 200 10953 "https://discountingcashflows.com/company/KLXE/transcripts/2021/3/" "Mozilla/5.0 (Linux; Android 6.0.1; Nexus 5X Build/MMB29P) AppleWebKit/537.36 (KHTML, like Gecko) Chrome/137.0.7151.119 Mobile Safari/537.36 (compatible; Googlebot/2.1; +http://www.google.com/bot.html)" "66.249.74.129"
172.31.14.238 - - [11/Jul/2025:16:01:33 +0000] "GET /accounts/login/?next=/company/HO.PA/income-statement/ HTTP/1.1" 200 11091 "-" "Mozilla/5.0 AppleWebKit/537.36 (KHTML, like Gecko; compatible; Amazonbot/0.1; +https://developer.amazon.com/support/amazonbot) Chrome/119.0.6045.214 Safari/537.36" "52.70.138.176"
172.31.20.228 - - [11/Jul/2025:16:01:33 +0000] "GET /company/AAPL/valuation/discounted-free-cash-flow-exit-multiple/ HTTP/1.1" 200 77412 "-" "Mozilla/5.0 (Windows NT 10.0; Win64; x64) AppleWebKit/537.36 (KHTML, like Gecko) Chrome/84.0.4147.105 Safari/537.36" "5.161.70.253"
172.31.14.238 - - [11/Jul/2025:16:01:33 +0000] "GET /company/LOAR/valuation/discounted-future-market-cap/ HTTP/1.1" 200 73744 "-" "Mozilla/5.0 (Macintosh; Intel Mac OS X 10_15_7) AppleWebKit/537.36 (KHTML, like Gecko) Chrome/131.0.0.0 Safari/537.36; compatible; OAI-SearchBot/1.0; +https://openai.com/searchbot" "172.182.195.58"
172.31.35.30 - - [11/Jul/2025:16:01:35 +0000] "GET /accounts/signup/?next=/company/UDR/income-statement/None HTTP/1.1" 200 49823 "-" "meta-externalagent/1.1 (+https://developers.facebook.com/docs/sharing/webmasters/crawler)" "57.141.0.9"
172.31.14.238 - - [11/Jul/2025:16:01:35 +0000] "GET /company/WABC/valuation/shiller-pe-cape-ratio/ HTTP/1.1" 200 55290 "-" "Mozilla/5.0 (Macintosh; Intel Mac OS X 10_15_7) AppleWebKit/537.36 (KHTML, like Gecko) Chrome/131.0.0.0 Safari/537.36; compatible; OAI-SearchBot/1.0; +https://openai.com/searchbot" "172.182.193.86"
172.31.14.238 - - [11/Jul/2025:16:01:35 +0000] "GET / HTTP/1.1" 403 135 "-" "ELB-HealthChecker/2.0" "-"
172.31.14.238 - - [11/Jul/2025:16:01:36 +0000] "GET /company/JPM-PD/transcripts/2019/3/ HTTP/1.1" 200 34356 "-" "python-requests/2.32.4" "185.156.46.179"
172.31.35.30 - - [11/Jul/2025:16:01:37 +0000] "GET / HTTP/1.1" 200 48706 "-" "ELB-HealthChecker/2.0" "-"
172.31.20.228 - - [11/Jul/2025:16:01:37 +0000] "GET / HTTP/1.1" 200 48678 "-" "ELB-HealthChecker/2.0" "-"
172.31.35.30 - - [11/Jul/2025:16:01:40 +0000] "HEAD /company/INTU/transcripts/2006/4/ HTTP/1.1" 200 0 "-" "python-requests/2.32.4" "38.49.78.243"
172.31.14.238 - - [11/Jul/2025:16:01:40 +0000] "GET /company/WDFC/valuation/discounted-future-market-cap/ HTTP/1.1" 200 74231 "-" "Mozilla/5.0 (Macintosh; Intel Mac OS X 10_15_7) AppleWebKit/537.36 (KHTML, like Gecko) Chrome/131.0.0.0 Safari/537.36; compatible; OAI-SearchBot/1.0; +https://openai.com/searchbot" "135.234.64.1"
172.31.35.30 - - [11/Jul/2025:16:01:40 +0000] "GET /company/KRMA/balance-sheet-statement/ HTTP/1.1" 302 0 "-" "Mozilla/5.0 (compatible; AhrefsBot/7.0; +http://ahrefs.com/robot/)" "54.36.148.135"
172.31.14.238 - - [11/Jul/2025:16:01:41 +0000] "GET /company/CBD/transcripts/2015/4/ HTTP/1.1" 200 43234 "-" "Mozilla/5.0 AppleWebKit/537.36 (KHTML, like Gecko; compatible; Amazonbot/0.1; +https://developer.amazon.com/support/amazonbot) Chrome/119.0.6045.214 Safari/537.36" "34.194.233.48"
172.31.14.238 - - [11/Jul/2025:16:01:41 +0000] "HEAD /company/INTU/transcripts/2006/4/ HTTP/1.1" 200 0 "-" "python-requests/2.32.4" "38.49.78.243"
172.31.14.238 - - [11/Jul/2025:16:01:42 +0000] "GET /company/HVBT/valuation/weighted-average-cost-of-capital/ HTTP/1.1" 200 62352 "-" "Mozilla/5.0 (Macintosh; Intel Mac OS X 10_15_7) AppleWebKit/537.36 (KHTML, like Gecko) Chrome/131.0.0.0 Safari/537.36; compatible; OAI-SearchBot/1.0; +https://openai.com/searchbot" "20.171.123.66"
172.31.14.238 - - [11/Jul/2025:16:01:44 +0000] "GET /accounts/signup/?next=/company/YOU/insider-trading/ HTTP/1.1" 200 11506 "-" "Mozilla/5.0 AppleWebKit/537.36 (KHTML, like Gecko; compatible; Amazonbot/0.1; +https://developer.amazon.com/support/amazonbot) Chrome/119.0.6045.214 Safari/537.36" "44.208.193.63"
172.31.14.238 - - [11/Jul/2025:16:01:45 +0000] "GET /company/QVCGA/valuation/simple-dividend-discount-model/ HTTP/1.1" 200 61689 "-" "Mozilla/5.0 (Macintosh; Intel Mac OS X 10_15_7) AppleWebKit/537.36 (KHTML, like Gecko) Chrome/131.0.0.0 Safari/537.36; compatible; OAI-SearchBot/1.0; +https://openai.com/searchbot" "172.182.193.86"
172.31.20.228 - - [11/Jul/2025:16:01:45 +0000] "GET /company/SQQQ/valuation/ HTTP/1.1" 302 0 "-" "meta-externalagent/1.1 (+https://developers.facebook.com/docs/sharing/webmasters/crawler)" "57.141.0.18"
172.31.14.238 - - [11/Jul/2025:16:01:48 +0000] "GET /company/WATT/cash-flow-statement/ HTTP/1.1" 200 47219 "-" "Mozilla/5.0 (Macintosh; Intel Mac OS X 10_15_7) AppleWebKit/537.36 (KHTML, like Gecko) Chrome/131.0.0.0 Safari/537.36; compatible; OAI-SearchBot/1.0; +https://openai.com/searchbot" "172.182.224.14"
172.31.35.30 - - [11/Jul/2025:16:01:50 +0000] "GET /accounts/login/?next=/company/NOIEX/valuation/repository/1/ HTTP/1.1" 200 11069 "-" "Mozilla/5.0 (compatible; AhrefsBot/7.0; +http://ahrefs.com/robot/)" "54.36.149.99"
172.31.14.238 - - [11/Jul/2025:16:01:50 +0000] "GET / HTTP/1.1" 403 135 "-" "ELB-HealthChecker/2.0" "-"
172.31.14.238 - - [11/Jul/2025:16:01:51 +0000] "GET /company/GREEL/insider-trading/ HTTP/1.1" 200 45910 "-" "Mozilla/5.0 (Macintosh; Intel Mac OS X 10_15_7) AppleWebKit/537.36 (KHTML, like Gecko) Chrome/131.0.0.0 Safari/537.36; compatible; OAI-SearchBot/1.0; +https://openai.com/searchbot" "20.25.151.239"
172.31.35.30 - - [11/Jul/2025:16:01:52 +0000] "GET / HTTP/1.1" 200 48730 "-" "ELB-HealthChecker/2.0" "-"
172.31.20.228 - - [11/Jul/2025:16:01:52 +0000] "GET / HTTP/1.1" 200 48653 "-" "ELB-HealthChecker/2.0" "-"
172.31.14.238 - - [11/Jul/2025:16:01:52 +0000] "GET /accounts/login/?next=/company/DAVEW/institutional-holders/ HTTP/1.1" 200 11055 "-" "Mozilla/5.0 AppleWebKit/537.36 (KHTML, like Gecko; compatible; Amazonbot/0.1; +https://developer.amazon.com/support/amazonbot) Chrome/119.0.6045.214 Safari/537.36" "23.21.227.240"
172.31.35.30 - - [11/Jul/2025:16:01:52 +0000] "GET /company/KRMA/insider-trading/ HTTP/1.1" 302 0 "-" "Mozilla/5.0 (compatible; AhrefsBot/7.0; +http://ahrefs.com/robot/)" "54.36.149.2"
172.31.14.238 - - [11/Jul/2025:16:01:56 +0000] "GET /company/FNV/transcripts/2021/1/ HTTP/1.1" 200 43868 "-" "Mozilla/5.0 (Macintosh; Intel Mac OS X 10_15_7) AppleWebKit/537.36 (KHTML, like Gecko) Chrome/131.0.0.0 Safari/537.36; compatible; OAI-SearchBot/1.0; +https://openai.com/searchbot" "20.25.151.239"
172.31.35.30 - - [11/Jul/2025:16:01:57 +0000] "GET /accounts/signup/?next=/company/NOIEX/valuation/repository/1/ HTTP/1.1" 200 11556 "-" "Mozilla/5.0 (compatible; AhrefsBot/7.0; +http://ahrefs.com/robot/)" "54.36.148.41"
172.31.14.238 - - [11/Jul/2025:16:01:59 +0000] "GET /company/NXPI/overview/ HTTP/1.1" 200 43824 "-" "Mozilla/5.0 (Windows NT 10.0; Win64; x64) AppleWebKit/537.36 (KHTML, like Gecko) Chrome/101.0.4951.64 Safari/537.36 Edg/101.0.1210.47" "183.87.40.101"
172.31.14.238 - - [11/Jul/2025:16:01:59 +0000] "GET /company/JPM-PD/transcripts/2017/3/ HTTP/1.1" 200 43350 "-" "python-requests/2.32.4" "185.156.46.179"
172.31.20.228 - - [11/Jul/2025:16:02:04 +0000] "GET /accounts/signup/?next=/company/WHF/transcripts/2020/4/ HTTP/1.1" 200 11597 "-" "Mozilla/5.0 (compatible; Barkrowler/0.9; +https://babbar.tech/crawler)" "217.113.194.220"
172.31.14.238 - - [11/Jul/2025:16:02:05 +0000] "GET / HTTP/1.1" 403 135 "-" "ELB-HealthChecker/2.0" "-"
172.31.14.238 - - [11/Jul/2025:16:02:06 +0000] "GET /company/WBBNX/overview/ HTTP/1.1" 200 41956 "-" "Mozilla/5.0 (Macintosh; Intel Mac OS X 10_15_7) AppleWebKit/537.36 (KHTML, like Gecko) Chrome/131.0.0.0 Safari/537.36; compatible; OAI-SearchBot/1.0; +https://openai.com/searchbot" "20.171.53.233"
172.31.35.30 - - [11/Jul/2025:16:02:07 +0000] "GET / HTTP/1.1" 200 48689 "-" "ELB-HealthChecker/2.0" "-"
172.31.20.228 - - [11/Jul/2025:16:02:07 +0000] "GET / HTTP/1.1" 200 48693 "-" "ELB-HealthChecker/2.0" "-"
172.31.14.238 - - [11/Jul/2025:16:02:07 +0000] "GET /company/AYA.TO/valuation/annual-margin-report/ HTTP/1.1" 200 63359 "-" "Mozilla/5.0 (Macintosh; Intel Mac OS X 10_15_7) AppleWebKit/537.36 (KHTML, like Gecko) Chrome/131.0.0.0 Safari/537.36; compatible; OAI-SearchBot/1.0; +https://openai.com/searchbot" "20.25.151.239"
172.31.14.238 - - [11/Jul/2025:16:02:09 +0000] "GET /company/EU/valuation/annual-margin-report/ HTTP/1.1" 200 64624 "-" "Mozilla/5.0 (Macintosh; Intel Mac OS X 10_15_7) AppleWebKit/537.36 (KHTML, like Gecko) Chrome/131.0.0.0 Safari/537.36; compatible; OAI-SearchBot/1.0; +https://openai.com/searchbot" "20.171.123.66"
172.31.35.30 - - [11/Jul/2025:16:02:09 +0000] "GET /accounts/signup/?next=/company/CHRA/executive-compensation/ HTTP/1.1" 200 11586 "-" "Mozilla/5.0 (compatible; AhrefsBot/7.0; +http://ahrefs.com/robot/)" "54.36.148.42"
172.31.14.238 - - [11/Jul/2025:16:02:10 +0000] "GET /company/FLGEX/overview/ HTTP/1.1" 200 42005 "-" "Mozilla/5.0 (Macintosh; Intel Mac OS X 10_15_7) AppleWebKit/537.36 (KHTML, like Gecko) Chrome/131.0.0.0 Safari/537.36; compatible; OAI-SearchBot/1.0; +https://openai.com/searchbot" "172.182.193.86"
172.31.20.228 - - [11/Jul/2025:16:02:11 +0000] "GET /company/GOIXX/overview/None HTTP/1.1" 200 120600 "-" "meta-externalagent/1.1 (+https://developers.facebook.com/docs/sharing/webmasters/crawler)" "57.141.0.9"
172.31.14.238 - - [11/Jul/2025:16:02:14 +0000] "GET /company/JPM-PD/transcripts/2016/2/ HTTP/1.1" 200 42873 "-" "python-requests/2.32.4" "185.156.46.179"
172.31.20.228 - - [11/Jul/2025:16:02:16 +0000] "GET /company/ZIM/dividends/ HTTP/1.1" 200 192321 "-" "meta-externalagent/1.1 (+https://developers.facebook.com/docs/sharing/webmasters/crawler)" "57.141.0.25"
172.31.14.238 - - [11/Jul/2025:16:02:18 +0000] "GET /company/OAS/income-statement/ HTTP/1.1" 200 47436 "-" "Mozilla/5.0 (Macintosh; Intel Mac OS X 10_15_7) AppleWebKit/537.36 (KHTML, like Gecko) Chrome/131.0.0.0 Safari/537.36; compatible; OAI-SearchBot/1.0; +https://openai.com/searchbot" "20.25.151.239"
172.31.35.30 - - [11/Jul/2025:16:02:18 +0000] "GET /company/CHR/sec-filings/ HTTP/1.1" 200 42637 "-" "Mozilla/5.0 AppleWebKit/537.36 (KHTML, like Gecko); compatible; ChatGPT-User/1.0; +https://openai.com/bot" "172.213.11.159"
172.31.35.30 - - [11/Jul/2025:16:02:18 +0000] "GET /accounts/signup/?next=/company/THOIX/senate-trading/ HTTP/1.1" 200 11542 "-" "Mozilla/5.0 (compatible; AhrefsBot/7.0; +http://ahrefs.com/robot/)" "54.36.148.226"
172.31.14.238 - - [11/Jul/2025:16:02:20 +0000] "GET /company/JPM-PD/transcripts/2015/4/ HTTP/1.1" 200 45473 "-" "python-requests/2.32.4" "185.156.46.179"
172.31.14.238 - - [11/Jul/2025:16:02:20 +0000] "GET / HTTP/1.1" 403 135 "-" "ELB-HealthChecker/2.0" "-"
172.31.20.228 - - [11/Jul/2025:16:02:21 +0000] "GET /company/VIACA/transcripts/2007/3/ HTTP/1.1" 200 44839 "-" "Mozilla/5.0 AppleWebKit/537.36 (KHTML, like Gecko; compatible; Amazonbot/0.1; +https://developer.amazon.com/support/amazonbot) Chrome/119.0.6045.214 Safari/537.36" "50.19.79.213"
172.31.20.228 - - [11/Jul/2025:16:02:22 +0000] "GET / HTTP/1.1" 200 48665 "-" "ELB-HealthChecker/2.0" "-"
172.31.35.30 - - [11/Jul/2025:16:02:22 +0000] "GET / HTTP/1.1" 200 48704 "-" "ELB-HealthChecker/2.0" "-"
172.31.20.228 - - [11/Jul/2025:16:02:23 +0000] "GET /company/CSV/transcripts/2020/2/ HTTP/1.1" 200 44257 "-" "Mozilla/5.0 (Linux; Android 6.0.1; Nexus 5X Build/MMB29P) AppleWebKit/537.36 (KHTML, like Gecko) Chrome/137.0.7151.103 Mobile Safari/537.36 (compatible; Googlebot/2.1; +http://www.google.com/bot.html)" "66.249.74.130"
172.31.14.238 - - [11/Jul/2025:16:02:24 +0000] "GET /company/BIOL/ratios/ HTTP/1.1" 200 58581 "-" "Mozilla/5.0 (Macintosh; Intel Mac OS X 10_15_7) AppleWebKit/537.36 (KHTML, like Gecko) Chrome/131.0.0.0 Safari/537.36; compatible; OAI-SearchBot/1.0; +https://openai.com/searchbot" "135.234.64.1"
172.31.14.238 - - [11/Jul/2025:16:02:25 +0000] "GET /company/JPM-PD/transcripts/2015/2/ HTTP/1.1" 200 50075 "-" "python-requests/2.32.4" "185.156.46.179"
172.31.20.228 - - [11/Jul/2025:16:02:27 +0000] "GET /company/AAON/transcripts/2023/2/ HTTP/1.1" 200 44117 "-" "Mozilla/5.0 (Linux; Android 6.0.1; Nexus 5X Build/MMB29P) AppleWebKit/537.36 (KHTML, like Gecko) Chrome/137.0.7151.103 Mobile Safari/537.36 (compatible; Googlebot/2.1; +http://www.google.com/bot.html)" "66.249.74.131"
172.31.14.238 - - [11/Jul/2025:16:02:28 +0000] "GET /company/JPM-PD/transcripts/2015/1/ HTTP/1.1" 200 33863 "-" "python-requests/2.32.4" "185.156.46.179"
172.31.35.30 - - [11/Jul/2025:16:02:29 +0000] "GET /accounts/login/?next=/company/EH/valuation/return-on-invested-capital-roic/ HTTP/1.1" 200 11080 "-" "Mozilla/5.0 AppleWebKit/537.36 (KHTML, like Gecko; compatible; Amazonbot/0.1; +https://developer.amazon.com/support/amazonbot) Chrome/119.0.6045.214 Safari/537.36" "52.0.63.151"
172.31.14.238 - - [11/Jul/2025:16:02:29 +0000] "GET /company/CDW/valuation/annual-margin-report/ HTTP/1.1" 200 64386 "-" "Mozilla/5.0 (Macintosh; Intel Mac OS X 10_15_7) AppleWebKit/537.36 (KHTML, like Gecko) Chrome/131.0.0.0 Safari/537.36; compatible; OAI-SearchBot/1.0; +https://openai.com/searchbot" "172.182.193.86"
172.31.35.30 - - [11/Jul/2025:16:02:31 +0000] "GET /accounts/signup/?next=/company/THOIX/estimates/ HTTP/1.1" 200 11548 "-" "Mozilla/5.0 (compatible; AhrefsBot/7.0; +http://ahrefs.com/robot/)" "54.36.148.98"
172.31.14.238 - - [11/Jul/2025:16:02:32 +0000] "GET /company/YHC/overview/ HTTP/1.1" 200 43499 "-" "Mozilla/5.0 AppleWebKit/537.36 (KHTML, like Gecko); compatible; ChatGPT-User/1.0; +https://openai.com/bot" "20.97.189.104"
172.31.14.238 - - [11/Jul/2025:16:02:34 +0000] "GET /company/JPM-PD/transcripts/2014/3/ HTTP/1.1" 200 60055 "-" "python-requests/2.32.4" "185.156.46.179"
172.31.20.228 - - [11/Jul/2025:16:02:34 +0000] "GET /accounts/signup/?next=/company/NVDA/transcripts/2009/1/ HTTP/1.1" 200 11546 "-" "Mozilla/5.0 (compatible; Barkrowler/0.9; +https://babbar.tech/crawler)" "217.113.194.213"
172.31.14.238 - - [11/Jul/2025:16:02:35 +0000] "GET / HTTP/1.1" 403 135 "-" "ELB-HealthChecker/2.0" "-"
172.31.20.228 - - [11/Jul/2025:16:02:37 +0000] "GET / HTTP/1.1" 200 48657 "-" "ELB-HealthChecker/2.0" "-"
172.31.35.30 - - [11/Jul/2025:16:02:37 +0000] "GET / HTTP/1.1" 200 48735 "-" "ELB-HealthChecker/2.0" "-"
172.31.14.238 - - [11/Jul/2025:16:02:37 +0000] "GET /company/JPM-PD/transcripts/2014/2/ HTTP/1.1" 200 65305 "-" "python-requests/2.32.4" "185.156.46.179"
172.31.35.30 - - [11/Jul/2025:16:02:38 +0000] "GET /accounts/signup/?next=/company/THOIX/earnings/ HTTP/1.1" 200 11578 "-" "Mozilla/5.0 (compatible; AhrefsBot/7.0; +http://ahrefs.com/robot/)" "54.36.149.13"
172.31.35.30 - - [11/Jul/2025:16:02:38 +0000] "GET /company/RAFFX/income-statement/ HTTP/1.1" 302 0 "-" "Mozilla/5.0 (compatible; SemrushBot/7~bl; +http://www.semrush.com/bot.html)" "185.191.171.13"
172.31.35.30 - - [11/Jul/2025:16:02:41 +0000] "GET /accounts/signup/?next=/company/THOIX/dividends/ HTTP/1.1" 200 11510 "-" "Mozilla/5.0 (compatible; AhrefsBot/7.0; +http://ahrefs.com/robot/)" "54.36.148.231"
172.31.14.238 - - [11/Jul/2025:16:02:42 +0000] "GET /company/VLXVX/overview HTTP/1.1" 200 31200 "https://discountingcashflows.com/company/VLXVX/overview" "Mozilla/5.0 (Windows NT 10.0; Win64; x64) AppleWebKit/537.36 (KHTML, like Gecko) Chrome/114.0.0.0 Safari/537.36 Edg/114.0.1823.43" "47.82.60.26"
172.31.14.238 - - [11/Jul/2025:16:02:43 +0000] "GET /company/CVLT/overview/ HTTP/1.1" 200 45585 "-" "Mozilla/5.0 (Macintosh; Intel Mac OS X 10_15_7) AppleWebKit/537.36 (KHTML, like Gecko) Chrome/131.0.0.0 Safari/537.36; compatible; OAI-SearchBot/1.0; +https://openai.com/searchbot" "172.182.195.50"
172.31.20.228 - - [11/Jul/2025:16:02:44 +0000] "GET /company/AAON/transcripts/2023/2/?org.htmx.cache-buster=transcriptsContent HTTP/1.1" 200 29139 "https://discountingcashflows.com/company/AAON/transcripts/2023/2/" "Mozilla/5.0 (Linux; Android 6.0.1; Nexus 5X Build/MMB29P) AppleWebKit/537.36 (KHTML, like Gecko) Chrome/137.0.7151.119 Mobile Safari/537.36 (compatible; Googlebot/2.1; +http://www.google.com/bot.html)" "66.249.74.130"
172.31.35.30 - - [11/Jul/2025:16:02:47 +0000] "GET /company/PLD/insider-trading/ HTTP/1.1" 200 44821 "-" "Mozilla/5.0 (compatible; AhrefsBot/7.0; +http://ahrefs.com/robot/)" "54.36.149.102"
172.31.14.238 - - [11/Jul/2025:16:02:48 +0000] "GET /company/TRV/valuation/discounted-future-market-cap/ HTTP/1.1" 200 74131 "-" "Mozilla/5.0 (Macintosh; Intel Mac OS X 10_15_7) AppleWebKit/537.36 (KHTML, like Gecko) Chrome/131.0.0.0 Safari/537.36; compatible; OAI-SearchBot/1.0; +https://openai.com/searchbot" "172.182.195.50"
172.31.14.238 - - [11/Jul/2025:16:02:49 +0000] "GET /company/JPM-PD/transcripts/2013/2/ HTTP/1.1" 200 59493 "-" "python-requests/2.32.4" "185.156.46.179"
172.31.20.228 - - [11/Jul/2025:16:02:49 +0000] "GET /accounts/signup/?next=/company/NVDA/transcripts/2014/4/ HTTP/1.1" 200 11588 "-" "Mozilla/5.0 (compatible; Barkrowler/0.9; +https://babbar.tech/crawler)" "217.113.194.218"
172.31.35.30 - - [11/Jul/2025:16:02:50 +0000] "GET /company/005930.KS/ratios/quarterly/ HTTP/1.1" 200 52744 "-" "Mozilla/5.0 AppleWebKit/537.36 (KHTML, like Gecko); compatible; ChatGPT-User/1.0; +https://openai.com/bot" "23.98.142.188"
172.31.14.238 - - [11/Jul/2025:16:02:50 +0000] "GET / HTTP/1.1" 403 135 "-" "ELB-HealthChecker/2.0" "-"
172.31.35.30 - - [11/Jul/2025:16:02:51 +0000] "POST /widgets/competitor-list/ HTTP/1.1" 200 1509 "https://discountingcashflows.com/company/INST/overview/?utm_source=chatgpt.com" "Mozilla/5.0 (Windows NT 10.0; Win64; x64) AppleWebKit/537.36 (KHTML, like Gecko) Chrome/138.0.0.0 Safari/537.36" "107.207.18.169"
172.31.20.228 - - [11/Jul/2025:16:02:52 +0000] "GET / HTTP/1.1" 200 48671 "-" "ELB-HealthChecker/2.0" "-"
172.31.35.30 - - [11/Jul/2025:16:02:52 +0000] "GET / HTTP/1.1" 200 48734 "-" "ELB-HealthChecker/2.0" "-"
172.31.35.30 - - [11/Jul/2025:16:02:53 +0000] "GET /company/TWTR/income-statement/None HTTP/1.1" 200 31261 "-" "Mozilla/5.0 (compatible; AhrefsBot/7.0; +http://ahrefs.com/robot/)" "54.36.148.175"
172.31.20.228 - - [11/Jul/2025:16:02:55 +0000] "GET /company/OZ/cash-flow-statement/None HTTP/1.1" 200 31257 "-" "Mozilla/5.0 (Linux; Android 6.0.1; Nexus 5X Build/MMB29P) AppleWebKit/537.36 (KHTML, like Gecko) Chrome/137.0.7151.103 Mobile Safari/537.36 (compatible; Googlebot/2.1; +http://www.google.com/bot.html)" "66.249.74.130"
172.31.14.238 - - [11/Jul/2025:16:02:55 +0000] "GET /company/NOC/executive-compensation/ HTTP/1.1" 200 47028 "-" "Mozilla/5.0 AppleWebKit/537.36 (KHTML, like Gecko); compatible; ChatGPT-User/1.0; +https://openai.com/bot" "20.97.189.104"
172.31.14.238 - - [11/Jul/2025:16:02:56 +0000] "GET /company/ZS/cash-flow-statement/ HTTP/1.1" 200 46815 "-" "Mozilla/5.0 (Macintosh; Intel Mac OS X 10_15_7) AppleWebKit/537.36 (KHTML, like Gecko) Chrome/131.0.0.0 Safari/537.36; compatible; OAI-SearchBot/1.0; +https://openai.com/searchbot" "172.182.195.58"
172.31.35.30 - - [11/Jul/2025:16:02:58 +0000] "GET /accounts/login/?next=/company/MBINO/chart/ HTTP/1.1" 200 11104 "-" "Mozilla/5.0 AppleWebKit/537.36 (KHTML, like Gecko; compatible; Amazonbot/0.1; +https://developer.amazon.com/support/amazonbot) Chrome/119.0.6045.214 Safari/537.36" "34.196.114.170"
172.31.14.238 - - [11/Jul/2025:16:02:58 +0000] "GET /company/JPM-PD/transcripts/2012/3/ HTTP/1.1" 200 45895 "-" "python-requests/2.32.4" "185.156.46.179"
172.31.14.238 - - [11/Jul/2025:16:02:59 +0000] "GET /company/EISMX/valuation/earnings-power-value/ HTTP/1.1" 302 0 "-" "Mozilla/5.0 (Macintosh; Intel Mac OS X 10_15_7) AppleWebKit/537.36 (KHTML, like Gecko) Chrome/131.0.0.0 Safari/537.36; compatible; OAI-SearchBot/1.0; +https://openai.com/searchbot" "172.182.195.58"
172.31.14.238 - - [11/Jul/2025:16:03:00 +0000] "GET /sitemap-executive-compensation.xml HTTP/1.1" 200 16860 "-" "Mozilla/5.0 (Macintosh; Intel Mac OS X 10_15_7) AppleWebKit/537.36 (KHTML, like Gecko) Chrome/131.0.0.0 Safari/537.36; compatible; OAI-SearchBot/1.0; +https://openai.com/searchbot" "172.182.193.86"
172.31.35.30 - - [11/Jul/2025:16:03:01 +0000] "GET /company/PXBAX/overview/ HTTP/1.1" 200 41976 "-" "Mozilla/5.0 (compatible; SemrushBot/7~bl; +http://www.semrush.com/bot.html)" "85.208.96.203"
172.31.14.238 - - [11/Jul/2025:16:03:04 +0000] "GET /company/RIBT/overview/ HTTP/1.1" 200 43726 "-" "Mozilla/5.0 (Macintosh; Intel Mac OS X 10_15_7) AppleWebKit/537.36 (KHTML, like Gecko) Chrome/131.0.0.0 Safari/537.36; compatible; OAI-SearchBot/1.0; +https://openai.com/searchbot" "172.182.195.58"
172.31.14.238 - - [11/Jul/2025:16:03:05 +0000] "GET /sitemap-valuations.xml?p=6 HTTP/1.1" 200 17384 "-" "Mozilla/5.0 (Macintosh; Intel Mac OS X 10_15_7) AppleWebKit/537.36 (KHTML, like Gecko) Chrome/131.0.0.0 Safari/537.36; compatible; OAI-SearchBot/1.0; +https://openai.com/searchbot" "135.234.64.1"
172.31.14.238 - - [11/Jul/2025:16:03:05 +0000] "GET / HTTP/1.1" 403 135 "-" "ELB-HealthChecker/2.0" "-"
172.31.20.228 - - [11/Jul/2025:16:03:07 +0000] "GET /company/ABVE/overview/ HTTP/1.1" 200 44299 "-" "Mozilla/5.0 AppleWebKit/537.36 (KHTML, like Gecko); compatible; ChatGPT-User/1.0; +https://openai.com/bot" "135.237.131.208"
172.31.35.30 - - [11/Jul/2025:16:03:07 +0000] "GET / HTTP/1.1" 200 48686 "-" "ELB-HealthChecker/2.0" "-"
172.31.20.228 - - [11/Jul/2025:16:03:07 +0000] "GET / HTTP/1.1" 200 48661 "-" "ELB-HealthChecker/2.0" "-"
172.31.20.228 - - [11/Jul/2025:16:03:08 +0000] "GET /accounts/signup/?next=/company/SCBZ/estimates/ HTTP/1.1" 200 11517 "-" "Mozilla/5.0 AppleWebKit/537.36 (KHTML, like Gecko; compatible; Amazonbot/0.1; +https://developer.amazon.com/support/amazonbot) Chrome/119.0.6045.214 Safari/537.36" "184.73.68.20"
172.31.20.228 - - [11/Jul/2025:16:03:09 +0000] "GET /company/BTAI/insider-trading/ HTTP/1.1" 200 44513 "-" "Mozilla/5.0 AppleWebKit/537.36 (KHTML, like Gecko); compatible; ChatGPT-User/1.0; +https://openai.com/bot" "40.84.221.235"
172.31.35.30 - - [11/Jul/2025:16:03:10 +0000] "GET /company/CRON/insider-trading/ HTTP/1.1" 200 44942 "-" "Mozilla/5.0 (compatible; AhrefsBot/7.0; +http://ahrefs.com/robot/)" "54.36.148.6"
172.31.35.30 - - [11/Jul/2025:16:03:13 +0000] "GET /search/%D0%B3%D1%80%D0%B0+%D0%B2+%D0%BA%D0%B0%D0%BB%D1%8C%D0%BC%D0%B0%D1%80%D0%B0+%D0%BA%D1%83%D0%BF%D0%B8%D1%82%D0%B8+ HTTP/1.1" 200 31313 "-" "Mozilla/5.0 AppleWebKit/537.36 (KHTML, like Gecko; compatible; bingbot/2.0; +http://www.bing.com/bingbot.htm) Chrome/116.0.1938.76 Safari/537.36" "40.77.167.45"
172.31.14.238 - - [11/Jul/2025:16:03:14 +0000] "GET /company/SDOT/transcripts/ HTTP/1.1" 200 41663 "-" "Mozilla/5.0 (Macintosh; Intel Mac OS X 10_15_7) AppleWebKit/537.36 (KHTML, like Gecko) Chrome/131.0.0.0 Safari/537.36; compatible; OAI-SearchBot/1.0; +https://openai.com/searchbot" "172.182.224.14"
172.31.20.228 - - [11/Jul/2025:16:03:15 +0000] "GET /robots.txt HTTP/1.1" 200 109 "-" "Mozilla/5.0" "44.202.94.234"
172.31.14.238 - - [11/Jul/2025:16:03:17 +0000] "GET /company/RYMBX/valuation/discounted-free-cash-flow-exit-multiple/ HTTP/1.1" 302 0 "-" "Mozilla/5.0 (Macintosh; Intel Mac OS X 10_15_7) AppleWebKit/537.36 (KHTML, like Gecko) Chrome/131.0.0.0 Safari/537.36; compatible; OAI-SearchBot/1.0; +https://openai.com/searchbot" "172.182.195.50"
