172.31.35.30 - - [12/Jul/2025:09:20:37 +0000] "GET /company/VACQU/valuation/weighted-average-cost-of-capital/ HTTP/1.1" 200 62315 "-" "Mozilla/5.0 AppleWebKit/537.36 (KHTML, like Gecko; compatible; ClaudeBot/1.0; +claudebot@anthropic.com)" "216.73.216.118"
172.31.20.228 - - [12/Jul/2025:09:20:37 +0000] "GET /company/ZY/valuation/return-on-invested-capital-roic/ HTTP/1.1" 200 394106 "-" "Mozilla/5.0 (compatible; DotBot/1.2; +https://opensiteexplorer.org/dotbot; help@moz.com)" "216.244.66.247"
172.31.35.30 - - [12/Jul/2025:09:20:38 +0000] "GET /company/TDW/transcripts/2015/3/ HTTP/1.1" 200 44307 "-" "Mozilla/5.0 (compatible; SemrushBot/7~bl; +http://www.semrush.com/bot.html)" "85.208.96.205"
172.31.35.30 - - [12/Jul/2025:09:20:39 +0000] "GET /company/IOBT/transcripts/2026/4/ HTTP/1.1" 200 84 "-" "axios/1.9.0" "3.122.25.168"
172.31.20.228 - - [12/Jul/2025:09:20:39 +0000] "GET /company/CVCO/transcripts/2009/3/ HTTP/1.1" 200 23777 "-" "Mozilla/5.0 (Windows NT 10.0; Win64; x64) AppleWebKit/537.36 (KHTML, like Gecko) Chrome/138.0.0.0 Safari/537.36" "197.79.60.80"
172.31.35.30 - - [12/Jul/2025:09:20:40 +0000] "GET /company/IOBT/transcripts/2026/2/ HTTP/1.1" 200 84 "-" "axios/1.9.0" "3.122.25.168"
172.31.35.30 - - [12/Jul/2025:09:20:41 +0000] "GET /company/IOBT/transcripts/2025/4/ HTTP/1.1" 200 84 "-" "axios/1.9.0" "3.122.25.168"
172.31.35.30 - - [12/Jul/2025:09:20:42 +0000] "GET /company/IOBT/transcripts/2025/2/ HTTP/1.1" 200 84 "-" "axios/1.9.0" "3.122.25.168"
172.31.14.238 - - [12/Jul/2025:09:20:43 +0000] "GET /health-check/ HTTP/1.1" 200 2 "-" "ELB-HealthChecker/2.0" "-"
172.31.20.228 - - [12/Jul/2025:09:20:43 +0000] "GET /health-check/ HTTP/1.1" 200 2 "-" "ELB-HealthChecker/2.0" "-"
172.31.35.30 - - [12/Jul/2025:09:20:43 +0000] "GET /health-check/ HTTP/1.1" 200 2 "-" "ELB-HealthChecker/2.0" "-"
172.31.35.30 - - [12/Jul/2025:09:20:43 +0000] "GET /company/IOBT/transcripts/2024/4/ HTTP/1.1" 200 84 "-" "axios/1.9.0" "3.122.25.168"
172.31.20.228 - - [12/Jul/2025:09:20:44 +0000] "GET /company/KRA,INTG,VNORP/valuation/default/6/ HTTP/1.1" 302 0 "-" "Mozilla/5.0 AppleWebKit/537.36 (KHTML, like Gecko; compatible; ClaudeBot/1.0; +claudebot@anthropic.com)" "216.73.216.118"
172.31.35.30 - - [12/Jul/2025:09:20:44 +0000] "GET /company/IOBT/transcripts/2024/2/ HTTP/1.1" 200 84 "-" "axios/1.9.0" "3.122.25.168"
172.31.35.30 - - [12/Jul/2025:09:20:46 +0000] "GET /accounts/signup/?next=/company/SFIX/valuation/two-stage-dividend-discount-model/ HTTP/1.1" 200 11542 "-" "Mozilla/5.0 (compatible; AhrefsBot/7.0; +http://ahrefs.com/robot/)" "54.36.148.201"
172.31.35.30 - - [12/Jul/2025:09:20:46 +0000] "GET /company/IOBT/transcripts/2024/1/ HTTP/1.1" 200 84 "-" "axios/1.9.0" "3.122.25.168"
172.31.20.228 - - [12/Jul/2025:09:20:47 +0000] "GET /company/CVCO/transcripts/2009/1/ HTTP/1.1" 200 23821 "-" "Mozilla/5.0 (Windows NT 10.0; Win64; x64) AppleWebKit/537.36 (KHTML, like Gecko) Chrome/138.0.0.0 Safari/537.36" "197.79.60.80"
172.31.20.228 - - [12/Jul/2025:09:20:48 +0000] "GET /company/NEXI/ HTTP/1.1" 302 0 "-" "Mozilla/5.0 AppleWebKit/537.36 (KHTML, like Gecko; compatible; ClaudeBot/1.0; +claudebot@anthropic.com)" "216.73.216.118"
172.31.20.228 - - [12/Jul/2025:09:20:48 +0000] "GET /accounts/signup/?next=/company/CNO/transcripts/2020/4/ HTTP/1.1" 200 11582 "-" "Mozilla/5.0 AppleWebKit/537.36 (KHTML, like Gecko; compatible; Amazonbot/0.1; +https://developer.amazon.com/support/amazonbot) Chrome/119.0.6045.214 Safari/537.36" "100.29.63.24"
172.31.35.30 - - [12/Jul/2025:09:20:51 +0000] "GET /company/ATLC/overview/ HTTP/1.1" 200 43816 "https://discountingcashflows.com/company/ATLC/overview/" "Mozilla/5.0 (Windows NT 10.0; Win64; x64) AppleWebKit/537.36 (KHTML, like Gecko) Chrome/114.0.0.0 Safari/537.36 Edg/114.0.1823.43" "47.82.60.4"
172.31.14.238 - - [12/Jul/2025:09:20:52 +0000] "GET /search/%D0%BF%D0%B5%D1%80%D0%BE%D0%BA%D1%81%D0%B8%D0%BE%D0%BC%D0%B0 HTTP/1.1" 200 31252 "-" "Mozilla/5.0 AppleWebKit/537.36 (KHTML, like Gecko; compatible; bingbot/2.0; +http://www.bing.com/bingbot.htm) Chrome/116.0.1938.76 Safari/537.36" "40.77.167.54"
172.31.20.228 - - [12/Jul/2025:09:20:53 +0000] "GET /company/HNFSB,CNTHP,SYKE/valuation/default/4/ HTTP/1.1" 302 0 "-" "Mozilla/5.0 AppleWebKit/537.36 (KHTML, like Gecko; compatible; ClaudeBot/1.0; +claudebot@anthropic.com)" "216.73.216.118"
172.31.35.30 - - [12/Jul/2025:09:20:53 +0000] "GET /accounts/login/?next=/company/SCHW-PJ/executive-compensation/ HTTP/1.1" 200 11077 "-" "Mozilla/5.0 (compatible; AhrefsBot/7.0; +http://ahrefs.com/robot/)" "54.36.149.45"
172.31.35.30 - - [12/Jul/2025:09:20:55 +0000] "GET /company/BLIV/valuation/discounted-future-market-cap/ HTTP/1.1" 200 74039 "-" "Mozilla/5.0 AppleWebKit/537.36 (KHTML, like Gecko); compatible; ChatGPT-User/1.0; +https://openai.com/bot" "52.156.77.157"
172.31.20.228 - - [12/Jul/2025:09:20:56 +0000] "GET /accounts/login/?next=/company/TFII/transcripts/2024/1/ HTTP/1.1" 200 11037 "-" "Mozilla/5.0 AppleWebKit/537.36 (KHTML, like Gecko; compatible; Amazonbot/0.1; +https://developer.amazon.com/support/amazonbot) Chrome/119.0.6045.214 Safari/537.36" "3.93.253.174"
172.31.14.238 - - [12/Jul/2025:09:20:58 +0000] "GET /health-check/ HTTP/1.1" 200 2 "-" "ELB-HealthChecker/2.0" "-"
172.31.20.228 - - [12/Jul/2025:09:20:58 +0000] "GET /health-check/ HTTP/1.1" 200 2 "-" "ELB-HealthChecker/2.0" "-"
172.31.35.30 - - [12/Jul/2025:09:20:58 +0000] "GET /health-check/ HTTP/1.1" 200 2 "-" "ELB-HealthChecker/2.0" "-"
172.31.20.228 - - [12/Jul/2025:09:20:58 +0000] "GET /company/9697.T/estimates HTTP/1.1" 200 31230 "https://discountingcashflows.com/company/9697.T/estimates" "Mozilla/5.0 (Windows NT 10.0; Win64; x64) AppleWebKit/537.36 (KHTML, like Gecko) Chrome/114.0.0.0 Safari/537.36 Edg/114.0.1823.43" "47.82.60.16"
172.31.20.228 - - [12/Jul/2025:09:20:59 +0000] "GET /company/HEXA-B.ST/valuation/capital-asset-pricing-model/ HTTP/1.1" 200 59719 "https://www.google.com/" "Mozilla/5.0 (Windows NT 10.0; Win64; x64) AppleWebKit/537.36 (KHTML, like Gecko) Chrome/138.0.0.0 Safari/537.36" "162.120.187.151"
172.31.20.228 - - [12/Jul/2025:09:21:00 +0000] "GET /accounts/signup/?next=/company/BLSA/ratios/ HTTP/1.1" 200 11566 "-" "Mozilla/5.0 AppleWebKit/537.36 (KHTML, like Gecko; compatible; bingbot/2.0; +http://www.bing.com/bingbot.htm) Chrome/116.0.1938.76 Safari/537.36" "52.167.144.158"
172.31.14.238 - - [12/Jul/2025:09:21:01 +0000] "GET /company/NUE/chart HTTP/1.1" 200 31188 "https://discountingcashflows.com/company/NUE/chart" "Mozilla/5.0 (Windows NT 10.0; Win64; x64) AppleWebKit/537.36 (KHTML, like Gecko) Chrome/114.0.0.0 Safari/537.36 Edg/114.0.1823.43" "47.82.60.61"
172.31.35.30 - - [12/Jul/2025:09:21:02 +0000] "GET /logout/?next=%2Fcompany%2FFLFVW%2Fearnings%2F HTTP/1.1" 200 31179 "-" "Mozilla/5.0 (compatible; SemrushBot/7~bl; +http://www.semrush.com/bot.html)" "185.191.171.12"
172.31.35.30 - - [12/Jul/2025:09:21:03 +0000] "GET /accounts/signup/?next=/company/APHKX/balance-sheet-statement/ HTTP/1.1" 200 11561 "-" "Mozilla/5.0 (compatible; AhrefsBot/7.0; +http://ahrefs.com/robot/)" "54.36.149.33"
172.31.20.228 - - [12/Jul/2025:09:21:03 +0000] "GET /company/SEE/ HTTP/1.1" 302 0 "-" "Mozilla/5.0 AppleWebKit/537.36 (KHTML, like Gecko; compatible; ClaudeBot/1.0; +claudebot@anthropic.com)" "216.73.216.118"
172.31.35.30 - - [12/Jul/2025:09:21:04 +0000] "GET /company/PENN/overview/ HTTP/1.1" 200 44038 "https://discountingcashflows.com/company/PENN/profile/" "Mozilla/5.0 (Windows NT 10.0; Win64; x64) AppleWebKit/537.36 (KHTML, like Gecko) Chrome/114.0.0.0 Safari/537.36 Edg/114.0.1823.43" "47.82.60.27"
172.31.35.30 - - [12/Jul/2025:09:21:05 +0000] "GET /company/OSTK/transcripts/2004/4/ HTTP/1.1" 200 44765 "-" "Mozilla/5.0 AppleWebKit/537.36 (KHTML, like Gecko; compatible; Amazonbot/0.1; +https://developer.amazon.com/support/amazonbot) Chrome/119.0.6045.214 Safari/537.36" "3.230.224.6"
172.31.20.228 - - [12/Jul/2025:09:21:08 +0000] "GET /company/MGRE/valuation/benjamin-grahams-number/ HTTP/1.1" 200 68018 "-" "Mozilla/5.0 (Linux; Android 6.0.1; Nexus 5X Build/MMB29P) AppleWebKit/537.36 (KHTML, like Gecko) Chrome/137.0.7151.103 Mobile Safari/537.36 (compatible; Googlebot/2.1; +http://www.google.com/bot.html)" "66.249.64.71"
172.31.20.228 - - [12/Jul/2025:09:21:09 +0000] "GET /company/TUG/senate-trading/ HTTP/1.1" 200 40126 "-" "Mozilla/5.0 AppleWebKit/537.36 (KHTML, like Gecko; compatible; ClaudeBot/1.0; +claudebot@anthropic.com)" "216.73.216.118"
172.31.35.30 - - [12/Jul/2025:09:21:10 +0000] "GET /accounts/signup/?next=/company/CTORX/institutional-holders/ HTTP/1.1" 200 11567 "-" "Mozilla/5.0 (compatible; AhrefsBot/7.0; +http://ahrefs.com/robot/)" "54.36.148.229"
172.31.35.30 - - [12/Jul/2025:09:21:10 +0000] "GET /company/ACGLP/balance-sheet-statement/quarterly/None HTTP/1.1" 200 31246 "-" "Mozilla/5.0 (compatible; SemrushBot/7~bl; +http://www.semrush.com/bot.html)" "185.191.171.2"
172.31.14.238 - - [12/Jul/2025:09:21:11 +0000] "GET /search/jnbuj HTTP/1.1" 200 31246 "-" "Mozilla/5.0 AppleWebKit/537.36 (KHTML, like Gecko; compatible; bingbot/2.0; +http://www.bing.com/bingbot.htm) Chrome/116.0.1938.76 Safari/537.36" "40.77.167.54"
172.31.20.228 - - [12/Jul/2025:09:21:12 +0000] "GET /accounts/signup/?next=/company/GRBK-PA/valuation/simple-dividend-discount-model/ HTTP/1.1" 200 11528 "-" "Mozilla/5.0 AppleWebKit/537.36 (KHTML, like Gecko; compatible; Amazonbot/0.1; +https://developer.amazon.com/support/amazonbot) Chrome/119.0.6045.214 Safari/537.36" "3.94.157.25"
172.31.20.228 - - [12/Jul/2025:09:21:13 +0000] "GET /company/NEE-PP/institutional-holders/ HTTP/1.1" 200 181601 "-" "Mozilla/5.0 (compatible; DotBot/1.2; +https://opensiteexplorer.org/dotbot; help@moz.com)" "216.244.66.247"
172.31.14.238 - - [12/Jul/2025:09:21:13 +0000] "GET /health-check/ HTTP/1.1" 200 2 "-" "ELB-HealthChecker/2.0" "-"
172.31.20.228 - - [12/Jul/2025:09:21:13 +0000] "GET /health-check/ HTTP/1.1" 200 2 "-" "ELB-HealthChecker/2.0" "-"
172.31.35.30 - - [12/Jul/2025:09:21:13 +0000] "GET /health-check/ HTTP/1.1" 200 2 "-" "ELB-HealthChecker/2.0" "-"
172.31.35.30 - - [12/Jul/2025:09:21:16 +0000] "GET /accounts/signup/?next=/company/IICIX/institutional-holders/ HTTP/1.1" 200 11550 "-" "Mozilla/5.0 (compatible; AhrefsBot/7.0; +http://ahrefs.com/robot/)" "54.36.148.78"
172.31.20.228 - - [12/Jul/2025:09:21:16 +0000] "GET /company/KAIIW/valuation/two-stage-excess-return-model/ HTTP/1.1" 200 62660 "-" "Mozilla/5.0 (Linux; Android 6.0.1; Nexus 5X Build/MMB29P) AppleWebKit/537.36 (KHTML, like Gecko) Chrome/137.0.7151.119 Mobile Safari/537.36 (compatible; Googlebot/2.1; +http://www.google.com/bot.html)" "66.249.64.70"
172.31.14.238 - - [12/Jul/2025:09:21:17 +0000] "GET /company/OSTK/transcripts/2012/3/ HTTP/1.1" 200 44780 "-" "Mozilla/5.0 AppleWebKit/537.36 (KHTML, like Gecko; compatible; Amazonbot/0.1; +https://developer.amazon.com/support/amazonbot) Chrome/119.0.6045.214 Safari/537.36" "44.212.106.171"
172.31.35.30 - - [12/Jul/2025:09:21:18 +0000] "GET /accounts/signup/?next=/company/IICIX/executive-compensation/ HTTP/1.1" 200 11551 "-" "Mozilla/5.0 (compatible; AhrefsBot/7.0; +http://ahrefs.com/robot/)" "54.36.149.79"
172.31.14.238 - - [12/Jul/2025:09:21:18 +0000] "GET /company/BESI/transcripts/2026/4/ HTTP/1.1" 200 9411 "-" "axios/1.9.0" "3.66.3.88"
172.31.20.228 - - [12/Jul/2025:09:21:20 +0000] "GET /accounts/login/?next=/company/SYBX/executive-compensation/ HTTP/1.1" 200 11035 "-" "Mozilla/5.0 AppleWebKit/537.36 (KHTML, like Gecko; compatible; Amazonbot/0.1; +https://developer.amazon.com/support/amazonbot) Chrome/119.0.6045.214 Safari/537.36" "3.94.199.128"
172.31.20.228 - - [12/Jul/2025:09:21:24 +0000] "GET /company/CRWV/valuation/benjamin-grahams-number/ HTTP/1.1" 200 61132 "-" "Mozilla/5.0 (Linux; Android 6.0.1; Nexus 5X Build/MMB29P) AppleWebKit/537.36 (KHTML, like Gecko) Chrome/137.0.7151.119 Mobile Safari/537.36 (compatible; Googlebot/2.1; +http://www.google.com/bot.html)" "66.249.64.70"
172.31.35.30 - - [12/Jul/2025:09:21:24 +0000] "GET /accounts/login/?next=/company/ESLT/ratios/quarterly/ HTTP/1.1" 200 11076 "-" "Mozilla/5.0 AppleWebKit/537.36 (KHTML, like Gecko; compatible; Amazonbot/0.1; +https://developer.amazon.com/support/amazonbot) Chrome/119.0.6045.214 Safari/537.36" "3.219.81.66"
172.31.14.238 - - [12/Jul/2025:09:21:28 +0000] "GET /health-check/ HTTP/1.1" 200 2 "-" "ELB-HealthChecker/2.0" "-"
172.31.20.228 - - [12/Jul/2025:09:21:28 +0000] "GET /health-check/ HTTP/1.1" 200 2 "-" "ELB-HealthChecker/2.0" "-"
172.31.35.30 - - [12/Jul/2025:09:21:28 +0000] "GET /health-check/ HTTP/1.1" 200 2 "-" "ELB-HealthChecker/2.0" "-"
172.31.35.30 - - [12/Jul/2025:09:21:28 +0000] "GET /accounts/signup/?next=/company/BB/valuation/discounted-future-market-cap/ HTTP/1.1" 200 11559 "-" "Mozilla/5.0 AppleWebKit/537.36 (KHTML, like Gecko; compatible; Amazonbot/0.1; +https://developer.amazon.com/support/amazonbot) Chrome/119.0.6045.214 Safari/537.36" "54.225.81.20"
172.31.35.30 - - [12/Jul/2025:09:21:29 +0000] "GET /accounts/login/?next=%2Fcompany%2FBTAI%2Fvaluation%2Faltman-z-score%2F HTTP/1.1" 200 11044 "-" "Mozilla/5.0 AppleWebKit/537.36 (KHTML, like Gecko; compatible; GPTBot/1.2; +https://openai.com/gptbot)" "20.171.207.173"
172.31.20.228 - - [12/Jul/2025:09:21:31 +0000] "GET /search/%E8%BF%9E%E7%8E%AF%E7%82%B8%E8%9B%8B%E5%9C%A8%E7%BA%BF%E8%A7%82%E7%9C%8B%E5%85%8D%E8%B4%B9%E5%AE%8C%E6%95%B4%E7%89%88 HTTP/1.1" 200 31282 "-" "Mozilla/5.0 AppleWebKit/537.36 (KHTML, like Gecko; compatible; bingbot/2.0; +http://www.bing.com/bingbot.htm) Chrome/116.0.1938.76 Safari/537.36" "52.167.144.171"
172.31.35.30 - - [12/Jul/2025:09:21:33 +0000] "GET /company/WISE.L/valuation/return-on-invested-capital-roic/ HTTP/1.1" 200 64279 "-" "Mozilla/5.0 (Linux; Android 6.0.1; Nexus 5X Build/MMB29P) AppleWebKit/537.36 (KHTML, like Gecko) Chrome/137.0.7151.119 Mobile Safari/537.36 (compatible; Googlebot/2.1; +http://www.google.com/bot.html)" "66.249.76.133"
172.31.20.228 - - [12/Jul/2025:09:21:33 +0000] "GET /company/VCADX/overview HTTP/1.1" 200 31262 "https://discountingcashflows.com/company/VCADX/overview" "Mozilla/5.0 (Windows NT 10.0; Win64; x64) AppleWebKit/537.36 (KHTML, like Gecko) Chrome/114.0.0.0 Safari/537.36 Edg/114.0.1823.43" "47.82.60.30"
172.31.20.228 - - [12/Jul/2025:09:21:35 +0000] "GET /company/CAFIX/valuation/return-on-invested-capital-roic/ HTTP/1.1" 302 0 "https://discountingcashflows.com/company/CAFIX/valuation/return-on-invested-capital-roic/" "Mozilla/5.0 (Windows NT 10.0; Win64; x64) AppleWebKit/537.36 (KHTML, like Gecko) Chrome/114.0.0.0 Safari/537.36 Edg/114.0.1823.43" "47.82.60.30"
172.31.35.30 - - [12/Jul/2025:09:21:35 +0000] "GET /accounts/signup/?next=/company/INTU/executive-compensation/ HTTP/1.1" 200 11592 "-" "Mozilla/5.0 (compatible; AhrefsBot/7.0; +http://ahrefs.com/robot/)" "54.36.148.32"
172.31.35.30 - - [12/Jul/2025:09:21:37 +0000] "GET /accounts/signup/?next=/company/IPAX/executive-compensation/ HTTP/1.1" 200 11506 "-" "Mozilla/5.0 (compatible; AhrefsBot/7.0; +http://ahrefs.com/robot/)" "54.36.149.52"
172.31.35.30 - - [12/Jul/2025:09:21:38 +0000] "GET /accounts/login/?next=%2Fcompany%2FGIIX%2Fvaluation%2Fbeneish-m-score%2F HTTP/1.1" 200 11066 "-" "Mozilla/5.0 AppleWebKit/537.36 (KHTML, like Gecko; compatible; GPTBot/1.2; +https://openai.com/gptbot)" "20.171.207.173"
172.31.20.228 - - [12/Jul/2025:09:21:39 +0000] "GET /company/TIGR/balance-sheet-statement/quarterly/ HTTP/1.1" 200 47341 "-" "Mozilla/5.0 AppleWebKit/537.36 (KHTML, like Gecko); compatible; ChatGPT-User/1.0; +https://openai.com/bot" "23.98.142.176"
172.31.35.30 - - [12/Jul/2025:09:21:40 +0000] "GET /company/RBA/transcripts/2014/3 HTTP/1.1" 200 31269 "https://discountingcashflows.com/company/RBA/transcripts/2014/3" "Mozilla/5.0 (Windows NT 10.0; Win64; x64) AppleWebKit/537.36 (KHTML, like Gecko) Chrome/114.0.0.0 Safari/537.36 Edg/114.0.1823.43" "47.82.60.77"
172.31.20.228 - - [12/Jul/2025:09:21:40 +0000] "GET /company/DIOD/transcripts/2023/4/ HTTP/1.1" 200 44538 "-" "Mozilla/5.0 AppleWebKit/537.36 (KHTML, like Gecko); compatible; ChatGPT-User/1.0; +https://openai.com/bot" "40.84.221.237"
172.31.20.228 - - [12/Jul/2025:09:21:40 +0000] "GET /company/SIUSX/overview/ HTTP/1.1" 200 42088 "https://discountingcashflows.com/company/SIUSX/cash-flow-statement/" "Mozilla/5.0 AppleWebKit/537.36 (KHTML, like Gecko; compatible; ClaudeBot/1.0; +claudebot@anthropic.com)" "216.73.216.118"
172.31.20.228 - - [12/Jul/2025:09:21:40 +0000] "GET /accounts/signup/?next=/search/jnbuj HTTP/1.1" 200 11488 "-" "Mozilla/5.0 AppleWebKit/537.36 (KHTML, like Gecko; compatible; bingbot/2.0; +http://www.bing.com/bingbot.htm) Chrome/116.0.1938.76 Safari/537.36" "52.167.144.171"
172.31.20.228 - - [12/Jul/2025:09:21:41 +0000] "GET /company/DIOD/transcripts/2023/1/ HTTP/1.1" 200 44467 "-" "Mozilla/5.0 AppleWebKit/537.36 (KHTML, like Gecko); compatible; ChatGPT-User/1.0; +https://openai.com/bot" "40.84.221.229"
172.31.14.238 - - [12/Jul/2025:09:21:43 +0000] "GET /health-check/ HTTP/1.1" 200 2 "-" "ELB-HealthChecker/2.0" "-"
172.31.20.228 - - [12/Jul/2025:09:21:43 +0000] "GET /health-check/ HTTP/1.1" 200 2 "-" "ELB-HealthChecker/2.0" "-"
172.31.14.238 - - [12/Jul/2025:09:21:43 +0000] "GET /company/CTU/dividends/ HTTP/1.1" 200 39623 "-" "Mozilla/5.0 AppleWebKit/537.36 (KHTML, like Gecko); compatible; ChatGPT-User/1.0; +https://openai.com/bot" "74.7.35.114"
172.31.35.30 - - [12/Jul/2025:09:21:43 +0000] "GET /health-check/ HTTP/1.1" 200 2 "-" "ELB-HealthChecker/2.0" "-"
172.31.35.30 - - [12/Jul/2025:09:21:44 +0000] "GET /company/NVT/transcripts/2024/3/ HTTP/1.1" 200 43109 "-" "Mozilla/5.0 (compatible; SemrushBot/7~bl; +http://www.semrush.com/bot.html)" "185.191.171.2"
172.31.20.228 - - [12/Jul/2025:09:21:45 +0000] "GET /company/DIOD/transcripts/2022/3/ HTTP/1.1" 200 44550 "-" "Mozilla/5.0 AppleWebKit/537.36 (KHTML, like Gecko); compatible; ChatGPT-User/1.0; +https://openai.com/bot" "40.84.221.237"
172.31.20.228 - - [12/Jul/2025:09:21:45 +0000] "GET /accounts/signup/?next=/search/%D0%BF%D0%B5%D1%80%D0%BE%D0%BA%D1%81%D0%B8%D0%BE%D0%BC%D0%B0 HTTP/1.1" 200 11595 "-" "Mozilla/5.0 AppleWebKit/537.36 (KHTML, like Gecko; compatible; bingbot/2.0; +http://www.bing.com/bingbot.htm) Chrome/116.0.1938.76 Safari/537.36" "40.77.167.54"
172.31.20.228 - - [12/Jul/2025:09:21:45 +0000] "GET /company/BSJO/overview/ HTTP/1.1" 200 42022 "https://discountingcashflows.com/company/BSJO/valuation/weighted-average-cost-of-capital/" "Mozilla/5.0 AppleWebKit/537.36 (KHTML, like Gecko; compatible; ClaudeBot/1.0; +claudebot@anthropic.com)" "216.73.216.118"
172.31.35.30 - - [12/Jul/2025:09:21:46 +0000] "GET /accounts/signup/?next=/company/JILL/executive-compensation/ HTTP/1.1" 200 11511 "-" "Mozilla/5.0 (compatible; AhrefsBot/7.0; +http://ahrefs.com/robot/)" "54.36.148.88"
172.31.14.238 - - [12/Jul/2025:09:21:48 +0000] "GET /accounts/login/?next=/company/EPAC/ratios/quarterly/ HTTP/1.1" 200 11043 "-" "Mozilla/5.0 AppleWebKit/537.36 (KHTML, like Gecko; compatible; Amazonbot/0.1; +https://developer.amazon.com/support/amazonbot) Chrome/119.0.6045.214 Safari/537.36" "44.223.115.10"
172.31.20.228 - - [12/Jul/2025:09:21:50 +0000] "GET /company/SSEMX/overview/ HTTP/1.1" 200 42041 "https://discountingcashflows.com/company/SSEMX/valuation/beneish-m-score/" "Mozilla/5.0 AppleWebKit/537.36 (KHTML, like Gecko; compatible; ClaudeBot/1.0; +claudebot@anthropic.com)" "216.73.216.118"
172.31.35.30 - - [12/Jul/2025:09:21:50 +0000] "GET /accounts/signup/?next=/company/JRBYX/institutional-holders/ HTTP/1.1" 200 11508 "-" "Mozilla/5.0 (compatible; AhrefsBot/7.0; +http://ahrefs.com/robot/)" "54.36.148.101"
172.31.20.228 - - [12/Jul/2025:09:21:51 +0000] "GET /company/DIOD/transcripts/2024/2/ HTTP/1.1" 200 44461 "-" "Mozilla/5.0 AppleWebKit/537.36 (KHTML, like Gecko); compatible; ChatGPT-User/1.0; +https://openai.com/bot" "40.84.221.237"
172.31.20.228 - - [12/Jul/2025:09:21:53 +0000] "GET /company/DIOD/transcripts/2024/1/ HTTP/1.1" 200 44480 "-" "Mozilla/5.0 AppleWebKit/537.36 (KHTML, like Gecko); compatible; ChatGPT-User/1.0; +https://openai.com/bot" "40.84.221.237"
172.31.35.30 - - [12/Jul/2025:09:21:55 +0000] "GET /accounts/login/?next=%2Fcompany%2FGDC%2Fvaluation%2Fbeneish-m-score%2F HTTP/1.1" 200 11043 "-" "Mozilla/5.0 AppleWebKit/537.36 (KHTML, like Gecko; compatible; GPTBot/1.2; +https://openai.com/gptbot)" "20.171.207.173"
172.31.20.228 - - [12/Jul/2025:09:21:56 +0000] "GET /company/DIOD/transcripts/2020/3/ HTTP/1.1" 200 44493 "-" "Mozilla/5.0 AppleWebKit/537.36 (KHTML, like Gecko); compatible; ChatGPT-User/1.0; +https://openai.com/bot" "40.84.221.237"
172.31.20.228 - - [12/Jul/2025:09:21:56 +0000] "GET /company/MS-PL/transcripts/2009/2/ HTTP/1.1" 200 44736 "-" "Mozilla/5.0 AppleWebKit/537.36 (KHTML, like Gecko); compatible; ChatGPT-User/1.0; +https://openai.com/bot" "23.98.142.182"
172.31.14.238 - - [12/Jul/2025:09:21:58 +0000] "GET /health-check/ HTTP/1.1" 200 2 "-" "ELB-HealthChecker/2.0" "-"
172.31.20.228 - - [12/Jul/2025:09:21:58 +0000] "GET /health-check/ HTTP/1.1" 200 2 "-" "ELB-HealthChecker/2.0" "-"
172.31.35.30 - - [12/Jul/2025:09:21:58 +0000] "GET /health-check/ HTTP/1.1" 200 2 "-" "ELB-HealthChecker/2.0" "-"
172.31.35.30 - - [12/Jul/2025:09:21:59 +0000] "GET /accounts/signup/?next=/company/JRBYX/cash-flow-statement/ HTTP/1.1" 200 11503 "-" "Mozilla/5.0 (compatible; AhrefsBot/7.0; +http://ahrefs.com/robot/)" "54.36.148.144"
172.31.20.228 - - [12/Jul/2025:09:22:00 +0000] "GET /company/LEVI/overview/ HTTP/1.1" 200 43684 "https://discountingcashflows.com/company/LEVI/" "Mozilla/5.0 AppleWebKit/537.36 (KHTML, like Gecko; compatible; ClaudeBot/1.0; +claudebot@anthropic.com)" "216.73.216.118"
172.31.14.238 - - [12/Jul/2025:09:22:00 +0000] "GET /accounts/login/?next=/company/BMO/valuation/discounted-free-cash-flow-perpetuity/ HTTP/1.1" 200 11064 "-" "Mozilla/5.0 AppleWebKit/537.36 (KHTML, like Gecko; compatible; Amazonbot/0.1; +https://developer.amazon.com/support/amazonbot) Chrome/119.0.6045.214 Safari/537.36" "35.171.141.42"
172.31.35.30 - - [12/Jul/2025:09:22:02 +0000] "GET /accounts/login/?next=/company/JTSIX/valuation/weighted-average-cost-of-capital/ HTTP/1.1" 200 11127 "-" "Mozilla/5.0 (compatible; AhrefsBot/7.0; +http://ahrefs.com/robot/)" "54.36.148.59"
172.31.14.238 - - [12/Jul/2025:09:22:04 +0000] "GET /accounts/signup/?next=/company/ST5.DE/valuation/ HTTP/1.1" 200 11572 "-" "Mozilla/5.0 AppleWebKit/537.36 (KHTML, like Gecko; compatible; Amazonbot/0.1; +https://developer.amazon.com/support/amazonbot) Chrome/119.0.6045.214 Safari/537.36" "34.239.85.139"
172.31.35.30 - - [12/Jul/2025:09:22:04 +0000] "GET /accounts/login/?next=%2Fcompany%2FEGAN%2Fvaluation%2Fbeneish-m-score%2F HTTP/1.1" 200 11106 "-" "Mozilla/5.0 AppleWebKit/537.36 (KHTML, like Gecko; compatible; GPTBot/1.2; +https://openai.com/gptbot)" "20.171.207.173"
172.31.35.30 - - [12/Jul/2025:09:22:08 +0000] "GET /accounts/signup/?next=/company/JTSIX/valuation/two-stage-excess-return-model/ HTTP/1.1" 200 11538 "-" "Mozilla/5.0 (compatible; AhrefsBot/7.0; +http://ahrefs.com/robot/)" "54.36.149.21"
172.31.20.228 - - [12/Jul/2025:09:22:08 +0000] "GET /accounts/signup/?next=/company/ONIT/valuation/discounted-future-market-cap/ HTTP/1.1" 200 11537 "-" "Mozilla/5.0 AppleWebKit/537.36 (KHTML, like Gecko; compatible; Amazonbot/0.1; +https://developer.amazon.com/support/amazonbot) Chrome/119.0.6045.214 Safari/537.36" "3.218.103.254"
172.31.35.30 - - [12/Jul/2025:09:22:10 +0000] "GET /accounts/login/?next=/company/JTSIX/valuation/two-stage-dividend-discount-model/ HTTP/1.1" 200 11045 "-" "Mozilla/5.0 (compatible; AhrefsBot/7.0; +http://ahrefs.com/robot/)" "54.36.148.210"
172.31.35.30 - - [12/Jul/2025:09:22:10 +0000] "GET /company/SCATX/valuation/benjamin-grahams-number/ HTTP/1.1" 302 0 "-" "Mozilla/5.0 (compatible; SemrushBot/7~bl; +http://www.semrush.com/bot.html)" "185.191.171.6"
172.31.35.30 - - [12/Jul/2025:09:22:11 +0000] "GET /api/news/?page=0&org.htmx.cache-buster=newsTableTbody HTTP/1.1" 200 2326 "https://discountingcashflows.com/" "Mozilla/5.0 (Windows NT 10.0; Win64; x64) AppleWebKit/537.36 (KHTML, like Gecko) Chrome/138.0.0.0 Safari/537.36" "82.79.237.11"
172.31.35.30 - - [12/Jul/2025:09:22:11 +0000] "POST /widgets/stock-list/ HTTP/1.1" 200 1823 "https://discountingcashflows.com/" "Mozilla/5.0 (Windows NT 10.0; Win64; x64) AppleWebKit/537.36 (KHTML, like Gecko) Chrome/138.0.0.0 Safari/537.36" "82.79.237.11"
172.31.35.30 - - [12/Jul/2025:09:22:12 +0000] "GET /accounts/signup/?next=/company/JTSIX/valuation/two-stage-dividend-discount-model/ HTTP/1.1" 200 11564 "-" "Mozilla/5.0 (compatible; AhrefsBot/7.0; +http://ahrefs.com/robot/)" "54.36.149.18"
172.31.14.238 - - [12/Jul/2025:09:22:13 +0000] "GET /health-check/ HTTP/1.1" 200 2 "-" "ELB-HealthChecker/2.0" "-"
172.31.20.228 - - [12/Jul/2025:09:22:13 +0000] "GET /health-check/ HTTP/1.1" 200 2 "-" "ELB-HealthChecker/2.0" "-"
172.31.35.30 - - [12/Jul/2025:09:22:13 +0000] "GET /health-check/ HTTP/1.1" 200 2 "-" "ELB-HealthChecker/2.0" "-"
172.31.35.30 - - [12/Jul/2025:09:22:14 +0000] "GET /accounts/login/?next=/company/JTSIX/valuation/simple-dividend-discount-model/ HTTP/1.1" 200 11062 "-" "Mozilla/5.0 (compatible; AhrefsBot/7.0; +http://ahrefs.com/robot/)" "54.36.148.42"
172.31.35.30 - - [12/Jul/2025:09:22:16 +0000] "GET /company/LASR/transcripts/2020/1/ HTTP/1.1" 200 42477 "-" "Mozilla/5.0 (compatible; SemrushBot/7~bl; +http://www.semrush.com/bot.html)" "185.191.171.6"
172.31.20.228 - - [12/Jul/2025:09:22:16 +0000] "GET /accounts/signup/?next=/company/CAMT/valuation/repository/nathan-winklepleck-cfa/nathans-discounted-free-cash-flow/ HTTP/1.1" 200 11553 "-" "Mozilla/5.0 AppleWebKit/537.36 (KHTML, like Gecko; compatible; Amazonbot/0.1; +https://developer.amazon.com/support/amazonbot) Chrome/119.0.6045.214 Safari/537.36" "18.232.36.1"
172.31.35.30 - - [12/Jul/2025:09:22:19 +0000] "GET /accounts/login/?next=/company/JTSIX/valuation/return-on-invested-capital-roic/ HTTP/1.1" 200 11077 "-" "Mozilla/5.0 (compatible; AhrefsBot/7.0; +http://ahrefs.com/robot/)" "54.36.149.97"
172.31.20.228 - - [12/Jul/2025:09:22:20 +0000] "GET /company/SRRA,RUSHA,SDOG/valuation/default/3/ HTTP/1.1" 302 0 "-" "Mozilla/5.0 AppleWebKit/537.36 (KHTML, like Gecko; compatible; ClaudeBot/1.0; +claudebot@anthropic.com)" "216.73.216.118"
172.31.35.30 - - [12/Jul/2025:09:22:21 +0000] "GET /03ffdeee9a0c46cfd01e0e7aa75342a8e1262bca54aae9d3786a5375b73a666c/app/documentationpage/ HTTP/1.1" 200 4995 "https://discountingcashflows.com/03ffdeee9a0c46cfd01e0e7aa75342a8e1262bca54aae9d3786a5375b73a666c/" "Mozilla/5.0 (Windows NT 10.0; Win64; x64) AppleWebKit/537.36 (KHTML, like Gecko) Chrome/138.0.0.0 Safari/537.36" "82.79.237.11"
172.31.20.228 - - [12/Jul/2025:09:22:22 +0000] "GET /accounts/signup/?next=/search/%E8%BF%9E%E7%8E%AF%E7%82%B8%E8%9B%8B%E5%9C%A8%E7%BA%BF%E8%A7%82%E7%9C%8B%E5%85%8D%E8%B4%B9%E5%AE%8C%E6%95%B4%E7%89%88 HTTP/1.1" 200 11691 "-" "Mozilla/5.0 AppleWebKit/537.36 (KHTML, like Gecko; compatible; bingbot/2.0; +http://www.bing.com/bingbot.htm) Chrome/116.0.1938.76 Safari/537.36" "40.77.167.54"
172.31.35.30 - - [12/Jul/2025:09:22:23 +0000] "GET /accounts/signup/?next=/company/JTSIX/valuation/return-on-invested-capital-roic/ HTTP/1.1" 200 11567 "-" "Mozilla/5.0 (compatible; AhrefsBot/7.0; +http://ahrefs.com/robot/)" "54.36.148.86"
172.31.35.30 - - [12/Jul/2025:09:22:24 +0000] "GET /03ffdeee9a0c46cfd01e0e7aa75342a8e1262bca54aae9d3786a5375b73a666c/jsi18n/ HTTP/1.1" 200 969 "https://discountingcashflows.com/03ffdeee9a0c46cfd01e0e7aa75342a8e1262bca54aae9d3786a5375b73a666c/app/documentationpage/4/change/" "Mozilla/5.0 (Windows NT 10.0; Win64; x64) AppleWebKit/537.36 (KHTML, like Gecko) Chrome/138.0.0.0 Safari/537.36" "82.79.237.11"
172.31.35.30 - - [12/Jul/2025:09:22:25 +0000] "GET /accounts/signup/?next=/company/JTSIX/valuation/repository/1/ HTTP/1.1" 200 11521 "-" "Mozilla/5.0 (compatible; AhrefsBot/7.0; +http://ahrefs.com/robot/)" "54.36.148.224"
172.31.20.228 - - [12/Jul/2025:09:22:26 +0000] "GET /company/BLK/valuation/ HTTP/1.1" 200 55537 "-" "Mozilla/5.0 AppleWebKit/537.36 (KHTML, like Gecko; compatible; ClaudeBot/1.0; +claudebot@anthropic.com)" "216.73.216.118"
172.31.35.30 - - [12/Jul/2025:09:22:28 +0000] "GET /company/NNAGU/balance-sheet-statement/ HTTP/1.1" 200 43938 "-" "Mozilla/5.0 (compatible; SemrushBot/7~bl; +http://www.semrush.com/bot.html)" "85.208.96.197"
172.31.14.238 - - [12/Jul/2025:09:22:28 +0000] "GET /health-check/ HTTP/1.1" 200 2 "-" "ELB-HealthChecker/2.0" "-"
172.31.20.228 - - [12/Jul/2025:09:22:28 +0000] "GET /health-check/ HTTP/1.1" 200 2 "-" "ELB-HealthChecker/2.0" "-"
172.31.35.30 - - [12/Jul/2025:09:22:28 +0000] "GET /health-check/ HTTP/1.1" 200 2 "-" "ELB-HealthChecker/2.0" "-"
172.31.35.30 - - [12/Jul/2025:09:22:28 +0000] "GET /company/CADE/valuation/simple-dividend-discount-model/ HTTP/1.1" 200 69576 "-" "Mozilla/5.0 AppleWebKit/537.36 (KHTML, like Gecko; compatible; bingbot/2.0; +http://www.bing.com/bingbot.htm) Chrome/116.0.1938.76 Safari/537.36" "52.167.144.158"
172.31.35.30 - - [12/Jul/2025:09:22:30 +0000] "GET /company/BHE/transcripts/2009/3/ HTTP/1.1" 200 44435 "-" "Mozilla/5.0 AppleWebKit/537.36 (KHTML, like Gecko; compatible; Amazonbot/0.1; +https://developer.amazon.com/support/amazonbot) Chrome/119.0.6045.214 Safari/537.36" "3.213.46.222"
172.31.20.228 - - [12/Jul/2025:09:22:31 +0000] "GET /company/sgly/valuation/capital-asset-pricing-model/ HTTP/1.1" 200 61074 "-" "Mozilla/5.0 AppleWebKit/537.36 (KHTML, like Gecko; compatible; ClaudeBot/1.0; +claudebot@anthropic.com)" "216.73.216.118"
172.31.35.30 - - [12/Jul/2025:09:22:31 +0000] "GET /accounts/login/?next=/company/JTSIX/valuation/capital-asset-pricing-model/ HTTP/1.1" 200 11121 "-" "Mozilla/5.0 (compatible; AhrefsBot/7.0; +http://ahrefs.com/robot/)" "54.36.148.222"
172.31.20.228 - - [12/Jul/2025:09:22:32 +0000] "GET /accounts/login/?next=/company/ECC-PD/valuation/return-on-invested-capital-roic/ HTTP/1.1" 200 11050 "-" "Mozilla/5.0 AppleWebKit/537.36 (KHTML, like Gecko; compatible; Amazonbot/0.1; +https://developer.amazon.com/support/amazonbot) Chrome/119.0.6045.214 Safari/537.36" "44.193.102.198"
172.31.35.30 - - [12/Jul/2025:09:22:33 +0000] "GET /accounts/signup/?next=/company/JTSIX/valuation/capital-asset-pricing-model/ HTTP/1.1" 200 11561 "-" "Mozilla/5.0 (compatible; AhrefsBot/7.0; +http://ahrefs.com/robot/)" "54.36.148.214"
172.31.20.228 - - [12/Jul/2025:09:22:36 +0000] "GET /company/sg/overview/ HTTP/1.1" 200 43432 "https://discountingcashflows.com/company/sg/" "Mozilla/5.0 AppleWebKit/537.36 (KHTML, like Gecko; compatible; ClaudeBot/1.0; +claudebot@anthropic.com)" "216.73.216.118"
172.31.20.228 - - [12/Jul/2025:09:22:36 +0000] "GET /accounts/signup/?next=/company/REE/senate-trading/ HTTP/1.1" 200 11559 "-" "Mozilla/5.0 AppleWebKit/537.36 (KHTML, like Gecko; compatible; Amazonbot/0.1; +https://developer.amazon.com/support/amazonbot) Chrome/119.0.6045.214 Safari/537.36" "50.19.221.48"
172.31.35.30 - - [12/Jul/2025:09:22:37 +0000] "GET /accounts/login/?next=%2Fcompany%2FCRDS%2Fvaluation%2Fbeneish-m-score%2F HTTP/1.1" 200 11111 "-" "Mozilla/5.0 AppleWebKit/537.36 (KHTML, like Gecko; compatible; GPTBot/1.2; +https://openai.com/gptbot)" "20.171.207.173"
172.31.14.238 - - [12/Jul/2025:09:22:37 +0000] "GET /company/APPN/valuation/repository/nathan-winklepleck-cfa/nathans-discounted-free-cash-flow HTTP/1.1" 200 31228 "https://discountingcashflows.com/company/APPN/valuation/repository/nathan-winklepleck-cfa/nathans-discounted-free-cash-flow" "Mozilla/5.0 (Windows NT 10.0; Win64; x64) AppleWebKit/537.36 (KHTML, like Gecko) Chrome/114.0.0.0 Safari/537.36 Edg/114.0.1823.43" "47.82.60.40"
172.31.35.30 - - [12/Jul/2025:09:22:39 +0000] "GET /accounts/login/?next=%2Fcompany%2FNXC%2Fvaluation%2Fpiotroski-f-score%2F HTTP/1.1" 200 11069 "-" "Mozilla/5.0 AppleWebKit/537.36 (KHTML, like Gecko; compatible; GPTBot/1.2; +https://openai.com/gptbot)" "20.171.207.173"
172.31.35.30 - - [12/Jul/2025:09:22:40 +0000] "GET /accounts/login/?next=/company/AFMD/valuation/return-on-invested-capital-roic/ HTTP/1.1" 200 11050 "-" "Mozilla/5.0 AppleWebKit/537.36 (KHTML, like Gecko; compatible; Amazonbot/0.1; +https://developer.amazon.com/support/amazonbot) Chrome/119.0.6045.214 Safari/537.36" "44.217.255.167"
172.31.35.30 - - [12/Jul/2025:09:22:42 +0000] "GET /03ffdeee9a0c46cfd01e0e7aa75342a8e1262bca54aae9d3786a5375b73a666c/app/documentationpage/ HTTP/1.1" 200 5057 "https://discountingcashflows.com/03ffdeee9a0c46cfd01e0e7aa75342a8e1262bca54aae9d3786a5375b73a666c/app/documentationpage/4/change/" "Mozilla/5.0 (Windows NT 10.0; Win64; x64) AppleWebKit/537.36 (KHTML, like Gecko) Chrome/138.0.0.0 Safari/537.36" "82.79.237.11"
172.31.14.238 - - [12/Jul/2025:09:22:43 +0000] "GET /health-check/ HTTP/1.1" 200 2 "-" "ELB-HealthChecker/2.0" "-"
172.31.35.30 - - [12/Jul/2025:09:22:43 +0000] "GET /favicon.ico HTTP/1.1" 200 38555 "https://discountingcashflows.com/03ffdeee9a0c46cfd01e0e7aa75342a8e1262bca54aae9d3786a5375b73a666c/app/documentationpage/" "Mozilla/5.0 (Windows NT 10.0; Win64; x64) AppleWebKit/537.36 (KHTML, like Gecko) Chrome/138.0.0.0 Safari/537.36" "82.79.237.11"
172.31.20.228 - - [12/Jul/2025:09:22:43 +0000] "GET /health-check/ HTTP/1.1" 200 2 "-" "ELB-HealthChecker/2.0" "-"
172.31.35.30 - - [12/Jul/2025:09:22:43 +0000] "GET /health-check/ HTTP/1.1" 200 2 "-" "ELB-HealthChecker/2.0" "-"
172.31.35.30 - - [12/Jul/2025:09:22:44 +0000] "GET /robots.txt HTTP/1.1" 200 109 "-" "Mozilla/5.0 (compatible; SemrushBot/7~bl; +http://www.semrush.com/bot.html)" "185.191.171.19"
172.31.35.30 - - [12/Jul/2025:09:22:45 +0000] "GET /company/ARBGU/ratios/quarterly/ HTTP/1.1" 200 50080 "-" "Mozilla/5.0 (compatible; SemrushBot/7~bl; +http://www.semrush.com/bot.html)" "85.208.96.197"
172.31.35.30 - - [12/Jul/2025:09:22:46 +0000] "GET /accounts/login/?next=/company/LHX/balance-sheet-statement/ HTTP/1.1" 200 11122 "-" "Mozilla/5.0 (compatible; AhrefsBot/7.0; +http://ahrefs.com/robot/)" "54.36.148.83"
172.31.35.30 - - [12/Jul/2025:09:22:47 +0000] "GET /company/PSTR/overview/ HTTP/1.1" 200 42044 "-" "Mozilla/5.0 AppleWebKit/537.36 (KHTML, like Gecko); compatible; ChatGPT-User/1.0; +https://openai.com/bot" "68.221.75.29"
172.31.20.228 - - [12/Jul/2025:09:22:47 +0000] "GET /company/CMCSA/insider-trading/ HTTP/1.1" 200 45376 "-" "Mozilla/5.0 AppleWebKit/537.36 (KHTML, like Gecko; compatible; ClaudeBot/1.0; +claudebot@anthropic.com)" "216.73.216.118"
172.31.35.30 - - [12/Jul/2025:09:22:48 +0000] "GET /accounts/signup/?next=/company/LHX/balance-sheet-statement/ HTTP/1.1" 200 11550 "-" "Mozilla/5.0 (compatible; AhrefsBot/7.0; +http://ahrefs.com/robot/)" "54.36.149.71"
172.31.20.228 - - [12/Jul/2025:09:22:49 +0000] "GET /company/CTPNV.AS/overview/ HTTP/1.1" 200 42077 "-" "Mozilla/5.0 AppleWebKit/537.36 (KHTML, like Gecko; compatible; PerplexityBot/1.0; +https://perplexity.ai/perplexitybot)" "18.97.9.96"
172.31.14.238 - - [12/Jul/2025:09:22:49 +0000] "GET /company/WPG/transcripts/2017/4/ HTTP/1.1" 200 43798 "-" "Mozilla/5.0 AppleWebKit/537.36 (KHTML, like Gecko; compatible; Amazonbot/0.1; +https://developer.amazon.com/support/amazonbot) Chrome/119.0.6045.214 Safari/537.36" "3.94.40.182"
172.31.35.30 - - [12/Jul/2025:09:22:51 +0000] "GET /accounts/signup/?next=/company/LOKM/balance-sheet-statement/ HTTP/1.1" 200 11513 "-" "Mozilla/5.0 (compatible; AhrefsBot/7.0; +http://ahrefs.com/robot/)" "54.36.148.78"
172.31.20.228 - - [12/Jul/2025:09:22:51 +0000] "GET /company/SRCL/insider-trading/ HTTP/1.1" 200 44731 "-" "Mozilla/5.0 AppleWebKit/537.36 (KHTML, like Gecko; compatible; ClaudeBot/1.0; +claudebot@anthropic.com)" "216.73.216.118"
172.31.35.30 - - [12/Jul/2025:09:22:52 +0000] "GET /accounts/login/?next=%2Fcompany%2FJNJ%2Fvaluation%2Fpiotroski-f-score%2F HTTP/1.1" 200 11058 "-" "Mozilla/5.0 AppleWebKit/537.36 (KHTML, like Gecko; compatible; GPTBot/1.2; +https://openai.com/gptbot)" "20.171.207.173"
172.31.14.238 - - [12/Jul/2025:09:22:52 +0000] "GET /accounts/login/?next=/company/NBBK/valuation/discounted-free-cash-flow-exit-multiple/ HTTP/1.1" 200 11050 "-" "Mozilla/5.0 AppleWebKit/537.36 (KHTML, like Gecko; compatible; Amazonbot/0.1; +https://developer.amazon.com/support/amazonbot) Chrome/119.0.6045.214 Safari/537.36" "52.200.142.199"
172.31.35.30 - - [12/Jul/2025:09:22:54 +0000] "GET /accounts/login/?next=/company/MASFX/institutional-holders/ HTTP/1.1" 200 11083 "-" "Mozilla/5.0 (compatible; AhrefsBot/7.0; +http://ahrefs.com/robot/)" "54.36.148.232"
172.31.35.30 - - [12/Jul/2025:09:22:55 +0000] "GET /company/SABRP/valuation/weighted-average-cost-of-capital/ HTTP/1.1" 200 62310 "-" "Mozilla/5.0 AppleWebKit/537.36 (KHTML, like Gecko); compatible; ChatGPT-User/1.0; +https://openai.com/bot" "23.98.186.189"
172.31.20.228 - - [12/Jul/2025:09:22:56 +0000] "GET /accounts/login/?next=/company/KTB/income-statement/ HTTP/1.1" 200 11055 "-" "Mozilla/5.0 AppleWebKit/537.36 (KHTML, like Gecko; compatible; Amazonbot/0.1; +https://developer.amazon.com/support/amazonbot) Chrome/119.0.6045.214 Safari/537.36" "50.16.248.61"
172.31.35.30 - - [12/Jul/2025:09:22:57 +0000] "GET /company/SBCF/transcripts/2021/2 HTTP/1.1" 200 31175 "https://discountingcashflows.com/company/SBCF/transcripts/2021/2" "Mozilla/5.0 (Windows NT 10.0; Win64; x64) AppleWebKit/537.36 (KHTML, like Gecko) Chrome/114.0.0.0 Safari/537.36 Edg/114.0.1823.43" "47.82.60.14"
172.31.14.238 - - [12/Jul/2025:09:22:58 +0000] "GET /health-check/ HTTP/1.1" 200 2 "-" "ELB-HealthChecker/2.0" "-"
172.31.20.228 - - [12/Jul/2025:09:22:58 +0000] "GET /health-check/ HTTP/1.1" 200 2 "-" "ELB-HealthChecker/2.0" "-"
172.31.35.30 - - [12/Jul/2025:09:22:58 +0000] "GET /health-check/ HTTP/1.1" 200 2 "-" "ELB-HealthChecker/2.0" "-"
172.31.35.30 - - [12/Jul/2025:09:22:58 +0000] "GET /accounts/signup/?next=/company/MASFX/executive-compensation/ HTTP/1.1" 200 11557 "-" "Mozilla/5.0 (compatible; AhrefsBot/7.0; +http://ahrefs.com/robot/)" "54.36.148.211"
172.31.35.30 - - [12/Jul/2025:09:23:00 +0000] "GET /accounts/signup/?next=/company/MASFX/balance-sheet-statement/ HTTP/1.1" 200 11524 "-" "Mozilla/5.0 (compatible; AhrefsBot/7.0; +http://ahrefs.com/robot/)" "54.36.149.9"
172.31.35.30 - - [12/Jul/2025:09:23:00 +0000] "GET /accounts/login/?next=%2Fcompany%2FHNRG%2Fvaluation%2Fbeneish-m-score%2F HTTP/1.1" 200 11073 "-" "Mozilla/5.0 AppleWebKit/537.36 (KHTML, like Gecko; compatible; GPTBot/1.2; +https://openai.com/gptbot)" "20.171.207.173"
172.31.14.238 - - [12/Jul/2025:09:23:00 +0000] "GET /accounts/signup/?next=/company/RYCEY/balance-sheet-statement/None HTTP/1.1" 200 11575 "-" "Mozilla/5.0 AppleWebKit/537.36 (KHTML, like Gecko; compatible; Amazonbot/0.1; +https://developer.amazon.com/support/amazonbot) Chrome/119.0.6045.214 Safari/537.36" "107.20.224.184"
172.31.35.30 - - [12/Jul/2025:09:23:02 +0000] "GET /accounts/login/?next=%2Fcompany%2FFCCY%2Fvaluation%2Fbeneish-m-score%2F HTTP/1.1" 200 11103 "-" "Mozilla/5.0 AppleWebKit/537.36 (KHTML, like Gecko; compatible; GPTBot/1.2; +https://openai.com/gptbot)" "20.171.207.173"
172.31.20.228 - - [12/Jul/2025:09:23:02 +0000] "GET /company/PRGIX/overview/ HTTP/1.1" 200 41995 "https://discountingcashflows.com/company/PRGIX/ratios/" "Mozilla/5.0 AppleWebKit/537.36 (KHTML, like Gecko; compatible; ClaudeBot/1.0; +claudebot@anthropic.com)" "216.73.216.118"
172.31.35.30 - - [12/Jul/2025:09:23:05 +0000] "GET /accounts/login/?next=%2Fcompany%2FNXC%2Fvaluation%2Fpiotroski-f-score%2F HTTP/1.1" 200 11037 "-" "Mozilla/5.0 AppleWebKit/537.36 (KHTML, like Gecko; compatible; GPTBot/1.2; +https://openai.com/gptbot)" "20.171.207.173"
172.31.20.228 - - [12/Jul/2025:09:23:05 +0000] "GET /company/UAL/valuation/benjamin-grahams-number/ HTTP/1.1" 200 68288 "-" "Mozilla/5.0 (Linux; Android 6.0.1; Nexus 5X Build/MMB29P) AppleWebKit/537.36 (KHTML, like Gecko) Chrome/137.0.7151.103 Mobile Safari/537.36 (compatible; Googlebot/2.1; +http://www.google.com/bot.html)" "66.249.76.132"
172.31.35.30 - - [12/Jul/2025:09:23:07 +0000] "GET /accounts/login/?next=%2Fcompany%2FTENKU%2Fvaluation%2Faltman-z-score%2F HTTP/1.1" 200 11099 "-" "Mozilla/5.0 AppleWebKit/537.36 (KHTML, like Gecko; compatible; GPTBot/1.2; +https://openai.com/gptbot)" "20.171.207.173"
172.31.35.30 - - [12/Jul/2025:09:23:08 +0000] "GET /accounts/signup/?next=/company/MAYHX/balance-sheet-statement/ HTTP/1.1" 200 11529 "-" "Mozilla/5.0 (compatible; AhrefsBot/7.0; +http://ahrefs.com/robot/)" "54.36.148.46"
172.31.35.30 - - [12/Jul/2025:09:23:08 +0000] "GET /accounts/login/?next=/company/SWET/revenue-analysis/ HTTP/1.1" 200 11036 "-" "Mozilla/5.0 AppleWebKit/537.36 (KHTML, like Gecko; compatible; Amazonbot/0.1; +https://developer.amazon.com/support/amazonbot) Chrome/119.0.6045.214 Safari/537.36" "107.20.224.184"
172.31.20.228 - - [12/Jul/2025:09:23:09 +0000] "GET /company/ASAN/cash-flow-statement/quarterly/ HTTP/1.1" 200 46086 "-" "Mozilla/5.0 (Linux; Android 6.0.1; Nexus 5X Build/MMB29P) AppleWebKit/537.36 (KHTML, like Gecko) Chrome/137.0.7151.103 Mobile Safari/537.36 (compatible; Googlebot/2.1; +http://www.google.com/bot.html)" "66.249.64.71"
172.31.35.30 - - [12/Jul/2025:09:23:10 +0000] "GET /accounts/login/?next=%2Fcompany%2FTREB%2Fvaluation%2Fbeneish-m-score%2F HTTP/1.1" 200 11101 "-" "Mozilla/5.0 AppleWebKit/537.36 (KHTML, like Gecko; compatible; GPTBot/1.2; +https://openai.com/gptbot)" "20.171.207.173"
172.31.20.228 - - [12/Jul/2025:09:23:11 +0000] "GET /company/ARKW,FAST,IGLB/valuation/default/1/ HTTP/1.1" 302 0 "-" "Mozilla/5.0 AppleWebKit/537.36 (KHTML, like Gecko; compatible; ClaudeBot/1.0; +claudebot@anthropic.com)" "216.73.216.118"
172.31.35.30 - - [12/Jul/2025:09:23:12 +0000] "GET /accounts/login/?next=%2Fcompany%2FFIGS%2Fvaluation%2Fbeneish-m-score%2F HTTP/1.1" 200 11133 "-" "Mozilla/5.0 AppleWebKit/537.36 (KHTML, like Gecko; compatible; GPTBot/1.2; +https://openai.com/gptbot)" "20.171.207.173"
172.31.20.228 - - [12/Jul/2025:09:23:12 +0000] "GET /company/STLA/transcripts/2023/4/ HTTP/1.1" 200 43630 "-" "Mozilla/5.0 (Linux; Android 6.0.1; Nexus 5X Build/MMB29P) AppleWebKit/537.36 (KHTML, like Gecko) Chrome/137.0.7151.103 Mobile Safari/537.36 (compatible; Googlebot/2.1; +http://www.google.com/bot.html)" "66.249.64.71"
172.31.35.30 - - [12/Jul/2025:09:23:12 +0000] "GET /accounts/signup/?next=/company/MDDCX/institutional-holders/ HTTP/1.1" 200 11558 "-" "Mozilla/5.0 (compatible; AhrefsBot/7.0; +http://ahrefs.com/robot/)" "54.36.148.195"
172.31.14.238 - - [12/Jul/2025:09:23:13 +0000] "GET /health-check/ HTTP/1.1" 200 2 "-" "ELB-HealthChecker/2.0" "-"
172.31.20.228 - - [12/Jul/2025:09:23:13 +0000] "GET /health-check/ HTTP/1.1" 200 2 "-" "ELB-HealthChecker/2.0" "-"
172.31.35.30 - - [12/Jul/2025:09:23:13 +0000] "GET /health-check/ HTTP/1.1" 200 2 "-" "ELB-HealthChecker/2.0" "-"
172.31.35.30 - - [12/Jul/2025:09:23:13 +0000] "GET /accounts/login/?next=%2Fcompany%2FGBIO%2Fvaluation%2Fbeneish-m-score%2F HTTP/1.1" 200 11126 "-" "Mozilla/5.0 AppleWebKit/537.36 (KHTML, like Gecko; compatible; GPTBot/1.2; +https://openai.com/gptbot)" "20.171.207.173"
172.31.35.30 - - [12/Jul/2025:09:23:14 +0000] "GET /accounts/signup/?next=/company/MDDCX/executive-compensation/ HTTP/1.1" 200 11540 "-" "Mozilla/5.0 (compatible; AhrefsBot/7.0; +http://ahrefs.com/robot/)" "54.36.149.95"
172.31.20.228 - - [12/Jul/2025:09:23:16 +0000] "GET /company/STLA/transcripts/2023/4/?org.htmx.cache-buster=transcriptsContent HTTP/1.1" 200 48386 "https://discountingcashflows.com/company/STLA/transcripts/2023/4/" "Mozilla/5.0 (Linux; Android 6.0.1; Nexus 5X Build/MMB29P) AppleWebKit/537.36 (KHTML, like Gecko) Chrome/137.0.7151.119 Mobile Safari/537.36 (compatible; Googlebot/2.1; +http://www.google.com/bot.html)" "66.249.64.70"
172.31.35.30 - - [12/Jul/2025:09:23:16 +0000] "GET /accounts/login/?next=%2Fcompany%2FSCLEU%2Fvaluation%2Faltman-z-score%2F HTTP/1.1" 200 11047 "-" "Mozilla/5.0 AppleWebKit/537.36 (KHTML, like Gecko; compatible; GPTBot/1.2; +https://openai.com/gptbot)" "20.171.207.173"
172.31.14.238 - - [12/Jul/2025:09:23:16 +0000] "GET /accounts/signup/?next=/company/DAC/income-statement/quarterly/ HTTP/1.1" 200 11549 "-" "Mozilla/5.0 AppleWebKit/537.36 (KHTML, like Gecko; compatible; Amazonbot/0.1; +https://developer.amazon.com/support/amazonbot) Chrome/119.0.6045.214 Safari/537.36" "34.205.163.103"
172.31.20.228 - - [12/Jul/2025:09:23:17 +0000] "GET /accounts/login/?next=/company/REZI/transcripts/2024/2/ HTTP/1.1" 200 46793 "-" "meta-externalagent/1.1 (+https://developers.facebook.com/docs/sharing/webmasters/crawler)" "57.141.0.9"
172.31.35.30 - - [12/Jul/2025:09:23:19 +0000] "GET /accounts/signup/?next=/company/MEDX/institutional-holders/ HTTP/1.1" 200 11545 "-" "Mozilla/5.0 (compatible; AhrefsBot/7.0; +http://ahrefs.com/robot/)" "54.36.148.120"
172.31.20.228 - - [12/Jul/2025:09:23:19 +0000] "GET /company/KMPB/valuation/simple-excess-return-model/ HTTP/1.1" 200 71100 "-" "Mozilla/5.0 (Linux; Android 6.0.1; Nexus 5X Build/MMB29P) AppleWebKit/537.36 (KHTML, like Gecko) Chrome/137.0.7151.119 Mobile Safari/537.36 (compatible; Googlebot/2.1; +http://www.google.com/bot.html)" "66.249.64.70"
172.31.35.30 - - [12/Jul/2025:09:23:20 +0000] "GET /accounts/login/?next=/company/MEDX/balance-sheet-statement/ HTTP/1.1" 200 11074 "-" "Mozilla/5.0 (compatible; AhrefsBot/7.0; +http://ahrefs.com/robot/)" "54.36.148.116"
172.31.35.30 - - [12/Jul/2025:09:23:20 +0000] "GET /accounts/login/?next=%2Fcompany%2FCLPT%2Fvaluation%2Fbeneish-m-score%2F HTTP/1.1" 200 11054 "-" "Mozilla/5.0 AppleWebKit/537.36 (KHTML, like Gecko; compatible; GPTBot/1.2; +https://openai.com/gptbot)" "20.171.207.173"
172.31.35.30 - - [12/Jul/2025:09:23:21 +0000] "GET /accounts/login/?next=%2Fcompany%2FCSLMW%2Fvaluation%2Faltman-z-score%2F HTTP/1.1" 200 11109 "-" "Mozilla/5.0 AppleWebKit/537.36 (KHTML, like Gecko; compatible; GPTBot/1.2; +https://openai.com/gptbot)" "20.171.207.173"
172.31.35.30 - - [12/Jul/2025:09:23:23 +0000] "GET /accounts/login/?next=%2Fcompany%2FHPE%2Fvaluation%2Fbeneish-m-score%2F HTTP/1.1" 200 11064 "-" "Mozilla/5.0 AppleWebKit/537.36 (KHTML, like Gecko; compatible; GPTBot/1.2; +https://openai.com/gptbot)" "20.171.207.173"
172.31.35.30 - - [12/Jul/2025:09:23:26 +0000] "GET /accounts/login/?next=%2Fcompany%2FXPON%2Fvaluation%2Fbeneish-m-score%2F HTTP/1.1" 200 11064 "-" "Mozilla/5.0 AppleWebKit/537.36 (KHTML, like Gecko; compatible; GPTBot/1.2; +https://openai.com/gptbot)" "20.171.207.173"
172.31.35.30 - - [12/Jul/2025:09:23:27 +0000] "GET / HTTP/1.1" 200 48671 "-" "Mozilla/5.0 (Macintosh; Intel Mac OS X 10_15_7) AppleWebKit/537.36 (KHTML, like Gecko) Chrome/133.0.0.0 Safari/537.36" "80.85.245.5"
172.31.35.30 - - [12/Jul/2025:09:23:28 +0000] "GET /accounts/login/?next=%2Fcompany%2FGBIO%2Fvaluation%2Fbeneish-m-score%2F HTTP/1.1" 200 11110 "-" "Mozilla/5.0 AppleWebKit/537.36 (KHTML, like Gecko; compatible; GPTBot/1.2; +https://openai.com/gptbot)" "20.171.207.173"
172.31.20.228 - - [12/Jul/2025:09:23:28 +0000] "GET /accounts/login/ HTTP/1.1" 200 11010 "-" "Mozilla/5.0 (Macintosh; Intel Mac OS X 10_15_7) AppleWebKit/537.36 (KHTML, like Gecko) Chrome/133.0.0.0 Safari/537.36" "80.85.245.5"
172.31.14.238 - - [12/Jul/2025:09:23:28 +0000] "GET /health-check/ HTTP/1.1" 200 2 "-" "ELB-HealthChecker/2.0" "-"
172.31.20.228 - - [12/Jul/2025:09:23:28 +0000] "GET /health-check/ HTTP/1.1" 200 2 "-" "ELB-HealthChecker/2.0" "-"
172.31.35.30 - - [12/Jul/2025:09:23:28 +0000] "GET /health-check/ HTTP/1.1" 200 2 "-" "ELB-HealthChecker/2.0" "-"
172.31.14.238 - - [12/Jul/2025:09:23:28 +0000] "GET /accounts/password/reset/ HTTP/1.1" 200 10357 "-" "Mozilla/5.0 (Macintosh; Intel Mac OS X 10_15_7) AppleWebKit/537.36 (KHTML, like Gecko) Chrome/133.0.0.0 Safari/537.36" "80.85.245.5"
172.31.35.30 - - [12/Jul/2025:09:23:29 +0000] "GET /accounts/login/?next=%2Fcompany%2FBBL%2Fvaluation%2Fpiotroski-f-score%2F HTTP/1.1" 200 11087 "-" "Mozilla/5.0 AppleWebKit/537.36 (KHTML, like Gecko; compatible; GPTBot/1.2; +https://openai.com/gptbot)" "20.171.207.173"
172.31.14.238 - - [12/Jul/2025:09:23:29 +0000] "POST /accounts/password/reset/ HTTP/1.1" 403 1032 "-" "Mozilla/5.0 (Macintosh; Intel Mac OS X 10_15_7) AppleWebKit/537.36 (KHTML, like Gecko) Chrome/133.0.0.0 Safari/537.36" "185.89.181.224"
172.31.20.228 - - [12/Jul/2025:09:23:30 +0000] "POST /accounts/password/reset/ HTTP/1.1" 403 1012 "-" "Mozilla/5.0 (Windows NT 10.0; Win64; x64) AppleWebKit/537.36 (KHTML, like Gecko) Chrome/120.0.0.0 Safari/537.36" "185.89.181.224"
172.31.35.30 - - [12/Jul/2025:09:23:30 +0000] "GET /accounts/signup/?next=/company/ABR/institutional-holders/ HTTP/1.1" 200 11569 "-" "Mozilla/5.0 (compatible; AhrefsBot/7.0; +http://ahrefs.com/robot/)" "54.36.148.157"
172.31.35.30 - - [12/Jul/2025:09:23:31 +0000] "GET /accounts/login/?next=/subscriptions/ HTTP/1.1" 200 11037 "-" "Mozilla/5.0 (Macintosh; Intel Mac OS X 10_15_7) AppleWebKit/537.36 (KHTML, like Gecko) Chrome/133.0.0.0 Safari/537.36" "80.85.245.5"
172.31.35.30 - - [12/Jul/2025:09:23:32 +0000] "GET /accounts/signup/?next=/company/ABR/insider-trading/ HTTP/1.1" 200 11503 "-" "Mozilla/5.0 (compatible; AhrefsBot/7.0; +http://ahrefs.com/robot/)" "54.36.148.106"
172.31.20.228 - - [12/Jul/2025:09:23:32 +0000] "GET /accounts/signup/?next=/company/OBSV/valuation/repository/nathan-winklepleck-cfa/nathans-discounted-free-cash-flow/ HTTP/1.1" 200 11583 "-" "Mozilla/5.0 AppleWebKit/537.36 (KHTML, like Gecko; compatible; Amazonbot/0.1; +https://developer.amazon.com/support/amazonbot) Chrome/119.0.6045.214 Safari/537.36" "44.221.227.90"
172.31.35.30 - - [12/Jul/2025:09:23:32 +0000] "POST /accounts/signup/?next=/subscriptions/ HTTP/1.1" 403 998 "-" "Mozilla/5.0 (Macintosh; Intel Mac OS X 10_15_7) AppleWebKit/537.36 (KHTML, like Gecko) Chrome/133.0.0.0 Safari/537.36" "185.89.181.224"
172.31.35.30 - - [12/Jul/2025:09:23:34 +0000] "GET /accounts/login/?next=%2Fcompany%2FCLPT%2Fvaluation%2Fbeneish-m-score%2F HTTP/1.1" 200 11102 "-" "Mozilla/5.0 AppleWebKit/537.36 (KHTML, like Gecko; compatible; GPTBot/1.2; +https://openai.com/gptbot)" "20.171.207.173"
