172.31.35.30 - - [12/Jul/2025:09:31:04 +0000] "GET /accounts/login/?next=%2Fcompany%2FAVHIW%2Fvaluation%2Faltman-z-score%2F HTTP/1.1" 200 11066 "-" "Mozilla/5.0 AppleWebKit/537.36 (KHTML, like Gecko; compatible; GPTBot/1.2; +https://openai.com/gptbot)" "20.171.207.173"
172.31.35.30 - - [12/Jul/2025:09:31:04 +0000] "GET /accounts/signup/?next=/company/SWDRX/valuation/discounted-future-market-cap/ HTTP/1.1" 200 11528 "-" "Mozilla/5.0 (compatible; AhrefsBot/7.0; +http://ahrefs.com/robot/)" "54.36.148.180"
172.31.14.238 - - [12/Jul/2025:09:31:05 +0000] "GET /company/NCI/valuation/discounted-free-cash-flow-perpetuity/ HTTP/1.1" 200 75178 "-" "Mozilla/5.0 (Linux; Android 6.0.1; Nexus 5X Build/MMB29P) AppleWebKit/537.36 (KHTML, like Gecko) Chrome/137.0.7151.103 Mobile Safari/537.36 (compatible; Googlebot/2.1; +http://www.google.com/bot.html)" "66.249.76.131"
172.31.35.30 - - [12/Jul/2025:09:31:05 +0000] "GET /accounts/login/?next=%2Fcompany%2FESS%2Fvaluation%2Fpiotroski-f-score%2F HTTP/1.1" 200 11050 "-" "Mozilla/5.0 AppleWebKit/537.36 (KHTML, like Gecko; compatible; GPTBot/1.2; +https://openai.com/gptbot)" "20.171.207.173"
172.31.35.30 - - [12/Jul/2025:09:31:07 +0000] "GET /accounts/login/?next=%2Fcompany%2FLINX%2Fvaluation%2Faltman-z-score%2F HTTP/1.1" 200 11078 "-" "Mozilla/5.0 AppleWebKit/537.36 (KHTML, like Gecko; compatible; GPTBot/1.2; +https://openai.com/gptbot)" "20.171.207.173"
172.31.35.30 - - [12/Jul/2025:09:31:07 +0000] "GET /accounts/login/?next=/company/SWDRX/valuation/discounted-free-cash-flow-perpetuity/ HTTP/1.1" 200 11078 "-" "Mozilla/5.0 (compatible; AhrefsBot/7.0; +http://ahrefs.com/robot/)" "54.36.148.236"
172.31.14.238 - - [12/Jul/2025:09:31:07 +0000] "GET /company/SAM/valuation/ HTTP/1.1" 200 23829 "-" "Mozilla/5.0 AppleWebKit/537.36 (KHTML, like Gecko; compatible; ClaudeBot/1.0; +claudebot@anthropic.com)" "216.73.216.118"
172.31.35.30 - - [12/Jul/2025:09:31:08 +0000] "GET /company/5401.T/dividends HTTP/1.1" 200 31224 "https://discountingcashflows.com/company/5401.T/dividends" "Mozilla/5.0 (Windows NT 10.0; Win64; x64) AppleWebKit/537.36 (KHTML, like Gecko) Chrome/114.0.0.0 Safari/537.36 Edg/114.0.1823.43" "47.82.60.59"
172.31.35.30 - - [12/Jul/2025:09:31:08 +0000] "GET /company/STON/valuation/repository/nathan-winklepleck-cfa/nathans-discounted-free-cash-flow/ HTTP/1.1" 200 59170 "-" "Mozilla/5.0 (compatible; SemrushBot/7~bl; +http://www.semrush.com/bot.html)" "185.191.171.1"
172.31.35.30 - - [12/Jul/2025:09:31:08 +0000] "GET /accounts/login/?next=%2Fcompany%2FEZT%2Fvaluation%2Fpiotroski-f-score%2F HTTP/1.1" 200 11094 "-" "Mozilla/5.0 AppleWebKit/537.36 (KHTML, like Gecko; compatible; GPTBot/1.2; +https://openai.com/gptbot)" "20.171.207.173"
172.31.35.30 - - [12/Jul/2025:09:31:09 +0000] "GET /accounts/signup/?next=/company/SWDRX/valuation/capital-asset-pricing-model/ HTTP/1.1" 200 11563 "-" "Mozilla/5.0 (compatible; AhrefsBot/7.0; +http://ahrefs.com/robot/)" "54.36.148.238"
172.31.20.228 - - [12/Jul/2025:09:31:09 +0000] "GET /accounts/login/?next=/company/BEP-PA/valuation/two-stage-dividend-discount-model/ HTTP/1.1" 200 11105 "-" "Mozilla/5.0 AppleWebKit/537.36 (KHTML, like Gecko; compatible; Amazonbot/0.1; +https://developer.amazon.com/support/amazonbot) Chrome/119.0.6045.214 Safari/537.36" "107.20.181.148"
172.31.35.30 - - [12/Jul/2025:09:31:09 +0000] "GET /accounts/login/?next=%2Fcompany%2FLECO%2Fvaluation%2Fbeneish-m-score%2F HTTP/1.1" 200 11087 "-" "Mozilla/5.0 AppleWebKit/537.36 (KHTML, like Gecko; compatible; GPTBot/1.2; +https://openai.com/gptbot)" "20.171.207.173"
172.31.35.30 - - [12/Jul/2025:09:31:10 +0000] "GET /accounts/login/?next=%2Fcompany%2FDHBCW%2Fvaluation%2Faltman-z-score%2F HTTP/1.1" 200 11043 "-" "Mozilla/5.0 AppleWebKit/537.36 (KHTML, like Gecko; compatible; GPTBot/1.2; +https://openai.com/gptbot)" "20.171.207.173"
172.31.14.238 - - [12/Jul/2025:09:31:11 +0000] "GET /company/EMO/chart/ HTTP/1.1" 200 39800 "-" "Mozilla/5.0 (Linux; Android 6.0.1; Nexus 5X Build/MMB29P) AppleWebKit/537.36 (KHTML, like Gecko) Chrome/137.0.7151.119 Mobile Safari/537.36 (compatible; Googlebot/2.1; +http://www.google.com/bot.html)" "66.249.64.73"
172.31.35.30 - - [12/Jul/2025:09:31:11 +0000] "GET /accounts/signup/?next=/company/VCIF/valuation/simple-excess-return-model/ HTTP/1.1" 200 11600 "-" "Mozilla/5.0 (compatible; AhrefsBot/7.0; +http://ahrefs.com/robot/)" "54.36.149.75"
172.31.14.238 - - [12/Jul/2025:09:31:11 +0000] "GET /company/LADVX/valuation/discounted-free-cash-flow-perpetuity/ HTTP/1.1" 302 0 "-" "Mozilla/5.0 (Linux; Android 6.0.1; Nexus 5X Build/MMB29P) AppleWebKit/537.36 (KHTML, like Gecko) Chrome/137.0.7151.119 Mobile Safari/537.36 (compatible; Googlebot/2.1; +http://www.google.com/bot.html)" "66.249.76.129"
172.31.35.30 - - [12/Jul/2025:09:31:12 +0000] "GET /accounts/login/?next=%2Fcompany%2FRSLS%2Fvaluation%2Fbeneish-m-score%2F HTTP/1.1" 200 11056 "-" "Mozilla/5.0 AppleWebKit/537.36 (KHTML, like Gecko; compatible; GPTBot/1.2; +https://openai.com/gptbot)" "20.171.207.173"
172.31.14.238 - - [12/Jul/2025:09:31:12 +0000] "GET /company/SEZL/valuation/beneish-m-score/ HTTP/1.1" 200 23798 "-" "Mozilla/5.0 AppleWebKit/537.36 (KHTML, like Gecko; compatible; ClaudeBot/1.0; +claudebot@anthropic.com)" "216.73.216.118"
172.31.35.30 - - [12/Jul/2025:09:31:12 +0000] "GET /accounts/login/?next=/company/ALFEN.AS/ratios/quarterly/ HTTP/1.1" 200 11049 "-" "Mozilla/5.0 AppleWebKit/537.36 (KHTML, like Gecko; compatible; Amazonbot/0.1; +https://developer.amazon.com/support/amazonbot) Chrome/119.0.6045.214 Safari/537.36" "18.209.137.234"
172.31.35.30 - - [12/Jul/2025:09:31:13 +0000] "GET /accounts/login/?next=%2Fcompany%2FVIVO%2Fvaluation%2Fbeneish-m-score%2F HTTP/1.1" 200 11064 "-" "Mozilla/5.0 AppleWebKit/537.36 (KHTML, like Gecko; compatible; GPTBot/1.2; +https://openai.com/gptbot)" "20.171.207.173"
172.31.14.238 - - [12/Jul/2025:09:31:13 +0000] "GET /search/%E5%BD%B1%E8%AF%84%E4%BA%BA%EF%BC%9A%E6%81%B6%E9%AD%94%E7%89%87%E5%9C%BA%E5%8E%86%E9%99%A9%E8%AE%B0%E7%A3%81%E5%8A%9B%E9%93%BE%E6%8E%A5 HTTP/1.1" 200 31290 "-" "Mozilla/5.0 AppleWebKit/537.36 (KHTML, like Gecko; compatible; bingbot/2.0; +http://www.bing.com/bingbot.htm) Chrome/116.0.1938.76 Safari/537.36" "52.167.144.172"
172.31.14.238 - - [12/Jul/2025:09:31:13 +0000] "GET /health-check/ HTTP/1.1" 200 2 "-" "ELB-HealthChecker/2.0" "-"
172.31.20.228 - - [12/Jul/2025:09:31:13 +0000] "GET /health-check/ HTTP/1.1" 200 2 "-" "ELB-HealthChecker/2.0" "-"
172.31.35.30 - - [12/Jul/2025:09:31:13 +0000] "GET /health-check/ HTTP/1.1" 200 2 "-" "ELB-HealthChecker/2.0" "-"
172.31.35.30 - - [12/Jul/2025:09:31:14 +0000] "GET /accounts/login/?next=/company/VCIF/valuation/return-on-invested-capital-roic/ HTTP/1.1" 200 11120 "-" "Mozilla/5.0 (compatible; AhrefsBot/7.0; +http://ahrefs.com/robot/)" "54.36.148.228"
172.31.35.30 - - [12/Jul/2025:09:31:14 +0000] "GET /company/OMEX/valuation/repository/nathan-winklepleck-cfa/nathans-discounted-free-cash-flow HTTP/1.1" 200 31281 "https://discountingcashflows.com/company/OMEX/valuation/repository/nathan-winklepleck-cfa/nathans-discounted-free-cash-flow" "Mozilla/5.0 (Windows NT 10.0; Win64; x64) AppleWebKit/537.36 (KHTML, like Gecko) Chrome/114.0.0.0 Safari/537.36 Edg/114.0.1823.43" "47.82.60.41"
172.31.35.30 - - [12/Jul/2025:09:31:15 +0000] "GET /accounts/login/?next=%2Fcompany%2FCSIQ%2Fvaluation%2Faltman-z-score%2F HTTP/1.1" 200 11112 "-" "Mozilla/5.0 AppleWebKit/537.36 (KHTML, like Gecko; compatible; GPTBot/1.2; +https://openai.com/gptbot)" "20.171.207.173"
172.31.20.228 - - [12/Jul/2025:09:31:15 +0000] "GET /company/NRXP/transcripts/2022/3 HTTP/1.1" 200 31207 "https://discountingcashflows.com/company/NRXP/transcripts/2022/3" "Mozilla/5.0 (Windows NT 10.0; Win64; x64) AppleWebKit/537.36 (KHTML, like Gecko) Chrome/114.0.0.0 Safari/537.36 Edg/114.0.1823.43" "47.82.60.9"
172.31.35.30 - - [12/Jul/2025:09:31:15 +0000] "GET /accounts/signup/?next=/company/VCIF/valuation/return-on-invested-capital-roic/ HTTP/1.1" 200 11594 "-" "Mozilla/5.0 (compatible; AhrefsBot/7.0; +http://ahrefs.com/robot/)" "54.36.148.130"
172.31.20.228 - - [12/Jul/2025:09:31:16 +0000] "GET /company/BBAS3.SA/valuation/ HTTP/1.1" 200 54328 "-" "Mozilla/5.0 AppleWebKit/537.36 (KHTML, like Gecko); compatible; ChatGPT-User/1.0; +https://openai.com/bot" "52.156.77.154"
172.31.35.30 - - [12/Jul/2025:09:31:16 +0000] "GET /accounts/login/?next=%2Fcompany%2FALUR%2Fvaluation%2Faltman-z-score%2F HTTP/1.1" 200 11063 "-" "Mozilla/5.0 AppleWebKit/537.36 (KHTML, like Gecko; compatible; GPTBot/1.2; +https://openai.com/gptbot)" "20.171.207.173"
172.31.14.238 - - [12/Jul/2025:09:31:16 +0000] "GET /company/FTXNX/revenue-analysis/ HTTP/1.1" 302 0 "-" "Mozilla/5.0 (Linux; Android 6.0.1; Nexus 5X Build/MMB29P) AppleWebKit/537.36 (KHTML, like Gecko) Chrome/137.0.7151.119 Mobile Safari/537.36 (compatible; Googlebot/2.1; +http://www.google.com/bot.html)" "66.249.64.72"
172.31.20.228 - - [12/Jul/2025:09:31:16 +0000] "GET /company/BBAS3.SA/valuation/simple-dividend-discount-model/ HTTP/1.1" 200 68518 "-" "Mozilla/5.0 AppleWebKit/537.36 (KHTML, like Gecko); compatible; ChatGPT-User/1.0; +https://openai.com/bot" "52.156.77.154"
172.31.14.238 - - [12/Jul/2025:09:31:16 +0000] "GET /api/dividends/?ticker=CL&period=reported&key= HTTP/1.1" 403 0 "-" "Mozilla/5.0 (Linux; Android 6.0.1; Nexus 5X Build/MMB29P) AppleWebKit/537.36 (KHTML, like Gecko) Chrome/137.0.7151.103 Mobile Safari/537.36 (compatible; Googlebot/2.1; +http://www.google.com/bot.html)" "66.249.64.72"
172.31.20.228 - - [12/Jul/2025:09:31:17 +0000] "GET /accounts/signup/?next=/company/VTR/valuation/repository/nathan-winklepleck-cfa/nathans-discounted-free-cash-flow/ HTTP/1.1" 200 11574 "-" "Mozilla/5.0 AppleWebKit/537.36 (KHTML, like Gecko; compatible; Amazonbot/0.1; +https://developer.amazon.com/support/amazonbot) Chrome/119.0.6045.214 Safari/537.36" "3.221.50.71"
172.31.14.238 - - [12/Jul/2025:09:31:17 +0000] "GET /company/FTXNX/overview/ HTTP/1.1" 200 42059 "-" "Mozilla/5.0 (Linux; Android 6.0.1; Nexus 5X Build/MMB29P) AppleWebKit/537.36 (KHTML, like Gecko) Chrome/137.0.7151.119 Mobile Safari/537.36 (compatible; Googlebot/2.1; +http://www.google.com/bot.html)" "66.249.64.72"
172.31.14.238 - - [12/Jul/2025:09:31:17 +0000] "GET /company/VHNAU/senate-trading/ HTTP/1.1" 200 23822 "-" "Mozilla/5.0 AppleWebKit/537.36 (KHTML, like Gecko; compatible; ClaudeBot/1.0; +claudebot@anthropic.com)" "216.73.216.118"
172.31.35.30 - - [12/Jul/2025:09:31:17 +0000] "GET /accounts/login/?next=%2Fcompany%2FCCO%2Fvaluation%2Fpiotroski-f-score%2F HTTP/1.1" 200 11112 "-" "Mozilla/5.0 AppleWebKit/537.36 (KHTML, like Gecko; compatible; GPTBot/1.2; +https://openai.com/gptbot)" "20.171.207.173"
172.31.14.238 - - [12/Jul/2025:09:31:17 +0000] "GET /company/AOTG/overview HTTP/1.1" 200 31188 "https://discountingcashflows.com/company/AOTG/overview" "Mozilla/5.0 (Windows NT 10.0; Win64; x64) AppleWebKit/537.36 (KHTML, like Gecko) Chrome/114.0.0.0 Safari/537.36 Edg/114.0.1823.43" "47.82.60.33"
172.31.35.30 - - [12/Jul/2025:09:31:18 +0000] "GET /accounts/login/?next=/company/VCIF/valuation/discounted-future-market-cap/ HTTP/1.1" 200 11118 "-" "Mozilla/5.0 (compatible; AhrefsBot/7.0; +http://ahrefs.com/robot/)" "54.36.149.8"
172.31.14.238 - - [12/Jul/2025:09:31:18 +0000] "GET /company/FNHC/overview HTTP/1.1" 200 31177 "https://discountingcashflows.com/company/FNHC/overview" "Mozilla/5.0 (Windows NT 10.0; Win64; x64) AppleWebKit/537.36 (KHTML, like Gecko) Chrome/114.0.0.0 Safari/537.36 Edg/114.0.1823.43" "47.82.60.14"
172.31.35.30 - - [12/Jul/2025:09:31:19 +0000] "GET /accounts/signup/?next=/company/VCIF/valuation/discounted-future-market-cap/ HTTP/1.1" 200 11605 "-" "Mozilla/5.0 (compatible; AhrefsBot/7.0; +http://ahrefs.com/robot/)" "54.36.148.46"
172.31.35.30 - - [12/Jul/2025:09:31:19 +0000] "GET /accounts/login/?next=%2Fcompany%2FCBAN%2Fvaluation%2Faltman-z-score%2F HTTP/1.1" 200 11037 "-" "Mozilla/5.0 AppleWebKit/537.36 (KHTML, like Gecko; compatible; GPTBot/1.2; +https://openai.com/gptbot)" "20.171.207.173"
172.31.14.238 - - [12/Jul/2025:09:31:20 +0000] "GET /company/FTXNX/institutional-holders/ HTTP/1.1" 200 40224 "-" "Mozilla/5.0 (Linux; Android 6.0.1; Nexus 5X Build/MMB29P) AppleWebKit/537.36 (KHTML, like Gecko) Chrome/137.0.7151.119 Mobile Safari/537.36 (compatible; Googlebot/2.1; +http://www.google.com/bot.html)" "66.249.64.72"
172.31.35.30 - - [12/Jul/2025:09:31:20 +0000] "GET /accounts/login/?next=/company/VGAVX/valuation/two-stage-excess-return-model/ HTTP/1.1" 200 11088 "-" "Mozilla/5.0 (compatible; AhrefsBot/7.0; +http://ahrefs.com/robot/)" "54.36.148.23"
172.31.20.228 - - [12/Jul/2025:09:31:20 +0000] "GET /company/LII/chart HTTP/1.1" 200 31270 "https://discountingcashflows.com/company/LII/chart" "Mozilla/5.0 (Windows NT 10.0; Win64; x64) AppleWebKit/537.36 (KHTML, like Gecko) Chrome/114.0.0.0 Safari/537.36 Edg/114.0.1823.43" "47.82.60.4"
172.31.35.30 - - [12/Jul/2025:09:31:21 +0000] "GET /accounts/login/?next=%2Fcompany%2FOPAD%2Fvaluation%2Faltman-z-score%2F HTTP/1.1" 200 11131 "-" "Mozilla/5.0 AppleWebKit/537.36 (KHTML, like Gecko; compatible; GPTBot/1.2; +https://openai.com/gptbot)" "20.171.207.173"
172.31.35.30 - - [12/Jul/2025:09:31:21 +0000] "GET /accounts/signup/?next=/company/OSW/balance-sheet-statement/quarterly/ HTTP/1.1" 200 11609 "-" "Mozilla/5.0 AppleWebKit/537.36 (KHTML, like Gecko; compatible; Amazonbot/0.1; +https://developer.amazon.com/support/amazonbot) Chrome/119.0.6045.214 Safari/537.36" "54.210.152.179"
172.31.14.238 - - [12/Jul/2025:09:31:21 +0000] "GET /accounts/login/?next=/company/AVT/transcripts/2007/4/ HTTP/1.1" 200 46792 "-" "meta-externalagent/1.1 (+https://developers.facebook.com/docs/sharing/webmasters/crawler)" "57.141.0.28"
172.31.14.238 - - [12/Jul/2025:09:31:22 +0000] "GET /company/GAIL.NS/valuation/weighted-average-cost-of-capital/ HTTP/1.1" 200 60976 "https://discountingcashflows.com/company/GAIL.NS/valuation/weighted-average-cost-of-capital/" "Mozilla/5.0 (Windows NT 10.0; Win64; x64) AppleWebKit/537.36 (KHTML, like Gecko) Chrome/114.0.0.0 Safari/537.36 Edg/114.0.1823.43" "47.82.60.61"
172.31.35.30 - - [12/Jul/2025:09:31:22 +0000] "GET /accounts/login/?next=%2Fcompany%2FMCG%2Fvaluation%2Fbeneish-m-score%2F HTTP/1.1" 200 11093 "-" "Mozilla/5.0 AppleWebKit/537.36 (KHTML, like Gecko; compatible; GPTBot/1.2; +https://openai.com/gptbot)" "20.171.207.173"
172.31.35.30 - - [12/Jul/2025:09:31:22 +0000] "GET /accounts/signup/?next=/company/VGAVX/valuation/two-stage-excess-return-model/ HTTP/1.1" 200 11541 "-" "Mozilla/5.0 (compatible; AhrefsBot/7.0; +http://ahrefs.com/robot/)" "54.36.148.192"
172.31.35.30 - - [12/Jul/2025:09:31:23 +0000] "GET /accounts/login/?next=%2Fcompany%2FVOXR%2Fvaluation%2Fbeneish-m-score%2F HTTP/1.1" 200 11057 "-" "Mozilla/5.0 AppleWebKit/537.36 (KHTML, like Gecko; compatible; GPTBot/1.2; +https://openai.com/gptbot)" "20.171.207.173"
172.31.14.238 - - [12/Jul/2025:09:31:24 +0000] "GET /search/star HTTP/1.1" 200 31260 "-" "Mozilla/5.0 AppleWebKit/537.36 (KHTML, like Gecko; compatible; bingbot/2.0; +http://www.bing.com/bingbot.htm) Chrome/116.0.1938.76 Safari/537.36" "52.167.144.172"
172.31.14.238 - - [12/Jul/2025:09:31:24 +0000] "GET /company/FTXNX/cash-flow-statement/ HTTP/1.1" 302 0 "-" "Mozilla/5.0 (Linux; Android 6.0.1; Nexus 5X Build/MMB29P) AppleWebKit/537.36 (KHTML, like Gecko) Chrome/137.0.7151.119 Mobile Safari/537.36 (compatible; Googlebot/2.1; +http://www.google.com/bot.html)" "66.249.76.129"
172.31.35.30 - - [12/Jul/2025:09:31:24 +0000] "GET /accounts/login/?next=%2Fcompany%2FEZT%2Fvaluation%2Fpiotroski-f-score%2F HTTP/1.1" 200 11055 "-" "Mozilla/5.0 AppleWebKit/537.36 (KHTML, like Gecko; compatible; GPTBot/1.2; +https://openai.com/gptbot)" "20.171.207.173"
172.31.35.30 - - [12/Jul/2025:09:31:24 +0000] "GET /accounts/login/?next=/company/VGAVX/valuation/two-stage-dividend-discount-model/ HTTP/1.1" 200 11085 "-" "Mozilla/5.0 (compatible; AhrefsBot/7.0; +http://ahrefs.com/robot/)" "54.36.148.248"
172.31.35.30 - - [12/Jul/2025:09:31:25 +0000] "GET /accounts/signup/?next=/company/INST/transcripts/2019/2/ HTTP/1.1" 200 11525 "-" "Mozilla/5.0 AppleWebKit/537.36 (KHTML, like Gecko; compatible; Amazonbot/0.1; +https://developer.amazon.com/support/amazonbot) Chrome/119.0.6045.214 Safari/537.36" "34.231.45.47"
172.31.35.30 - - [12/Jul/2025:09:31:25 +0000] "GET /accounts/login/?next=%2Fcompany%2FBMRC%2Fvaluation%2Faltman-z-score%2F HTTP/1.1" 200 11093 "-" "Mozilla/5.0 AppleWebKit/537.36 (KHTML, like Gecko; compatible; GPTBot/1.2; +https://openai.com/gptbot)" "20.171.207.173"
172.31.14.238 - - [12/Jul/2025:09:31:25 +0000] "GET /company/PYPT/overview HTTP/1.1" 200 31207 "https://discountingcashflows.com/company/PYPT/overview" "Mozilla/5.0 (Windows NT 10.0; Win64; x64) AppleWebKit/537.36 (KHTML, like Gecko) Chrome/114.0.0.0 Safari/537.36 Edg/114.0.1823.43" "47.82.60.41"
172.31.35.30 - - [12/Jul/2025:09:31:25 +0000] "GET /accounts/signup/?next=/company/VGAVX/valuation/two-stage-dividend-discount-model/ HTTP/1.1" 200 11525 "-" "Mozilla/5.0 (compatible; AhrefsBot/7.0; +http://ahrefs.com/robot/)" "54.36.148.234"
172.31.14.238 - - [12/Jul/2025:09:31:27 +0000] "GET /company/FPI/transcripts/ HTTP/1.1" 200 43594 "https://discountingcashflows.com/company/FPI/transcripts/" "Mozilla/5.0 (Windows NT 10.0; Win64; x64) AppleWebKit/537.36 (KHTML, like Gecko) Chrome/114.0.0.0 Safari/537.36 Edg/114.0.1823.43" "47.82.60.61"
172.31.35.30 - - [12/Jul/2025:09:31:27 +0000] "GET /accounts/login/?next=%2Fcompany%2FHGEN%2Fvaluation%2Fbeneish-m-score%2F HTTP/1.1" 200 11057 "-" "Mozilla/5.0 AppleWebKit/537.36 (KHTML, like Gecko; compatible; GPTBot/1.2; +https://openai.com/gptbot)" "20.171.207.173"
172.31.35.30 - - [12/Jul/2025:09:31:28 +0000] "GET /accounts/login/?next=/company/VGAVX/valuation/simple-excess-return-model/ HTTP/1.1" 200 11098 "-" "Mozilla/5.0 (compatible; AhrefsBot/7.0; +http://ahrefs.com/robot/)" "54.36.148.182"
172.31.35.30 - - [12/Jul/2025:09:31:28 +0000] "GET /accounts/login/?next=/company/CDZI/institutional-holders/ HTTP/1.1" 200 11058 "-" "Mozilla/5.0 AppleWebKit/537.36 (KHTML, like Gecko; compatible; Amazonbot/0.1; +https://developer.amazon.com/support/amazonbot) Chrome/119.0.6045.214 Safari/537.36" "44.212.232.231"
172.31.14.238 - - [12/Jul/2025:09:31:28 +0000] "GET /health-check/ HTTP/1.1" 200 2 "-" "ELB-HealthChecker/2.0" "-"
172.31.20.228 - - [12/Jul/2025:09:31:28 +0000] "GET /health-check/ HTTP/1.1" 200 2 "-" "ELB-HealthChecker/2.0" "-"
172.31.14.238 - - [12/Jul/2025:09:31:28 +0000] "GET /company/CANTABIL.NS/ratios/ HTTP/1.1" 200 53851 "-" "Mozilla/5.0 AppleWebKit/537.36 (KHTML, like Gecko); compatible; ChatGPT-User/1.0; +https://openai.com/bot" "52.159.249.109"
172.31.35.30 - - [12/Jul/2025:09:31:28 +0000] "GET /health-check/ HTTP/1.1" 200 2 "-" "ELB-HealthChecker/2.0" "-"
172.31.35.30 - - [12/Jul/2025:09:31:29 +0000] "GET /accounts/login/?next=%2Fcompany%2FCODI%2Fvaluation%2Faltman-z-score%2F HTTP/1.1" 200 11114 "-" "Mozilla/5.0 AppleWebKit/537.36 (KHTML, like Gecko; compatible; GPTBot/1.2; +https://openai.com/gptbot)" "20.171.207.173"
172.31.35.30 - - [12/Jul/2025:09:31:29 +0000] "GET /accounts/signup/?next=/company/VGAVX/valuation/simple-excess-return-model/ HTTP/1.1" 200 11575 "-" "Mozilla/5.0 (compatible; AhrefsBot/7.0; +http://ahrefs.com/robot/)" "54.36.148.249"
172.31.35.30 - - [12/Jul/2025:09:31:30 +0000] "GET /accounts/login/?next=%2Fcompany%2FINV%2Fvaluation%2Fbeneish-m-score%2F HTTP/1.1" 200 11041 "-" "Mozilla/5.0 AppleWebKit/537.36 (KHTML, like Gecko; compatible; GPTBot/1.2; +https://openai.com/gptbot)" "20.171.207.173"
172.31.14.238 - - [12/Jul/2025:09:31:30 +0000] "GET /company/ASAN/valuation/capital-asset-pricing-model/ HTTP/1.1" 200 61034 "-" "Mozilla/5.0 (Linux; Android 6.0.1; Nexus 5X Build/MMB29P) AppleWebKit/537.36 (KHTML, like Gecko) Chrome/137.0.7151.103 Mobile Safari/537.36 (compatible; Googlebot/2.1; +http://www.google.com/bot.html)" "66.249.76.129"
172.31.14.238 - - [12/Jul/2025:09:31:30 +0000] "GET /company/EMBK/chart/ HTTP/1.1" 200 40855 "https://discountingcashflows.com/company/EMBK/chart/" "Mozilla/5.0 (Windows NT 10.0; Win64; x64) AppleWebKit/537.36 (KHTML, like Gecko) Chrome/114.0.0.0 Safari/537.36 Edg/114.0.1823.43" "47.82.60.24"
172.31.14.238 - - [12/Jul/2025:09:31:31 +0000] "GET /company/LAES/ratios/ HTTP/1.1" 200 50359 "-" "Mozilla/5.0 AppleWebKit/537.36 (KHTML, like Gecko); compatible; ChatGPT-User/1.0; +https://openai.com/bot" "23.98.186.193"
172.31.35.30 - - [12/Jul/2025:09:31:31 +0000] "GET /accounts/login/?next=%2Fcompany%2FSYRS%2Fvaluation%2Fbeneish-m-score%2F HTTP/1.1" 200 11120 "-" "Mozilla/5.0 AppleWebKit/537.36 (KHTML, like Gecko; compatible; GPTBot/1.2; +https://openai.com/gptbot)" "20.171.207.173"
172.31.35.30 - - [12/Jul/2025:09:31:31 +0000] "GET /accounts/login/?next=/company/VGAVX/valuation/discounted-future-market-cap/ HTTP/1.1" 200 11122 "-" "Mozilla/5.0 (compatible; AhrefsBot/7.0; +http://ahrefs.com/robot/)" "54.36.148.70"
172.31.14.238 - - [12/Jul/2025:09:31:32 +0000] "GET /accounts/signup/?next=/search/%E5%BD%B1%E8%AF%84%E4%BA%BA%EF%BC%9A%E6%81%B6%E9%AD%94%E7%89%87%E5%9C%BA%E5%8E%86%E9%99%A9%E8%AE%B0%E7%A3%81%E5%8A%9B%E9%93%BE%E6%8E%A5 HTTP/1.1" 200 11696 "-" "Mozilla/5.0 AppleWebKit/537.36 (KHTML, like Gecko; compatible; bingbot/2.0; +http://www.bing.com/bingbot.htm) Chrome/116.0.1938.76 Safari/537.36" "40.77.167.75"
172.31.14.238 - - [12/Jul/2025:09:31:32 +0000] "GET /company/FTXNX/income-statement/ HTTP/1.1" 302 0 "-" "Mozilla/5.0 (Linux; Android 6.0.1; Nexus 5X Build/MMB29P) AppleWebKit/537.36 (KHTML, like Gecko) Chrome/137.0.7151.119 Mobile Safari/537.36 (compatible; Googlebot/2.1; +http://www.google.com/bot.html)" "66.249.76.129"
172.31.14.238 - - [12/Jul/2025:09:31:32 +0000] "GET /accounts/signup/?next=/search/star HTTP/1.1" 200 11558 "-" "Mozilla/5.0 AppleWebKit/537.36 (KHTML, like Gecko; compatible; bingbot/2.0; +http://www.bing.com/bingbot.htm) Chrome/116.0.1938.76 Safari/537.36" "40.77.167.75"
172.31.35.30 - - [12/Jul/2025:09:31:32 +0000] "GET /accounts/signup/?next=/company/VGAVX/valuation/discounted-future-market-cap/ HTTP/1.1" 200 11546 "-" "Mozilla/5.0 (compatible; AhrefsBot/7.0; +http://ahrefs.com/robot/)" "54.36.148.173"
172.31.35.30 - - [12/Jul/2025:09:31:32 +0000] "GET /accounts/login/?next=%2Fcompany%2FCBAN%2Fvaluation%2Faltman-z-score%2F HTTP/1.1" 200 11127 "-" "Mozilla/5.0 AppleWebKit/537.36 (KHTML, like Gecko; compatible; GPTBot/1.2; +https://openai.com/gptbot)" "20.171.207.173"
172.31.35.30 - - [12/Jul/2025:09:31:33 +0000] "GET /accounts/login/?next=/company/FCX/revenue-analysis/ HTTP/1.1" 200 11056 "-" "Mozilla/5.0 AppleWebKit/537.36 (KHTML, like Gecko; compatible; Amazonbot/0.1; +https://developer.amazon.com/support/amazonbot) Chrome/119.0.6045.214 Safari/537.36" "34.195.248.30"
172.31.35.30 - - [12/Jul/2025:09:31:34 +0000] "GET /company/KEMIRA.HE/overview HTTP/1.1" 200 31271 "https://discountingcashflows.com/company/KEMIRA.HE/overview" "Mozilla/5.0 (Windows NT 10.0; Win64; x64) AppleWebKit/537.36 (KHTML, like Gecko) Chrome/114.0.0.0 Safari/537.36 Edg/114.0.1823.43" "47.82.60.79"
172.31.35.30 - - [12/Jul/2025:09:31:34 +0000] "GET /accounts/login/?next=%2Fcompany%2FRUTH%2Fvaluation%2Fbeneish-m-score%2F HTTP/1.1" 200 11102 "-" "Mozilla/5.0 AppleWebKit/537.36 (KHTML, like Gecko; compatible; GPTBot/1.2; +https://openai.com/gptbot)" "20.171.207.173"
172.31.14.238 - - [12/Jul/2025:09:31:34 +0000] "GET /company/GAZB,VEU,CRSP/valuation/weighted-average-cost-of-capital/ HTTP/1.1" 200 23874 "-" "Mozilla/5.0 AppleWebKit/537.36 (KHTML, like Gecko; compatible; ClaudeBot/1.0; +claudebot@anthropic.com)" "216.73.216.118"
172.31.35.30 - - [12/Jul/2025:09:31:34 +0000] "GET /accounts/login/?next=/company/VSNGX/valuation/two-stage-excess-return-model/ HTTP/1.1" 200 11125 "-" "Mozilla/5.0 (compatible; AhrefsBot/7.0; +http://ahrefs.com/robot/)" "54.36.149.6"
172.31.35.30 - - [12/Jul/2025:09:31:35 +0000] "GET /accounts/signup/?next=/company/VSNGX/valuation/two-stage-excess-return-model/ HTTP/1.1" 200 11600 "-" "Mozilla/5.0 (compatible; AhrefsBot/7.0; +http://ahrefs.com/robot/)" "54.36.148.175"
172.31.35.30 - - [12/Jul/2025:09:31:36 +0000] "GET /accounts/login/?next=%2Fcompany%2FMNTS%2Fvaluation%2Faltman-z-score%2F HTTP/1.1" 200 11121 "-" "Mozilla/5.0 AppleWebKit/537.36 (KHTML, like Gecko; compatible; GPTBot/1.2; +https://openai.com/gptbot)" "20.171.207.173"
172.31.35.30 - - [12/Jul/2025:09:31:36 +0000] "GET /company/BTAI/transcripts/2023/4 HTTP/1.1" 200 31235 "https://discountingcashflows.com/company/BTAI/transcripts/2023/4" "Mozilla/5.0 (Windows NT 10.0; Win64; x64) AppleWebKit/537.36 (KHTML, like Gecko) Chrome/114.0.0.0 Safari/537.36 Edg/114.0.1823.43" "47.82.60.62"
172.31.20.228 - - [12/Jul/2025:09:31:37 +0000] "GET /accounts/login/?next=/company/PLTK/transcripts/2022/2/ HTTP/1.1" 200 11128 "-" "Mozilla/5.0 AppleWebKit/537.36 (KHTML, like Gecko; compatible; Amazonbot/0.1; +https://developer.amazon.com/support/amazonbot) Chrome/119.0.6045.214 Safari/537.36" "35.169.119.108"
172.31.35.30 - - [12/Jul/2025:09:31:37 +0000] "GET /accounts/login/?next=/company/VSNGX/valuation/simple-excess-return-model/ HTTP/1.1" 200 11088 "-" "Mozilla/5.0 (compatible; AhrefsBot/7.0; +http://ahrefs.com/robot/)" "54.36.148.1"
172.31.35.30 - - [12/Jul/2025:09:31:38 +0000] "GET /accounts/login/?next=%2Fcompany%2FESQ%2Fvaluation%2Fpiotroski-f-score%2F HTTP/1.1" 200 11117 "-" "Mozilla/5.0 AppleWebKit/537.36 (KHTML, like Gecko; compatible; GPTBot/1.2; +https://openai.com/gptbot)" "20.171.207.173"
172.31.14.238 - - [12/Jul/2025:09:31:38 +0000] "GET /company/FSHOX/chart/ HTTP/1.1" 200 39803 "-" "Mozilla/5.0 (Linux; Android 6.0.1; Nexus 5X Build/MMB29P) AppleWebKit/537.36 (KHTML, like Gecko) Chrome/137.0.7151.119 Mobile Safari/537.36 (compatible; Googlebot/2.1; +http://www.google.com/bot.html)" "66.249.64.72"
172.31.14.238 - - [12/Jul/2025:09:31:38 +0000] "GET /company/VSCO/valuation/ HTTP/1.1" 200 23827 "-" "Mozilla/5.0 AppleWebKit/537.36 (KHTML, like Gecko; compatible; ClaudeBot/1.0; +claudebot@anthropic.com)" "216.73.216.118"
172.31.35.30 - - [12/Jul/2025:09:31:39 +0000] "GET /accounts/login/?next=%2Fcompany%2FMCG%2Fvaluation%2Fbeneish-m-score%2F HTTP/1.1" 200 11062 "-" "Mozilla/5.0 AppleWebKit/537.36 (KHTML, like Gecko; compatible; GPTBot/1.2; +https://openai.com/gptbot)" "20.171.207.173"
172.31.14.238 - - [12/Jul/2025:09:31:39 +0000] "GET /company/KMTS/valuation/benjamin-grahams-number HTTP/1.1" 200 31250 "https://discountingcashflows.com/company/KMTS/valuation/benjamin-grahams-number" "Mozilla/5.0 (Windows NT 10.0; Win64; x64) AppleWebKit/537.36 (KHTML, like Gecko) Chrome/114.0.0.0 Safari/537.36 Edg/114.0.1823.43" "47.82.60.61"
172.31.35.30 - - [12/Jul/2025:09:31:39 +0000] "GET /accounts/login/?next=%2Fcompany%2FVWE%2Fvaluation%2Fbeneish-m-score%2F HTTP/1.1" 200 11098 "-" "Mozilla/5.0 AppleWebKit/537.36 (KHTML, like Gecko; compatible; GPTBot/1.2; +https://openai.com/gptbot)" "20.171.207.173"
172.31.35.30 - - [12/Jul/2025:09:31:40 +0000] "GET /accounts/login/?next=/company/VSNGX/valuation/simple-dividend-discount-model/ HTTP/1.1" 200 11065 "-" "Mozilla/5.0 (compatible; AhrefsBot/7.0; +http://ahrefs.com/robot/)" "54.36.149.58"
172.31.20.228 - - [12/Jul/2025:09:31:40 +0000] "GET / HTTP/1.1" 200 48661 "-" "Mozilla/5.0 (Windows NT 10.0; Win64; x64; rv:141.0) Gecko/20100101 Firefox/141.0" "82.79.237.11"
172.31.35.30 - - [12/Jul/2025:09:31:40 +0000] "GET /accounts/login/?next=%2Fcompany%2FEIX%2Fvaluation%2Fbeneish-m-score%2F HTTP/1.1" 200 11032 "-" "Mozilla/5.0 AppleWebKit/537.36 (KHTML, like Gecko; compatible; GPTBot/1.2; +https://openai.com/gptbot)" "20.171.207.173"
172.31.20.228 - - [12/Jul/2025:09:31:41 +0000] "GET /accounts/login/?next=/company/H/ratios/quarterly/ HTTP/1.1" 200 11113 "-" "Mozilla/5.0 AppleWebKit/537.36 (KHTML, like Gecko; compatible; Amazonbot/0.1; +https://developer.amazon.com/support/amazonbot) Chrome/119.0.6045.214 Safari/537.36" "3.216.13.10"
172.31.35.30 - - [12/Jul/2025:09:31:41 +0000] "GET /accounts/signup/?next=/company/VSNGX/valuation/simple-excess-return-model/ HTTP/1.1" 200 11524 "-" "Mozilla/5.0 (compatible; AhrefsBot/7.0; +http://ahrefs.com/robot/)" "54.36.148.215"
172.31.35.30 - - [12/Jul/2025:09:31:41 +0000] "GET /company/NMFC/transcripts/2023/1/ HTTP/1.1" 200 43867 "-" "Mozilla/5.0 (compatible; SemrushBot/7~bl; +http://www.semrush.com/bot.html)" "85.208.96.205"
172.31.35.30 - - [12/Jul/2025:09:31:41 +0000] "GET /accounts/login/?next=%2Fcompany%2FCUE%2Fvaluation%2Fpiotroski-f-score%2F HTTP/1.1" 200 11039 "-" "Mozilla/5.0 AppleWebKit/537.36 (KHTML, like Gecko; compatible; GPTBot/1.2; +https://openai.com/gptbot)" "20.171.207.173"
172.31.35.30 - - [12/Jul/2025:09:31:42 +0000] "GET /accounts/login/?next=%2Fcompany%2FUAN%2Fvaluation%2Fbeneish-m-score%2F HTTP/1.1" 200 11046 "-" "Mozilla/5.0 AppleWebKit/537.36 (KHTML, like Gecko; compatible; GPTBot/1.2; +https://openai.com/gptbot)" "20.171.207.173"
172.31.14.238 - - [12/Jul/2025:09:31:43 +0000] "GET /company/VUSTX/estimates/ HTTP/1.1" 200 23777 "-" "Mozilla/5.0 AppleWebKit/537.36 (KHTML, like Gecko; compatible; ClaudeBot/1.0; +claudebot@anthropic.com)" "216.73.216.118"
172.31.14.238 - - [12/Jul/2025:09:31:43 +0000] "GET /health-check/ HTTP/1.1" 200 2 "-" "ELB-HealthChecker/2.0" "-"
172.31.20.228 - - [12/Jul/2025:09:31:43 +0000] "GET /health-check/ HTTP/1.1" 200 2 "-" "ELB-HealthChecker/2.0" "-"
172.31.35.30 - - [12/Jul/2025:09:31:43 +0000] "GET /health-check/ HTTP/1.1" 200 2 "-" "ELB-HealthChecker/2.0" "-"
172.31.35.30 - - [12/Jul/2025:09:31:44 +0000] "GET /accounts/login/?next=%2Fcompany%2FCODI%2Fvaluation%2Faltman-z-score%2F HTTP/1.1" 200 11046 "-" "Mozilla/5.0 AppleWebKit/537.36 (KHTML, like Gecko; compatible; GPTBot/1.2; +https://openai.com/gptbot)" "20.171.207.173"
172.31.20.228 - - [12/Jul/2025:09:31:44 +0000] "GET /accounts/signup/?next=/search/Cheyenne%2BWoodruff HTTP/1.1" 200 11549 "-" "Mozilla/5.0 AppleWebKit/537.36 (KHTML, like Gecko; compatible; bingbot/2.0; +http://www.bing.com/bingbot.htm) Chrome/116.0.1938.76 Safari/537.36" "52.167.144.172"
172.31.35.30 - - [12/Jul/2025:09:31:44 +0000] "GET /accounts/signup/?next=/company/VSNGX/valuation/simple-dividend-discount-model/ HTTP/1.1" 200 11575 "-" "Mozilla/5.0 (compatible; AhrefsBot/7.0; +http://ahrefs.com/robot/)" "54.36.148.12"
172.31.35.30 - - [12/Jul/2025:09:31:44 +0000] "GET /company/TDW/transcripts/2012/1/ HTTP/1.1" 200 44254 "-" "Mozilla/5.0 (compatible; SemrushBot/7~bl; +http://www.semrush.com/bot.html)" "85.208.96.212"
172.31.35.30 - - [12/Jul/2025:09:31:45 +0000] "GET /accounts/login/?next=%2Fcompany%2FLVO%2Fvaluation%2Fbeneish-m-score%2F HTTP/1.1" 200 11106 "-" "Mozilla/5.0 AppleWebKit/537.36 (KHTML, like Gecko; compatible; GPTBot/1.2; +https://openai.com/gptbot)" "20.171.207.173"
172.31.20.228 - - [12/Jul/2025:09:31:45 +0000] "GET /accounts/signup/?next=/company/OPCH/balance-sheet-statement/quarterly/ HTTP/1.1" 200 11585 "-" "Mozilla/5.0 AppleWebKit/537.36 (KHTML, like Gecko; compatible; Amazonbot/0.1; +https://developer.amazon.com/support/amazonbot) Chrome/119.0.6045.214 Safari/537.36" "3.210.29.96"
172.31.35.30 - - [12/Jul/2025:09:31:46 +0000] "GET /accounts/login/?next=/company/VSNGX/valuation/return-on-invested-capital-roic/ HTTP/1.1" 200 11112 "-" "Mozilla/5.0 (compatible; AhrefsBot/7.0; +http://ahrefs.com/robot/)" "54.36.148.252"
172.31.35.30 - - [12/Jul/2025:09:31:46 +0000] "GET /accounts/login/?next=%2Fcompany%2FPRENW%2Fvaluation%2Faltman-z-score%2F HTTP/1.1" 200 11089 "-" "Mozilla/5.0 AppleWebKit/537.36 (KHTML, like Gecko; compatible; GPTBot/1.2; +https://openai.com/gptbot)" "20.171.207.173"
172.31.35.30 - - [12/Jul/2025:09:31:47 +0000] "GET /company/ALLR/sec-filings/ HTTP/1.1" 200 54444 "-" "Mozilla/5.0 AppleWebKit/537.36 (KHTML, like Gecko); compatible; ChatGPT-User/1.0; +https://openai.com/bot" "23.98.142.176"
172.31.35.30 - - [12/Jul/2025:09:31:47 +0000] "GET /accounts/signup/?next=/company/VSNGX/valuation/return-on-invested-capital-roic/ HTTP/1.1" 200 11549 "-" "Mozilla/5.0 (compatible; AhrefsBot/7.0; +http://ahrefs.com/robot/)" "54.36.148.186"
172.31.35.30 - - [12/Jul/2025:09:31:47 +0000] "GET /accounts/login/?next=%2Fcompany%2FWMPN%2Fvaluation%2Fbeneish-m-score%2F HTTP/1.1" 200 11078 "-" "Mozilla/5.0 AppleWebKit/537.36 (KHTML, like Gecko; compatible; GPTBot/1.2; +https://openai.com/gptbot)" "20.171.207.173"
172.31.14.238 - - [12/Jul/2025:09:31:48 +0000] "GET /company/CHTR/valuation/ HTTP/1.1" 200 23853 "-" "Mozilla/5.0 AppleWebKit/537.36 (KHTML, like Gecko; compatible; ClaudeBot/1.0; +claudebot@anthropic.com)" "216.73.216.118"
172.31.35.30 - - [12/Jul/2025:09:31:48 +0000] "GET /accounts/login/?next=%2Fcompany%2FBACQU%2Fvaluation%2Faltman-z-score%2F HTTP/1.1" 200 11088 "-" "Mozilla/5.0 AppleWebKit/537.36 (KHTML, like Gecko; compatible; GPTBot/1.2; +https://openai.com/gptbot)" "20.171.207.173"
172.31.35.30 - - [12/Jul/2025:09:31:48 +0000] "GET /company/RUSHB/transcripts/2021/1/ HTTP/1.1" 200 44021 "-" "Mozilla/5.0 (compatible; SemrushBot/7~bl; +http://www.semrush.com/bot.html)" "185.191.171.11"
172.31.35.30 - - [12/Jul/2025:09:31:49 +0000] "GET /accounts/login/?next=/company/WSTG/valuation/two-stage-excess-return-model/ HTTP/1.1" 200 11135 "-" "Mozilla/5.0 (compatible; AhrefsBot/7.0; +http://ahrefs.com/robot/)" "54.36.149.39"
172.31.20.228 - - [12/Jul/2025:09:31:49 +0000] "GET /accounts/signup/?next=/company/BBBY/insider-trading/ HTTP/1.1" 200 11511 "-" "Mozilla/5.0 AppleWebKit/537.36 (KHTML, like Gecko; compatible; Amazonbot/0.1; +https://developer.amazon.com/support/amazonbot) Chrome/119.0.6045.214 Safari/537.36" "54.156.124.2"
172.31.35.30 - - [12/Jul/2025:09:31:49 +0000] "GET /accounts/login/?next=%2Fcompany%2FSHAC%2Fvaluation%2Faltman-z-score%2F HTTP/1.1" 200 11092 "-" "Mozilla/5.0 AppleWebKit/537.36 (KHTML, like Gecko; compatible; GPTBot/1.2; +https://openai.com/gptbot)" "20.171.207.173"
172.31.35.30 - - [12/Jul/2025:09:31:50 +0000] "GET /accounts/login/?next=%2Fcompany%2FSGRY%2Fvaluation%2Faltman-z-score%2F HTTP/1.1" 200 11123 "-" "Mozilla/5.0 AppleWebKit/537.36 (KHTML, like Gecko; compatible; GPTBot/1.2; +https://openai.com/gptbot)" "20.171.207.173"
172.31.35.30 - - [12/Jul/2025:09:31:51 +0000] "GET /company/DDF/revenue-analysis/ HTTP/1.1" 302 0 "-" "Mozilla/5.0 (Linux; Android 6.0.1; Nexus 5X Build/MMB29P) AppleWebKit/537.36 (KHTML, like Gecko) Chrome/137.0.7151.119 Mobile Safari/537.36 (compatible; Googlebot/2.1; +http://www.google.com/bot.html)" "66.249.76.133"
172.31.35.30 - - [12/Jul/2025:09:31:52 +0000] "GET /accounts/login/?next=%2Fcompany%2FICUI%2Fvaluation%2Fbeneish-m-score%2F HTTP/1.1" 200 11071 "-" "Mozilla/5.0 AppleWebKit/537.36 (KHTML, like Gecko; compatible; GPTBot/1.2; +https://openai.com/gptbot)" "20.171.207.173"
172.31.35.30 - - [12/Jul/2025:09:31:52 +0000] "GET /accounts/signup/?next=/company/AMR/ratios/quarterly/ HTTP/1.1" 200 11587 "-" "Mozilla/5.0 AppleWebKit/537.36 (KHTML, like Gecko; compatible; Amazonbot/0.1; +https://developer.amazon.com/support/amazonbot) Chrome/119.0.6045.214 Safari/537.36" "100.29.155.89"
172.31.35.30 - - [12/Jul/2025:09:31:53 +0000] "GET /company/DDF/overview/ HTTP/1.1" 200 42248 "-" "Mozilla/5.0 (Linux; Android 6.0.1; Nexus 5X Build/MMB29P) AppleWebKit/537.36 (KHTML, like Gecko) Chrome/137.0.7151.119 Mobile Safari/537.36 (compatible; Googlebot/2.1; +http://www.google.com/bot.html)" "66.249.64.65"
172.31.35.30 - - [12/Jul/2025:09:31:53 +0000] "GET /accounts/login/?next=%2Fcompany%2FAMST%2Fvaluation%2Faltman-z-score%2F HTTP/1.1" 200 11114 "-" "Mozilla/5.0 AppleWebKit/537.36 (KHTML, like Gecko; compatible; GPTBot/1.2; +https://openai.com/gptbot)" "20.171.207.173"
172.31.35.30 - - [12/Jul/2025:09:31:53 +0000] "GET /accounts/signup/?next=/company/WSTG/valuation/two-stage-excess-return-model/ HTTP/1.1" 200 11587 "-" "Mozilla/5.0 (compatible; AhrefsBot/7.0; +http://ahrefs.com/robot/)" "54.36.148.173"
172.31.14.238 - - [12/Jul/2025:09:31:53 +0000] "GET /company/BMO.TO/valuation/ HTTP/1.1" 200 23793 "-" "Mozilla/5.0 AppleWebKit/537.36 (KHTML, like Gecko; compatible; ClaudeBot/1.0; +claudebot@anthropic.com)" "216.73.216.118"
172.31.35.30 - - [12/Jul/2025:09:31:54 +0000] "GET /accounts/login/?next=%2Fcompany%2FTREC%2Fvaluation%2Fbeneish-m-score%2F HTTP/1.1" 200 11077 "-" "Mozilla/5.0 AppleWebKit/537.36 (KHTML, like Gecko; compatible; GPTBot/1.2; +https://openai.com/gptbot)" "20.171.207.173"
172.31.35.30 - - [12/Jul/2025:09:31:54 +0000] "GET /accounts/login/?next=/company/WSTG/valuation/two-stage-dividend-discount-model/ HTTP/1.1" 200 11110 "-" "Mozilla/5.0 (compatible; AhrefsBot/7.0; +http://ahrefs.com/robot/)" "54.36.148.154"
172.31.35.30 - - [12/Jul/2025:09:31:55 +0000] "GET /accounts/login/?next=%2Fcompany%2FUAN%2Fvaluation%2Fbeneish-m-score%2F HTTP/1.1" 200 11071 "-" "Mozilla/5.0 AppleWebKit/537.36 (KHTML, like Gecko; compatible; GPTBot/1.2; +https://openai.com/gptbot)" "20.171.207.173"
172.31.35.30 - - [12/Jul/2025:09:31:56 +0000] "GET /accounts/signup/?next=/company/WSTG/valuation/two-stage-dividend-discount-model/ HTTP/1.1" 200 11601 "-" "Mozilla/5.0 (compatible; AhrefsBot/7.0; +http://ahrefs.com/robot/)" "54.36.148.122"
172.31.35.30 - - [12/Jul/2025:09:31:56 +0000] "GET /accounts/login/?next=%2Fcompany%2FNA%2Fvaluation%2Fpiotroski-f-score%2F HTTP/1.1" 200 11084 "-" "Mozilla/5.0 AppleWebKit/537.36 (KHTML, like Gecko; compatible; GPTBot/1.2; +https://openai.com/gptbot)" "20.171.207.173"
172.31.14.238 - - [12/Jul/2025:09:31:56 +0000] "GET /accounts/login/?next=/company/MO/ratios/quarterly/ HTTP/1.1" 200 11111 "-" "Mozilla/5.0 AppleWebKit/537.36 (KHTML, like Gecko; compatible; Amazonbot/0.1; +https://developer.amazon.com/support/amazonbot) Chrome/119.0.6045.214 Safari/537.36" "107.22.208.39"
172.31.35.30 - - [12/Jul/2025:09:31:57 +0000] "GET /company/VAR.OL/estimates/ HTTP/1.1" 200 43537 "-" "Mozilla/5.0 AppleWebKit/537.36 (KHTML, like Gecko); compatible; ChatGPT-User/1.0; +https://openai.com/bot" "74.7.35.125"
172.31.14.238 - - [12/Jul/2025:09:31:57 +0000] "GET /company/DCRD/chart/ HTTP/1.1" 200 40945 "https://discountingcashflows.com/company/DCRD/chart/" "Mozilla/5.0 (Windows NT 10.0; Win64; x64) AppleWebKit/537.36 (KHTML, like Gecko) Chrome/114.0.0.0 Safari/537.36 Edg/114.0.1823.43" "47.82.60.59"
172.31.35.30 - - [12/Jul/2025:09:31:57 +0000] "GET /accounts/login/?next=%2Fcompany%2FJKS%2Fvaluation%2Fpiotroski-f-score%2F HTTP/1.1" 200 11045 "-" "Mozilla/5.0 AppleWebKit/537.36 (KHTML, like Gecko; compatible; GPTBot/1.2; +https://openai.com/gptbot)" "20.171.207.173"
172.31.14.238 - - [12/Jul/2025:09:31:58 +0000] "GET /company/BN/overview HTTP/1.1" 200 31160 "-" "Mozilla/5.0 AppleWebKit/537.36 (KHTML, like Gecko; compatible; ClaudeBot/1.0; +claudebot@anthropic.com)" "216.73.216.118"
172.31.14.238 - - [12/Jul/2025:09:31:58 +0000] "GET /health-check/ HTTP/1.1" 200 2 "-" "ELB-HealthChecker/2.0" "-"
172.31.20.228 - - [12/Jul/2025:09:31:58 +0000] "GET /health-check/ HTTP/1.1" 200 2 "-" "ELB-HealthChecker/2.0" "-"
172.31.35.30 - - [12/Jul/2025:09:31:58 +0000] "GET /health-check/ HTTP/1.1" 200 2 "-" "ELB-HealthChecker/2.0" "-"
172.31.35.30 - - [12/Jul/2025:09:31:59 +0000] "GET /accounts/login/?next=%2Fcompany%2FDISH%2Fvaluation%2Faltman-z-score%2F HTTP/1.1" 200 11036 "-" "Mozilla/5.0 AppleWebKit/537.36 (KHTML, like Gecko; compatible; GPTBot/1.2; +https://openai.com/gptbot)" "20.171.207.173"
172.31.35.30 - - [12/Jul/2025:09:31:59 +0000] "GET /accounts/login/?next=/company/WSTG/valuation/discounted-future-market-cap/ HTTP/1.1" 200 11134 "-" "Mozilla/5.0 (compatible; AhrefsBot/7.0; +http://ahrefs.com/robot/)" "54.36.149.86"
172.31.35.30 - - [12/Jul/2025:09:32:00 +0000] "GET /accounts/login/?next=%2Fcompany%2FDFS%2Fvaluation%2Fbeneish-m-score%2F HTTP/1.1" 200 11120 "-" "Mozilla/5.0 AppleWebKit/537.36 (KHTML, like Gecko; compatible; GPTBot/1.2; +https://openai.com/gptbot)" "20.171.207.173"
172.31.35.30 - - [12/Jul/2025:09:32:00 +0000] "GET /accounts/signup/?next=/company/WSTG/valuation/discounted-future-market-cap/ HTTP/1.1" 200 11579 "-" "Mozilla/5.0 (compatible; AhrefsBot/7.0; +http://ahrefs.com/robot/)" "54.36.148.122"
172.31.35.30 - - [12/Jul/2025:09:32:01 +0000] "GET /accounts/login/?next=%2Fcompany%2FECDA%2Fvaluation%2Faltman-z-score%2F HTTP/1.1" 200 11038 "-" "Mozilla/5.0 AppleWebKit/537.36 (KHTML, like Gecko; compatible; GPTBot/1.2; +https://openai.com/gptbot)" "20.171.207.173"
172.31.35.30 - - [12/Jul/2025:09:32:02 +0000] "GET /accounts/login/?next=/company/UPS/income-statement/quarterly/ HTTP/1.1" 200 11056 "-" "Mozilla/5.0 AppleWebKit/537.36 (KHTML, like Gecko; compatible; Amazonbot/0.1; +https://developer.amazon.com/support/amazonbot) Chrome/119.0.6045.214 Safari/537.36" "52.3.104.214"
172.31.35.30 - - [12/Jul/2025:09:32:02 +0000] "GET /accounts/login/?next=%2Fcompany%2FUSEA%2Fvaluation%2Faltman-z-score%2F HTTP/1.1" 200 11106 "-" "Mozilla/5.0 AppleWebKit/537.36 (KHTML, like Gecko; compatible; GPTBot/1.2; +https://openai.com/gptbot)" "20.171.207.173"
172.31.35.30 - - [12/Jul/2025:09:32:02 +0000] "GET /accounts/signup/?next=/company/XSPA/institutional-holders/ HTTP/1.1" 200 11574 "-" "Mozilla/5.0 (compatible; AhrefsBot/7.0; +http://ahrefs.com/robot/)" "54.36.148.226"
172.31.14.238 - - [12/Jul/2025:09:32:03 +0000] "GET /company/FSRXU/earnings/ HTTP/1.1" 200 23789 "-" "Mozilla/5.0 AppleWebKit/537.36 (KHTML, like Gecko; compatible; ClaudeBot/1.0; +claudebot@anthropic.com)" "216.73.216.118"
172.31.35.30 - - [12/Jul/2025:09:32:03 +0000] "GET /accounts/login/?next=%2Fcompany%2FSCAQ%2Fvaluation%2Fbeneish-m-score%2F HTTP/1.1" 200 11132 "-" "Mozilla/5.0 AppleWebKit/537.36 (KHTML, like Gecko; compatible; GPTBot/1.2; +https://openai.com/gptbot)" "20.171.207.173"
172.31.35.30 - - [12/Jul/2025:09:32:04 +0000] "GET /accounts/login/?next=/company/LUXAU/valuation/two-stage-dividend-discount-model/ HTTP/1.1" 200 11059 "-" "Mozilla/5.0 (compatible; AhrefsBot/7.0; +http://ahrefs.com/robot/)" "54.36.148.51"
172.31.35.30 - - [12/Jul/2025:09:32:04 +0000] "GET /accounts/login/?next=%2Fcompany%2FICUI%2Fvaluation%2Fbeneish-m-score%2F HTTP/1.1" 200 11114 "-" "Mozilla/5.0 AppleWebKit/537.36 (KHTML, like Gecko; compatible; GPTBot/1.2; +https://openai.com/gptbot)" "20.171.207.173"
172.31.35.30 - - [12/Jul/2025:09:32:05 +0000] "GET /accounts/signup/?next=/company/LUXAU/valuation/two-stage-dividend-discount-model/ HTTP/1.1" 200 11525 "-" "Mozilla/5.0 (compatible; AhrefsBot/7.0; +http://ahrefs.com/robot/)" "54.36.149.68"
172.31.20.228 - - [12/Jul/2025:09:32:05 +0000] "GET /accounts/login/?next=/company/FIVN/valuation/ HTTP/1.1" 200 11112 "-" "Mozilla/5.0 AppleWebKit/537.36 (KHTML, like Gecko; compatible; Amazonbot/0.1; +https://developer.amazon.com/support/amazonbot) Chrome/119.0.6045.214 Safari/537.36" "18.213.240.226"
172.31.35.30 - - [12/Jul/2025:09:32:05 +0000] "GET /company/AEHR/valuation/simple-dividend-discount-model/ HTTP/1.1" 200 61591 "-" "Mozilla/5.0 (Linux; Android 6.0.1; Nexus 5X Build/MMB29P) AppleWebKit/537.36 (KHTML, like Gecko) Chrome/137.0.7151.103 Mobile Safari/537.36 (compatible; Googlebot/2.1; +http://www.google.com/bot.html)" "66.249.76.135"
172.31.35.30 - - [12/Jul/2025:09:32:05 +0000] "GET /company/SVOK/overview/ HTTP/1.1" 200 44390 "-" "Mozilla/5.0 AppleWebKit/537.36 (KHTML, like Gecko); compatible; ChatGPT-User/1.0; +https://openai.com/bot" "23.98.142.176"
172.31.35.30 - - [12/Jul/2025:09:32:05 +0000] "GET /accounts/login/?next=%2Fcompany%2FLMRK%2Fvaluation%2Fbeneish-m-score%2F HTTP/1.1" 200 11082 "-" "Mozilla/5.0 AppleWebKit/537.36 (KHTML, like Gecko; compatible; GPTBot/1.2; +https://openai.com/gptbot)" "20.171.207.173"
172.31.35.30 - - [12/Jul/2025:09:32:07 +0000] "GET /accounts/login/?next=%2Fcompany%2FELMS%2Fvaluation%2Faltman-z-score%2F HTTP/1.1" 200 11089 "-" "Mozilla/5.0 AppleWebKit/537.36 (KHTML, like Gecko; compatible; GPTBot/1.2; +https://openai.com/gptbot)" "20.171.207.173"
172.31.35.30 - - [12/Jul/2025:09:32:07 +0000] "GET /accounts/login/?next=/company/VPADX/institutional-holders/ HTTP/1.1" 200 11086 "-" "Mozilla/5.0 (compatible; AhrefsBot/7.0; +http://ahrefs.com/robot/)" "54.36.148.138"
172.31.35.30 - - [12/Jul/2025:09:32:08 +0000] "GET /accounts/login/?next=%2Fcompany%2FASIX%2Fvaluation%2Faltman-z-score%2F HTTP/1.1" 200 11053 "-" "Mozilla/5.0 AppleWebKit/537.36 (KHTML, like Gecko; compatible; GPTBot/1.2; +https://openai.com/gptbot)" "20.171.207.173"
172.31.14.238 - - [12/Jul/2025:09:32:08 +0000] "GET /company/MA/profile/ HTTP/1.1" 302 0 "-" "Mozilla/5.0 AppleWebKit/537.36 (KHTML, like Gecko; compatible; ClaudeBot/1.0; +claudebot@anthropic.com)" "216.73.216.118"
172.31.14.238 - - [12/Jul/2025:09:32:08 +0000] "GET /company/MA/overview/ HTTP/1.1" 200 23855 "https://discountingcashflows.com/company/MA/profile/" "Mozilla/5.0 AppleWebKit/537.36 (KHTML, like Gecko; compatible; ClaudeBot/1.0; +claudebot@anthropic.com)" "216.73.216.118"
172.31.35.30 - - [12/Jul/2025:09:32:08 +0000] "GET /accounts/signup/?next=/company/USLM/senate-trading/ HTTP/1.1" 200 11499 "-" "Mozilla/5.0 AppleWebKit/537.36 (KHTML, like Gecko; compatible; Amazonbot/0.1; +https://developer.amazon.com/support/amazonbot) Chrome/119.0.6045.214 Safari/537.36" "52.45.77.169"
172.31.35.30 - - [12/Jul/2025:09:32:09 +0000] "GET /accounts/login/?next=%2Fcompany%2FJD%2Fvaluation%2Fbeneish-m-score%2F HTTP/1.1" 200 11121 "-" "Mozilla/5.0 AppleWebKit/537.36 (KHTML, like Gecko; compatible; GPTBot/1.2; +https://openai.com/gptbot)" "20.171.207.173"
172.31.35.30 - - [12/Jul/2025:09:32:09 +0000] "GET /accounts/signup/?next=/company/VPADX/institutional-holders/ HTTP/1.1" 200 11584 "-" "Mozilla/5.0 (compatible; AhrefsBot/7.0; +http://ahrefs.com/robot/)" "54.36.148.58"
172.31.35.30 - - [12/Jul/2025:09:32:10 +0000] "GET /accounts/login/?next=%2Fcompany%2FBPTS%2Fvaluation%2Faltman-z-score%2F HTTP/1.1" 200 11061 "-" "Mozilla/5.0 AppleWebKit/537.36 (KHTML, like Gecko; compatible; GPTBot/1.2; +https://openai.com/gptbot)" "20.171.207.173"
172.31.35.30 - - [12/Jul/2025:09:32:11 +0000] "GET /accounts/login/?next=%2Fcompany%2FHRB%2Fvaluation%2Fpiotroski-f-score%2F HTTP/1.1" 200 11114 "-" "Mozilla/5.0 AppleWebKit/537.36 (KHTML, like Gecko; compatible; GPTBot/1.2; +https://openai.com/gptbot)" "20.171.207.173"
172.31.35.30 - - [12/Jul/2025:09:32:12 +0000] "GET /company/OC/transcripts/2010/4/ HTTP/1.1" 200 44561 "-" "Mozilla/5.0 (compatible; SemrushBot/7~bl; +http://www.semrush.com/bot.html)" "85.208.96.204"
172.31.35.30 - - [12/Jul/2025:09:32:12 +0000] "GET /company/FAUTX/earnings/ HTTP/1.1" 302 0 "-" "Mozilla/5.0 (Linux; Android 6.0.1; Nexus 5X Build/MMB29P) AppleWebKit/537.36 (KHTML, like Gecko) Chrome/137.0.7151.119 Mobile Safari/537.36 (compatible; Googlebot/2.1; +http://www.google.com/bot.html)" "66.249.64.65"
172.31.35.30 - - [12/Jul/2025:09:32:12 +0000] "GET /accounts/login/?next=%2Fcompany%2FSAI%2Fvaluation%2Fbeneish-m-score%2F HTTP/1.1" 200 11087 "-" "Mozilla/5.0 AppleWebKit/537.36 (KHTML, like Gecko; compatible; GPTBot/1.2; +https://openai.com/gptbot)" "20.171.207.173"
172.31.20.228 - - [12/Jul/2025:09:32:12 +0000] "GET /accounts/login/?next=/company/LITE/income-statement/quarterly/ HTTP/1.1" 200 11081 "-" "Mozilla/5.0 AppleWebKit/537.36 (KHTML, like Gecko; compatible; Amazonbot/0.1; +https://developer.amazon.com/support/amazonbot) Chrome/119.0.6045.214 Safari/537.36" "52.0.105.244"
172.31.35.30 - - [12/Jul/2025:09:32:13 +0000] "GET /company/FAUTX/overview/ HTTP/1.1" 200 42059 "-" "Mozilla/5.0 (Linux; Android 6.0.1; Nexus 5X Build/MMB29P) AppleWebKit/537.36 (KHTML, like Gecko) Chrome/137.0.7151.119 Mobile Safari/537.36 (compatible; Googlebot/2.1; +http://www.google.com/bot.html)" "66.249.64.65"
172.31.14.238 - - [12/Jul/2025:09:32:13 +0000] "GET /health-check/ HTTP/1.1" 200 2 "-" "ELB-HealthChecker/2.0" "-"
172.31.20.228 - - [12/Jul/2025:09:32:13 +0000] "GET /health-check/ HTTP/1.1" 200 2 "-" "ELB-HealthChecker/2.0" "-"
172.31.35.30 - - [12/Jul/2025:09:32:13 +0000] "GET /health-check/ HTTP/1.1" 200 2 "-" "ELB-HealthChecker/2.0" "-"
172.31.35.30 - - [12/Jul/2025:09:32:13 +0000] "GET /accounts/login/?next=%2Fcompany%2FTAOX%2Fvaluation%2Fbeneish-m-score%2F HTTP/1.1" 200 11113 "-" "Mozilla/5.0 AppleWebKit/537.36 (KHTML, like Gecko; compatible; GPTBot/1.2; +https://openai.com/gptbot)" "20.171.207.173"
172.31.20.228 - - [12/Jul/2025:09:32:14 +0000] "GET /company/WLK/overview/ HTTP/1.1" 200 44634 "https://discountingcashflows.com/" "Mozilla/5.0 (Windows NT 10.0; Win64; x64; rv:141.0) Gecko/20100101 Firefox/141.0" "82.79.237.11"
172.31.20.228 - - [12/Jul/2025:09:32:14 +0000] "GET /company/EDI/ratios/ HTTP/1.1" 302 0 "-" "Mozilla/5.0 AppleWebKit/537.36 (KHTML, like Gecko; compatible; bingbot/2.0; +http://www.bing.com/bingbot.htm) Chrome/116.0.1938.76 Safari/537.36" "40.77.167.43"
172.31.35.30 - - [12/Jul/2025:09:32:14 +0000] "GET /accounts/login/?next=/company/VTWIX/executive-compensation/ HTTP/1.1" 200 11056 "-" "Mozilla/5.0 (compatible; AhrefsBot/7.0; +http://ahrefs.com/robot/)" "54.36.148.214"
172.31.35.30 - - [12/Jul/2025:09:32:15 +0000] "GET /accounts/login/?next=%2Fcompany%2FATMV%2Fvaluation%2Faltman-z-score%2F HTTP/1.1" 200 11040 "-" "Mozilla/5.0 AppleWebKit/537.36 (KHTML, like Gecko; compatible; GPTBot/1.2; +https://openai.com/gptbot)" "20.171.207.173"
172.31.20.228 - - [12/Jul/2025:09:32:15 +0000] "GET /api/news/?page=0&ticker=WLK&org.htmx.cache-buster=newsTableTbodyWLK HTTP/1.1" 200 2523 "https://discountingcashflows.com/company/WLK/overview/" "Mozilla/5.0 (Windows NT 10.0; Win64; x64; rv:141.0) Gecko/20100101 Firefox/141.0" "82.79.237.11"
172.31.20.228 - - [12/Jul/2025:09:32:15 +0000] "POST /widgets/stock-list/ HTTP/1.1" 200 2861 "https://discountingcashflows.com/company/WLK/overview/" "Mozilla/5.0 (Windows NT 10.0; Win64; x64; rv:141.0) Gecko/20100101 Firefox/141.0" "82.79.237.11"
172.31.35.30 - - [12/Jul/2025:09:32:15 +0000] "GET /accounts/signup/?next=/company/VTIVX/income-statement/ HTTP/1.1" 200 11583 "-" "Mozilla/5.0 (compatible; AhrefsBot/7.0; +http://ahrefs.com/robot/)" "54.36.148.108"
