172.31.35.30 - - [12/Jul/2025:09:25:58 +0000] "GET /accounts/login/?next=%2Fcompany%2FFNVTU%2Fvaluation%2Faltman-z-score%2F HTTP/1.1" 200 11126 "-" "Mozilla/5.0 AppleWebKit/537.36 (KHTML, like Gecko; compatible; GPTBot/1.2; +https://openai.com/gptbot)" "20.171.207.173"
172.31.35.30 - - [12/Jul/2025:09:25:59 +0000] "GET /accounts/login/?next=/company/WNNR/executive-compensation/ HTTP/1.1" 200 11061 "-" "Mozilla/5.0 (compatible; AhrefsBot/7.0; +http://ahrefs.com/robot/)" "54.36.148.212"
172.31.35.30 - - [12/Jul/2025:09:25:59 +0000] "GET /accounts/login/?next=%2Fcompany%2FCW%2Fvaluation%2Fpiotroski-f-score%2F HTTP/1.1" 200 11096 "-" "Mozilla/5.0 AppleWebKit/537.36 (KHTML, like Gecko; compatible; GPTBot/1.2; +https://openai.com/gptbot)" "20.171.207.173"
172.31.20.228 - - [12/Jul/2025:09:26:00 +0000] "GET /company/NATL/transcripts/ HTTP/1.1" 200 41572 "-" "Mozilla/5.0 (Linux; Android 6.0.1; Nexus 5X Build/MMB29P) AppleWebKit/537.36 (KHTML, like Gecko) Chrome/137.0.7151.119 Mobile Safari/537.36 (compatible; Googlebot/2.1; +http://www.google.com/bot.html)" "66.249.64.70"
172.31.14.238 - - [12/Jul/2025:09:26:00 +0000] "GET /accounts/signup/?next=/company/CNTM/valuation/discounted-free-cash-flow-perpetuity/ HTTP/1.1" 200 11586 "-" "Mozilla/5.0 AppleWebKit/537.36 (KHTML, like Gecko; compatible; Amazonbot/0.1; +https://developer.amazon.com/support/amazonbot) Chrome/119.0.6045.214 Safari/537.36" "54.83.180.239"
172.31.35.30 - - [12/Jul/2025:09:26:01 +0000] "GET /accounts/login/?next=%2Fcompany%2FSW%2Fvaluation%2Fbeneish-m-score%2F HTTP/1.1" 200 11039 "-" "Mozilla/5.0 AppleWebKit/537.36 (KHTML, like Gecko; compatible; GPTBot/1.2; +https://openai.com/gptbot)" "20.171.207.173"
172.31.14.238 - - [12/Jul/2025:09:26:02 +0000] "GET /company/AQST/valuation/weighted-average-cost-of-capital/ HTTP/1.1" 200 23837 "-" "Mozilla/5.0 AppleWebKit/537.36 (KHTML, like Gecko; compatible; ClaudeBot/1.0; +claudebot@anthropic.com)" "216.73.216.118"
172.31.35.30 - - [12/Jul/2025:09:26:02 +0000] "GET /accounts/signup/?next=/company/WNNR/executive-compensation/ HTTP/1.1" 200 11520 "-" "Mozilla/5.0 (compatible; AhrefsBot/7.0; +http://ahrefs.com/robot/)" "54.36.148.255"
172.31.35.30 - - [12/Jul/2025:09:26:02 +0000] "GET /accounts/login/?next=%2Fcompany%2FTRAW%2Fvaluation%2Fbeneish-m-score%2F HTTP/1.1" 200 11063 "-" "Mozilla/5.0 AppleWebKit/537.36 (KHTML, like Gecko; compatible; GPTBot/1.2; +https://openai.com/gptbot)" "20.171.207.173"
172.31.35.30 - - [12/Jul/2025:09:26:03 +0000] "GET /accounts/login/?next=%2Fcompany%2FNRACW%2Fvaluation%2Faltman-z-score%2F HTTP/1.1" 200 11036 "-" "Mozilla/5.0 AppleWebKit/537.36 (KHTML, like Gecko; compatible; GPTBot/1.2; +https://openai.com/gptbot)" "20.171.207.173"
172.31.14.238 - - [12/Jul/2025:09:26:03 +0000] "GET /search/%E4%B8%8D%E5%B1%88%E3%81%AE%E9%97%98%E5%BF%97+%E3%83%80%E3%83%95%E3%83%8D HTTP/1.1" 200 31306 "-" "Mozilla/5.0 AppleWebKit/537.36 (KHTML, like Gecko; compatible; bingbot/2.0; +http://www.bing.com/bingbot.htm) Chrome/116.0.1938.76 Safari/537.36" "40.77.167.43"
172.31.20.228 - - [12/Jul/2025:09:26:04 +0000] "GET /company/SRCL/ratios/quarterly/ HTTP/1.1" 200 54437 "-" "Mozilla/5.0 AppleWebKit/537.36 (KHTML, like Gecko; compatible; Perplexity-User/1.0; +https://perplexity.ai/perplexity-user)" "44.208.221.197"
172.31.14.238 - - [12/Jul/2025:09:26:04 +0000] "GET /search/mc%E5%8A%A8%E6%BC%AB%E5%AE%98%E7%BD%91 HTTP/1.1" 200 31237 "-" "Mozilla/5.0 AppleWebKit/537.36 (KHTML, like Gecko; compatible; bingbot/2.0; +http://www.bing.com/bingbot.htm) Chrome/116.0.1938.76 Safari/537.36" "40.77.167.43"
172.31.35.30 - - [12/Jul/2025:09:26:04 +0000] "GET /accounts/login/?next=%2Fcompany%2FCWK%2Fvaluation%2Fbeneish-m-score%2F HTTP/1.1" 200 11122 "-" "Mozilla/5.0 AppleWebKit/537.36 (KHTML, like Gecko; compatible; GPTBot/1.2; +https://openai.com/gptbot)" "20.171.207.173"
172.31.20.228 - - [12/Jul/2025:09:26:04 +0000] "GET /company/BZAI/cash-flow-statement/None HTTP/1.1" 200 31218 "-" "Mozilla/5.0 (Linux; Android 6.0.1; Nexus 5X Build/MMB29P) AppleWebKit/537.36 (KHTML, like Gecko) Chrome/137.0.7151.103 Mobile Safari/537.36 (compatible; Googlebot/2.1; +http://www.google.com/bot.html)" "66.249.64.70"
172.31.14.238 - - [12/Jul/2025:09:26:04 +0000] "GET /accounts/signup/?next=/company/CXAI/earnings/ HTTP/1.1" 200 11574 "-" "Mozilla/5.0 AppleWebKit/537.36 (KHTML, like Gecko; compatible; Amazonbot/0.1; +https://developer.amazon.com/support/amazonbot) Chrome/119.0.6045.214 Safari/537.36" "100.29.155.89"
172.31.35.30 - - [12/Jul/2025:09:26:05 +0000] "GET /accounts/login/?next=%2Fcompany%2FDMAC%2Fvaluation%2Fbeneish-m-score%2F HTTP/1.1" 200 11096 "-" "Mozilla/5.0 AppleWebKit/537.36 (KHTML, like Gecko; compatible; GPTBot/1.2; +https://openai.com/gptbot)" "20.171.207.173"
172.31.35.30 - - [12/Jul/2025:09:26:06 +0000] "GET /accounts/login/?next=/company/VPADX/executive-compensation/ HTTP/1.1" 200 11045 "-" "Mozilla/5.0 (compatible; AhrefsBot/7.0; +http://ahrefs.com/robot/)" "54.36.149.103"
172.31.14.238 - - [12/Jul/2025:09:26:06 +0000] "GET /company/SCMAW/senate-trading/ HTTP/1.1" 200 23826 "-" "Mozilla/5.0 AppleWebKit/537.36 (KHTML, like Gecko; compatible; ClaudeBot/1.0; +claudebot@anthropic.com)" "216.73.216.118"
172.31.35.30 - - [12/Jul/2025:09:26:06 +0000] "GET /accounts/login/?next=%2Fcompany%2FBEPH%2Fvaluation%2Faltman-z-score%2F HTTP/1.1" 200 11126 "-" "Mozilla/5.0 AppleWebKit/537.36 (KHTML, like Gecko; compatible; GPTBot/1.2; +https://openai.com/gptbot)" "20.171.207.173"
172.31.14.238 - - [12/Jul/2025:09:26:07 +0000] "GET /api/income-statement/?ticker=CRF&period=quarterly HTTP/1.1" 403 0 "-" "Mozilla/5.0 AppleWebKit/537.36 (KHTML, like Gecko; compatible; bingbot/2.0; +http://www.bing.com/bingbot.htm) Chrome/116.0.1938.76 Safari/537.36" "40.77.167.43"
172.31.35.30 - - [12/Jul/2025:09:26:08 +0000] "GET /accounts/signup/?next=/company/VPADX/executive-compensation/ HTTP/1.1" 200 11550 "-" "Mozilla/5.0 (compatible; AhrefsBot/7.0; +http://ahrefs.com/robot/)" "54.36.148.201"
172.31.35.30 - - [12/Jul/2025:09:26:09 +0000] "GET /accounts/login/?next=%2Fcompany%2FPGYWW%2Fvaluation%2Faltman-z-score%2F HTTP/1.1" 200 11041 "-" "Mozilla/5.0 AppleWebKit/537.36 (KHTML, like Gecko; compatible; GPTBot/1.2; +https://openai.com/gptbot)" "20.171.207.173"
172.31.20.228 - - [12/Jul/2025:09:26:09 +0000] "GET /company/WPG/transcripts/2013/3/ HTTP/1.1" 200 43745 "-" "Mozilla/5.0 AppleWebKit/537.36 (KHTML, like Gecko; compatible; Amazonbot/0.1; +https://developer.amazon.com/support/amazonbot) Chrome/119.0.6045.214 Safari/537.36" "3.232.82.72"
172.31.35.30 - - [12/Jul/2025:09:26:10 +0000] "GET /accounts/login/?next=/company/VTIVX/balance-sheet-statement/ HTTP/1.1" 200 11085 "-" "Mozilla/5.0 (compatible; AhrefsBot/7.0; +http://ahrefs.com/robot/)" "54.36.148.197"
172.31.35.30 - - [12/Jul/2025:09:26:10 +0000] "GET /accounts/login/?next=%2Fcompany%2FFLO%2Fvaluation%2Fbeneish-m-score%2F HTTP/1.1" 200 11038 "-" "Mozilla/5.0 AppleWebKit/537.36 (KHTML, like Gecko; compatible; GPTBot/1.2; +https://openai.com/gptbot)" "20.171.207.173"
172.31.35.30 - - [12/Jul/2025:09:26:11 +0000] "GET /accounts/login/?next=%2Fcompany%2FTLC%2Fvaluation%2Fbeneish-m-score%2F HTTP/1.1" 200 11084 "-" "Mozilla/5.0 AppleWebKit/537.36 (KHTML, like Gecko; compatible; GPTBot/1.2; +https://openai.com/gptbot)" "20.171.207.173"
172.31.35.30 - - [12/Jul/2025:09:26:11 +0000] "GET /accounts/signup/?next=/company/VTIVX/balance-sheet-statement/ HTTP/1.1" 200 11586 "-" "Mozilla/5.0 (compatible; AhrefsBot/7.0; +http://ahrefs.com/robot/)" "54.36.148.29"
172.31.35.30 - - [12/Jul/2025:09:26:12 +0000] "GET /accounts/login/?next=%2Fcompany%2FMSPRW%2Fvaluation%2Faltman-z-score%2F HTTP/1.1" 200 11099 "-" "Mozilla/5.0 AppleWebKit/537.36 (KHTML, like Gecko; compatible; GPTBot/1.2; +https://openai.com/gptbot)" "20.171.207.173"
172.31.14.238 - - [12/Jul/2025:09:26:12 +0000] "GET /accounts/login/?next=/company/RILYN/valuation/two-stage-dividend-discount-model/ HTTP/1.1" 200 11118 "-" "Mozilla/5.0 AppleWebKit/537.36 (KHTML, like Gecko; compatible; Amazonbot/0.1; +https://developer.amazon.com/support/amazonbot) Chrome/119.0.6045.214 Safari/537.36" "34.192.67.98"
172.31.20.228 - - [12/Jul/2025:09:26:13 +0000] "GET /company/COBZ/transcripts/ HTTP/1.1" 200 40822 "-" "Mozilla/5.0 (Linux; Android 6.0.1; Nexus 5X Build/MMB29P) AppleWebKit/537.36 (KHTML, like Gecko) Chrome/137.0.7151.119 Mobile Safari/537.36 (compatible; Googlebot/2.1; +http://www.google.com/bot.html)" "66.249.76.130"
172.31.14.238 - - [12/Jul/2025:09:26:13 +0000] "GET /accounts/signup/?next=/search/%EC%A3%BC%EC%9E%AC%EC%9B%90%2B%EC%98%81%EC%96%B4%EB%A1%9C HTTP/1.1" 200 11633 "-" "Mozilla/5.0 AppleWebKit/537.36 (KHTML, like Gecko; compatible; bingbot/2.0; +http://www.bing.com/bingbot.htm) Chrome/116.0.1938.76 Safari/537.36" "52.167.144.158"
172.31.14.238 - - [12/Jul/2025:09:26:13 +0000] "GET /health-check/ HTTP/1.1" 200 2 "-" "ELB-HealthChecker/2.0" "-"
172.31.20.228 - - [12/Jul/2025:09:26:13 +0000] "GET /health-check/ HTTP/1.1" 200 2 "-" "ELB-HealthChecker/2.0" "-"
172.31.20.228 - - [12/Jul/2025:09:26:13 +0000] "GET /company/COBZ/revenue-analysis/ HTTP/1.1" 200 41526 "-" "Mozilla/5.0 (Linux; Android 6.0.1; Nexus 5X Build/MMB29P) AppleWebKit/537.36 (KHTML, like Gecko) Chrome/137.0.7151.119 Mobile Safari/537.36 (compatible; Googlebot/2.1; +http://www.google.com/bot.html)" "66.249.64.70"
172.31.35.30 - - [12/Jul/2025:09:26:13 +0000] "GET /health-check/ HTTP/1.1" 200 2 "-" "ELB-HealthChecker/2.0" "-"
172.31.14.238 - - [12/Jul/2025:09:26:13 +0000] "GET /accounts/signup/?next=/search/%E4%B8%8D%E5%B1%88%E3%81%AE%E9%97%98%E5%BF%97%2B%E3%83%80%E3%83%95%E3%83%8D HTTP/1.1" 200 11597 "-" "Mozilla/5.0 AppleWebKit/537.36 (KHTML, like Gecko; compatible; bingbot/2.0; +http://www.bing.com/bingbot.htm) Chrome/116.0.1938.76 Safari/537.36" "52.167.144.158"
172.31.20.228 - - [12/Jul/2025:09:26:13 +0000] "GET /company/STLA/transcripts/2023/3/ HTTP/1.1" 200 43652 "-" "Mozilla/5.0 AppleWebKit/537.36 (KHTML, like Gecko); compatible; ChatGPT-User/1.0; +https://openai.com/bot" "23.98.142.184"
172.31.35.30 - - [12/Jul/2025:09:26:13 +0000] "GET /accounts/login/?next=%2Fcompany%2FDARE%2Fvaluation%2Faltman-z-score%2F HTTP/1.1" 200 11041 "-" "Mozilla/5.0 AppleWebKit/537.36 (KHTML, like Gecko; compatible; GPTBot/1.2; +https://openai.com/gptbot)" "20.171.207.173"
172.31.35.30 - - [12/Jul/2025:09:26:14 +0000] "GET /accounts/signup/?next=/company/PRESX/balance-sheet-statement/ HTTP/1.1" 200 11549 "-" "Mozilla/5.0 (compatible; AhrefsBot/7.0; +http://ahrefs.com/robot/)" "54.36.148.186"
172.31.35.30 - - [12/Jul/2025:09:26:15 +0000] "GET /accounts/login/?next=%2Fcompany%2FHRL%2Fvaluation%2Fpiotroski-f-score%2F HTTP/1.1" 200 11088 "-" "Mozilla/5.0 AppleWebKit/537.36 (KHTML, like Gecko; compatible; GPTBot/1.2; +https://openai.com/gptbot)" "20.171.207.173"
172.31.20.228 - - [12/Jul/2025:09:26:16 +0000] "GET /accounts/login/?next=/company/MATX/transcripts/2019/3/ HTTP/1.1" 200 11071 "-" "Mozilla/5.0 AppleWebKit/537.36 (KHTML, like Gecko; compatible; Amazonbot/0.1; +https://developer.amazon.com/support/amazonbot) Chrome/119.0.6045.214 Safari/537.36" "34.206.193.60"
172.31.35.30 - - [12/Jul/2025:09:26:16 +0000] "GET /accounts/signup/?next=/company/MTVC/institutional-holders/ HTTP/1.1" 200 11575 "-" "Mozilla/5.0 (compatible; AhrefsBot/7.0; +http://ahrefs.com/robot/)" "54.36.148.93"
172.31.35.30 - - [12/Jul/2025:09:26:17 +0000] "GET /logout/?next=%2Fcompany%2FHYACW%2F HTTP/1.1" 200 31245 "-" "Mozilla/5.0 (compatible; SemrushBot/7~bl; +http://www.semrush.com/bot.html)" "85.208.96.197"
172.31.35.30 - - [12/Jul/2025:09:26:17 +0000] "GET /accounts/login/?next=%2Fcompany%2FSW%2Fvaluation%2Fbeneish-m-score%2F HTTP/1.1" 200 11117 "-" "Mozilla/5.0 AppleWebKit/537.36 (KHTML, like Gecko; compatible; GPTBot/1.2; +https://openai.com/gptbot)" "20.171.207.173"
172.31.35.30 - - [12/Jul/2025:09:26:19 +0000] "GET /accounts/signup/?next=/company/MTVC/executive-compensation/ HTTP/1.1" 200 11545 "-" "Mozilla/5.0 (compatible; AhrefsBot/7.0; +http://ahrefs.com/robot/)" "54.36.149.15"
172.31.35.30 - - [12/Jul/2025:09:26:19 +0000] "GET /accounts/login/?next=%2Fcompany%2FELP%2Fvaluation%2Fpiotroski-f-score%2F HTTP/1.1" 200 11055 "-" "Mozilla/5.0 AppleWebKit/537.36 (KHTML, like Gecko; compatible; GPTBot/1.2; +https://openai.com/gptbot)" "20.171.207.173"
172.31.35.30 - - [12/Jul/2025:09:26:19 +0000] "GET /company/DOC/transcripts/2019/1/ HTTP/1.1" 200 44121 "-" "Mozilla/5.0 (compatible; SemrushBot/7~bl; +http://www.semrush.com/bot.html)" "85.208.96.212"
172.31.20.228 - - [12/Jul/2025:09:26:19 +0000] "GET /company/PLOW/valuation/weighted-average-cost-of-capital/ HTTP/1.1" 200 62330 "-" "Mozilla/5.0 (Linux; Android 6.0.1; Nexus 5X Build/MMB29P) AppleWebKit/537.36 (KHTML, like Gecko) Chrome/137.0.7151.103 Mobile Safari/537.36 (compatible; Googlebot/2.1; +http://www.google.com/bot.html)" "66.249.64.70"
172.31.20.228 - - [12/Jul/2025:09:26:20 +0000] "GET /company/PBH/senate-trading/ HTTP/1.1" 200 41563 "https://discountingcashflows.com/company/PBH/executive-compensation/" "Mozilla/5.0 (Linux; Android 7.0;) AppleWebKit/537.36 (KHTML, like Gecko) Mobile Safari/537.36 (compatible; PetalBot;+https://webmaster.petalsearch.com/site/petalbot)" "114.119.134.204"
172.31.20.228 - - [12/Jul/2025:09:26:20 +0000] "GET /company/DTG/estimates/ HTTP/1.1" 200 43435 "-" "Mozilla/5.0 (Linux; Android 6.0.1; Nexus 5X Build/MMB29P) AppleWebKit/537.36 (KHTML, like Gecko) Chrome/137.0.7151.119 Mobile Safari/537.36 (compatible; Googlebot/2.1; +http://www.google.com/bot.html)" "66.249.64.70"
172.31.35.30 - - [12/Jul/2025:09:26:20 +0000] "GET /accounts/login/?next=%2Fcompany%2FFINMW%2Fvaluation%2Faltman-z-score%2F HTTP/1.1" 200 11121 "-" "Mozilla/5.0 AppleWebKit/537.36 (KHTML, like Gecko; compatible; GPTBot/1.2; +https://openai.com/gptbot)" "20.171.207.173"
172.31.20.228 - - [12/Jul/2025:09:26:20 +0000] "GET /accounts/login/?next=/company/TRV/valuation/discounted-free-cash-flow-exit-multiple/ HTTP/1.1" 200 11090 "-" "Mozilla/5.0 AppleWebKit/537.36 (KHTML, like Gecko; compatible; Amazonbot/0.1; +https://developer.amazon.com/support/amazonbot) Chrome/119.0.6045.214 Safari/537.36" "3.220.70.171"
172.31.35.30 - - [12/Jul/2025:09:26:21 +0000] "GET /accounts/signup/?next=/company/MTVC/balance-sheet-statement/ HTTP/1.1" 200 11545 "-" "Mozilla/5.0 (compatible; AhrefsBot/7.0; +http://ahrefs.com/robot/)" "54.36.148.68"
172.31.35.30 - - [12/Jul/2025:09:26:21 +0000] "GET /accounts/login/?next=%2Fcompany%2FCVLY%2Fvaluation%2Fbeneish-m-score%2F HTTP/1.1" 200 11075 "-" "Mozilla/5.0 AppleWebKit/537.36 (KHTML, like Gecko; compatible; GPTBot/1.2; +https://openai.com/gptbot)" "20.171.207.173"
172.31.35.30 - - [12/Jul/2025:09:26:22 +0000] "GET /accounts/signup/?next=/company/MXIM/institutional-holders/ HTTP/1.1" 200 11519 "-" "Mozilla/5.0 (compatible; AhrefsBot/7.0; +http://ahrefs.com/robot/)" "54.36.148.231"
172.31.35.30 - - [12/Jul/2025:09:26:22 +0000] "GET /accounts/login/?next=%2Fcompany%2FDMAC%2Fvaluation%2Fbeneish-m-score%2F HTTP/1.1" 200 11106 "-" "Mozilla/5.0 AppleWebKit/537.36 (KHTML, like Gecko; compatible; GPTBot/1.2; +https://openai.com/gptbot)" "20.171.207.173"
172.31.35.30 - - [12/Jul/2025:09:26:24 +0000] "GET /accounts/login/?next=%2Fcompany%2FNAOV%2Fvaluation%2Faltman-z-score%2F HTTP/1.1" 200 11060 "-" "Mozilla/5.0 AppleWebKit/537.36 (KHTML, like Gecko; compatible; GPTBot/1.2; +https://openai.com/gptbot)" "20.171.207.173"
172.31.35.30 - - [12/Jul/2025:09:26:25 +0000] "GET /accounts/signup/?next=/company/2353.TW/valuation/annual-margin-report/ HTTP/1.1" 200 11596 "-" "Mozilla/5.0 AppleWebKit/537.36 (KHTML, like Gecko; compatible; Amazonbot/0.1; +https://developer.amazon.com/support/amazonbot) Chrome/119.0.6045.214 Safari/537.36" "54.157.99.244"
172.31.35.30 - - [12/Jul/2025:09:26:25 +0000] "GET /accounts/signup/?next=/company/MXIM/executive-compensation/ HTTP/1.1" 200 11583 "-" "Mozilla/5.0 (compatible; AhrefsBot/7.0; +http://ahrefs.com/robot/)" "54.36.149.67"
172.31.35.30 - - [12/Jul/2025:09:26:25 +0000] "GET /company/EIFHX/revenue-analysis/ HTTP/1.1" 302 0 "-" "Mozilla/5.0 (compatible; SemrushBot/7~bl; +http://www.semrush.com/bot.html)" "85.208.96.195"
172.31.35.30 - - [12/Jul/2025:09:26:26 +0000] "GET /accounts/login/?next=%2Fcompany%2FPTWO%2Fvaluation%2Faltman-z-score%2F HTTP/1.1" 200 11111 "-" "Mozilla/5.0 AppleWebKit/537.36 (KHTML, like Gecko; compatible; GPTBot/1.2; +https://openai.com/gptbot)" "20.171.207.173"
172.31.20.228 - - [12/Jul/2025:09:26:26 +0000] "GET /company/BMAQR/valuation/altman-z-score/ HTTP/1.1" 200 23807 "-" "Mozilla/5.0 AppleWebKit/537.36 (KHTML, like Gecko; compatible; ClaudeBot/1.0; +claudebot@anthropic.com)" "216.73.216.118"
172.31.35.30 - - [12/Jul/2025:09:26:26 +0000] "GET /accounts/signup/?next=/company/MXIM/balance-sheet-statement/ HTTP/1.1" 200 11547 "-" "Mozilla/5.0 (compatible; AhrefsBot/7.0; +http://ahrefs.com/robot/)" "54.36.148.112"
172.31.35.30 - - [12/Jul/2025:09:26:27 +0000] "GET /company/EIFHX/overview/ HTTP/1.1" 200 42071 "-" "Mozilla/5.0 (compatible; SemrushBot/7~bl; +http://www.semrush.com/bot.html)" "85.208.96.199"
172.31.35.30 - - [12/Jul/2025:09:26:27 +0000] "GET /accounts/login/?next=%2Fcompany%2FSODR%2Fvaluation%2Fbeneish-m-score%2F HTTP/1.1" 200 11122 "-" "Mozilla/5.0 AppleWebKit/537.36 (KHTML, like Gecko; compatible; GPTBot/1.2; +https://openai.com/gptbot)" "20.171.207.173"
172.31.35.30 - - [12/Jul/2025:09:26:28 +0000] "GET /accounts/login/?next=/company/MYIFX/valuation/weighted-average-cost-of-capital/ HTTP/1.1" 200 11111 "-" "Mozilla/5.0 (compatible; AhrefsBot/7.0; +http://ahrefs.com/robot/)" "54.36.148.23"
172.31.14.238 - - [12/Jul/2025:09:26:28 +0000] "GET /health-check/ HTTP/1.1" 200 2 "-" "ELB-HealthChecker/2.0" "-"
172.31.20.228 - - [12/Jul/2025:09:26:28 +0000] "GET /health-check/ HTTP/1.1" 200 2 "-" "ELB-HealthChecker/2.0" "-"
172.31.35.30 - - [12/Jul/2025:09:26:28 +0000] "GET /health-check/ HTTP/1.1" 200 2 "-" "ELB-HealthChecker/2.0" "-"
172.31.20.228 - - [12/Jul/2025:09:26:28 +0000] "GET /accounts/login/?next=/company/GOTU/senate-trading/ HTTP/1.1" 200 11071 "-" "Mozilla/5.0 AppleWebKit/537.36 (KHTML, like Gecko; compatible; Amazonbot/0.1; +https://developer.amazon.com/support/amazonbot) Chrome/119.0.6045.214 Safari/537.36" "34.234.206.30"
172.31.35.30 - - [12/Jul/2025:09:26:29 +0000] "GET /accounts/login/?next=%2Fcompany%2FSAGE%2Fvaluation%2Faltman-z-score%2F HTTP/1.1" 200 11092 "-" "Mozilla/5.0 AppleWebKit/537.36 (KHTML, like Gecko; compatible; GPTBot/1.2; +https://openai.com/gptbot)" "20.171.207.173"
172.31.20.228 - - [12/Jul/2025:09:26:30 +0000] "GET /company/ag/ HTTP/1.1" 302 0 "-" "Mozilla/5.0 AppleWebKit/537.36 (KHTML, like Gecko; compatible; ClaudeBot/1.0; +claudebot@anthropic.com)" "216.73.216.118"
172.31.20.228 - - [12/Jul/2025:09:26:30 +0000] "GET /company/ag/overview/ HTTP/1.1" 200 23857 "https://discountingcashflows.com/company/ag/" "Mozilla/5.0 AppleWebKit/537.36 (KHTML, like Gecko; compatible; ClaudeBot/1.0; +claudebot@anthropic.com)" "216.73.216.118"
172.31.35.30 - - [12/Jul/2025:09:26:31 +0000] "GET /accounts/login/?next=/company/OWSMX/valuation/weighted-average-cost-of-capital/ HTTP/1.1" 200 11123 "-" "Mozilla/5.0 (compatible; AhrefsBot/7.0; +http://ahrefs.com/robot/)" "54.36.148.106"
172.31.35.30 - - [12/Jul/2025:09:26:31 +0000] "GET /accounts/login/?next=%2Fcompany%2FPAYC%2Fvaluation%2Faltman-z-score%2F HTTP/1.1" 200 11043 "-" "Mozilla/5.0 AppleWebKit/537.36 (KHTML, like Gecko; compatible; GPTBot/1.2; +https://openai.com/gptbot)" "20.171.207.173"
172.31.35.30 - - [12/Jul/2025:09:26:31 +0000] "GET /accounts/signup/?next=/company/MYIFX/valuation/weighted-average-cost-of-capital/ HTTP/1.1" 200 11574 "-" "Mozilla/5.0 (compatible; AhrefsBot/7.0; +http://ahrefs.com/robot/)" "54.36.149.53"
172.31.35.30 - - [12/Jul/2025:09:26:32 +0000] "GET /accounts/login/?next=%2Fcompany%2FUMC%2Fvaluation%2Fbeneish-m-score%2F HTTP/1.1" 200 11053 "-" "Mozilla/5.0 AppleWebKit/537.36 (KHTML, like Gecko; compatible; GPTBot/1.2; +https://openai.com/gptbot)" "20.171.207.173"
172.31.35.30 - - [12/Jul/2025:09:26:32 +0000] "GET /accounts/signup/?next=/company/LMT/estimates/quarterly/ HTTP/1.1" 200 11544 "-" "Mozilla/5.0 AppleWebKit/537.36 (KHTML, like Gecko; compatible; Amazonbot/0.1; +https://developer.amazon.com/support/amazonbot) Chrome/119.0.6045.214 Safari/537.36" "18.206.47.187"
172.31.20.228 - - [12/Jul/2025:09:26:33 +0000] "GET /company/STRY/valuation/discounted-free-cash-flow-perpetuity/ HTTP/1.1" 200 75047 "-" "Mozilla/5.0 (Linux; Android 6.0.1; Nexus 5X Build/MMB29P) AppleWebKit/537.36 (KHTML, like Gecko) Chrome/137.0.7151.103 Mobile Safari/537.36 (compatible; Googlebot/2.1; +http://www.google.com/bot.html)" "66.249.64.70"
172.31.14.238 - - [12/Jul/2025:09:26:33 +0000] "GET /accounts/signup/?next=/search/mc%E5%8A%A8%E6%BC%AB%E5%AE%98%E7%BD%91 HTTP/1.1" 200 11603 "-" "Mozilla/5.0 AppleWebKit/537.36 (KHTML, like Gecko; compatible; bingbot/2.0; +http://www.bing.com/bingbot.htm) Chrome/116.0.1938.76 Safari/537.36" "52.167.144.158"
172.31.35.30 - - [12/Jul/2025:09:26:33 +0000] "GET /accounts/signup/?next=/company/OWSMX/valuation/weighted-average-cost-of-capital/ HTTP/1.1" 200 11546 "-" "Mozilla/5.0 (compatible; AhrefsBot/7.0; +http://ahrefs.com/robot/)" "54.36.149.66"
172.31.35.30 - - [12/Jul/2025:09:26:34 +0000] "GET /accounts/login/?next=%2Fcompany%2FHRL%2Fvaluation%2Fpiotroski-f-score%2F HTTP/1.1" 200 11080 "-" "Mozilla/5.0 AppleWebKit/537.36 (KHTML, like Gecko; compatible; GPTBot/1.2; +https://openai.com/gptbot)" "20.171.207.173"
172.31.35.30 - - [12/Jul/2025:09:26:35 +0000] "GET /accounts/login/?next=%2Fcompany%2FEMCGW%2Fvaluation%2Faltman-z-score%2F HTTP/1.1" 200 11073 "-" "Mozilla/5.0 AppleWebKit/537.36 (KHTML, like Gecko; compatible; GPTBot/1.2; +https://openai.com/gptbot)" "20.171.207.173"
172.31.20.228 - - [12/Jul/2025:09:26:35 +0000] "GET /company/MS-PL/transcripts/2022/2/ HTTP/1.1" 200 44737 "-" "Mozilla/5.0 AppleWebKit/537.36 (KHTML, like Gecko); compatible; ChatGPT-User/1.0; +https://openai.com/bot" "23.98.142.184"
172.31.20.228 - - [12/Jul/2025:09:26:35 +0000] "GET /company/DOPIX/valuation/discounted-future-market-cap/ HTTP/1.1" 200 23870 "-" "Mozilla/5.0 AppleWebKit/537.36 (KHTML, like Gecko; compatible; ClaudeBot/1.0; +claudebot@anthropic.com)" "216.73.216.118"
172.31.35.30 - - [12/Jul/2025:09:26:36 +0000] "GET /accounts/login/?next=/company/OWSMX/valuation/simple-dividend-discount-model/ HTTP/1.1" 200 11122 "-" "Mozilla/5.0 (compatible; AhrefsBot/7.0; +http://ahrefs.com/robot/)" "54.36.149.50"
172.31.35.30 - - [12/Jul/2025:09:26:37 +0000] "GET /company/FRU.TO/valuation/benjamin-grahams-number/ HTTP/1.1" 200 66919 "-" "Mozilla/5.0 (compatible; SemrushBot/7~bl; +http://www.semrush.com/bot.html)" "85.208.96.200"
172.31.14.238 - - [12/Jul/2025:09:26:37 +0000] "GET /accounts/signup/?next=/company/ZIMV/senate-trading/ HTTP/1.1" 200 11580 "-" "Mozilla/5.0 AppleWebKit/537.36 (KHTML, like Gecko; compatible; Amazonbot/0.1; +https://developer.amazon.com/support/amazonbot) Chrome/119.0.6045.214 Safari/537.36" "54.197.178.107"
172.31.35.30 - - [12/Jul/2025:09:26:37 +0000] "GET /accounts/login/?next=%2Fcompany%2FPN%2Fvaluation%2Fpiotroski-f-score%2F HTTP/1.1" 200 11084 "-" "Mozilla/5.0 AppleWebKit/537.36 (KHTML, like Gecko; compatible; GPTBot/1.2; +https://openai.com/gptbot)" "20.171.207.173"
172.31.35.30 - - [12/Jul/2025:09:26:37 +0000] "GET /api/analyst-estimates/?ticker=DES&period=annual HTTP/1.1" 403 0 "-" "Mozilla/5.0 AppleWebKit/537.36 (KHTML, like Gecko; compatible; bingbot/2.0; +http://www.bing.com/bingbot.htm) Chrome/116.0.1938.76 Safari/537.36" "40.77.167.43"
172.31.20.228 - - [12/Jul/2025:09:26:37 +0000] "GET /company/GAUZ/institutional-holders/ HTTP/1.1" 200 41308 "-" "Mozilla/5.0 AppleWebKit/537.36 (KHTML, like Gecko); compatible; ChatGPT-User/1.0; +https://openai.com/bot" "74.7.36.81"
172.31.35.30 - - [12/Jul/2025:09:26:38 +0000] "GET /accounts/signup/?next=/company/OWSMX/valuation/simple-dividend-discount-model/ HTTP/1.1" 200 11533 "-" "Mozilla/5.0 (compatible; AhrefsBot/7.0; +http://ahrefs.com/robot/)" "54.36.149.93"
172.31.35.30 - - [12/Jul/2025:09:26:38 +0000] "GET /accounts/login/?next=%2Fcompany%2FKSU%2Fvaluation%2Fpiotroski-f-score%2F HTTP/1.1" 200 11064 "-" "Mozilla/5.0 AppleWebKit/537.36 (KHTML, like Gecko; compatible; GPTBot/1.2; +https://openai.com/gptbot)" "20.171.207.173"
172.31.20.228 - - [12/Jul/2025:09:26:38 +0000] "POST /deprecated-assumptions/preview/ HTTP/1.1" 200 1264 "https://discountingcashflows.com/company/YORKU/valuation/two-stage-dividend-discount-model/" "Mozilla/5.0 (Linux; Android 6.0.1; Nexus 5X Build/MMB29P) AppleWebKit/537.36 (KHTML, like Gecko) Chrome/137.0.7151.119 Mobile Safari/537.36 (compatible; Googlebot/2.1; +http://www.google.com/bot.html)" "66.249.64.70"
172.31.20.228 - - [12/Jul/2025:09:26:39 +0000] "GET /company/STRF/overview/ HTTP/1.1" 200 43518 "-" "Mozilla/5.0 (Linux; Android 6.0.1; Nexus 5X Build/MMB29P) AppleWebKit/537.36 (KHTML, like Gecko) Chrome/137.0.7151.119 Mobile Safari/537.36 (compatible; Googlebot/2.1; +http://www.google.com/bot.html)" "66.249.76.130"
172.31.35.30 - - [12/Jul/2025:09:26:39 +0000] "GET /accounts/login/?next=/company/PONY/valuation/two-stage-excess-return-model/ HTTP/1.1" 200 11072 "-" "Mozilla/5.0 (compatible; AhrefsBot/7.0; +http://ahrefs.com/robot/)" "54.36.148.202"
172.31.35.30 - - [12/Jul/2025:09:26:40 +0000] "GET /accounts/login/?next=%2Fcompany%2FFICO%2Fvaluation%2Fbeneish-m-score%2F HTTP/1.1" 200 11109 "-" "Mozilla/5.0 AppleWebKit/537.36 (KHTML, like Gecko; compatible; GPTBot/1.2; +https://openai.com/gptbot)" "20.171.207.173"
172.31.20.228 - - [12/Jul/2025:09:26:40 +0000] "GET /company/AADR,LMAT,HDG/valuation/default/9/ HTTP/1.1" 302 0 "-" "Mozilla/5.0 AppleWebKit/537.36 (KHTML, like Gecko; compatible; ClaudeBot/1.0; +claudebot@anthropic.com)" "216.73.216.118"
172.31.20.228 - - [12/Jul/2025:09:26:40 +0000] "GET /company/AADR,LMAT,HDG/valuation/simple-dividend-discount-model/ HTTP/1.1" 200 23854 "https://discountingcashflows.com/company/AADR,LMAT,HDG/valuation/default/9/" "Mozilla/5.0 AppleWebKit/537.36 (KHTML, like Gecko; compatible; ClaudeBot/1.0; +claudebot@anthropic.com)" "216.73.216.118"
172.31.14.238 - - [12/Jul/2025:09:26:41 +0000] "GET /company/ACHR/balance-sheet-statement/quarterly/ HTTP/1.1" 200 46286 "-" "Mozilla/5.0 AppleWebKit/537.36 (KHTML, like Gecko); compatible; ChatGPT-User/1.0; +https://openai.com/bot" "23.98.142.191"
172.31.20.228 - - [12/Jul/2025:09:26:41 +0000] "GET /company/IES.DE/valuation/capital-asset-pricing-model/ HTTP/1.1" 200 59683 "-" "Mozilla/5.0 (Linux; Android 6.0.1; Nexus 5X Build/MMB29P) AppleWebKit/537.36 (KHTML, like Gecko) Chrome/137.0.7151.103 Mobile Safari/537.36 (compatible; Googlebot/2.1; +http://www.google.com/bot.html)" "66.249.64.71"
172.31.20.228 - - [12/Jul/2025:09:26:41 +0000] "GET /accounts/signup/?next=/company/RGP/valuation/two-stage-dividend-discount-model/ HTTP/1.1" 200 11590 "-" "Mozilla/5.0 AppleWebKit/537.36 (KHTML, like Gecko; compatible; Amazonbot/0.1; +https://developer.amazon.com/support/amazonbot) Chrome/119.0.6045.214 Safari/537.36" "52.54.157.23"
172.31.35.30 - - [12/Jul/2025:09:26:41 +0000] "GET /accounts/login/?next=%2Fcompany%2FECOM%2Fvaluation%2Faltman-z-score%2F HTTP/1.1" 200 11121 "-" "Mozilla/5.0 AppleWebKit/537.36 (KHTML, like Gecko; compatible; GPTBot/1.2; +https://openai.com/gptbot)" "20.171.207.173"
172.31.35.30 - - [12/Jul/2025:09:26:42 +0000] "GET /accounts/login/?next=/company/PONY/valuation/simple-dividend-discount-model/ HTTP/1.1" 200 11091 "-" "Mozilla/5.0 (compatible; AhrefsBot/7.0; +http://ahrefs.com/robot/)" "54.36.149.27"
172.31.35.30 - - [12/Jul/2025:09:26:43 +0000] "GET /accounts/login/?next=%2Fcompany%2FCREXW%2Fvaluation%2Faltman-z-score%2F HTTP/1.1" 200 11043 "-" "Mozilla/5.0 AppleWebKit/537.36 (KHTML, like Gecko; compatible; GPTBot/1.2; +https://openai.com/gptbot)" "20.171.207.173"
172.31.14.238 - - [12/Jul/2025:09:26:43 +0000] "GET /health-check/ HTTP/1.1" 200 2 "-" "ELB-HealthChecker/2.0" "-"
172.31.20.228 - - [12/Jul/2025:09:26:43 +0000] "GET /health-check/ HTTP/1.1" 200 2 "-" "ELB-HealthChecker/2.0" "-"
172.31.35.30 - - [12/Jul/2025:09:26:43 +0000] "GET /health-check/ HTTP/1.1" 200 2 "-" "ELB-HealthChecker/2.0" "-"
172.31.35.30 - - [12/Jul/2025:09:26:44 +0000] "GET /accounts/login/?next=%2Fcompany%2FTHRY%2Fvaluation%2Fbeneish-m-score%2F HTTP/1.1" 200 11088 "-" "Mozilla/5.0 AppleWebKit/537.36 (KHTML, like Gecko; compatible; GPTBot/1.2; +https://openai.com/gptbot)" "20.171.207.173"
172.31.35.30 - - [12/Jul/2025:09:26:44 +0000] "GET /accounts/signup/?next=/company/PONY/valuation/simple-dividend-discount-model/ HTTP/1.1" 200 11572 "-" "Mozilla/5.0 (compatible; AhrefsBot/7.0; +http://ahrefs.com/robot/)" "54.36.149.73"
172.31.14.238 - - [12/Jul/2025:09:26:44 +0000] "GET /accounts/login/?next=/company/BC94.L/valuation/weighted-average-cost-of-capital/ HTTP/1.1" 200 11047 "-" "Mozilla/5.0 AppleWebKit/537.36 (KHTML, like Gecko; compatible; Amazonbot/0.1; +https://developer.amazon.com/support/amazonbot) Chrome/119.0.6045.214 Safari/537.36" "52.44.174.136"
172.31.35.30 - - [12/Jul/2025:09:26:45 +0000] "GET /accounts/login/?next=%2Fcompany%2FMTRYW%2Fvaluation%2Faltman-z-score%2F HTTP/1.1" 200 11035 "-" "Mozilla/5.0 AppleWebKit/537.36 (KHTML, like Gecko; compatible; GPTBot/1.2; +https://openai.com/gptbot)" "20.171.207.173"
172.31.20.228 - - [12/Jul/2025:09:26:45 +0000] "GET /company/bfly/valuation/ HTTP/1.1" 200 23799 "-" "Mozilla/5.0 AppleWebKit/537.36 (KHTML, like Gecko; compatible; ClaudeBot/1.0; +claudebot@anthropic.com)" "216.73.216.118"
172.31.35.30 - - [12/Jul/2025:09:26:46 +0000] "GET /company/DRREDDY/transcripts/2026/4/ HTTP/1.1" 200 9409 "-" "axios/1.9.0" "18.153.216.70"
172.31.35.30 - - [12/Jul/2025:09:26:46 +0000] "GET /accounts/login/?next=%2Fcompany%2FCURB%2Fvaluation%2Faltman-z-score%2F HTTP/1.1" 200 11056 "-" "Mozilla/5.0 AppleWebKit/537.36 (KHTML, like Gecko; compatible; GPTBot/1.2; +https://openai.com/gptbot)" "20.171.207.173"
172.31.20.228 - - [12/Jul/2025:09:26:47 +0000] "GET /company/GTERU/transcripts/ HTTP/1.1" 200 40994 "-" "Mozilla/5.0 AppleWebKit/537.36 (KHTML, like Gecko); compatible; ChatGPT-User/1.0; +https://openai.com/bot" "51.8.155.52"
172.31.35.30 - - [12/Jul/2025:09:26:47 +0000] "GET /accounts/signup/?next=/company/PONY/valuation/repository/1/ HTTP/1.1" 200 11590 "-" "Mozilla/5.0 (compatible; AhrefsBot/7.0; +http://ahrefs.com/robot/)" "54.36.148.200"
172.31.35.30 - - [12/Jul/2025:09:26:47 +0000] "GET /accounts/login/?next=%2Fcompany%2FXOS%2Fvaluation%2Fbeneish-m-score%2F HTTP/1.1" 200 11121 "-" "Mozilla/5.0 AppleWebKit/537.36 (KHTML, like Gecko; compatible; GPTBot/1.2; +https://openai.com/gptbot)" "20.171.207.173"
172.31.14.238 - - [12/Jul/2025:09:26:48 +0000] "GET /accounts/login/?next=/company/NGKSY/valuation/repository/nathan-winklepleck-cfa/nathans-discounted-free-cash-flow/ HTTP/1.1" 200 46855 "-" "meta-externalagent/1.1 (+https://developers.facebook.com/docs/sharing/webmasters/crawler)" "57.141.0.10"
172.31.20.228 - - [12/Jul/2025:09:26:48 +0000] "GET /accounts/login/?next=/company/JPM-PJ/overview/ HTTP/1.1" 200 11048 "-" "Mozilla/5.0 AppleWebKit/537.36 (KHTML, like Gecko; compatible; Amazonbot/0.1; +https://developer.amazon.com/support/amazonbot) Chrome/119.0.6045.214 Safari/537.36" "3.212.205.90"
172.31.35.30 - - [12/Jul/2025:09:26:49 +0000] "GET /accounts/login/?next=%2Fcompany%2FMETX%2Fvaluation%2Faltman-z-score%2F HTTP/1.1" 200 11066 "-" "Mozilla/5.0 AppleWebKit/537.36 (KHTML, like Gecko; compatible; GPTBot/1.2; +https://openai.com/gptbot)" "20.171.207.173"
172.31.20.228 - - [12/Jul/2025:09:26:50 +0000] "GET /company/TBSAU/senate-trading/ HTTP/1.1" 200 23781 "-" "Mozilla/5.0 AppleWebKit/537.36 (KHTML, like Gecko; compatible; ClaudeBot/1.0; +claudebot@anthropic.com)" "216.73.216.118"
172.31.35.30 - - [12/Jul/2025:09:26:50 +0000] "GET /accounts/login/?next=%2Fcompany%2FNTRBW%2Fvaluation%2Faltman-z-score%2F HTTP/1.1" 200 11064 "-" "Mozilla/5.0 AppleWebKit/537.36 (KHTML, like Gecko; compatible; GPTBot/1.2; +https://openai.com/gptbot)" "20.171.207.173"
172.31.35.30 - - [12/Jul/2025:09:26:51 +0000] "GET /accounts/signup/?next=/company/PONY/valuation/benjamin-grahams-number/ HTTP/1.1" 200 11523 "-" "Mozilla/5.0 (compatible; AhrefsBot/7.0; +http://ahrefs.com/robot/)" "54.36.148.217"
172.31.35.30 - - [12/Jul/2025:09:26:51 +0000] "GET /accounts/login/?next=%2Fcompany%2FAUB%2Fvaluation%2Fpiotroski-f-score%2F HTTP/1.1" 200 11121 "-" "Mozilla/5.0 AppleWebKit/537.36 (KHTML, like Gecko; compatible; GPTBot/1.2; +https://openai.com/gptbot)" "20.171.207.173"
172.31.35.30 - - [12/Jul/2025:09:26:52 +0000] "GET /accounts/login/?next=%2Fcompany%2FBGRY%2Fvaluation%2Faltman-z-score%2F HTTP/1.1" 200 11082 "-" "Mozilla/5.0 AppleWebKit/537.36 (KHTML, like Gecko; compatible; GPTBot/1.2; +https://openai.com/gptbot)" "20.171.207.173"
172.31.35.30 - - [12/Jul/2025:09:26:52 +0000] "GET /accounts/login/?next=/company/HUM/income-statement/None HTTP/1.1" 200 11105 "-" "Mozilla/5.0 AppleWebKit/537.36 (KHTML, like Gecko; compatible; Amazonbot/0.1; +https://developer.amazon.com/support/amazonbot) Chrome/119.0.6045.214 Safari/537.36" "3.232.82.72"
172.31.35.30 - - [12/Jul/2025:09:26:53 +0000] "GET /company/UTL/valuation/benjamin-grahams-number/ HTTP/1.1" 200 67778 "-" "Mozilla/5.0 (compatible; SemrushBot/7~bl; +http://www.semrush.com/bot.html)" "85.208.96.206"
172.31.14.238 - - [12/Jul/2025:09:26:53 +0000] "GET /company/CPALL.BK/income-statement/ HTTP/1.1" 200 48404 "-" "Mozilla/5.0 AppleWebKit/537.36 (KHTML, like Gecko; compatible; bingbot/2.0; +http://www.bing.com/bingbot.htm) Chrome/116.0.1938.76 Safari/537.36" "40.77.167.43"
172.31.35.30 - - [12/Jul/2025:09:26:53 +0000] "GET /accounts/login/?next=%2Fcompany%2FGNSS%2Fvaluation%2Fbeneish-m-score%2F HTTP/1.1" 200 11073 "-" "Mozilla/5.0 AppleWebKit/537.36 (KHTML, like Gecko; compatible; GPTBot/1.2; +https://openai.com/gptbot)" "20.171.207.173"
172.31.35.30 - - [12/Jul/2025:09:26:53 +0000] "GET /accounts/login/?next=/company/PRMSX/valuation/two-stage-dividend-discount-model/ HTTP/1.1" 200 11114 "-" "Mozilla/5.0 (compatible; AhrefsBot/7.0; +http://ahrefs.com/robot/)" "54.36.149.5"
172.31.20.228 - - [12/Jul/2025:09:26:54 +0000] "GET /robots.txt HTTP/1.1" 200 109 "-" "Mozilla/5.0 (compatible; MJ12bot/v1.4.8; http://mj12bot.com/)" "188.165.237.120"
172.31.35.30 - - [12/Jul/2025:09:26:54 +0000] "GET /accounts/login/?next=%2Fcompany%2FSNAP%2Fvaluation%2Faltman-z-score%2F HTTP/1.1" 200 11112 "-" "Mozilla/5.0 AppleWebKit/537.36 (KHTML, like Gecko; compatible; GPTBot/1.2; +https://openai.com/gptbot)" "20.171.207.173"
172.31.35.30 - - [12/Jul/2025:09:26:54 +0000] "GET /accounts/signup/?next=/company/PRMSX/valuation/two-stage-dividend-discount-model/ HTTP/1.1" 200 11607 "-" "Mozilla/5.0 (compatible; AhrefsBot/7.0; +http://ahrefs.com/robot/)" "54.36.149.10"
172.31.20.228 - - [12/Jul/2025:09:26:55 +0000] "GET /company/prqr/ HTTP/1.1" 302 0 "-" "Mozilla/5.0 AppleWebKit/537.36 (KHTML, like Gecko; compatible; ClaudeBot/1.0; +claudebot@anthropic.com)" "216.73.216.118"
172.31.35.30 - - [12/Jul/2025:09:26:55 +0000] "GET /accounts/login/?next=%2Fcompany%2FPDM%2Fvaluation%2Fpiotroski-f-score%2F HTTP/1.1" 200 11113 "-" "Mozilla/5.0 AppleWebKit/537.36 (KHTML, like Gecko; compatible; GPTBot/1.2; +https://openai.com/gptbot)" "20.171.207.173"
172.31.20.228 - - [12/Jul/2025:09:26:55 +0000] "GET /company/prqr/overview/ HTTP/1.1" 200 23821 "https://discountingcashflows.com/company/prqr/" "Mozilla/5.0 AppleWebKit/537.36 (KHTML, like Gecko; compatible; ClaudeBot/1.0; +claudebot@anthropic.com)" "216.73.216.118"
172.31.20.228 - - [12/Jul/2025:09:26:56 +0000] "GET /company/BFSAX/valuation/two-stage-dividend-discount-model/ HTTP/1.1" 302 0 "-" "Mozilla/5.0 (compatible; MJ12bot/v1.4.8; http://mj12bot.com/)" "188.165.237.120"
172.31.35.30 - - [12/Jul/2025:09:26:56 +0000] "GET /company/OXSQL/transcripts/2013/1/ HTTP/1.1" 200 43969 "-" "Mozilla/5.0 (compatible; SemrushBot/7~bl; +http://www.semrush.com/bot.html)" "85.208.96.210"
172.31.35.30 - - [12/Jul/2025:09:26:57 +0000] "GET /accounts/login/?next=%2Fcompany%2FCULP%2Fvaluation%2Fbeneish-m-score%2F HTTP/1.1" 200 11084 "-" "Mozilla/5.0 AppleWebKit/537.36 (KHTML, like Gecko; compatible; GPTBot/1.2; +https://openai.com/gptbot)" "20.171.207.173"
172.31.20.228 - - [12/Jul/2025:09:26:57 +0000] "GET /accounts/login/?next=/company/VTCLX/chart/ HTTP/1.1" 200 11074 "-" "Mozilla/5.0 AppleWebKit/537.36 (KHTML, like Gecko; compatible; Amazonbot/0.1; +https://developer.amazon.com/support/amazonbot) Chrome/119.0.6045.214 Safari/537.36" "107.23.62.75"
172.31.14.238 - - [12/Jul/2025:09:26:57 +0000] "GET /search/%D0%BA%D0%BE%D0%BC%D0%B0%D0%BD%D0%B4%D0%B0+%D1%87%D0%B5%D0%BB%D1%81%D0%B8+%D1%84%D0%B8%D0%BD%D0%B0%D0%BB+%D1%81%D0%BE%D1%81%D1%82%D0%BE%D0%B8%D1%82%D1%81%D1%8F+%D0%B2+%D0%BA%D0%BE%D1%82%D0%BE%D1%80%D0%BE%D0%BC+%D1%87%D0%B0%D1%81%D1%83+%D0%BF%D0%BE+%D1%81%D1%80%D0%B5%D0%B4%D0%BD%D0%B5+%D0%B5%D0%B2%D1%80%D0%BE%D0%BF%D0%B5 HTTP/1.1" 200 31296 "-" "Mozilla/5.0 AppleWebKit/537.36 (KHTML, like Gecko; compatible; bingbot/2.0; +http://www.bing.com/bingbot.htm) Chrome/116.0.1938.76 Safari/537.36" "52.167.144.158"
172.31.35.30 - - [12/Jul/2025:09:26:58 +0000] "GET /company/TDTH/income-statement/ HTTP/1.1" 200 44136 "https://discountingcashflows.com/company/TDTH/income-statement/" "Mozilla/5.0 (Macintosh; Intel Mac OS X 10_15_7) AppleWebKit/537.36 (KHTML, like Gecko) Chrome/119.0.0.0 Safari/537.36" "190.92.207.238"
172.31.14.238 - - [12/Jul/2025:09:26:58 +0000] "GET /search/%E4%BD%8E%E6%8E%92%E5%9C%A7 HTTP/1.1" 200 31238 "-" "Mozilla/5.0 AppleWebKit/537.36 (KHTML, like Gecko; compatible; bingbot/2.0; +http://www.bing.com/bingbot.htm) Chrome/116.0.1938.76 Safari/537.36" "52.167.144.158"
172.31.35.30 - - [12/Jul/2025:09:26:58 +0000] "GET /accounts/signup/?next=/company/PRMSX/valuation/simple-excess-return-model/ HTTP/1.1" 200 11526 "-" "Mozilla/5.0 (compatible; AhrefsBot/7.0; +http://ahrefs.com/robot/)" "54.36.149.4"
172.31.14.238 - - [12/Jul/2025:09:26:58 +0000] "GET /health-check/ HTTP/1.1" 200 2 "-" "ELB-HealthChecker/2.0" "-"
172.31.20.228 - - [12/Jul/2025:09:26:58 +0000] "GET /health-check/ HTTP/1.1" 200 2 "-" "ELB-HealthChecker/2.0" "-"
172.31.35.30 - - [12/Jul/2025:09:26:58 +0000] "GET /health-check/ HTTP/1.1" 200 2 "-" "ELB-HealthChecker/2.0" "-"
172.31.20.228 - - [12/Jul/2025:09:26:58 +0000] "GET /company/BFSAX/overview/ HTTP/1.1" 200 42127 "-" "Mozilla/5.0 (compatible; MJ12bot/v1.4.8; http://mj12bot.com/)" "188.165.237.120"
172.31.35.30 - - [12/Jul/2025:09:26:59 +0000] "GET /accounts/login/?next=%2Fcompany%2FFNB%2Fvaluation%2Fbeneish-m-score%2F HTTP/1.1" 200 11117 "-" "Mozilla/5.0 AppleWebKit/537.36 (KHTML, like Gecko; compatible; GPTBot/1.2; +https://openai.com/gptbot)" "20.171.207.173"
172.31.35.30 - - [12/Jul/2025:09:26:59 +0000] "GET /accounts/login/?next=/company/PRMSX/valuation/return-on-invested-capital-roic/ HTTP/1.1" 200 11074 "-" "Mozilla/5.0 (compatible; AhrefsBot/7.0; +http://ahrefs.com/robot/)" "54.36.148.15"
172.31.35.30 - - [12/Jul/2025:09:27:00 +0000] "GET /accounts/login/?next=%2Fcompany%2FALXN%2Fvaluation%2Faltman-z-score%2F HTTP/1.1" 200 11087 "-" "Mozilla/5.0 AppleWebKit/537.36 (KHTML, like Gecko; compatible; GPTBot/1.2; +https://openai.com/gptbot)" "20.171.207.173"
172.31.14.238 - - [12/Jul/2025:09:27:00 +0000] "GET /accounts/signup/?next=/company/DRCT/valuation/discounted-free-cash-flow-perpetuity/ HTTP/1.1" 200 11524 "-" "Mozilla/5.0 AppleWebKit/537.36 (KHTML, like Gecko; compatible; Amazonbot/0.1; +https://developer.amazon.com/support/amazonbot) Chrome/119.0.6045.214 Safari/537.36" "44.207.207.36"
172.31.35.30 - - [12/Jul/2025:09:27:00 +0000] "GET /company/AWH/transcripts/2015/4/ HTTP/1.1" 200 44192 "-" "Mozilla/5.0 (compatible; SemrushBot/7~bl; +http://www.semrush.com/bot.html)" "85.208.96.198"
172.31.35.30 - - [12/Jul/2025:09:27:01 +0000] "GET /accounts/login/?next=%2Fcompany%2FLUV%2Fvaluation%2Fbeneish-m-score%2F HTTP/1.1" 200 11052 "-" "Mozilla/5.0 AppleWebKit/537.36 (KHTML, like Gecko; compatible; GPTBot/1.2; +https://openai.com/gptbot)" "20.171.207.173"
172.31.14.238 - - [12/Jul/2025:09:27:02 +0000] "GET /company/NEP/transcripts/2021/4/ HTTP/1.1" 200 43473 "-" "Mozilla/5.0 AppleWebKit/537.36 (KHTML, like Gecko); compatible; ChatGPT-User/1.0; +https://openai.com/bot" "23.98.142.191"
172.31.35.30 - - [12/Jul/2025:09:27:02 +0000] "GET /accounts/login/?next=%2Fcompany%2FHY%2Fvaluation%2Fpiotroski-f-score%2F HTTP/1.1" 200 11033 "-" "Mozilla/5.0 AppleWebKit/537.36 (KHTML, like Gecko; compatible; GPTBot/1.2; +https://openai.com/gptbot)" "20.171.207.173"
172.31.20.228 - - [12/Jul/2025:09:27:02 +0000] "GET /company/JWWCX/valuation/discounted-free-cash-flow-exit-multiple/ HTTP/1.1" 302 0 "-" "Mozilla/5.0 (compatible; MJ12bot/v1.4.8; http://mj12bot.com/)" "188.165.237.120"
172.31.35.30 - - [12/Jul/2025:09:27:03 +0000] "GET /accounts/login/?next=%2Fcompany%2FELTX%2Fvaluation%2Faltman-z-score%2F HTTP/1.1" 200 11049 "-" "Mozilla/5.0 AppleWebKit/537.36 (KHTML, like Gecko; compatible; GPTBot/1.2; +https://openai.com/gptbot)" "20.171.207.173"
172.31.35.30 - - [12/Jul/2025:09:27:03 +0000] "GET /company/RUI.PA/insider-trading/ HTTP/1.1" 200 23843 "-" "Mozilla/5.0 AppleWebKit/537.36 (KHTML, like Gecko; compatible; ClaudeBot/1.0; +claudebot@anthropic.com)" "216.73.216.118"
172.31.35.30 - - [12/Jul/2025:09:27:04 +0000] "GET /accounts/login/?next=%2Fcompany%2FSNCR%2Fvaluation%2Fbeneish-m-score%2F HTTP/1.1" 200 11085 "-" "Mozilla/5.0 AppleWebKit/537.36 (KHTML, like Gecko; compatible; GPTBot/1.2; +https://openai.com/gptbot)" "20.171.207.173"
172.31.35.30 - - [12/Jul/2025:09:27:04 +0000] "GET /accounts/signup/?next=/company/PRMSX/valuation/return-on-invested-capital-roic/ HTTP/1.1" 200 11517 "-" "Mozilla/5.0 (compatible; AhrefsBot/7.0; +http://ahrefs.com/robot/)" "54.36.148.94"
172.31.35.30 - - [12/Jul/2025:09:27:05 +0000] "GET /accounts/login/?next=%2Fcompany%2FCVEO%2Fvaluation%2Fbeneish-m-score%2F HTTP/1.1" 200 11121 "-" "Mozilla/5.0 AppleWebKit/537.36 (KHTML, like Gecko; compatible; GPTBot/1.2; +https://openai.com/gptbot)" "20.171.207.173"
172.31.35.30 - - [12/Jul/2025:09:27:05 +0000] "GET /company/NNCHY,LD,HTCMY/valuation/default/9/ HTTP/1.1" 302 0 "-" "Mozilla/5.0 AppleWebKit/537.36 (KHTML, like Gecko; compatible; ClaudeBot/1.0; +claudebot@anthropic.com)" "216.73.216.118"
172.31.35.30 - - [12/Jul/2025:09:27:05 +0000] "GET /company/NNCHY,LD,HTCMY/valuation/simple-dividend-discount-model/ HTTP/1.1" 200 23880 "https://discountingcashflows.com/company/NNCHY,LD,HTCMY/valuation/default/9/" "Mozilla/5.0 AppleWebKit/537.36 (KHTML, like Gecko; compatible; ClaudeBot/1.0; +claudebot@anthropic.com)" "216.73.216.118"
172.31.20.228 - - [12/Jul/2025:09:27:06 +0000] "GET /accounts/login/?next=/company/UTHR/insider-trading/ HTTP/1.1" 200 11050 "-" "Mozilla/5.0 AppleWebKit/537.36 (KHTML, like Gecko; compatible; Amazonbot/0.1; +https://developer.amazon.com/support/amazonbot) Chrome/119.0.6045.214 Safari/537.36" "44.212.145.46"
172.31.35.30 - - [12/Jul/2025:09:27:06 +0000] "GET /accounts/login/?next=%2Fcompany%2FCHA%2Fvaluation%2Fbeneish-m-score%2F HTTP/1.1" 200 11124 "-" "Mozilla/5.0 AppleWebKit/537.36 (KHTML, like Gecko; compatible; GPTBot/1.2; +https://openai.com/gptbot)" "20.171.207.173"
172.31.20.228 - - [12/Jul/2025:09:27:06 +0000] "GET /company/JWWCX/overview/ HTTP/1.1" 200 42081 "-" "Mozilla/5.0 (compatible; MJ12bot/v1.4.8; http://mj12bot.com/)" "188.165.237.120"
172.31.35.30 - - [12/Jul/2025:09:27:07 +0000] "GET /accounts/login/?next=/company/PRMSX/valuation/repository/1/ HTTP/1.1" 200 11048 "-" "Mozilla/5.0 (compatible; AhrefsBot/7.0; +http://ahrefs.com/robot/)" "54.36.148.123"
172.31.14.238 - - [12/Jul/2025:09:27:07 +0000] "GET /company/RIBB/cash-flow-statement/ HTTP/1.1" 200 40831 "-" "Mozilla/5.0 (Linux; Android 6.0.1; Nexus 5X Build/MMB29P) AppleWebKit/537.36 (KHTML, like Gecko) Chrome/137.0.7151.103 Mobile Safari/537.36 (compatible; Googlebot/2.1; +http://www.google.com/bot.html)" "66.249.64.72"
172.31.35.30 - - [12/Jul/2025:09:27:08 +0000] "GET /accounts/login/?next=%2Fcompany%2FFATPW%2Fvaluation%2Fbeneish-m-score%2F HTTP/1.1" 200 11115 "-" "Mozilla/5.0 AppleWebKit/537.36 (KHTML, like Gecko; compatible; GPTBot/1.2; +https://openai.com/gptbot)" "20.171.207.173"
172.31.35.30 - - [12/Jul/2025:09:27:08 +0000] "GET /accounts/signup/?next=/company/PRMSX/valuation/repository/1/ HTTP/1.1" 200 11575 "-" "Mozilla/5.0 (compatible; AhrefsBot/7.0; +http://ahrefs.com/robot/)" "54.36.148.255"
172.31.35.30 - - [12/Jul/2025:09:27:09 +0000] "GET /accounts/login/?next=%2Fcompany%2FCULP%2Fvaluation%2Fbeneish-m-score%2F HTTP/1.1" 200 11124 "-" "Mozilla/5.0 AppleWebKit/537.36 (KHTML, like Gecko; compatible; GPTBot/1.2; +https://openai.com/gptbot)" "20.171.207.173"
172.31.20.228 - - [12/Jul/2025:09:27:09 +0000] "GET /accounts/signup/?next=/company/ADN1.DE/valuation/return-on-invested-capital-roic/ HTTP/1.1" 200 11552 "-" "Mozilla/5.0 AppleWebKit/537.36 (KHTML, like Gecko; compatible; Amazonbot/0.1; +https://developer.amazon.com/support/amazonbot) Chrome/119.0.6045.214 Safari/537.36" "52.204.174.139"
172.31.14.238 - - [12/Jul/2025:09:27:10 +0000] "GET /company/STRF/transcripts/ HTTP/1.1" 200 41003 "-" "Mozilla/5.0 (Linux; Android 6.0.1; Nexus 5X Build/MMB29P) AppleWebKit/537.36 (KHTML, like Gecko) Chrome/137.0.7151.119 Mobile Safari/537.36 (compatible; Googlebot/2.1; +http://www.google.com/bot.html)" "66.249.64.73"
172.31.20.228 - - [12/Jul/2025:09:27:10 +0000] "GET /company/JWWCX/valuation/two-stage-excess-return-model/ HTTP/1.1" 302 0 "-" "Mozilla/5.0 (compatible; MJ12bot/v1.4.8; http://mj12bot.com/)" "188.165.237.120"
172.31.35.30 - - [12/Jul/2025:09:27:10 +0000] "GET /accounts/login/?next=/company/PRMSX/valuation/discounted-future-market-cap/ HTTP/1.1" 200 11108 "-" "Mozilla/5.0 (compatible; AhrefsBot/7.0; +http://ahrefs.com/robot/)" "54.36.148.96"
172.31.35.30 - - [12/Jul/2025:09:27:10 +0000] "GET /company/GMII/senate-trading/ HTTP/1.1" 200 23870 "-" "Mozilla/5.0 AppleWebKit/537.36 (KHTML, like Gecko; compatible; ClaudeBot/1.0; +claudebot@anthropic.com)" "216.73.216.118"
172.31.35.30 - - [12/Jul/2025:09:27:10 +0000] "GET /accounts/login/?next=%2Fcompany%2FADOCR%2Fvaluation%2Faltman-z-score%2F HTTP/1.1" 200 11074 "-" "Mozilla/5.0 AppleWebKit/537.36 (KHTML, like Gecko; compatible; GPTBot/1.2; +https://openai.com/gptbot)" "20.171.207.173"
172.31.35.30 - - [12/Jul/2025:09:27:12 +0000] "GET /accounts/login/?next=%2Fcompany%2FCLPR%2Fvaluation%2Faltman-z-score%2F HTTP/1.1" 200 11036 "-" "Mozilla/5.0 AppleWebKit/537.36 (KHTML, like Gecko; compatible; GPTBot/1.2; +https://openai.com/gptbot)" "20.171.207.173"
172.31.35.30 - - [12/Jul/2025:09:27:12 +0000] "GET /accounts/signup/?next=/company/PRMSX/valuation/discounted-future-market-cap/ HTTP/1.1" 200 11525 "-" "Mozilla/5.0 (compatible; AhrefsBot/7.0; +http://ahrefs.com/robot/)" "54.36.148.124"
172.31.20.228 - - [12/Jul/2025:09:27:12 +0000] "GET /company/INDUSINDBK.NS/valuation/repository/nathan-winklepleck-cfa/nathans-discounted-free-cash-flow/ HTTP/1.1" 200 71514 "-" "Mozilla/5.0 AppleWebKit/537.36 (KHTML, like Gecko); compatible; ChatGPT-User/1.0; +https://openai.com/bot" "52.255.111.54"
172.31.20.228 - - [12/Jul/2025:09:27:12 +0000] "GET /accounts/signup/?next=/search/%D0%BA%D0%BE%D0%BC%D0%B0%D0%BD%D0%B4%D0%B0%2B%D1%87%D0%B5%D0%BB%D1%81%D0%B8%2B%D1%84%D0%B8%D0%BD%D0%B0%D0%BB%2B%D1%81%D0%BE%D1%81%D1%82%D0%BE%D0%B8%D1%82%D1%81%D1%8F%2B%D0%B2%2B%D0%BA%D0%BE%D1%82%D0%BE%D1%80%D0%BE%D0%BC%2B%D1%87%D0%B0%D1%81%D1%83%2B%D0%BF%D0%BE%2B%D1%81%D1%80%D0%B5%D0%B4%D0%BD%D0%B5%2B%D0%B5%D0%B2%D1%80%D0%BE%D0%BF%D0%B5 HTTP/1.1" 200 11731 "-" "Mozilla/5.0 AppleWebKit/537.36 (KHTML, like Gecko; compatible; bingbot/2.0; +http://www.bing.com/bingbot.htm) Chrome/116.0.1938.76 Safari/537.36" "40.77.167.75"
172.31.35.30 - - [12/Jul/2025:09:27:13 +0000] "GET /accounts/login/?next=%2Fcompany%2FALXN%2Fvaluation%2Faltman-z-score%2F HTTP/1.1" 200 11041 "-" "Mozilla/5.0 AppleWebKit/537.36 (KHTML, like Gecko; compatible; GPTBot/1.2; +https://openai.com/gptbot)" "20.171.207.173"
172.31.14.238 - - [12/Jul/2025:09:27:13 +0000] "GET /company/PGI/transcripts/2026/4/ HTTP/1.1" 200 9393 "-" "axios/1.9.0" "3.66.3.88"
172.31.14.238 - - [12/Jul/2025:09:27:13 +0000] "GET /health-check/ HTTP/1.1" 200 2 "-" "ELB-HealthChecker/2.0" "-"
172.31.20.228 - - [12/Jul/2025:09:27:13 +0000] "GET /health-check/ HTTP/1.1" 200 2 "-" "ELB-HealthChecker/2.0" "-"
172.31.35.30 - - [12/Jul/2025:09:27:13 +0000] "GET /health-check/ HTTP/1.1" 200 2 "-" "ELB-HealthChecker/2.0" "-"
172.31.35.30 - - [12/Jul/2025:09:27:14 +0000] "GET /accounts/signup/?next=/company/PRMSX/valuation/capital-asset-pricing-model/ HTTP/1.1" 200 11528 "-" "Mozilla/5.0 (compatible; AhrefsBot/7.0; +http://ahrefs.com/robot/)" "54.36.148.105"
172.31.14.238 - - [12/Jul/2025:09:27:14 +0000] "GET /company/LICN/revenue-analysis/ HTTP/1.1" 200 41562 "-" "Mozilla/5.0 (Linux; Android 6.0.1; Nexus 5X Build/MMB29P) AppleWebKit/537.36 (KHTML, like Gecko) Chrome/137.0.7151.119 Mobile Safari/537.36 (compatible; Googlebot/2.1; +http://www.google.com/bot.html)" "66.249.76.130"
172.31.35.30 - - [12/Jul/2025:09:27:14 +0000] "GET /accounts/login/?next=%2Fcompany%2FGNFT%2Fvaluation%2Fbeneish-m-score%2F HTTP/1.1" 200 11037 "-" "Mozilla/5.0 AppleWebKit/537.36 (KHTML, like Gecko; compatible; GPTBot/1.2; +https://openai.com/gptbot)" "20.171.207.173"
172.31.35.30 - - [12/Jul/2025:09:27:14 +0000] "GET /accounts/login/?next=/company/PTSHX/valuation/two-stage-dividend-discount-model/ HTTP/1.1" 200 11109 "-" "Mozilla/5.0 (compatible; AhrefsBot/7.0; +http://ahrefs.com/robot/)" "54.36.148.105"
172.31.35.30 - - [12/Jul/2025:09:27:15 +0000] "GET /company/USIG,JHMM,CROC/valuation/default/3/ HTTP/1.1" 302 0 "-" "Mozilla/5.0 AppleWebKit/537.36 (KHTML, like Gecko; compatible; ClaudeBot/1.0; +claudebot@anthropic.com)" "216.73.216.118"
172.31.20.228 - - [12/Jul/2025:09:27:15 +0000] "GET /company/JWWCX/overview/ HTTP/1.1" 200 42105 "-" "Mozilla/5.0 (compatible; MJ12bot/v1.4.8; http://mj12bot.com/)" "188.165.237.120"
