172.31.35.30 - - [12/Jul/2025:09:28:40 +0000] "GET /accounts/signup/?next=/company/SNXFX/valuation/simple-excess-return-model/ HTTP/1.1" 200 11586 "-" "Mozilla/5.0 (compatible; AhrefsBot/7.0; +http://ahrefs.com/robot/)" "54.36.148.209"
172.31.35.30 - - [12/Jul/2025:09:28:41 +0000] "GET /accounts/login/?next=%2Fcompany%2FBYTSU%2Fvaluation%2Faltman-z-score%2F HTTP/1.1" 200 11122 "-" "Mozilla/5.0 AppleWebKit/537.36 (KHTML, like Gecko; compatible; GPTBot/1.2; +https://openai.com/gptbot)" "20.171.207.173"
172.31.20.228 - - [12/Jul/2025:09:28:41 +0000] "GET /accounts/signup/?next=/search/%D8%B9%D8%AB%D9%85%D8%A7%D9%86%D8%AF%D9%81%D8%B5%D9%84%2B%D8%B4%D8%B4%2B%D9%82%D8%B3%D9%85%D8%AA%2B174%2B%D8%AF%D9%88%D8%A8%D8%A7%D9%87%2B%D9%81%D8%A7%D8%B1%D8%B3%DB%8C HTTP/1.1" 200 11726 "-" "Mozilla/5.0 AppleWebKit/537.36 (KHTML, like Gecko; compatible; bingbot/2.0; +http://www.bing.com/bingbot.htm) Chrome/116.0.1938.76 Safari/537.36" "40.77.167.43"
172.31.35.30 - - [12/Jul/2025:09:28:42 +0000] "GET /accounts/login/?next=%2Fcompany%2FSCHN%2Fvaluation%2Fbeneish-m-score%2F HTTP/1.1" 200 11112 "-" "Mozilla/5.0 AppleWebKit/537.36 (KHTML, like Gecko; compatible; GPTBot/1.2; +https://openai.com/gptbot)" "20.171.207.173"
172.31.35.30 - - [12/Jul/2025:09:28:42 +0000] "GET /accounts/signup/?next=/company/SNXFX/valuation/repository/1/ HTTP/1.1" 200 11554 "-" "Mozilla/5.0 (compatible; AhrefsBot/7.0; +http://ahrefs.com/robot/)" "54.36.148.6"
172.31.35.30 - - [12/Jul/2025:09:28:43 +0000] "GET /accounts/login/?next=%2Fcompany%2FPACK%2Fvaluation%2Faltman-z-score%2F HTTP/1.1" 200 11102 "-" "Mozilla/5.0 AppleWebKit/537.36 (KHTML, like Gecko; compatible; GPTBot/1.2; +https://openai.com/gptbot)" "20.171.207.173"
172.31.20.228 - - [12/Jul/2025:09:28:43 +0000] "GET /company/JYN,EIRL,STFC/valuation/simple-dividend-discount-model/ HTTP/1.1" 200 23888 "-" "Mozilla/5.0 AppleWebKit/537.36 (KHTML, like Gecko; compatible; ClaudeBot/1.0; +claudebot@anthropic.com)" "216.73.216.118"
172.31.14.238 - - [12/Jul/2025:09:28:43 +0000] "GET /health-check/ HTTP/1.1" 200 2 "-" "ELB-HealthChecker/2.0" "-"
172.31.20.228 - - [12/Jul/2025:09:28:43 +0000] "GET /health-check/ HTTP/1.1" 200 2 "-" "ELB-HealthChecker/2.0" "-"
172.31.35.30 - - [12/Jul/2025:09:28:43 +0000] "GET /health-check/ HTTP/1.1" 200 2 "-" "ELB-HealthChecker/2.0" "-"
172.31.35.30 - - [12/Jul/2025:09:28:44 +0000] "GET /accounts/login/?next=%2Fcompany%2FSC%2Fvaluation%2Fpiotroski-f-score%2F HTTP/1.1" 200 11122 "-" "Mozilla/5.0 AppleWebKit/537.36 (KHTML, like Gecko; compatible; GPTBot/1.2; +https://openai.com/gptbot)" "20.171.207.173"
172.31.20.228 - - [12/Jul/2025:09:28:45 +0000] "GET /accounts/signup/?next=/company/ROLL/balance-sheet-statement/quarterly/ HTTP/1.1" 200 11583 "-" "Mozilla/5.0 AppleWebKit/537.36 (KHTML, like Gecko; compatible; Amazonbot/0.1; +https://developer.amazon.com/support/amazonbot) Chrome/119.0.6045.214 Safari/537.36" "54.225.148.123"
172.31.35.30 - - [12/Jul/2025:09:28:45 +0000] "GET /accounts/login/?next=/company/QCGRIX/valuation/two-stage-excess-return-model/ HTTP/1.1" 200 11059 "-" "Mozilla/5.0 (compatible; AhrefsBot/7.0; +http://ahrefs.com/robot/)" "54.36.149.17"
172.31.20.228 - - [12/Jul/2025:09:28:45 +0000] "GET /company/IGT/balance-sheet-statement/quarterly/ HTTP/1.1" 200 47695 "-" "Mozilla/5.0 (Linux; Android 6.0.1; Nexus 5X Build/MMB29P) AppleWebKit/537.36 (KHTML, like Gecko) Chrome/137.0.7151.103 Mobile Safari/537.36 (compatible; Googlebot/2.1; +http://www.google.com/bot.html)" "66.249.64.70"
172.31.35.30 - - [12/Jul/2025:09:28:45 +0000] "GET /accounts/login/?next=%2Fcompany%2FWWAC%2Fvaluation%2Fbeneish-m-score%2F HTTP/1.1" 200 11102 "-" "Mozilla/5.0 AppleWebKit/537.36 (KHTML, like Gecko; compatible; GPTBot/1.2; +https://openai.com/gptbot)" "20.171.207.173"
172.31.35.30 - - [12/Jul/2025:09:28:47 +0000] "GET /accounts/login/?next=%2Fcompany%2FCTBB%2Fvaluation%2Fbeneish-m-score%2F HTTP/1.1" 200 11082 "-" "Mozilla/5.0 AppleWebKit/537.36 (KHTML, like Gecko; compatible; GPTBot/1.2; +https://openai.com/gptbot)" "20.171.207.173"
172.31.35.30 - - [12/Jul/2025:09:28:47 +0000] "GET /accounts/signup/?next=/company/QCGRIX/valuation/two-stage-excess-return-model/ HTTP/1.1" 200 11602 "-" "Mozilla/5.0 (compatible; AhrefsBot/7.0; +http://ahrefs.com/robot/)" "54.36.148.208"
172.31.35.30 - - [12/Jul/2025:09:28:48 +0000] "GET /accounts/login/?next=%2Fcompany%2FMTEK%2Fvaluation%2Faltman-z-score%2F HTTP/1.1" 200 11039 "-" "Mozilla/5.0 AppleWebKit/537.36 (KHTML, like Gecko; compatible; GPTBot/1.2; +https://openai.com/gptbot)" "20.171.207.173"
172.31.20.228 - - [12/Jul/2025:09:28:48 +0000] "GET /company/AMPGW/valuation/weighted-average-cost-of-capital/ HTTP/1.1" 200 23852 "-" "Mozilla/5.0 AppleWebKit/537.36 (KHTML, like Gecko; compatible; ClaudeBot/1.0; +claudebot@anthropic.com)" "216.73.216.118"
172.31.35.30 - - [12/Jul/2025:09:28:48 +0000] "GET /accounts/login/?next=/company/QCGRIX/valuation/return-on-invested-capital-roic/ HTTP/1.1" 200 11085 "-" "Mozilla/5.0 (compatible; AhrefsBot/7.0; +http://ahrefs.com/robot/)" "54.36.149.100"
172.31.20.228 - - [12/Jul/2025:09:28:49 +0000] "GET /company/EFN.TO/valuation/discounted-free-cash-flow-exit-multiple/ HTTP/1.1" 200 76908 "https://www.google.com/" "Mozilla/5.0 (Windows NT 10.0; Win64; x64) AppleWebKit/537.36 (KHTML, like Gecko) Chrome/138.0.0.0 Safari/537.36" "162.120.188.225"
172.31.35.30 - - [12/Jul/2025:09:28:49 +0000] "GET /accounts/login/?next=%2Fcompany%2FSAM%2Fvaluation%2Fpiotroski-f-score%2F HTTP/1.1" 200 11051 "-" "Mozilla/5.0 AppleWebKit/537.36 (KHTML, like Gecko; compatible; GPTBot/1.2; +https://openai.com/gptbot)" "20.171.207.173"
172.31.20.228 - - [12/Jul/2025:09:28:50 +0000] "GET /company/JOYY/transcripts/2012/4/ HTTP/1.1" 200 43850 "-" "Mozilla/5.0 AppleWebKit/537.36 (KHTML, like Gecko; compatible; Amazonbot/0.1; +https://developer.amazon.com/support/amazonbot) Chrome/119.0.6045.214 Safari/537.36" "52.45.77.169"
172.31.35.30 - - [12/Jul/2025:09:28:50 +0000] "GET /accounts/login/?next=%2Fcompany%2FCYS%2Fvaluation%2Fpiotroski-f-score%2F HTTP/1.1" 200 11104 "-" "Mozilla/5.0 AppleWebKit/537.36 (KHTML, like Gecko; compatible; GPTBot/1.2; +https://openai.com/gptbot)" "20.171.207.173"
172.31.35.30 - - [12/Jul/2025:09:28:51 +0000] "GET /accounts/login/?next=/company/COSIX/cash-flow-statement/ HTTP/1.1" 200 11105 "-" "Mozilla/5.0 (compatible; AhrefsBot/7.0; +http://ahrefs.com/robot/)" "54.36.148.94"
172.31.35.30 - - [12/Jul/2025:09:28:51 +0000] "GET /company/003230.KS/estimates/ HTTP/1.1" 200 45370 "-" "Mozilla/5.0 AppleWebKit/537.36 (KHTML, like Gecko); compatible; ChatGPT-User/1.0; +https://openai.com/bot" "52.255.111.10"
172.31.35.30 - - [12/Jul/2025:09:28:51 +0000] "GET /accounts/login/?next=%2Fcompany%2FCMAXW%2Fvaluation%2Faltman-z-score%2F HTTP/1.1" 200 11047 "-" "Mozilla/5.0 AppleWebKit/537.36 (KHTML, like Gecko; compatible; GPTBot/1.2; +https://openai.com/gptbot)" "20.171.207.173"
172.31.35.30 - - [12/Jul/2025:09:28:51 +0000] "GET /company/003230.KS/dividends/ HTTP/1.1" 200 41802 "-" "Mozilla/5.0 AppleWebKit/537.36 (KHTML, like Gecko); compatible; ChatGPT-User/1.0; +https://openai.com/bot" "52.255.111.0"
172.31.20.228 - - [12/Jul/2025:09:28:51 +0000] "GET /company/AAPL/income-statement/?org.htmx.cache-buster=baseContent HTTP/1.1" 200 31850 "https://discountingcashflows.com/company/AAPL/overview/" "Mozilla/5.0 (Linux; Android 10; K) AppleWebKit/537.36 (KHTML, like Gecko) Chrome/138.0.0.0 Mobile Safari/537.36" "31.4.224.148"
172.31.20.228 - - [12/Jul/2025:09:28:51 +0000] "GET /company/JANX/sec-filings/ HTTP/1.1" 200 52775 "-" "Mozilla/5.0 (Linux; Android 6.0.1; Nexus 5X Build/MMB29P) AppleWebKit/537.36 (KHTML, like Gecko) Chrome/137.0.7151.119 Mobile Safari/537.36 (compatible; Googlebot/2.1; +http://www.google.com/bot.html)" "66.249.64.70"
172.31.14.238 - - [12/Jul/2025:09:28:52 +0000] "POST /deprecated-assumptions/preview/ HTTP/1.1" 200 1318 "https://discountingcashflows.com/company/EFN.TO/valuation/discounted-free-cash-flow-exit-multiple/" "Mozilla/5.0 (Windows NT 10.0; Win64; x64) AppleWebKit/537.36 (KHTML, like Gecko) Chrome/138.0.0.0 Safari/537.36" "5.31.179.64"
172.31.35.30 - - [12/Jul/2025:09:28:52 +0000] "GET /accounts/login/?next=%2Fcompany%2FLOT%2Fvaluation%2Fpiotroski-f-score%2F HTTP/1.1" 200 11074 "-" "Mozilla/5.0 AppleWebKit/537.36 (KHTML, like Gecko; compatible; GPTBot/1.2; +https://openai.com/gptbot)" "20.171.207.173"
172.31.35.30 - - [12/Jul/2025:09:28:52 +0000] "GET /company/BBAS3.SA/valuation/simple-excess-return-model/ HTTP/1.1" 200 69192 "-" "Mozilla/5.0 AppleWebKit/537.36 (KHTML, like Gecko); compatible; ChatGPT-User/1.0; +https://openai.com/bot" "52.230.163.35"
172.31.20.228 - - [12/Jul/2025:09:28:53 +0000] "GET /search/what+is+12+pm+gmt+in+est HTTP/1.1" 200 31203 "-" "Mozilla/5.0 AppleWebKit/537.36 (KHTML, like Gecko; compatible; bingbot/2.0; +http://www.bing.com/bingbot.htm) Chrome/116.0.1938.76 Safari/537.36" "40.77.167.75"
172.31.35.30 - - [12/Jul/2025:09:28:53 +0000] "GET /company/FVN/valuation/annual-margin-report/ HTTP/1.1" 200 63320 "-" "Mozilla/5.0 (compatible; SemrushBot/7~bl; +http://www.semrush.com/bot.html)" "85.208.96.203"
172.31.20.228 - - [12/Jul/2025:09:28:53 +0000] "GET /company/IDEX/valuation/ HTTP/1.1" 200 23846 "-" "Mozilla/5.0 AppleWebKit/537.36 (KHTML, like Gecko; compatible; ClaudeBot/1.0; +claudebot@anthropic.com)" "216.73.216.118"
172.31.35.30 - - [12/Jul/2025:09:28:53 +0000] "GET /accounts/login/?next=%2Fcompany%2FRDIB%2Fvaluation%2Fbeneish-m-score%2F HTTP/1.1" 200 11040 "-" "Mozilla/5.0 AppleWebKit/537.36 (KHTML, like Gecko; compatible; GPTBot/1.2; +https://openai.com/gptbot)" "20.171.207.173"
172.31.35.30 - - [12/Jul/2025:09:28:54 +0000] "GET /accounts/login/?next=%2Fcompany%2FHMC%2Fvaluation%2Fpiotroski-f-score%2F HTTP/1.1" 200 11033 "-" "Mozilla/5.0 AppleWebKit/537.36 (KHTML, like Gecko; compatible; GPTBot/1.2; +https://openai.com/gptbot)" "20.171.207.173"
172.31.35.30 - - [12/Jul/2025:09:28:55 +0000] "GET /accounts/signup/?next=/company/QCGRIX/valuation/return-on-invested-capital-roic/ HTTP/1.1" 200 11598 "-" "Mozilla/5.0 (compatible; AhrefsBot/7.0; +http://ahrefs.com/robot/)" "54.36.149.29"
172.31.35.30 - - [12/Jul/2025:09:28:56 +0000] "GET /accounts/login/?next=%2Fcompany%2FINNV%2Fvaluation%2Fbeneish-m-score%2F HTTP/1.1" 200 11090 "-" "Mozilla/5.0 AppleWebKit/537.36 (KHTML, like Gecko; compatible; GPTBot/1.2; +https://openai.com/gptbot)" "20.171.207.173"
172.31.35.30 - - [12/Jul/2025:09:28:57 +0000] "GET /accounts/login/?next=%2Fcompany%2FSMTK%2Fvaluation%2Faltman-z-score%2F HTTP/1.1" 200 11115 "-" "Mozilla/5.0 AppleWebKit/537.36 (KHTML, like Gecko; compatible; GPTBot/1.2; +https://openai.com/gptbot)" "20.171.207.173"
172.31.35.30 - - [12/Jul/2025:09:28:57 +0000] "GET /accounts/login/?next=/company/QCGRIX/valuation/capital-asset-pricing-model/ HTTP/1.1" 200 11042 "-" "Mozilla/5.0 (compatible; AhrefsBot/7.0; +http://ahrefs.com/robot/)" "54.36.149.65"
172.31.35.30 - - [12/Jul/2025:09:28:57 +0000] "GET / HTTP/1.1" 200 48683 "-" "Mozilla/5.0 AppleWebKit/537.36 (KHTML, like Gecko); compatible; ChatGPT-User/1.0; +https://openai.com/bot" "52.230.163.35"
172.31.35.30 - - [12/Jul/2025:09:28:58 +0000] "GET /company/RDY/transcripts/2025/3/ HTTP/1.1" 200 43980 "-" "Mozilla/5.0 AppleWebKit/537.36 (KHTML, like Gecko); compatible; ChatGPT-User/1.0; +https://openai.com/bot" "74.7.35.126"
172.31.14.238 - - [12/Jul/2025:09:28:58 +0000] "GET /health-check/ HTTP/1.1" 200 2 "-" "ELB-HealthChecker/2.0" "-"
172.31.20.228 - - [12/Jul/2025:09:28:58 +0000] "GET /health-check/ HTTP/1.1" 200 2 "-" "ELB-HealthChecker/2.0" "-"
172.31.35.30 - - [12/Jul/2025:09:28:58 +0000] "GET /health-check/ HTTP/1.1" 200 2 "-" "ELB-HealthChecker/2.0" "-"
172.31.35.30 - - [12/Jul/2025:09:28:58 +0000] "GET /accounts/login/?next=%2Fcompany%2FGNW%2Fvaluation%2Fbeneish-m-score%2F HTTP/1.1" 200 11058 "-" "Mozilla/5.0 AppleWebKit/537.36 (KHTML, like Gecko; compatible; GPTBot/1.2; +https://openai.com/gptbot)" "20.171.207.173"
172.31.35.30 - - [12/Jul/2025:09:28:59 +0000] "GET /company/GEV/transcripts/2026/4/ HTTP/1.1" 200 84 "-" "axios/1.9.0" "3.66.3.88"
172.31.35.30 - - [12/Jul/2025:09:28:59 +0000] "GET /api/search/?keyword=40.SR&limit=5&tab=overview%2F&org.htmx.cache-buster=SearchResults HTTP/1.1" 200 1497 "https://discountingcashflows.com/company/4090.SR/overview/" "Mozilla/5.0 (Windows NT 10.0; Win64; x64) AppleWebKit/537.36 (KHTML, like Gecko) Chrome/138.0.0.0 Safari/537.36 Edg/138.0.0.0" "82.167.200.215"
172.31.35.30 - - [12/Jul/2025:09:28:59 +0000] "GET /company/GEV/transcripts/2026/3/ HTTP/1.1" 200 84 "-" "axios/1.9.0" "3.66.3.88"
172.31.35.30 - - [12/Jul/2025:09:28:59 +0000] "GET /accounts/login/?next=%2Fcompany%2FCRVO%2Fvaluation%2Fbeneish-m-score%2F HTTP/1.1" 200 11062 "-" "Mozilla/5.0 AppleWebKit/537.36 (KHTML, like Gecko; compatible; GPTBot/1.2; +https://openai.com/gptbot)" "20.171.207.173"
172.31.20.228 - - [12/Jul/2025:09:28:59 +0000] "GET /company/SSD/valuation/discounted-future-market-cap/ HTTP/1.1" 200 74336 "-" "Mozilla/5.0 (Linux; Android 6.0.1; Nexus 5X Build/MMB29P) AppleWebKit/537.36 (KHTML, like Gecko) Chrome/137.0.7151.103 Mobile Safari/537.36 (compatible; Googlebot/2.1; +http://www.google.com/bot.html)" "66.249.64.70"
172.31.35.30 - - [12/Jul/2025:09:29:00 +0000] "GET /company/GEV/transcripts/2026/2/ HTTP/1.1" 200 84 "-" "axios/1.9.0" "3.66.3.88"
172.31.35.30 - - [12/Jul/2025:09:29:00 +0000] "GET /api/search/?keyword=402.SR&limit=5&tab=overview%2F&org.htmx.cache-buster=SearchResults HTTP/1.1" 200 1106 "https://discountingcashflows.com/company/4090.SR/overview/" "Mozilla/5.0 (Windows NT 10.0; Win64; x64) AppleWebKit/537.36 (KHTML, like Gecko) Chrome/138.0.0.0 Safari/537.36 Edg/138.0.0.0" "82.167.200.215"
172.31.35.30 - - [12/Jul/2025:09:29:00 +0000] "GET /accounts/signup/?next=/company/QCGRIX/valuation/capital-asset-pricing-model/ HTTP/1.1" 200 11525 "-" "Mozilla/5.0 (compatible; AhrefsBot/7.0; +http://ahrefs.com/robot/)" "54.36.148.124"
172.31.35.30 - - [12/Jul/2025:09:29:00 +0000] "GET /accounts/login/?next=%2Fcompany%2FMRNS%2Fvaluation%2Faltman-z-score%2F HTTP/1.1" 200 11070 "-" "Mozilla/5.0 AppleWebKit/537.36 (KHTML, like Gecko; compatible; GPTBot/1.2; +https://openai.com/gptbot)" "20.171.207.173"
172.31.35.30 - - [12/Jul/2025:09:29:00 +0000] "GET /company/GEV/transcripts/2026/1/ HTTP/1.1" 200 84 "-" "axios/1.9.0" "3.66.3.88"
172.31.35.30 - - [12/Jul/2025:09:29:00 +0000] "GET /accounts/login/?next=/company/SOXX/valuation/two-stage-excess-return-model/ HTTP/1.1" 200 11140 "-" "Mozilla/5.0 (compatible; AhrefsBot/7.0; +http://ahrefs.com/robot/)" "54.36.148.24"
172.31.35.30 - - [12/Jul/2025:09:29:00 +0000] "GET /api/search/?keyword=4020.SR&limit=5&tab=overview%2F&org.htmx.cache-buster=SearchResults HTTP/1.1" 200 1074 "https://discountingcashflows.com/company/4090.SR/overview/" "Mozilla/5.0 (Windows NT 10.0; Win64; x64) AppleWebKit/537.36 (KHTML, like Gecko) Chrome/138.0.0.0 Safari/537.36 Edg/138.0.0.0" "82.167.200.215"
172.31.35.30 - - [12/Jul/2025:09:29:01 +0000] "GET /company/GEV/transcripts/2025/4/ HTTP/1.1" 200 84 "-" "axios/1.9.0" "3.66.3.88"
172.31.35.30 - - [12/Jul/2025:09:29:01 +0000] "GET /accounts/login/?next=%2Fcompany%2FANTX%2Fvaluation%2Faltman-z-score%2F HTTP/1.1" 200 11038 "-" "Mozilla/5.0 AppleWebKit/537.36 (KHTML, like Gecko; compatible; GPTBot/1.2; +https://openai.com/gptbot)" "20.171.207.173"
172.31.35.30 - - [12/Jul/2025:09:29:01 +0000] "GET /company/GEV/transcripts/2025/3/ HTTP/1.1" 200 84 "-" "axios/1.9.0" "3.66.3.88"
172.31.35.30 - - [12/Jul/2025:09:29:02 +0000] "GET /company/JAGG,WERN,BKSB/valuation/default/2/ HTTP/1.1" 302 0 "-" "Mozilla/5.0 AppleWebKit/537.36 (KHTML, like Gecko; compatible; ClaudeBot/1.0; +claudebot@anthropic.com)" "216.73.216.118"
172.31.35.30 - - [12/Jul/2025:09:29:02 +0000] "GET /company/JAGG,WERN,BKSB/valuation/discounted-future-market-cap/ HTTP/1.1" 200 23867 "https://discountingcashflows.com/company/JAGG,WERN,BKSB/valuation/default/2/" "Mozilla/5.0 AppleWebKit/537.36 (KHTML, like Gecko; compatible; ClaudeBot/1.0; +claudebot@anthropic.com)" "216.73.216.118"
172.31.35.30 - - [12/Jul/2025:09:29:02 +0000] "GET /accounts/login/?next=%2Fcompany%2FRDIB%2Fvaluation%2Faltman-z-score%2F HTTP/1.1" 200 11106 "-" "Mozilla/5.0 AppleWebKit/537.36 (KHTML, like Gecko; compatible; GPTBot/1.2; +https://openai.com/gptbot)" "20.171.207.173"
172.31.35.30 - - [12/Jul/2025:09:29:02 +0000] "GET /company/GEV/transcripts/2025/2/ HTTP/1.1" 200 84 "-" "axios/1.9.0" "3.66.3.88"
172.31.20.228 - - [12/Jul/2025:09:29:03 +0000] "GET /accounts/signup/?next=/search/what%2Bis%2B12%2Bpm%2Bgmt%2Bin%2Best HTTP/1.1" 200 11520 "-" "Mozilla/5.0 AppleWebKit/537.36 (KHTML, like Gecko; compatible; bingbot/2.0; +http://www.bing.com/bingbot.htm) Chrome/116.0.1938.76 Safari/537.36" "40.77.167.75"
172.31.14.238 - - [12/Jul/2025:09:29:03 +0000] "GET /company/EQR/transcripts/2012/3/ HTTP/1.1" 200 44536 "-" "Mozilla/5.0 AppleWebKit/537.36 (KHTML, like Gecko; compatible; Amazonbot/0.1; +https://developer.amazon.com/support/amazonbot) Chrome/119.0.6045.214 Safari/537.36" "34.231.45.47"
172.31.35.30 - - [12/Jul/2025:09:29:03 +0000] "GET /accounts/signup/?next=/company/SOXX/valuation/two-stage-excess-return-model/ HTTP/1.1" 200 11568 "-" "Mozilla/5.0 (compatible; AhrefsBot/7.0; +http://ahrefs.com/robot/)" "54.36.148.112"
172.31.35.30 - - [12/Jul/2025:09:29:03 +0000] "GET /company/crsr/insider-trading/ HTTP/1.1" 200 23819 "-" "Mozilla/5.0 AppleWebKit/537.36 (KHTML, like Gecko; compatible; ClaudeBot/1.0; +claudebot@anthropic.com)" "216.73.216.118"
172.31.35.30 - - [12/Jul/2025:09:29:03 +0000] "GET /accounts/login/?next=%2Fcompany%2FOHPAU%2Fvaluation%2Faltman-z-score%2F HTTP/1.1" 200 11113 "-" "Mozilla/5.0 AppleWebKit/537.36 (KHTML, like Gecko; compatible; GPTBot/1.2; +https://openai.com/gptbot)" "20.171.207.173"
172.31.35.30 - - [12/Jul/2025:09:29:03 +0000] "GET /company/GEV/transcripts/2025/1/ HTTP/1.1" 200 37055 "-" "axios/1.9.0" "3.66.3.88"
172.31.20.228 - - [12/Jul/2025:09:29:04 +0000] "GET /company/AAPL/ratios/?org.htmx.cache-buster=baseContent HTTP/1.1" 200 40065 "https://discountingcashflows.com/company/AAPL/income-statement/" "Mozilla/5.0 (Linux; Android 10; K) AppleWebKit/537.36 (KHTML, like Gecko) Chrome/138.0.0.0 Mobile Safari/537.36" "31.4.224.148"
172.31.35.30 - - [12/Jul/2025:09:29:04 +0000] "GET /company/GEV/transcripts/2024/4/ HTTP/1.1" 200 35511 "-" "axios/1.9.0" "3.66.3.88"
172.31.35.30 - - [12/Jul/2025:09:29:04 +0000] "GET /accounts/login/?next=%2Fcompany%2FLTRX%2Fvaluation%2Fbeneish-m-score%2F HTTP/1.1" 200 11097 "-" "Mozilla/5.0 AppleWebKit/537.36 (KHTML, like Gecko; compatible; GPTBot/1.2; +https://openai.com/gptbot)" "20.171.207.173"
172.31.35.30 - - [12/Jul/2025:09:29:05 +0000] "GET /company/4020.SR/overview/?org.htmx.cache-buster=baseContent HTTP/1.1" 200 21427 "https://discountingcashflows.com/company/4090.SR/overview/" "Mozilla/5.0 (Windows NT 10.0; Win64; x64) AppleWebKit/537.36 (KHTML, like Gecko) Chrome/138.0.0.0 Safari/537.36 Edg/138.0.0.0" "82.167.200.215"
172.31.35.30 - - [12/Jul/2025:09:29:05 +0000] "GET /accounts/login/?next=/company/SOXX/valuation/two-stage-dividend-discount-model/ HTTP/1.1" 200 11136 "-" "Mozilla/5.0 (compatible; AhrefsBot/7.0; +http://ahrefs.com/robot/)" "54.36.148.150"
172.31.35.30 - - [12/Jul/2025:09:29:06 +0000] "GET /accounts/login/?next=%2Fcompany%2FODC%2Fvaluation%2Fpiotroski-f-score%2F HTTP/1.1" 200 11074 "-" "Mozilla/5.0 AppleWebKit/537.36 (KHTML, like Gecko; compatible; GPTBot/1.2; +https://openai.com/gptbot)" "20.171.207.173"
172.31.35.30 - - [12/Jul/2025:09:29:06 +0000] "POST /widgets/competitor-list/ HTTP/1.1" 200 813 "https://discountingcashflows.com/company/4020.SR/overview/" "Mozilla/5.0 (Windows NT 10.0; Win64; x64) AppleWebKit/537.36 (KHTML, like Gecko) Chrome/138.0.0.0 Safari/537.36 Edg/138.0.0.0" "82.167.200.215"
172.31.35.30 - - [12/Jul/2025:09:29:06 +0000] "POST /parts/stock-chart/ HTTP/1.1" 200 4755 "https://discountingcashflows.com/company/4020.SR/overview/" "Mozilla/5.0 (Windows NT 10.0; Win64; x64) AppleWebKit/537.36 (KHTML, like Gecko) Chrome/138.0.0.0 Safari/537.36 Edg/138.0.0.0" "82.167.200.215"
172.31.20.228 - - [12/Jul/2025:09:29:07 +0000] "GET /accounts/signup/?next=/company/TGLS/transcripts/2017/4/ HTTP/1.1" 200 11541 "-" "Mozilla/5.0 AppleWebKit/537.36 (KHTML, like Gecko; compatible; Amazonbot/0.1; +https://developer.amazon.com/support/amazonbot) Chrome/119.0.6045.214 Safari/537.36" "44.206.93.215"
172.31.35.30 - - [12/Jul/2025:09:29:07 +0000] "GET /accounts/signup/?next=/company/SOXX/valuation/two-stage-dividend-discount-model/ HTTP/1.1" 200 11560 "-" "Mozilla/5.0 (compatible; AhrefsBot/7.0; +http://ahrefs.com/robot/)" "54.36.149.88"
172.31.35.30 - - [12/Jul/2025:09:29:07 +0000] "GET /company/VIAC/transcripts/2016/1/ HTTP/1.1" 200 44838 "-" "Mozilla/5.0 (compatible; SemrushBot/7~bl; +http://www.semrush.com/bot.html)" "185.191.171.9"
172.31.35.30 - - [12/Jul/2025:09:29:07 +0000] "POST /widgets/stock-list/ HTTP/1.1" 200 2669 "https://discountingcashflows.com/company/4020.SR/overview/" "Mozilla/5.0 (Windows NT 10.0; Win64; x64) AppleWebKit/537.36 (KHTML, like Gecko) Chrome/138.0.0.0 Safari/537.36 Edg/138.0.0.0" "82.167.200.215"
172.31.35.30 - - [12/Jul/2025:09:29:07 +0000] "GET /accounts/login/?next=%2Fcompany%2FTTCF%2Fvaluation%2Fbeneish-m-score%2F HTTP/1.1" 200 11134 "-" "Mozilla/5.0 AppleWebKit/537.36 (KHTML, like Gecko; compatible; GPTBot/1.2; +https://openai.com/gptbot)" "20.171.207.173"
172.31.35.30 - - [12/Jul/2025:09:29:08 +0000] "GET /company/LMBS,THS,PCH/valuation/default/5/ HTTP/1.1" 302 0 "-" "Mozilla/5.0 AppleWebKit/537.36 (KHTML, like Gecko; compatible; ClaudeBot/1.0; +claudebot@anthropic.com)" "216.73.216.118"
172.31.35.30 - - [12/Jul/2025:09:29:08 +0000] "GET /company/LMBS,THS,PCH/valuation/capital-asset-pricing-model/ HTTP/1.1" 200 23831 "https://discountingcashflows.com/company/LMBS,THS,PCH/valuation/default/5/" "Mozilla/5.0 AppleWebKit/537.36 (KHTML, like Gecko; compatible; ClaudeBot/1.0; +claudebot@anthropic.com)" "216.73.216.118"
172.31.35.30 - - [12/Jul/2025:09:29:08 +0000] "GET /accounts/login/?next=%2Fcompany%2FSGRP%2Fvaluation%2Fbeneish-m-score%2F HTTP/1.1" 200 11127 "-" "Mozilla/5.0 AppleWebKit/537.36 (KHTML, like Gecko; compatible; GPTBot/1.2; +https://openai.com/gptbot)" "20.171.207.173"
172.31.35.30 - - [12/Jul/2025:09:29:09 +0000] "GET /accounts/login/?next=%2Fcompany%2FESBK%2Fvaluation%2Fbeneish-m-score%2F HTTP/1.1" 200 11063 "-" "Mozilla/5.0 AppleWebKit/537.36 (KHTML, like Gecko; compatible; GPTBot/1.2; +https://openai.com/gptbot)" "20.171.207.173"
172.31.20.228 - - [12/Jul/2025:09:29:09 +0000] "GET /accounts/login/?next=/company/HESM/senate-trading/ HTTP/1.1" 200 11025 "-" "Mozilla/5.0 AppleWebKit/537.36 (KHTML, like Gecko; compatible; Amazonbot/0.1; +https://developer.amazon.com/support/amazonbot) Chrome/119.0.6045.214 Safari/537.36" "52.203.68.145"
172.31.35.30 - - [12/Jul/2025:09:29:10 +0000] "GET /accounts/login/?next=/company/SOXX/valuation/simple-dividend-discount-model/ HTTP/1.1" 200 11122 "-" "Mozilla/5.0 (compatible; AhrefsBot/7.0; +http://ahrefs.com/robot/)" "54.36.149.24"
172.31.35.30 - - [12/Jul/2025:09:29:10 +0000] "GET /accounts/login/?next=%2Fcompany%2FHOND%2Fvaluation%2Fbeneish-m-score%2F HTTP/1.1" 200 11060 "-" "Mozilla/5.0 AppleWebKit/537.36 (KHTML, like Gecko; compatible; GPTBot/1.2; +https://openai.com/gptbot)" "20.171.207.173"
172.31.20.228 - - [12/Jul/2025:09:29:10 +0000] "GET /accounts/signup/?next=/company/ADVWW/senate-trading/ HTTP/1.1" 200 11506 "-" "Mozilla/5.0 AppleWebKit/537.36 (KHTML, like Gecko; compatible; Amazonbot/0.1; +https://developer.amazon.com/support/amazonbot) Chrome/119.0.6045.214 Safari/537.36" "34.234.197.175"
172.31.35.30 - - [12/Jul/2025:09:29:10 +0000] "GET /api/search/?keyword=4020.SR&limit=5&tab=ratios%2F&org.htmx.cache-buster=SearchResults HTTP/1.1" 200 1099 "https://discountingcashflows.com/company/4090.SR/ratios/" "Mozilla/5.0 (Windows NT 10.0; Win64; x64) AppleWebKit/537.36 (KHTML, like Gecko) Chrome/138.0.0.0 Safari/537.36 Edg/138.0.0.0" "82.167.200.215"
172.31.20.228 - - [12/Jul/2025:09:29:11 +0000] "GET /accounts/signup/?next=/company/PBF/balance-sheet-statement/ HTTP/1.1" 200 11578 "-" "Mozilla/5.0 AppleWebKit/537.36 (KHTML, like Gecko; compatible; Amazonbot/0.1; +https://developer.amazon.com/support/amazonbot) Chrome/119.0.6045.214 Safari/537.36" "3.93.98.99"
172.31.20.228 - - [12/Jul/2025:09:29:11 +0000] "GET /company/CSLT/overview/ HTTP/1.1" 200 43612 "-" "Mozilla/5.0 (Linux; Android 6.0.1; Nexus 5X Build/MMB29P) AppleWebKit/537.36 (KHTML, like Gecko) Chrome/137.0.7151.119 Mobile Safari/537.36 (compatible; Googlebot/2.1; +http://www.google.com/bot.html)" "66.249.64.70"
172.31.35.30 - - [12/Jul/2025:09:29:11 +0000] "GET /accounts/login/?next=%2Fcompany%2FMEAC%2Fvaluation%2Faltman-z-score%2F HTTP/1.1" 200 11117 "-" "Mozilla/5.0 AppleWebKit/537.36 (KHTML, like Gecko; compatible; GPTBot/1.2; +https://openai.com/gptbot)" "20.171.207.173"
172.31.35.30 - - [12/Jul/2025:09:29:13 +0000] "GET /accounts/login/?next=%2Fcompany%2FWEJO%2Fvaluation%2Fbeneish-m-score%2F HTTP/1.1" 200 11065 "-" "Mozilla/5.0 AppleWebKit/537.36 (KHTML, like Gecko; compatible; GPTBot/1.2; +https://openai.com/gptbot)" "20.171.207.173"
172.31.20.228 - - [12/Jul/2025:09:29:13 +0000] "POST /deprecated-assumptions/preview/ HTTP/1.1" 200 1350 "https://discountingcashflows.com/company/SSD/valuation/discounted-future-market-cap/" "Mozilla/5.0 (Linux; Android 6.0.1; Nexus 5X Build/MMB29P) AppleWebKit/537.36 (KHTML, like Gecko) Chrome/137.0.7151.119 Mobile Safari/537.36 (compatible; Googlebot/2.1; +http://www.google.com/bot.html)" "66.249.64.70"
172.31.14.238 - - [12/Jul/2025:09:29:13 +0000] "GET /company/9988.HK/transcripts/2024/4/ HTTP/1.1" 200 42373 "-" "Mozilla/5.0 AppleWebKit/537.36 (KHTML, like Gecko); compatible; ChatGPT-User/1.0; +https://openai.com/bot" "23.98.142.185"
172.31.14.238 - - [12/Jul/2025:09:29:13 +0000] "GET /health-check/ HTTP/1.1" 200 2 "-" "ELB-HealthChecker/2.0" "-"
172.31.20.228 - - [12/Jul/2025:09:29:13 +0000] "GET /health-check/ HTTP/1.1" 200 2 "-" "ELB-HealthChecker/2.0" "-"
172.31.35.30 - - [12/Jul/2025:09:29:13 +0000] "GET /company/4020.SR/ratios/?org.htmx.cache-buster=baseContent HTTP/1.1" 200 32652 "https://discountingcashflows.com/company/4090.SR/ratios/" "Mozilla/5.0 (Windows NT 10.0; Win64; x64) AppleWebKit/537.36 (KHTML, like Gecko) Chrome/138.0.0.0 Safari/537.36 Edg/138.0.0.0" "82.167.200.215"
172.31.35.30 - - [12/Jul/2025:09:29:13 +0000] "GET /health-check/ HTTP/1.1" 200 2 "-" "ELB-HealthChecker/2.0" "-"
172.31.35.30 - - [12/Jul/2025:09:29:13 +0000] "GET /company/ETSY/cash-flow-statement/ HTTP/1.1" 200 23838 "-" "Mozilla/5.0 AppleWebKit/537.36 (KHTML, like Gecko; compatible; ClaudeBot/1.0; +claudebot@anthropic.com)" "216.73.216.118"
172.31.20.228 - - [12/Jul/2025:09:29:13 +0000] "GET /company/CSLT/executive-compensation/ HTTP/1.1" 200 41237 "-" "Mozilla/5.0 (Linux; Android 6.0.1; Nexus 5X Build/MMB29P) AppleWebKit/537.36 (KHTML, like Gecko) Chrome/137.0.7151.119 Mobile Safari/537.36 (compatible; Googlebot/2.1; +http://www.google.com/bot.html)" "66.249.64.70"
172.31.35.30 - - [12/Jul/2025:09:29:13 +0000] "GET /accounts/signup/?next=/company/SOXX/valuation/simple-dividend-discount-model/ HTTP/1.1" 200 11546 "-" "Mozilla/5.0 (compatible; AhrefsBot/7.0; +http://ahrefs.com/robot/)" "54.36.148.86"
172.31.14.238 - - [12/Jul/2025:09:29:14 +0000] "GET /company/AAPL/ratios/ HTTP/1.1" 200 60408 "-" "Mozilla/5.0 AppleWebKit/537.36 (KHTML, like Gecko); compatible; ChatGPT-User/1.0; +https://openai.com/bot" "23.98.142.185"
172.31.35.30 - - [12/Jul/2025:09:29:14 +0000] "GET /company/HYMCL/institutional-holders/ HTTP/1.1" 200 42160 "-" "Mozilla/5.0 (compatible; SemrushBot/7~bl; +http://www.semrush.com/bot.html)" "85.208.96.208"
172.31.35.30 - - [12/Jul/2025:09:29:14 +0000] "GET /accounts/login/?next=%2Fcompany%2FITAC%2Fvaluation%2Fbeneish-m-score%2F HTTP/1.1" 200 11096 "-" "Mozilla/5.0 AppleWebKit/537.36 (KHTML, like Gecko; compatible; GPTBot/1.2; +https://openai.com/gptbot)" "20.171.207.173"
172.31.35.30 - - [12/Jul/2025:09:29:14 +0000] "GET /company/BAX/transcripts/2015/3/ HTTP/1.1" 200 44699 "-" "Mozilla/5.0 AppleWebKit/537.36 (KHTML, like Gecko; compatible; Amazonbot/0.1; +https://developer.amazon.com/support/amazonbot) Chrome/119.0.6045.214 Safari/537.36" "34.226.89.140"
172.31.20.228 - - [12/Jul/2025:09:29:14 +0000] "GET /company/CSLT/revenue-analysis/ HTTP/1.1" 200 41643 "-" "Mozilla/5.0 (Linux; Android 6.0.1; Nexus 5X Build/MMB29P) AppleWebKit/537.36 (KHTML, like Gecko) Chrome/137.0.7151.119 Mobile Safari/537.36 (compatible; Googlebot/2.1; +http://www.google.com/bot.html)" "66.249.64.70"
172.31.35.30 - - [12/Jul/2025:09:29:15 +0000] "GET /accounts/login/?next=%2Fcompany%2FSDC%2Fvaluation%2Fpiotroski-f-score%2F HTTP/1.1" 200 11103 "-" "Mozilla/5.0 AppleWebKit/537.36 (KHTML, like Gecko; compatible; GPTBot/1.2; +https://openai.com/gptbot)" "20.171.207.173"
172.31.35.30 - - [12/Jul/2025:09:29:16 +0000] "GET /accounts/login/?next=%2Fcompany%2FTWKS%2Fvaluation%2Fbeneish-m-score%2F HTTP/1.1" 200 11073 "-" "Mozilla/5.0 AppleWebKit/537.36 (KHTML, like Gecko; compatible; GPTBot/1.2; +https://openai.com/gptbot)" "20.171.207.173"
172.31.35.30 - - [12/Jul/2025:09:29:17 +0000] "GET /accounts/signup/?next=/company/ADV/cash-flow-statement/quarterly/ HTTP/1.1" 200 11575 "-" "Mozilla/5.0 AppleWebKit/537.36 (KHTML, like Gecko; compatible; Amazonbot/0.1; +https://developer.amazon.com/support/amazonbot) Chrome/119.0.6045.214 Safari/537.36" "54.235.158.162"
172.31.35.30 - - [12/Jul/2025:09:29:17 +0000] "GET /accounts/login/?next=%2Fcompany%2FVACC%2Fvaluation%2Fbeneish-m-score%2F HTTP/1.1" 200 11037 "-" "Mozilla/5.0 AppleWebKit/537.36 (KHTML, like Gecko; compatible; GPTBot/1.2; +https://openai.com/gptbot)" "20.171.207.173"
172.31.35.30 - - [12/Jul/2025:09:29:18 +0000] "GET /company/BUD/sec-filings/ HTTP/1.1" 200 23842 "-" "Mozilla/5.0 AppleWebKit/537.36 (KHTML, like Gecko; compatible; ClaudeBot/1.0; +claudebot@anthropic.com)" "216.73.216.118"
172.31.35.30 - - [12/Jul/2025:09:29:19 +0000] "GET /accounts/login/?next=%2Fcompany%2FEGHA%2Fvaluation%2Fbeneish-m-score%2F HTTP/1.1" 200 11118 "-" "Mozilla/5.0 AppleWebKit/537.36 (KHTML, like Gecko; compatible; GPTBot/1.2; +https://openai.com/gptbot)" "20.171.207.173"
172.31.20.228 - - [12/Jul/2025:09:29:19 +0000] "GET /company/CSLT/transcripts/ HTTP/1.1" 200 42484 "-" "Mozilla/5.0 (Linux; Android 6.0.1; Nexus 5X Build/MMB29P) AppleWebKit/537.36 (KHTML, like Gecko) Chrome/137.0.7151.119 Mobile Safari/537.36 (compatible; Googlebot/2.1; +http://www.google.com/bot.html)" "66.249.64.70"
172.31.35.30 - - [12/Jul/2025:09:29:19 +0000] "GET /accounts/signup/?next=/company/SOXX/valuation/discounted-future-market-cap/ HTTP/1.1" 200 11593 "-" "Mozilla/5.0 (compatible; AhrefsBot/7.0; +http://ahrefs.com/robot/)" "54.36.149.79"
172.31.35.30 - - [12/Jul/2025:09:29:19 +0000] "GET /api/search/?keyword=4020.SR&limit=5&tab=balance-sheet-statement%2F&org.htmx.cache-buster=SearchResults HTTP/1.1" 200 1136 "https://discountingcashflows.com/company/4090.SR/balance-sheet-statement/" "Mozilla/5.0 (Windows NT 10.0; Win64; x64) AppleWebKit/537.36 (KHTML, like Gecko) Chrome/138.0.0.0 Safari/537.36 Edg/138.0.0.0" "82.167.200.215"
172.31.35.30 - - [12/Jul/2025:09:29:19 +0000] "GET /accounts/login/?next=%2Fcompany%2FEDBL%2Fvaluation%2Fbeneish-m-score%2F HTTP/1.1" 200 11130 "-" "Mozilla/5.0 AppleWebKit/537.36 (KHTML, like Gecko; compatible; GPTBot/1.2; +https://openai.com/gptbot)" "20.171.207.173"
172.31.20.228 - - [12/Jul/2025:09:29:20 +0000] "GET /company/KAIIW/revenue-analysis/ HTTP/1.1" 200 41509 "-" "Mozilla/5.0 (Linux; Android 6.0.1; Nexus 5X Build/MMB29P) AppleWebKit/537.36 (KHTML, like Gecko) Chrome/137.0.7151.119 Mobile Safari/537.36 (compatible; Googlebot/2.1; +http://www.google.com/bot.html)" "66.249.64.70"
172.31.35.30 - - [12/Jul/2025:09:29:21 +0000] "GET /accounts/login/?next=%2Fcompany%2FNOAC%2Fvaluation%2Faltman-z-score%2F HTTP/1.1" 200 11113 "-" "Mozilla/5.0 AppleWebKit/537.36 (KHTML, like Gecko; compatible; GPTBot/1.2; +https://openai.com/gptbot)" "20.171.207.173"
172.31.35.30 - - [12/Jul/2025:09:29:21 +0000] "GET /company/4020.SR/balance-sheet-statement/?org.htmx.cache-buster=baseContent HTTP/1.1" 200 28329 "https://discountingcashflows.com/company/4090.SR/balance-sheet-statement/" "Mozilla/5.0 (Windows NT 10.0; Win64; x64) AppleWebKit/537.36 (KHTML, like Gecko) Chrome/138.0.0.0 Safari/537.36 Edg/138.0.0.0" "82.167.200.215"
172.31.35.30 - - [12/Jul/2025:09:29:22 +0000] "GET /accounts/login/?next=%2Fcompany%2FCMG%2Fvaluation%2Fbeneish-m-score%2F HTTP/1.1" 200 11119 "-" "Mozilla/5.0 AppleWebKit/537.36 (KHTML, like Gecko; compatible; GPTBot/1.2; +https://openai.com/gptbot)" "20.171.207.173"
172.31.35.30 - - [12/Jul/2025:09:29:22 +0000] "GET /accounts/login/?next=/company/SPLP-PA/valuation/weighted-average-cost-of-capital/ HTTP/1.1" 200 11116 "-" "Mozilla/5.0 (compatible; AhrefsBot/7.0; +http://ahrefs.com/robot/)" "54.36.149.72"
172.31.35.30 - - [12/Jul/2025:09:29:23 +0000] "GET /company/TRARX/valuation/beneish-m-score/ HTTP/1.1" 200 23816 "-" "Mozilla/5.0 AppleWebKit/537.36 (KHTML, like Gecko; compatible; ClaudeBot/1.0; +claudebot@anthropic.com)" "216.73.216.118"
172.31.35.30 - - [12/Jul/2025:09:29:23 +0000] "GET /accounts/login/?next=%2Fcompany%2FCSAN%2Fvaluation%2Fbeneish-m-score%2F HTTP/1.1" 200 11095 "-" "Mozilla/5.0 AppleWebKit/537.36 (KHTML, like Gecko; compatible; GPTBot/1.2; +https://openai.com/gptbot)" "20.171.207.173"
172.31.35.30 - - [12/Jul/2025:09:29:24 +0000] "GET /accounts/signup/?next=/company/SPLP-PA/valuation/weighted-average-cost-of-capital/ HTTP/1.1" 200 11589 "-" "Mozilla/5.0 (compatible; AhrefsBot/7.0; +http://ahrefs.com/robot/)" "54.36.148.115"
172.31.20.228 - - [12/Jul/2025:09:29:25 +0000] "GET /company/GTERU/overview/ HTTP/1.1" 200 44386 "-" "Mozilla/5.0 (Linux; Android 6.0.1; Nexus 5X Build/MMB29P) AppleWebKit/537.36 (KHTML, like Gecko) Chrome/137.0.7151.103 Mobile Safari/537.36 (compatible; Googlebot/2.1; +http://www.google.com/bot.html)" "66.249.76.130"
172.31.35.30 - - [12/Jul/2025:09:29:25 +0000] "GET /accounts/login/?next=%2Fcompany%2FWEJO%2Fvaluation%2Fbeneish-m-score%2F HTTP/1.1" 200 11095 "-" "Mozilla/5.0 AppleWebKit/537.36 (KHTML, like Gecko; compatible; GPTBot/1.2; +https://openai.com/gptbot)" "20.171.207.173"
172.31.14.238 - - [12/Jul/2025:09:29:25 +0000] "GET /accounts/login/?next=/company/WY/insider-trading/ HTTP/1.1" 200 11066 "-" "Mozilla/5.0 AppleWebKit/537.36 (KHTML, like Gecko; compatible; Amazonbot/0.1; +https://developer.amazon.com/support/amazonbot) Chrome/119.0.6045.214 Safari/537.36" "34.239.197.197"
172.31.20.228 - - [12/Jul/2025:09:29:25 +0000] "GET /company/BKR/transcripts/2007/4/ HTTP/1.1" 200 44492 "-" "Mozilla/5.0 AppleWebKit/537.36 (KHTML, like Gecko; compatible; Amazonbot/0.1; +https://developer.amazon.com/support/amazonbot) Chrome/119.0.6045.214 Safari/537.36" "100.27.153.9"
172.31.35.30 - - [12/Jul/2025:09:29:26 +0000] "GET /accounts/login/?next=/company/SPLP-PA/valuation/return-on-invested-capital-roic/ HTTP/1.1" 200 11076 "-" "Mozilla/5.0 (compatible; AhrefsBot/7.0; +http://ahrefs.com/robot/)" "54.36.149.91"
172.31.35.30 - - [12/Jul/2025:09:29:27 +0000] "GET /accounts/login/?next=%2Fcompany%2FSRDX%2Fvaluation%2Faltman-z-score%2F HTTP/1.1" 200 11110 "-" "Mozilla/5.0 AppleWebKit/537.36 (KHTML, like Gecko; compatible; GPTBot/1.2; +https://openai.com/gptbot)" "20.171.207.173"
172.31.20.228 - - [12/Jul/2025:09:29:27 +0000] "GET /company/KAIIW/income-statement/ HTTP/1.1" 200 43831 "-" "Mozilla/5.0 (Linux; Android 6.0.1; Nexus 5X Build/MMB29P) AppleWebKit/537.36 (KHTML, like Gecko) Chrome/137.0.7151.119 Mobile Safari/537.36 (compatible; Googlebot/2.1; +http://www.google.com/bot.html)" "66.249.64.70"
172.31.35.30 - - [12/Jul/2025:09:29:27 +0000] "GET /accounts/signup/?next=/company/SPLP-PA/valuation/return-on-invested-capital-roic/ HTTP/1.1" 200 11523 "-" "Mozilla/5.0 (compatible; AhrefsBot/7.0; +http://ahrefs.com/robot/)" "54.36.148.44"
172.31.35.30 - - [12/Jul/2025:09:29:28 +0000] "GET /accounts/login/?next=/company/SPLP-PA/valuation/capital-asset-pricing-model/ HTTP/1.1" 200 11076 "-" "Mozilla/5.0 (compatible; AhrefsBot/7.0; +http://ahrefs.com/robot/)" "54.36.148.36"
172.31.20.228 - - [12/Jul/2025:09:29:28 +0000] "GET /company/KAIIW/transcripts/ HTTP/1.1" 200 40909 "-" "Mozilla/5.0 (Linux; Android 6.0.1; Nexus 5X Build/MMB29P) AppleWebKit/537.36 (KHTML, like Gecko) Chrome/137.0.7151.119 Mobile Safari/537.36 (compatible; Googlebot/2.1; +http://www.google.com/bot.html)" "66.249.64.70"
172.31.35.30 - - [12/Jul/2025:09:29:28 +0000] "GET /company/sngx/insider-trading/ HTTP/1.1" 200 23845 "-" "Mozilla/5.0 AppleWebKit/537.36 (KHTML, like Gecko; compatible; ClaudeBot/1.0; +claudebot@anthropic.com)" "216.73.216.118"
172.31.14.238 - - [12/Jul/2025:09:29:28 +0000] "GET /health-check/ HTTP/1.1" 200 2 "-" "ELB-HealthChecker/2.0" "-"
172.31.20.228 - - [12/Jul/2025:09:29:28 +0000] "GET /health-check/ HTTP/1.1" 200 2 "-" "ELB-HealthChecker/2.0" "-"
172.31.35.30 - - [12/Jul/2025:09:29:28 +0000] "GET /health-check/ HTTP/1.1" 200 2 "-" "ELB-HealthChecker/2.0" "-"
172.31.14.238 - - [12/Jul/2025:09:29:29 +0000] "GET /accounts/signup/?next=/company/ZDVSV/revenue-analysis/ HTTP/1.1" 200 11556 "-" "Mozilla/5.0 AppleWebKit/537.36 (KHTML, like Gecko; compatible; Amazonbot/0.1; +https://developer.amazon.com/support/amazonbot) Chrome/119.0.6045.214 Safari/537.36" "3.220.70.171"
172.31.35.30 - - [12/Jul/2025:09:29:29 +0000] "GET /accounts/login/?next=%2Fcompany%2FJZ%2Fvaluation%2Fpiotroski-f-score%2F HTTP/1.1" 200 11086 "-" "Mozilla/5.0 AppleWebKit/537.36 (KHTML, like Gecko; compatible; GPTBot/1.2; +https://openai.com/gptbot)" "20.171.207.173"
172.31.20.228 - - [12/Jul/2025:09:29:29 +0000] "GET /company/AAPL/chart/ HTTP/1.1" 200 40861 "https://discountingcashflows.com/company/AAPL/ratios/" "Mozilla/5.0 (Linux; Android 10; K) AppleWebKit/537.36 (KHTML, like Gecko) Chrome/138.0.0.0 Mobile Safari/537.36" "31.4.224.148"
172.31.35.30 - - [12/Jul/2025:09:29:29 +0000] "GET /accounts/login/?next=%2Fcompany%2FFTAI%2Fvaluation%2Fbeneish-m-score%2F HTTP/1.1" 200 11105 "-" "Mozilla/5.0 AppleWebKit/537.36 (KHTML, like Gecko; compatible; GPTBot/1.2; +https://openai.com/gptbot)" "20.171.207.173"
172.31.20.228 - - [12/Jul/2025:09:29:30 +0000] "POST /parts/stock-chart/ HTTP/1.1" 200 16290 "https://discountingcashflows.com/company/AAPL/chart/" "Mozilla/5.0 (Linux; Android 10; K) AppleWebKit/537.36 (KHTML, like Gecko) Chrome/138.0.0.0 Mobile Safari/537.36" "31.4.224.148"
172.31.35.30 - - [12/Jul/2025:09:29:31 +0000] "GET /accounts/login/?next=%2Fcompany%2FNCDL%2Fvaluation%2Faltman-z-score%2F HTTP/1.1" 200 11038 "-" "Mozilla/5.0 AppleWebKit/537.36 (KHTML, like Gecko; compatible; GPTBot/1.2; +https://openai.com/gptbot)" "20.171.207.173"
172.31.35.30 - - [12/Jul/2025:09:29:31 +0000] "GET /accounts/signup/?next=/company/SPLP-PA/valuation/capital-asset-pricing-model/ HTTP/1.1" 200 11562 "-" "Mozilla/5.0 (compatible; AhrefsBot/7.0; +http://ahrefs.com/robot/)" "54.36.148.34"
172.31.35.30 - - [12/Jul/2025:09:29:31 +0000] "GET /accounts/login/?next=%2Fcompany%2FYQ%2Fvaluation%2Fbeneish-m-score%2F HTTP/1.1" 200 11030 "-" "Mozilla/5.0 AppleWebKit/537.36 (KHTML, like Gecko; compatible; GPTBot/1.2; +https://openai.com/gptbot)" "20.171.207.173"
172.31.35.30 - - [12/Jul/2025:09:29:33 +0000] "GET /accounts/login/?next=%2Fcompany%2FKIND%2Fvaluation%2Faltman-z-score%2F HTTP/1.1" 200 11037 "-" "Mozilla/5.0 AppleWebKit/537.36 (KHTML, like Gecko; compatible; GPTBot/1.2; +https://openai.com/gptbot)" "20.171.207.173"
172.31.35.30 - - [12/Jul/2025:09:29:33 +0000] "GET /accounts/signup/?next=/company/REVB/senate-trading/ HTTP/1.1" 200 11593 "-" "Mozilla/5.0 AppleWebKit/537.36 (KHTML, like Gecko; compatible; Amazonbot/0.1; +https://developer.amazon.com/support/amazonbot) Chrome/119.0.6045.214 Safari/537.36" "34.226.89.140"
172.31.35.30 - - [12/Jul/2025:09:29:33 +0000] "GET /accounts/login/?next=/company/SSEYX/valuation/two-stage-excess-return-model/ HTTP/1.1" 200 11117 "-" "Mozilla/5.0 (compatible; AhrefsBot/7.0; +http://ahrefs.com/robot/)" "54.36.148.80"
172.31.35.30 - - [12/Jul/2025:09:29:33 +0000] "GET /company/SILK,GCBC,SPVM/valuation/annual-margin-report/ HTTP/1.1" 200 23873 "-" "Mozilla/5.0 AppleWebKit/537.36 (KHTML, like Gecko; compatible; ClaudeBot/1.0; +claudebot@anthropic.com)" "216.73.216.118"
172.31.35.30 - - [12/Jul/2025:09:29:34 +0000] "GET /accounts/login/?next=%2Fcompany%2FCWBC%2Fvaluation%2Fbeneish-m-score%2F HTTP/1.1" 200 11072 "-" "Mozilla/5.0 AppleWebKit/537.36 (KHTML, like Gecko; compatible; GPTBot/1.2; +https://openai.com/gptbot)" "20.171.207.173"
172.31.14.238 - - [12/Jul/2025:09:29:35 +0000] "GET /company/AAPL/chart/ HTTP/1.1" 200 40836 "-" "Mozilla/5.0 (Linux; Android 10; K) AppleWebKit/537.36 (KHTML, like Gecko) Chrome/138.0.0.0 Mobile Safari/537.36 (compatible; Google-Read-Aloud; +https://support.google.com/webmasters/answer/1061943)" "66.102.8.201"
172.31.14.238 - - [12/Jul/2025:09:29:35 +0000] "GET /company/AAPL/chart/ HTTP/1.1" 200 40883 "-" "Mozilla/5.0 (Linux; Android 10; K) AppleWebKit/537.36 (KHTML, like Gecko) Chrome/138.0.0.0 Mobile Safari/537.36 (compatible; Google-Read-Aloud; +https://support.google.com/webmasters/answer/1061943)" "66.102.8.202"
172.31.35.30 - - [12/Jul/2025:09:29:35 +0000] "GET /accounts/signup/?next=/company/SSEYX/valuation/two-stage-excess-return-model/ HTTP/1.1" 200 11597 "-" "Mozilla/5.0 (compatible; AhrefsBot/7.0; +http://ahrefs.com/robot/)" "54.36.149.75"
172.31.35.30 - - [12/Jul/2025:09:29:36 +0000] "GET /accounts/login/?next=%2Fcompany%2FDKDCW%2Fvaluation%2Faltman-z-score%2F HTTP/1.1" 200 11120 "-" "Mozilla/5.0 AppleWebKit/537.36 (KHTML, like Gecko; compatible; GPTBot/1.2; +https://openai.com/gptbot)" "20.171.207.173"
172.31.35.30 - - [12/Jul/2025:09:29:36 +0000] "GET /accounts/signup/?next=/company/SGFY/ratios/quarterly/ HTTP/1.1" 200 11519 "-" "Mozilla/5.0 AppleWebKit/537.36 (KHTML, like Gecko; compatible; Amazonbot/0.1; +https://developer.amazon.com/support/amazonbot) Chrome/119.0.6045.214 Safari/537.36" "44.207.69.106"
172.31.35.30 - - [12/Jul/2025:09:29:37 +0000] "GET /accounts/login/?next=%2Fcompany%2FOPINL%2Fvaluation%2Faltman-z-score%2F HTTP/1.1" 200 11068 "-" "Mozilla/5.0 AppleWebKit/537.36 (KHTML, like Gecko; compatible; GPTBot/1.2; +https://openai.com/gptbot)" "20.171.207.173"
172.31.35.30 - - [12/Jul/2025:09:29:37 +0000] "GET /accounts/signup/?next=/company/SSEYX/valuation/simple-excess-return-model/ HTTP/1.1" 200 11525 "-" "Mozilla/5.0 (compatible; AhrefsBot/7.0; +http://ahrefs.com/robot/)" "54.36.149.15"
172.31.20.228 - - [12/Jul/2025:09:29:38 +0000] "GET /company/KNX/transcripts/2022/2/ HTTP/1.1" 200 43781 "-" "Mozilla/5.0 (Linux; Android 6.0.1; Nexus 5X Build/MMB29P) AppleWebKit/537.36 (KHTML, like Gecko) Chrome/137.0.7151.103 Mobile Safari/537.36 (compatible; Googlebot/2.1; +http://www.google.com/bot.html)" "66.249.64.70"
172.31.20.228 - - [12/Jul/2025:09:29:38 +0000] "GET /company/AAPL/valuation/ HTTP/1.1" 200 55374 "https://discountingcashflows.com/company/AAPL/chart/" "Mozilla/5.0 (Linux; Android 10; K) AppleWebKit/537.36 (KHTML, like Gecko) Chrome/138.0.0.0 Mobile Safari/537.36" "31.4.224.148"
172.31.35.30 - - [12/Jul/2025:09:29:38 +0000] "GET /accounts/login/?next=%2Fcompany%2FASR%2Fvaluation%2Fpiotroski-f-score%2F HTTP/1.1" 200 11099 "-" "Mozilla/5.0 AppleWebKit/537.36 (KHTML, like Gecko; compatible; GPTBot/1.2; +https://openai.com/gptbot)" "20.171.207.173"
172.31.20.228 - - [12/Jul/2025:09:29:38 +0000] "POST /deprecated-assumptions/preview/ HTTP/1.1" 200 1280 "https://discountingcashflows.com/company/AAPL/valuation/" "Mozilla/5.0 (Linux; Android 10; K) AppleWebKit/537.36 (KHTML, like Gecko) Chrome/138.0.0.0 Mobile Safari/537.36" "31.4.224.148"
172.31.35.30 - - [12/Jul/2025:09:29:39 +0000] "GET /accounts/login/?next=/company/SSEYX/valuation/simple-dividend-discount-model/ HTTP/1.1" 200 11091 "-" "Mozilla/5.0 (compatible; AhrefsBot/7.0; +http://ahrefs.com/robot/)" "54.36.149.43"
172.31.35.30 - - [12/Jul/2025:09:29:39 +0000] "GET /accounts/login/?next=%2Fcompany%2FSRDX%2Fvaluation%2Faltman-z-score%2F HTTP/1.1" 200 11083 "-" "Mozilla/5.0 AppleWebKit/537.36 (KHTML, like Gecko; compatible; GPTBot/1.2; +https://openai.com/gptbot)" "20.171.207.173"
172.31.35.30 - - [12/Jul/2025:09:29:40 +0000] "GET /accounts/signup/?next=/company/SSEYX/valuation/simple-dividend-discount-model/ HTTP/1.1" 200 11569 "-" "Mozilla/5.0 (compatible; AhrefsBot/7.0; +http://ahrefs.com/robot/)" "54.36.149.54"
172.31.35.30 - - [12/Jul/2025:09:29:41 +0000] "GET /accounts/login/?next=%2Fcompany%2FSNEX%2Fvaluation%2Fbeneish-m-score%2F HTTP/1.1" 200 11091 "-" "Mozilla/5.0 AppleWebKit/537.36 (KHTML, like Gecko; compatible; GPTBot/1.2; +https://openai.com/gptbot)" "20.171.207.173"
172.31.35.30 - - [12/Jul/2025:09:29:41 +0000] "GET /accounts/login/?next=/company/SSEYX/valuation/return-on-invested-capital-roic/ HTTP/1.1" 200 11050 "-" "Mozilla/5.0 (compatible; AhrefsBot/7.0; +http://ahrefs.com/robot/)" "54.36.149.73"
172.31.35.30 - - [12/Jul/2025:09:29:41 +0000] "GET /company/PLUG/overview HTTP/1.1" 200 31174 "https://discountingcashflows.com/company/PLUG/overview" "Mozilla/5.0 (Macintosh; Intel Mac OS X 10_15_7) AppleWebKit/537.36 (KHTML, like Gecko) Chrome/119.0.0.0 Safari/537.36" "124.243.180.4"
172.31.14.238 - - [12/Jul/2025:09:29:41 +0000] "GET /company/APRN/valuation/annual-margin-report/ HTTP/1.1" 200 64403 "-" "Mozilla/5.0 AppleWebKit/537.36 (KHTML, like Gecko); compatible; ChatGPT-User/1.0; +https://openai.com/bot" "23.98.142.185"
172.31.14.238 - - [12/Jul/2025:09:29:41 +0000] "GET /company/AEE/transcripts/2020/3/ HTTP/1.1" 200 44514 "-" "Mozilla/5.0 AppleWebKit/537.36 (KHTML, like Gecko; compatible; Amazonbot/0.1; +https://developer.amazon.com/support/amazonbot) Chrome/119.0.6045.214 Safari/537.36" "52.44.174.136"
172.31.35.30 - - [12/Jul/2025:09:29:42 +0000] "GET /accounts/login/?next=%2Fcompany%2FJZ%2Fvaluation%2Fpiotroski-f-score%2F HTTP/1.1" 200 11099 "-" "Mozilla/5.0 AppleWebKit/537.36 (KHTML, like Gecko; compatible; GPTBot/1.2; +https://openai.com/gptbot)" "20.171.207.173"
172.31.14.238 - - [12/Jul/2025:09:29:42 +0000] "GET /company/nakd/valuation/capital-asset-pricing-model/ HTTP/1.1" 200 23862 "-" "Mozilla/5.0 AppleWebKit/537.36 (KHTML, like Gecko; compatible; ClaudeBot/1.0; +claudebot@anthropic.com)" "216.73.216.118"
172.31.35.30 - - [12/Jul/2025:09:29:43 +0000] "GET /accounts/login/?next=%2Fcompany%2FLPTX%2Fvaluation%2Fbeneish-m-score%2F HTTP/1.1" 200 11128 "-" "Mozilla/5.0 AppleWebKit/537.36 (KHTML, like Gecko; compatible; GPTBot/1.2; +https://openai.com/gptbot)" "20.171.207.173"
172.31.20.228 - - [12/Jul/2025:09:29:43 +0000] "GET /company/KNX/transcripts/2022/2/?org.htmx.cache-buster=transcriptsContent HTTP/1.1" 200 36815 "https://discountingcashflows.com/company/KNX/transcripts/2022/2/" "Mozilla/5.0 (Linux; Android 6.0.1; Nexus 5X Build/MMB29P) AppleWebKit/537.36 (KHTML, like Gecko) Chrome/137.0.7151.119 Mobile Safari/537.36 (compatible; Googlebot/2.1; +http://www.google.com/bot.html)" "66.249.64.70"
172.31.14.238 - - [12/Jul/2025:09:29:43 +0000] "GET /health-check/ HTTP/1.1" 200 2 "-" "ELB-HealthChecker/2.0" "-"
172.31.20.228 - - [12/Jul/2025:09:29:43 +0000] "GET /health-check/ HTTP/1.1" 200 2 "-" "ELB-HealthChecker/2.0" "-"
172.31.14.238 - - [12/Jul/2025:09:29:43 +0000] "GET /company/CTR/valuation/discounted-future-market-cap/ HTTP/1.1" 200 23821 "-" "Mozilla/5.0 AppleWebKit/537.36 (KHTML, like Gecko; compatible; ClaudeBot/1.0; +claudebot@anthropic.com)" "216.73.216.118"
172.31.35.30 - - [12/Jul/2025:09:29:43 +0000] "GET /health-check/ HTTP/1.1" 200 2 "-" "ELB-HealthChecker/2.0" "-"
172.31.14.238 - - [12/Jul/2025:09:29:44 +0000] "GET /company/AAPL/valuation/ HTTP/1.1" 200 55441 "-" "Mozilla/5.0 (Linux; Android 10; K) AppleWebKit/537.36 (KHTML, like Gecko) Chrome/138.0.0.0 Mobile Safari/537.36 (compatible; Google-Read-Aloud; +https://support.google.com/webmasters/answer/1061943)" "66.102.8.201"
172.31.35.30 - - [12/Jul/2025:09:29:44 +0000] "GET /accounts/login/?next=%2Fcompany%2FENVI%2Fvaluation%2Faltman-z-score%2F HTTP/1.1" 200 11090 "-" "Mozilla/5.0 AppleWebKit/537.36 (KHTML, like Gecko; compatible; GPTBot/1.2; +https://openai.com/gptbot)" "20.171.207.173"
172.31.14.238 - - [12/Jul/2025:09:29:44 +0000] "GET /company/AAPL/valuation/ HTTP/1.1" 200 55416 "-" "Mozilla/5.0 (Linux; Android 10; K) AppleWebKit/537.36 (KHTML, like Gecko) Chrome/138.0.0.0 Mobile Safari/537.36 (compatible; Google-Read-Aloud; +https://support.google.com/webmasters/answer/1061943)" "66.102.8.200"
172.31.35.30 - - [12/Jul/2025:09:29:44 +0000] "GET /accounts/login/?next=/company/TSQ/valuation/benjamin-grahams-number/ HTTP/1.1" 200 11058 "-" "Mozilla/5.0 AppleWebKit/537.36 (KHTML, like Gecko; compatible; Amazonbot/0.1; +https://developer.amazon.com/support/amazonbot) Chrome/119.0.6045.214 Safari/537.36" "44.209.187.99"
172.31.35.30 - - [12/Jul/2025:09:29:45 +0000] "GET /accounts/login/?next=%2Fcompany%2FUK%2Fvaluation%2Fbeneish-m-score%2F HTTP/1.1" 200 11047 "-" "Mozilla/5.0 AppleWebKit/537.36 (KHTML, like Gecko; compatible; GPTBot/1.2; +https://openai.com/gptbot)" "20.171.207.173"
172.31.14.238 - - [12/Jul/2025:09:29:45 +0000] "GET /documentation/model-editor-guide/?org.htmx.cache-buster=baseContent HTTP/1.1" 200 24111 "https://discountingcashflows.com/company/EFN.TO/valuation/discounted-free-cash-flow-exit-multiple/" "Mozilla/5.0 (Windows NT 10.0; Win64; x64) AppleWebKit/537.36 (KHTML, like Gecko) Chrome/138.0.0.0 Safari/537.36" "5.31.179.64"
172.31.35.30 - - [12/Jul/2025:09:29:46 +0000] "GET /accounts/login/?next=%2Fcompany%2FWHFCL%2Fvaluation%2Fbeneish-m-score%2F HTTP/1.1" 200 11049 "-" "Mozilla/5.0 AppleWebKit/537.36 (KHTML, like Gecko; compatible; GPTBot/1.2; +https://openai.com/gptbot)" "20.171.207.173"
