172.31.35.30 - - [11/Jul/2025:16:06:37 +0000] "GET / HTTP/1.1" 200 48702 "-" "ELB-HealthChecker/2.0" "-"
172.31.20.228 - - [11/Jul/2025:16:06:37 +0000] "GET / HTTP/1.1" 200 48716 "-" "ELB-HealthChecker/2.0" "-"
172.31.35.30 - - [11/Jul/2025:16:06:38 +0000] "GET /company/GSBD/transcripts/2025/1/ HTTP/1.1" 200 43490 "-" "Mozilla/5.0 AppleWebKit/537.36 (KHTML, like Gecko); compatible; ChatGPT-User/1.0; +https://openai.com/bot" "172.178.141.132"
172.31.14.238 - - [11/Jul/2025:16:06:40 +0000] "GET /company/HTA/ratios/ HTTP/1.1" 200 53128 "-" "Mozilla/5.0 (Macintosh; Intel Mac OS X 10_15_7) AppleWebKit/537.36 (KHTML, like Gecko) Chrome/131.0.0.0 Safari/537.36; compatible; OAI-SearchBot/1.0; +https://openai.com/searchbot" "20.171.123.66"
172.31.35.30 - - [11/Jul/2025:16:06:41 +0000] "GET /company/JPM-PJ/transcripts/2012/3/ HTTP/1.1" 200 45960 "-" "python-requests/2.32.4" "23.234.118.221"
172.31.35.30 - - [11/Jul/2025:16:06:43 +0000] "GET /company/SERV/transcripts/2019/2/ HTTP/1.1" 200 42454 "-" "Mozilla/5.0 AppleWebKit/537.36 (KHTML, like Gecko); compatible; ChatGPT-User/1.0; +https://openai.com/bot" "135.237.131.212"
172.31.35.30 - - [11/Jul/2025:16:06:43 +0000] "GET /company/BRDG/transcripts/2026/3/ HTTP/1.1" 200 84 "-" "axios/1.9.0" "18.153.216.70"
172.31.35.30 - - [11/Jul/2025:16:06:44 +0000] "GET /company/JPM-PJ/transcripts/2012/2/ HTTP/1.1" 200 89096 "-" "python-requests/2.32.4" "23.234.118.221"
172.31.14.238 - - [11/Jul/2025:16:06:44 +0000] "GET /company/DEFT/valuation/two-stage-dividend-discount-model/ HTTP/1.1" 200 62299 "-" "Mozilla/5.0 (Macintosh; Intel Mac OS X 10_15_7) AppleWebKit/537.36 (KHTML, like Gecko) Chrome/131.0.0.0 Safari/537.36; compatible; OAI-SearchBot/1.0; +https://openai.com/searchbot" "20.171.53.233"
172.31.35.30 - - [11/Jul/2025:16:06:44 +0000] "GET /company/BRDG/transcripts/2026/1/ HTTP/1.1" 200 84 "-" "axios/1.9.0" "18.153.216.70"
172.31.14.238 - - [11/Jul/2025:16:06:45 +0000] "GET /company/CLDR/balance-sheet-statement/ HTTP/1.1" 200 46094 "-" "Mozilla/5.0 (Macintosh; Intel Mac OS X 10_15_7) AppleWebKit/537.36 (KHTML, like Gecko) Chrome/131.0.0.0 Safari/537.36; compatible; OAI-SearchBot/1.0; +https://openai.com/searchbot" "172.182.224.14"
172.31.35.30 - - [11/Jul/2025:16:06:46 +0000] "GET /company/BRDG/transcripts/2025/3/ HTTP/1.1" 200 84 "-" "axios/1.9.0" "18.153.216.70"
172.31.20.228 - - [11/Jul/2025:16:06:47 +0000] "POST /parts/stock-chart/ HTTP/1.1" 200 16905 "https://discountingcashflows.com/company/DHER.DE/chart/" "Mozilla/5.0 (Linux; Android 6.0.1; Nexus 5X Build/MMB29P) AppleWebKit/537.36 (KHTML, like Gecko) Chrome/137.0.7151.119 Mobile Safari/537.36 (compatible; Googlebot/2.1; +http://www.google.com/bot.html)" "66.249.74.130"
172.31.20.228 - - [11/Jul/2025:16:06:47 +0000] "GET /company/JPM-PJ/transcripts/2012/1/ HTTP/1.1" 200 48027 "-" "python-requests/2.32.4" "23.234.118.221"
172.31.35.30 - - [11/Jul/2025:16:06:47 +0000] "GET /company/OMC/ratios/ HTTP/1.1" 200 504314 "-" "meta-externalagent/1.1 (+https://developers.facebook.com/docs/sharing/webmasters/crawler)" "57.141.0.18"
172.31.35.30 - - [11/Jul/2025:16:06:47 +0000] "GET /company/BRDG/transcripts/2024/4/ HTTP/1.1" 200 84 "-" "axios/1.9.0" "18.153.216.70"
172.31.14.238 - - [11/Jul/2025:16:06:49 +0000] "GET /company/WIX/senate-trading/ HTTP/1.1" 200 41243 "-" "Mozilla/5.0 (Macintosh; Intel Mac OS X 10_15_7) AppleWebKit/537.36 (KHTML, like Gecko) Chrome/131.0.0.0 Safari/537.36; compatible; OAI-SearchBot/1.0; +https://openai.com/searchbot" "20.171.123.66"
172.31.14.238 - - [11/Jul/2025:16:06:51 +0000] "GET / HTTP/1.1" 403 135 "-" "ELB-HealthChecker/2.0" "-"
172.31.35.30 - - [11/Jul/2025:16:06:51 +0000] "GET /company/TEN/valuation/ HTTP/1.1" 200 55471 "-" "Mozilla/5.0 (compatible; AhrefsBot/7.0; +http://ahrefs.com/robot/)" "54.36.148.49"
172.31.14.238 - - [11/Jul/2025:16:06:51 +0000] "GET /company/SPLP-PA/insider-trading/ HTTP/1.1" 200 45070 "-" "Mozilla/5.0 (Macintosh; Intel Mac OS X 10_15_7) AppleWebKit/537.36 (KHTML, like Gecko) Chrome/131.0.0.0 Safari/537.36; compatible; OAI-SearchBot/1.0; +https://openai.com/searchbot" "20.171.123.66"
172.31.20.228 - - [11/Jul/2025:16:06:52 +0000] "GET /accounts/signup/?next=/company/NVDA/transcripts/2015/2/ HTTP/1.1" 200 11575 "-" "Mozilla/5.0 (compatible; Barkrowler/0.9; +https://babbar.tech/crawler)" "217.113.194.216"
172.31.35.30 - - [11/Jul/2025:16:06:52 +0000] "GET / HTTP/1.1" 200 48691 "-" "ELB-HealthChecker/2.0" "-"
172.31.20.228 - - [11/Jul/2025:16:06:52 +0000] "GET / HTTP/1.1" 200 48719 "-" "ELB-HealthChecker/2.0" "-"
172.31.20.228 - - [11/Jul/2025:16:06:54 +0000] "GET / HTTP/1.1" 200 48705 "-" "Mozilla/5.0 (Windows NT 10.0; Win64; x64) AppleWebKit/537.36 (KHTML, like Gecko) Chrome/138.0.0.0 Safari/537.36" "69.59.91.88"
172.31.14.238 - - [11/Jul/2025:16:06:54 +0000] "GET /sitemap-valuations.xml?p=8 HTTP/1.1" 200 17110 "-" "Mozilla/5.0 (Macintosh; Intel Mac OS X 10_15_7) AppleWebKit/537.36 (KHTML, like Gecko) Chrome/131.0.0.0 Safari/537.36; compatible; OAI-SearchBot/1.0; +https://openai.com/searchbot" "172.182.193.86"
172.31.35.30 - - [11/Jul/2025:16:06:55 +0000] "GET /company/ODVWZ/income-statement/ HTTP/1.1" 200 44733 "-" "Mozilla/5.0 (compatible; SemrushBot/7~bl; +http://www.semrush.com/bot.html)" "85.208.96.201"
172.31.20.228 - - [11/Jul/2025:16:06:56 +0000] "GET /company/EEX/transcripts/2023/1/ HTTP/1.1" 200 42544 "-" "Mozilla/5.0 AppleWebKit/537.36 (KHTML, like Gecko); compatible; ChatGPT-User/1.0; +https://openai.com/bot" "20.161.75.208"
172.31.35.30 - - [11/Jul/2025:16:06:56 +0000] "GET /accounts/signup/?next=/company/HCDIP/valuation/benjamin-grahams-number/ HTTP/1.1" 200 11513 "-" "Mozilla/5.0 (compatible; AhrefsBot/7.0; +http://ahrefs.com/robot/)" "54.36.148.46"
172.31.20.228 - - [11/Jul/2025:16:06:57 +0000] "GET /company/JPM-PJ/transcripts/2011/2/ HTTP/1.1" 200 53005 "-" "python-requests/2.32.4" "23.234.118.221"
172.31.14.238 - - [11/Jul/2025:16:06:58 +0000] "GET /company/MOG-B/insider-trading/ HTTP/1.1" 200 44535 "-" "Mozilla/5.0 (Macintosh; Intel Mac OS X 10_15_7) AppleWebKit/537.36 (KHTML, like Gecko) Chrome/131.0.0.0 Safari/537.36; compatible; OAI-SearchBot/1.0; +https://openai.com/searchbot" "172.182.224.14"
172.31.35.30 - - [11/Jul/2025:16:06:58 +0000] "GET /company/NI/valuation/return-on-invested-capital-roic/ HTTP/1.1" 200 65627 "-" "Mozilla/5.0 (compatible; SemrushBot/7~bl; +http://www.semrush.com/bot.html)" "185.191.171.12"
172.31.20.228 - - [11/Jul/2025:16:07:00 +0000] "GET /company/JPM-PJ/transcripts/2011/1/ HTTP/1.1" 200 48235 "-" "python-requests/2.32.4" "23.234.118.221"
172.31.20.228 - - [11/Jul/2025:16:07:02 +0000] "GET /api/search/?keyword=google&limit=5&org.htmx.cache-buster=SearchResults HTTP/1.1" 200 1182 "https://discountingcashflows.com/" "Mozilla/5.0 (Windows NT 10.0; Win64; x64) AppleWebKit/537.36 (KHTML, like Gecko) Chrome/138.0.0.0 Safari/537.36" "69.59.91.88"
172.31.35.30 - - [11/Jul/2025:16:07:02 +0000] "GET /company/TRUE/chart/ HTTP/1.1" 200 40846 "-" "Mozilla/5.0 (compatible; Bytespider; spider-feedback@bytedance.com) AppleWebKit/537.36 (KHTML, like Gecko) Chrome/70.0.0.0 Safari/537.36" "47.128.118.162"
172.31.20.228 - - [11/Jul/2025:16:07:04 +0000] "GET /company/RAI/valuation/annual-margin-report/ HTTP/1.1" 200 64226 "https://www.google.com/" "Mozilla/5.0 (Macintosh; Intel Mac OS X 10_15_7) AppleWebKit/537.36 (KHTML, like Gecko) Chrome/137.0.0.0 Safari/537.36" "72.14.201.207"
172.31.14.238 - - [11/Jul/2025:16:07:04 +0000] "GET /company/EOLS/valuation/discounted-free-cash-flow-exit-multiple/ HTTP/1.1" 200 77376 "-" "Mozilla/5.0 (Macintosh; Intel Mac OS X 10_15_7) AppleWebKit/537.36 (KHTML, like Gecko) Chrome/131.0.0.0 Safari/537.36; compatible; OAI-SearchBot/1.0; +https://openai.com/searchbot" "172.182.193.86"
172.31.20.228 - - [11/Jul/2025:16:07:05 +0000] "GET /api/search/?keyword=googl&limit=5&org.htmx.cache-buster=SearchResults HTTP/1.1" 200 1460 "https://discountingcashflows.com/" "Mozilla/5.0 (Windows NT 10.0; Win64; x64) AppleWebKit/537.36 (KHTML, like Gecko) Chrome/138.0.0.0 Safari/537.36" "69.59.91.88"
172.31.35.30 - - [11/Jul/2025:16:07:05 +0000] "GET /accounts/signup/?next=/company/FWAC/valuation/annual-margin-report/ HTTP/1.1" 200 11603 "-" "Mozilla/5.0 (compatible; AhrefsBot/7.0; +http://ahrefs.com/robot/)" "54.36.148.169"
172.31.14.238 - - [11/Jul/2025:16:07:06 +0000] "GET / HTTP/1.1" 403 135 "-" "ELB-HealthChecker/2.0" "-"
172.31.35.30 - - [11/Jul/2025:16:07:06 +0000] "GET /company/MANH/transcripts/2009/4/ HTTP/1.1" 200 44613 "-" "Mozilla/5.0 AppleWebKit/537.36 (KHTML, like Gecko; compatible; Amazonbot/0.1; +https://developer.amazon.com/support/amazonbot) Chrome/119.0.6045.214 Safari/537.36" "44.193.102.198"
172.31.20.228 - - [11/Jul/2025:16:07:07 +0000] "GET /company/JPM-PJ/transcripts/2010/3/ HTTP/1.1" 200 54273 "-" "python-requests/2.32.4" "23.234.118.221"
172.31.20.228 - - [11/Jul/2025:16:07:07 +0000] "GET /company/GOOGL/overview/ HTTP/1.1" 200 23948 "https://discountingcashflows.com/" "Mozilla/5.0 (Windows NT 10.0; Win64; x64) AppleWebKit/537.36 (KHTML, like Gecko) Chrome/138.0.0.0 Safari/537.36" "69.59.91.88"
172.31.14.238 - - [11/Jul/2025:16:07:07 +0000] "GET /company/BRID/valuation/discounted-free-cash-flow-exit-multiple/ HTTP/1.1" 200 77714 "-" "Mozilla/5.0 (Macintosh; Intel Mac OS X 10_15_7) AppleWebKit/537.36 (KHTML, like Gecko) Chrome/131.0.0.0 Safari/537.36; compatible; OAI-SearchBot/1.0; +https://openai.com/searchbot" "20.171.123.66"
172.31.35.30 - - [11/Jul/2025:16:07:07 +0000] "GET / HTTP/1.1" 200 48677 "-" "ELB-HealthChecker/2.0" "-"
172.31.35.30 - - [11/Jul/2025:16:07:07 +0000] "GET /company/BBD-B.TO/transcripts/2024/4/ HTTP/1.1" 200 42585 "-" "Mozilla/5.0 (compatible; SemrushBot/7~bl; +http://www.semrush.com/bot.html)" "185.191.171.5"
172.31.20.228 - - [11/Jul/2025:16:07:07 +0000] "GET / HTTP/1.1" 200 48731 "-" "ELB-HealthChecker/2.0" "-"
172.31.20.228 - - [11/Jul/2025:16:07:08 +0000] "GET /api/news/?page=0&ticker=GOOGL&org.htmx.cache-buster=newsTableTbodyGOOGL HTTP/1.1" 200 2271 "https://discountingcashflows.com/company/GOOGL/overview/" "Mozilla/5.0 (Windows NT 10.0; Win64; x64) AppleWebKit/537.36 (KHTML, like Gecko) Chrome/138.0.0.0 Safari/537.36" "69.59.91.88"
172.31.20.228 - - [11/Jul/2025:16:07:08 +0000] "POST /widgets/stock-list/ HTTP/1.1" 200 2752 "https://discountingcashflows.com/company/GOOGL/overview/" "Mozilla/5.0 (Windows NT 10.0; Win64; x64) AppleWebKit/537.36 (KHTML, like Gecko) Chrome/138.0.0.0 Safari/537.36" "69.59.91.88"
172.31.35.30 - - [11/Jul/2025:16:07:11 +0000] "GET /company/KHC/executive-compensation/ HTTP/1.1" 200 46018 "https://www.google.com/" "Mozilla/5.0 (Windows NT 10.0; Win64; x64) AppleWebKit/537.36 (KHTML, like Gecko) Chrome/138.0.0.0 Safari/537.36" "162.120.187.116"
172.31.20.228 - - [11/Jul/2025:16:07:13 +0000] "GET /company/JPM-PJ/transcripts/2010/1/ HTTP/1.1" 200 51870 "-" "python-requests/2.32.4" "23.234.118.221"
172.31.14.238 - - [11/Jul/2025:16:07:13 +0000] "GET /company/TEAF/chart/ HTTP/1.1" 200 39859 "-" "Mozilla/5.0 (Macintosh; Intel Mac OS X 10_15_7) AppleWebKit/537.36 (KHTML, like Gecko) Chrome/131.0.0.0 Safari/537.36; compatible; OAI-SearchBot/1.0; +https://openai.com/searchbot" "20.171.53.233"
172.31.35.30 - - [11/Jul/2025:16:07:14 +0000] "GET /accounts/signup/?next=/company/ZFOXW/valuation/ HTTP/1.1" 200 11580 "-" "Mozilla/5.0 AppleWebKit/537.36 (KHTML, like Gecko; compatible; Amazonbot/0.1; +https://developer.amazon.com/support/amazonbot) Chrome/119.0.6045.214 Safari/537.36" "54.235.172.108"
172.31.14.238 - - [11/Jul/2025:16:07:15 +0000] "GET /company/UAMY/valuation/weighted-average-cost-of-capital/ HTTP/1.1" 200 62383 "-" "Mozilla/5.0 (Macintosh; Intel Mac OS X 10_15_7) AppleWebKit/537.36 (KHTML, like Gecko) Chrome/131.0.0.0 Safari/537.36; compatible; OAI-SearchBot/1.0; +https://openai.com/searchbot" "135.234.64.1"
172.31.20.228 - - [11/Jul/2025:16:07:15 +0000] "GET /company/JPM-PK/transcripts/2025/2/ HTTP/1.1" 200 84 "-" "python-requests/2.32.4" "23.234.118.221"
172.31.35.30 - - [11/Jul/2025:16:07:16 +0000] "POST /editor/execute-code/ HTTP/1.1" 200 6203 "https://discountingcashflows.com/editor/" "Mozilla/5.0 (X11; Linux x86_64) AppleWebKit/537.36 (KHTML, like Gecko) Chrome/131.0.0.0 Safari/537.36" "152.59.166.200"
172.31.20.228 - - [11/Jul/2025:16:07:18 +0000] "GET /company/JPM-PK/transcripts/2025/2/ HTTP/1.1" 200 84 "-" "python-requests/2.32.4" "23.234.118.221"
172.31.35.30 - - [11/Jul/2025:16:07:20 +0000] "GET /accounts/login/?next=/company/PTH/valuation/annual-margin-report/ HTTP/1.1" 200 11040 "-" "Mozilla/5.0 (compatible; AhrefsBot/7.0; +http://ahrefs.com/robot/)" "54.36.149.86"
172.31.20.228 - - [11/Jul/2025:16:07:20 +0000] "GET /company/JPM-PK/transcripts/2025/1/ HTTP/1.1" 200 45025 "-" "python-requests/2.32.4" "23.234.118.221"
172.31.14.238 - - [11/Jul/2025:16:07:21 +0000] "GET / HTTP/1.1" 403 135 "-" "ELB-HealthChecker/2.0" "-"
172.31.35.30 - - [11/Jul/2025:16:07:22 +0000] "GET / HTTP/1.1" 200 48701 "-" "ELB-HealthChecker/2.0" "-"
172.31.20.228 - - [11/Jul/2025:16:07:22 +0000] "GET /accounts/signup/?next=/company/NVDA/transcripts/2015/3/ HTTP/1.1" 200 11599 "-" "Mozilla/5.0 (compatible; Barkrowler/0.9; +https://babbar.tech/crawler)" "217.113.194.214"
172.31.14.238 - - [11/Jul/2025:16:07:23 +0000] "GET /company/GEAR/valuation/discounted-free-cash-flow-perpetuity/ HTTP/1.1" 200 63449 "-" "Mozilla/5.0 (Macintosh; Intel Mac OS X 10_15_7) AppleWebKit/537.36 (KHTML, like Gecko) Chrome/131.0.0.0 Safari/537.36; compatible; OAI-SearchBot/1.0; +https://openai.com/searchbot" "20.171.123.66"
172.31.35.30 - - [11/Jul/2025:16:07:24 +0000] "GET /company/HLIO/transcripts/2010/2/ HTTP/1.1" 200 44324 "-" "Mozilla/5.0 (compatible; SemrushBot/7~bl; +http://www.semrush.com/bot.html)" "185.191.171.17"
172.31.20.228 - - [11/Jul/2025:16:07:24 +0000] "GET / HTTP/1.1" 200 48716 "-" "ELB-HealthChecker/2.0" "-"
172.31.14.238 - - [11/Jul/2025:16:07:25 +0000] "GET /company/HST/balance-sheet-statement/ HTTP/1.1" 200 52388 "-" "Mozilla/5.0 (Macintosh; Intel Mac OS X 10_15_7) AppleWebKit/537.36 (KHTML, like Gecko) Chrome/131.0.0.0 Safari/537.36; compatible; OAI-SearchBot/1.0; +https://openai.com/searchbot" "172.182.195.58"
172.31.35.30 - - [11/Jul/2025:16:07:26 +0000] "GET /company/FAF/transcripts/2014/4/ HTTP/1.1" 200 44695 "-" "Mozilla/5.0 AppleWebKit/537.36 (KHTML, like Gecko; compatible; Amazonbot/0.1; +https://developer.amazon.com/support/amazonbot) Chrome/119.0.6045.214 Safari/537.36" "18.204.152.114"
172.31.20.228 - - [11/Jul/2025:16:07:26 +0000] "GET /company/JPM-PK/transcripts/2024/3/ HTTP/1.1" 200 45862 "-" "python-requests/2.32.4" "23.234.118.221"
172.31.35.30 - - [11/Jul/2025:16:07:26 +0000] "GET /company/CLEU/overview/ HTTP/1.1" 200 44251 "-" "Mozilla/5.0 (compatible; Bytespider; spider-feedback@bytedance.com) AppleWebKit/537.36 (KHTML, like Gecko) Chrome/70.0.0.0 Safari/537.36" "47.128.33.40"
172.31.14.238 - - [11/Jul/2025:16:07:27 +0000] "GET /company/VIR/valuation/weighted-average-cost-of-capital/ HTTP/1.1" 200 62371 "-" "Mozilla/5.0 (Macintosh; Intel Mac OS X 10_15_7) AppleWebKit/537.36 (KHTML, like Gecko) Chrome/131.0.0.0 Safari/537.36; compatible; OAI-SearchBot/1.0; +https://openai.com/searchbot" "135.234.64.1"
172.31.35.30 - - [11/Jul/2025:16:07:28 +0000] "GET /accounts/signup/?next=/company/PTH/valuation/annual-margin-report/ HTTP/1.1" 200 11542 "-" "Mozilla/5.0 (compatible; AhrefsBot/7.0; +http://ahrefs.com/robot/)" "54.36.148.16"
172.31.20.228 - - [11/Jul/2025:16:07:28 +0000] "GET /parts/institutional-holders/?ticker=IP&date=2025-03-31&org.htmx.cache-buster=institutionalHoldersTbody HTTP/1.1" 200 2950 "https://discountingcashflows.com/company/IP/institutional-holders/" "Mozilla/5.0 (compatible; YandexRenderResourcesBot/1.0; +http://yandex.com/bots) AppleWebKit/537.36 (KHTML, like Gecko) Chrome/108.0.0.0" "87.250.224.2"
172.31.20.228 - - [11/Jul/2025:16:07:28 +0000] "GET /accounts/signup/?next=/company/CDP/ratios/quarterly/ HTTP/1.1" 200 11572 "-" "Mozilla/5.0 AppleWebKit/537.36 (KHTML, like Gecko; compatible; Amazonbot/0.1; +https://developer.amazon.com/support/amazonbot) Chrome/119.0.6045.214 Safari/537.36" "34.204.150.196"
172.31.14.238 - - [11/Jul/2025:16:07:32 +0000] "GET /company/AGX/valuation/benjamin-grahams-number/ HTTP/1.1" 200 68196 "-" "Mozilla/5.0 (Macintosh; Intel Mac OS X 10_15_7) AppleWebKit/537.36 (KHTML, like Gecko) Chrome/131.0.0.0 Safari/537.36; compatible; OAI-SearchBot/1.0; +https://openai.com/searchbot" "172.182.195.50"
172.31.35.30 - - [11/Jul/2025:16:07:32 +0000] "GET /accounts/login/?next=/company/JGGC/valuation/ HTTP/1.1" 200 11061 "-" "Mozilla/5.0 (compatible; AhrefsBot/7.0; +http://ahrefs.com/robot/)" "54.36.148.13"
172.31.14.238 - - [11/Jul/2025:16:07:34 +0000] "GET /company/BBAR/valuation/return-on-invested-capital-roic/ HTTP/1.1" 200 65873 "-" "Mozilla/5.0 (Macintosh; Intel Mac OS X 10_15_7) AppleWebKit/537.36 (KHTML, like Gecko) Chrome/131.0.0.0 Safari/537.36; compatible; OAI-SearchBot/1.0; +https://openai.com/searchbot" "172.182.195.58"
172.31.20.228 - - [11/Jul/2025:16:07:34 +0000] "GET /company/JPM-PK/transcripts/2023/4/ HTTP/1.1" 200 32796 "-" "python-requests/2.32.4" "23.234.118.221"
172.31.14.238 - - [11/Jul/2025:16:07:35 +0000] "GET /sitemap-estimates.xml?p=4 HTTP/1.1" 200 6245 "-" "Mozilla/5.0 (Macintosh; Intel Mac OS X 10_15_7) AppleWebKit/537.36 (KHTML, like Gecko) Chrome/131.0.0.0 Safari/537.36; compatible; OAI-SearchBot/1.0; +https://openai.com/searchbot" "172.182.195.50"
172.31.14.238 - - [11/Jul/2025:16:07:36 +0000] "GET / HTTP/1.1" 403 135 "-" "ELB-HealthChecker/2.0" "-"
172.31.35.30 - - [11/Jul/2025:16:07:37 +0000] "GET /accounts/signup/?next=/company/TLSI/earnings/ HTTP/1.1" 200 11498 "-" "Mozilla/5.0 AppleWebKit/537.36 (KHTML, like Gecko; compatible; Amazonbot/0.1; +https://developer.amazon.com/support/amazonbot) Chrome/119.0.6045.214 Safari/537.36" "44.206.65.8"
172.31.20.228 - - [11/Jul/2025:16:07:37 +0000] "GET / HTTP/1.1" 200 48721 "-" "ELB-HealthChecker/2.0" "-"
172.31.35.30 - - [11/Jul/2025:16:07:37 +0000] "GET / HTTP/1.1" 200 48661 "-" "ELB-HealthChecker/2.0" "-"
172.31.35.30 - - [11/Jul/2025:16:07:38 +0000] "GET /accounts/signup/?next=/company/JGGC/valuation/ HTTP/1.1" 200 11583 "-" "Mozilla/5.0 (compatible; AhrefsBot/7.0; +http://ahrefs.com/robot/)" "54.36.148.2"
172.31.20.228 - - [11/Jul/2025:16:07:39 +0000] "GET /company/JPM-PK/transcripts/2023/2/ HTTP/1.1" 200 43304 "-" "python-requests/2.32.4" "23.234.118.221"
172.31.20.228 - - [11/Jul/2025:16:07:41 +0000] "GET /company/CEIX/transcripts/2026/3/ HTTP/1.1" 200 84 "-" "axios/1.9.0" "3.66.3.88"
172.31.14.238 - - [11/Jul/2025:16:07:41 +0000] "GET /company/GMM/valuation/simple-excess-return-model/ HTTP/1.1" 200 70856 "-" "Mozilla/5.0 (Macintosh; Intel Mac OS X 10_15_7) AppleWebKit/537.36 (KHTML, like Gecko) Chrome/131.0.0.0 Safari/537.36; compatible; OAI-SearchBot/1.0; +https://openai.com/searchbot" "20.171.53.233"
172.31.20.228 - - [11/Jul/2025:16:07:42 +0000] "GET /company/CEIX/transcripts/2025/4/ HTTP/1.1" 200 84 "-" "axios/1.9.0" "3.66.3.88"
172.31.20.228 - - [11/Jul/2025:16:07:42 +0000] "GET /company/RKLB/balance-sheet-statement/quarterly/ HTTP/1.1" 200 46901 "-" "Mozilla/5.0 AppleWebKit/537.36 (KHTML, like Gecko); compatible; ChatGPT-User/1.0; +https://openai.com/bot" "74.7.36.65"
172.31.20.228 - - [11/Jul/2025:16:07:42 +0000] "GET /company/MEC/balance-sheet-statement/quarterly/ HTTP/1.1" 200 46842 "-" "Mozilla/5.0 (compatible; GoogleDocs; apps-spreadsheets; +http://docs.google.com)" "74.125.217.136"
172.31.14.238 - - [11/Jul/2025:16:07:43 +0000] "GET /sitemap-institutional-holders.xml?p=4 HTTP/1.1" 200 6188 "-" "Mozilla/5.0 (Macintosh; Intel Mac OS X 10_15_7) AppleWebKit/537.36 (KHTML, like Gecko) Chrome/131.0.0.0 Safari/537.36; compatible; OAI-SearchBot/1.0; +https://openai.com/searchbot" "172.182.195.50"
172.31.20.228 - - [11/Jul/2025:16:07:43 +0000] "GET /company/CEIX/transcripts/2025/3/ HTTP/1.1" 200 84 "-" "axios/1.9.0" "3.66.3.88"
172.31.20.228 - - [11/Jul/2025:16:07:43 +0000] "GET /company/CEIX/transcripts/2025/2/ HTTP/1.1" 200 84 "-" "axios/1.9.0" "3.66.3.88"
172.31.35.30 - - [11/Jul/2025:16:07:44 +0000] "GET /parts/transcripts/?ticker=UBER&quarter=1&year=2025 HTTP/1.1" 200 31242 "-" "axios/1.9.0" "220.76.220.163"
172.31.35.30 - - [11/Jul/2025:16:07:44 +0000] "GET /parts/transcripts/?ticker=UBER&quarter=4&year=2025 HTTP/1.1" 200 31265 "-" "axios/1.9.0" "220.76.220.163"
172.31.20.228 - - [11/Jul/2025:16:07:44 +0000] "GET /company/NE/balance-sheet-statement/quarterly/ HTTP/1.1" 200 48307 "-" "Mozilla/5.0 (compatible; GoogleDocs; apps-spreadsheets; +http://docs.google.com)" "74.125.217.136"
172.31.35.30 - - [11/Jul/2025:16:07:44 +0000] "GET /parts/transcripts/?ticker=UBER&quarter=3&year=2025 HTTP/1.1" 200 31230 "-" "axios/1.9.0" "220.76.220.163"
172.31.20.228 - - [11/Jul/2025:16:07:45 +0000] "GET /company/CHCT/cash-flow-statement/quarterly/ HTTP/1.1" 200 46444 "-" "Mozilla/5.0 (compatible; GoogleDocs; apps-spreadsheets; +http://docs.google.com)" "74.125.217.136"
172.31.20.228 - - [11/Jul/2025:16:07:45 +0000] "GET /company/JPM-PK/transcripts/2022/4/ HTTP/1.1" 200 42679 "-" "python-requests/2.32.4" "23.234.118.221"
172.31.20.228 - - [11/Jul/2025:16:07:46 +0000] "GET /company/LCID/cash-flow-statement/quarterly/ HTTP/1.1" 200 46142 "-" "Mozilla/5.0 (compatible; GoogleDocs; apps-spreadsheets; +http://docs.google.com)" "74.125.217.136"
172.31.20.228 - - [11/Jul/2025:16:07:46 +0000] "GET /company/PBF/income-statement/quarterly/ HTTP/1.1" 200 46278 "-" "Mozilla/5.0 (compatible; GoogleDocs; apps-spreadsheets; +http://docs.google.com)" "74.125.217.136"
172.31.14.238 - - [11/Jul/2025:16:07:47 +0000] "GET /company/UEPS/cash-flow-statement/ HTTP/1.1" 200 50428 "-" "Mozilla/5.0 (Macintosh; Intel Mac OS X 10_15_7) AppleWebKit/537.36 (KHTML, like Gecko) Chrome/131.0.0.0 Safari/537.36; compatible; OAI-SearchBot/1.0; +https://openai.com/searchbot" "172.182.193.86"
172.31.35.30 - - [11/Jul/2025:16:07:47 +0000] "GET /company/MU/ HTTP/1.1" 302 0 "-" "Mozilla/5.0 (compatible; Bytespider; spider-feedback@bytedance.com) AppleWebKit/537.36 (KHTML, like Gecko) Chrome/70.0.0.0 Safari/537.36" "47.128.113.2"
172.31.20.228 - - [11/Jul/2025:16:07:48 +0000] "GET /company/JPM-PK/transcripts/2022/3/ HTTP/1.1" 200 34486 "-" "python-requests/2.32.4" "23.234.118.221"
172.31.14.238 - - [11/Jul/2025:16:07:48 +0000] "GET /company/SION/balance-sheet-statement/ HTTP/1.1" 200 44784 "-" "Mozilla/5.0 (Macintosh; Intel Mac OS X 10_15_7) AppleWebKit/537.36 (KHTML, like Gecko) Chrome/131.0.0.0 Safari/537.36; compatible; OAI-SearchBot/1.0; +https://openai.com/searchbot" "20.171.53.233"
172.31.20.228 - - [11/Jul/2025:16:07:49 +0000] "GET /company/PENN/income-statement/quarterly/ HTTP/1.1" 200 47427 "-" "Mozilla/5.0 (compatible; GoogleDocs; apps-spreadsheets; +http://docs.google.com)" "74.125.217.136"
172.31.20.228 - - [11/Jul/2025:16:07:49 +0000] "GET /company/APPN/balance-sheet-statement/quarterly/ HTTP/1.1" 200 47288 "-" "Mozilla/5.0 (compatible; GoogleDocs; apps-spreadsheets; +http://docs.google.com)" "74.125.217.136"
172.31.14.238 - - [11/Jul/2025:16:07:49 +0000] "GET /accounts/login/?next=/company/VPMCX/overview/ HTTP/1.1" 200 11057 "-" "Mozilla/5.0 AppleWebKit/537.36 (KHTML, like Gecko; compatible; Amazonbot/0.1; +https://developer.amazon.com/support/amazonbot) Chrome/119.0.6045.214 Safari/537.36" "54.89.90.224"
172.31.35.30 - - [11/Jul/2025:16:07:50 +0000] "GET /accounts/signup/?next=/company/TRMD/balance-sheet-statement/None HTTP/1.1" 200 11506 "-" "Mozilla/5.0 (compatible; AhrefsBot/7.0; +http://ahrefs.com/robot/)" "54.36.148.37"
172.31.14.238 - - [11/Jul/2025:16:07:51 +0000] "GET / HTTP/1.1" 403 135 "-" "ELB-HealthChecker/2.0" "-"
172.31.20.228 - - [11/Jul/2025:16:07:51 +0000] "GET /company/WBD/cash-flow-statement/quarterly/ HTTP/1.1" 200 47336 "-" "Mozilla/5.0 (compatible; GoogleDocs; apps-spreadsheets; +http://docs.google.com)" "74.125.217.128"
172.31.35.30 - - [11/Jul/2025:16:07:52 +0000] "GET / HTTP/1.1" 200 48662 "-" "ELB-HealthChecker/2.0" "-"
172.31.20.228 - - [11/Jul/2025:16:07:52 +0000] "GET /company/TTAM/cash-flow-statement/quarterly/ HTTP/1.1" 200 44818 "-" "Mozilla/5.0 (compatible; GoogleDocs; apps-spreadsheets; +http://docs.google.com)" "74.125.217.137"
172.31.20.228 - - [11/Jul/2025:16:07:52 +0000] "GET / HTTP/1.1" 200 48674 "-" "ELB-HealthChecker/2.0" "-"
172.31.20.228 - - [11/Jul/2025:16:07:53 +0000] "GET /company/MOFG/cash-flow-statement/quarterly/ HTTP/1.1" 200 48010 "-" "Mozilla/5.0 (compatible; GoogleDocs; apps-spreadsheets; +http://docs.google.com)" "74.125.217.137"
172.31.20.228 - - [11/Jul/2025:16:07:53 +0000] "GET /accounts/signup/?next=/company/TRP/insider-trading/ HTTP/1.1" 200 11548 "-" "Mozilla/5.0 AppleWebKit/537.36 (KHTML, like Gecko; compatible; Amazonbot/0.1; +https://developer.amazon.com/support/amazonbot) Chrome/119.0.6045.214 Safari/537.36" "3.232.82.72"
172.31.20.228 - - [11/Jul/2025:16:07:54 +0000] "GET /accounts/signup/?next=/company/NVDA/transcripts/2018/4/ HTTP/1.1" 200 11553 "-" "Mozilla/5.0 (compatible; Barkrowler/0.9; +https://babbar.tech/crawler)" "217.113.194.212"
172.31.14.238 - - [11/Jul/2025:16:07:54 +0000] "GET /company/SERV/transcripts/2019/2/ HTTP/1.1" 200 42397 "-" "Mozilla/5.0 (Macintosh; Intel Mac OS X 10_15_7) AppleWebKit/537.36 (KHTML, like Gecko) Chrome/131.0.0.0 Safari/537.36; compatible; OAI-SearchBot/1.0; +https://openai.com/searchbot" "20.171.53.233"
172.31.20.228 - - [11/Jul/2025:16:07:55 +0000] "GET /company/CP/income-statement/quarterly/ HTTP/1.1" 200 46773 "-" "Mozilla/5.0 (compatible; GoogleDocs; apps-spreadsheets; +http://docs.google.com)" "74.125.217.137"
172.31.20.228 - - [11/Jul/2025:16:07:56 +0000] "GET /company/GT/income-statement/quarterly/ HTTP/1.1" 200 47674 "-" "Mozilla/5.0 (compatible; GoogleDocs; apps-spreadsheets; +http://docs.google.com)" "74.125.217.136"
172.31.14.238 - - [11/Jul/2025:16:07:56 +0000] "GET /company/AMBR/balance-sheet-statement/ HTTP/1.1" 200 47837 "-" "Mozilla/5.0 (Macintosh; Intel Mac OS X 10_15_7) AppleWebKit/537.36 (KHTML, like Gecko) Chrome/131.0.0.0 Safari/537.36; compatible; OAI-SearchBot/1.0; +https://openai.com/searchbot" "172.182.224.14"
172.31.35.30 - - [11/Jul/2025:16:07:58 +0000] "GET /company/EQR/transcripts/2018/3/ HTTP/1.1" 200 44597 "-" "Mozilla/5.0 AppleWebKit/537.36 (KHTML, like Gecko; compatible; Amazonbot/0.1; +https://developer.amazon.com/support/amazonbot) Chrome/119.0.6045.214 Safari/537.36" "44.221.227.90"
172.31.20.228 - - [11/Jul/2025:16:07:58 +0000] "GET /company/BIDU/ratios/quarterly/ HTTP/1.1" 200 53767 "-" "Mozilla/5.0 (compatible; GoogleDocs; apps-spreadsheets; +http://docs.google.com)" "74.125.217.128"
172.31.20.228 - - [11/Jul/2025:16:07:59 +0000] "GET /company/RES/cash-flow-statement/quarterly/ HTTP/1.1" 200 48585 "-" "Mozilla/5.0 (compatible; GoogleDocs; apps-spreadsheets; +http://docs.google.com)" "74.125.217.128"
172.31.14.238 - - [11/Jul/2025:16:08:00 +0000] "GET /sitemap-income.xml?p=4 HTTP/1.1" 200 6324 "-" "Mozilla/5.0 (Macintosh; Intel Mac OS X 10_15_7) AppleWebKit/537.36 (KHTML, like Gecko) Chrome/131.0.0.0 Safari/537.36; compatible; OAI-SearchBot/1.0; +https://openai.com/searchbot" "172.182.195.50"
172.31.20.228 - - [11/Jul/2025:16:08:00 +0000] "GET /company/NTCL/income-statement/ HTTP/1.1" 200 44744 "-" "Mozilla/5.0 AppleWebKit/537.36 (KHTML, like Gecko); compatible; ChatGPT-User/1.0; +https://openai.com/bot" "20.97.189.100"
172.31.20.228 - - [11/Jul/2025:16:08:00 +0000] "GET /company/JPM-PK/transcripts/2021/3/ HTTP/1.1" 200 45197 "-" "python-requests/2.32.4" "23.234.118.221"
172.31.35.30 - - [11/Jul/2025:16:08:00 +0000] "GET /company/BBAS3.SA/transcripts/2022/4/ HTTP/1.1" 200 41395 "-" "Mozilla/5.0 AppleWebKit/537.36 (KHTML, like Gecko); compatible; ChatGPT-User/1.0; +https://openai.com/bot" "52.255.111.114"
172.31.35.30 - - [11/Jul/2025:16:08:00 +0000] "GET /company/BBAS3.SA/transcripts/2017/4/ HTTP/1.1" 200 41403 "-" "Mozilla/5.0 AppleWebKit/537.36 (KHTML, like Gecko); compatible; ChatGPT-User/1.0; +https://openai.com/bot" "52.255.111.117"
172.31.14.238 - - [11/Jul/2025:16:08:02 +0000] "GET /company/GFS/income-statement/quarterly/ HTTP/1.1" 200 45364 "-" "Mozilla/5.0 AppleWebKit/537.36 (KHTML, like Gecko); compatible; ChatGPT-User/1.0; +https://openai.com/bot" "13.65.138.123"
172.31.20.228 - - [11/Jul/2025:16:08:03 +0000] "GET /company/HPP/income-statement/quarterly/ HTTP/1.1" 200 46614 "-" "Mozilla/5.0 (compatible; GoogleDocs; apps-spreadsheets; +http://docs.google.com)" "74.125.217.137"
172.31.35.30 - - [11/Jul/2025:16:08:03 +0000] "GET /company/JPM-PK/transcripts/2021/2/ HTTP/1.1" 200 51296 "-" "python-requests/2.32.4" "23.234.118.221"
172.31.20.228 - - [11/Jul/2025:16:08:05 +0000] "GET /company/GTE/income-statement/quarterly/ HTTP/1.1" 200 46766 "-" "Mozilla/5.0 (compatible; GoogleDocs; apps-spreadsheets; +http://docs.google.com)" "74.125.217.128"
172.31.14.238 - - [11/Jul/2025:16:08:05 +0000] "GET /company/CHPGF/income-statement/quarterly/ HTTP/1.1" 200 46405 "-" "Mozilla/5.0 (Macintosh; Intel Mac OS X 10_15_7) AppleWebKit/537.36 (KHTML, like Gecko) Chrome/131.0.0.0 Safari/537.36; compatible; OAI-SearchBot/1.0; +https://openai.com/searchbot" "172.182.195.50"
172.31.14.238 - - [11/Jul/2025:16:08:06 +0000] "GET / HTTP/1.1" 403 135 "-" "ELB-HealthChecker/2.0" "-"
172.31.35.30 - - [11/Jul/2025:16:08:07 +0000] "GET /company/JPM-PK/transcripts/2021/1/ HTTP/1.1" 200 43255 "-" "python-requests/2.32.4" "23.234.118.221"
172.31.20.228 - - [11/Jul/2025:16:08:07 +0000] "GET / HTTP/1.1" 200 48694 "-" "ELB-HealthChecker/2.0" "-"
172.31.20.228 - - [11/Jul/2025:16:08:07 +0000] "GET /company/SIVBP/profile/ HTTP/1.1" 302 0 "-" "Mozilla/5.0 AppleWebKit/537.36 (KHTML, like Gecko; compatible; Perplexity-User/1.0; +https://perplexity.ai/perplexity-user)" "34.193.163.52"
172.31.14.238 - - [11/Jul/2025:16:08:07 +0000] "GET /company/TCEHY/cash-flow-statement/quarterly/ HTTP/1.1" 200 46724 "-" "Mozilla/5.0 (Macintosh; Intel Mac OS X 10_15_7) AppleWebKit/537.36 (KHTML, like Gecko) Chrome/131.0.0.0 Safari/537.36; compatible; OAI-SearchBot/1.0; +https://openai.com/searchbot" "135.234.64.1"
172.31.35.30 - - [11/Jul/2025:16:08:08 +0000] "GET / HTTP/1.1" 200 48710 "-" "ELB-HealthChecker/2.0" "-"
172.31.20.228 - - [11/Jul/2025:16:08:09 +0000] "GET /accounts/signup/?next=/company/TFINP/transcripts/2023/1/ HTTP/1.1" 200 11594 "-" "Mozilla/5.0 AppleWebKit/537.36 (KHTML, like Gecko; compatible; Amazonbot/0.1; +https://developer.amazon.com/support/amazonbot) Chrome/119.0.6045.214 Safari/537.36" "3.212.86.97"
172.31.35.30 - - [11/Jul/2025:16:08:10 +0000] "GET /company/JPM-PK/transcripts/2020/4/ HTTP/1.1" 200 66123 "-" "python-requests/2.32.4" "23.234.118.221"
172.31.14.238 - - [11/Jul/2025:16:08:11 +0000] "GET /company/DEFT/executive-compensation/ HTTP/1.1" 200 41334 "-" "Mozilla/5.0 (Macintosh; Intel Mac OS X 10_15_7) AppleWebKit/537.36 (KHTML, like Gecko) Chrome/131.0.0.0 Safari/537.36; compatible; OAI-SearchBot/1.0; +https://openai.com/searchbot" "135.234.64.1"
172.31.35.30 - - [11/Jul/2025:16:08:12 +0000] "GET /company/EBET/chart/ HTTP/1.1" 200 40810 "-" "Mozilla/5.0 (compatible; Bytespider; spider-feedback@bytedance.com) AppleWebKit/537.36 (KHTML, like Gecko) Chrome/70.0.0.0 Safari/537.36" "47.128.45.110"
172.31.35.30 - - [11/Jul/2025:16:08:13 +0000] "GET /company/JPM-PK/transcripts/2020/3/ HTTP/1.1" 200 41300 "-" "python-requests/2.32.4" "23.234.118.221"
172.31.20.228 - - [11/Jul/2025:16:08:13 +0000] "GET /company/CLVT/income-statement/quarterly/ HTTP/1.1" 200 45617 "-" "Mozilla/5.0 (compatible; GoogleDocs; apps-spreadsheets; +http://docs.google.com)" "74.125.217.136"
172.31.14.238 - - [11/Jul/2025:16:08:15 +0000] "GET /company/NOTV/valuation/capital-asset-pricing-model/ HTTP/1.1" 200 61004 "-" "Mozilla/5.0 (Macintosh; Intel Mac OS X 10_15_7) AppleWebKit/537.36 (KHTML, like Gecko) Chrome/131.0.0.0 Safari/537.36; compatible; OAI-SearchBot/1.0; +https://openai.com/searchbot" "172.182.195.58"
172.31.20.228 - - [11/Jul/2025:16:08:15 +0000] "GET /company/CLVT/balance-sheet-statement/quarterly/ HTTP/1.1" 200 46902 "-" "Mozilla/5.0 (compatible; GoogleDocs; apps-spreadsheets; +http://docs.google.com)" "74.125.217.128"
172.31.35.30 - - [11/Jul/2025:16:08:16 +0000] "GET /company/JPM-PK/transcripts/2020/2/ HTTP/1.1" 200 50068 "-" "python-requests/2.32.4" "23.234.118.221"
172.31.35.30 - - [11/Jul/2025:16:08:16 +0000] "GET /accounts/signup/?next=/company/VTS/valuation/benjamin-grahams-number/ HTTP/1.1" 200 11544 "-" "Mozilla/5.0 (compatible; AhrefsBot/7.0; +http://ahrefs.com/robot/)" "54.36.148.175"
172.31.20.228 - - [11/Jul/2025:16:08:17 +0000] "GET /accounts/login/?next=/company/CTR/dividends/ HTTP/1.1" 200 11110 "-" "Mozilla/5.0 AppleWebKit/537.36 (KHTML, like Gecko; compatible; Amazonbot/0.1; +https://developer.amazon.com/support/amazonbot) Chrome/119.0.6045.214 Safari/537.36" "3.210.114.189"
172.31.20.228 - - [11/Jul/2025:16:08:18 +0000] "GET /company/OEC/balance-sheet-statement/quarterly/ HTTP/1.1" 200 47227 "-" "Mozilla/5.0 (compatible; GoogleDocs; apps-spreadsheets; +http://docs.google.com)" "74.125.217.137"
172.31.35.30 - - [11/Jul/2025:16:08:19 +0000] "GET /company/ARGO-PA/transcripts/2021/2/ HTTP/1.1" 200 43768 "-" "Mozilla/5.0 (compatible; SemrushBot/7~bl; +http://www.semrush.com/bot.html)" "185.191.171.4"
172.31.14.238 - - [11/Jul/2025:16:08:21 +0000] "GET / HTTP/1.1" 403 135 "-" "ELB-HealthChecker/2.0" "-"
172.31.20.228 - - [11/Jul/2025:16:08:21 +0000] "GET /accounts/login/?next=/company/BF-A/income-statement/ HTTP/1.1" 200 11081 "-" "Mozilla/5.0 AppleWebKit/537.36 (KHTML, like Gecko; compatible; Amazonbot/0.1; +https://developer.amazon.com/support/amazonbot) Chrome/119.0.6045.214 Safari/537.36" "54.83.23.103"
172.31.35.30 - - [11/Jul/2025:16:08:21 +0000] "GET /accounts/login/?next=/company/VTS/valuation/annual-margin-report/ HTTP/1.1" 200 11105 "-" "Mozilla/5.0 (compatible; AhrefsBot/7.0; +http://ahrefs.com/robot/)" "54.36.148.102"
172.31.35.30 - - [11/Jul/2025:16:08:22 +0000] "GET / HTTP/1.1" 200 48732 "-" "ELB-HealthChecker/2.0" "-"
172.31.20.228 - - [11/Jul/2025:16:08:22 +0000] "GET / HTTP/1.1" 200 48700 "-" "ELB-HealthChecker/2.0" "-"
172.31.35.30 - - [11/Jul/2025:16:08:23 +0000] "GET /company/AUTL/transcripts/2021/4/ HTTP/1.1" 200 42334 "-" "Mozilla/5.0 (compatible; SemrushBot/7~bl; +http://www.semrush.com/bot.html)" "85.208.96.210"
172.31.14.238 - - [11/Jul/2025:16:08:23 +0000] "GET /company/UTMD/valuation/annual-margin-report/ HTTP/1.1" 200 64452 "-" "Mozilla/5.0 (Macintosh; Intel Mac OS X 10_15_7) AppleWebKit/537.36 (KHTML, like Gecko) Chrome/131.0.0.0 Safari/537.36; compatible; OAI-SearchBot/1.0; +https://openai.com/searchbot" "20.25.151.239"
172.31.35.30 - - [11/Jul/2025:16:08:25 +0000] "GET /accounts/signup/?next=/company/GLEEW/valuation/benjamin-grahams-number/ HTTP/1.1" 200 11588 "-" "Mozilla/5.0 AppleWebKit/537.36 (KHTML, like Gecko; compatible; Amazonbot/0.1; +https://developer.amazon.com/support/amazonbot) Chrome/119.0.6045.214 Safari/537.36" "44.212.131.50"
172.31.35.30 - - [11/Jul/2025:16:08:27 +0000] "GET /company/NMFC/transcripts/2024/2/ HTTP/1.1" 200 43839 "-" "Mozilla/5.0 (compatible; SemrushBot/7~bl; +http://www.semrush.com/bot.html)" "85.208.96.206"
172.31.35.30 - - [11/Jul/2025:16:08:30 +0000] "GET /company/JPM-PK/transcripts/2019/1/ HTTP/1.1" 200 47083 "-" "python-requests/2.32.4" "23.234.118.221"
172.31.35.30 - - [11/Jul/2025:16:08:31 +0000] "GET /company/CROX/transcripts/2011/3/ HTTP/1.1" 200 44678 "-" "Mozilla/5.0 (compatible; SemrushBot/7~bl; +http://www.semrush.com/bot.html)" "185.191.171.16"
172.31.20.228 - - [11/Jul/2025:16:08:32 +0000] "GET /company/YHC/ratios/quarterly/ HTTP/1.1" 200 51089 "-" "Mozilla/5.0 AppleWebKit/537.36 (KHTML, like Gecko); compatible; ChatGPT-User/1.0; +https://openai.com/bot" "40.84.221.232"
172.31.20.228 - - [11/Jul/2025:16:08:32 +0000] "GET /company/RILYH/executive-compensation/ HTTP/1.1" 200 41261 "-" "Mozilla/5.0 (Linux; Android 6.0.1; Nexus 5X Build/MMB29P) AppleWebKit/537.36 (KHTML, like Gecko) Chrome/137.0.7151.103 Mobile Safari/537.36 (compatible; Googlebot/2.1; +http://www.google.com/bot.html)" "66.249.74.130"
172.31.20.228 - - [11/Jul/2025:16:08:33 +0000] "GET /company/YHC/overview/ HTTP/1.1" 200 43508 "-" "Mozilla/5.0 AppleWebKit/537.36 (KHTML, like Gecko); compatible; ChatGPT-User/1.0; +https://openai.com/bot" "40.84.221.228"
172.31.14.238 - - [11/Jul/2025:16:08:36 +0000] "GET / HTTP/1.1" 403 135 "-" "ELB-HealthChecker/2.0" "-"
172.31.35.30 - - [11/Jul/2025:16:08:37 +0000] "GET /company/JPM-PK/transcripts/2018/3/ HTTP/1.1" 200 41879 "-" "python-requests/2.32.4" "23.234.118.221"
172.31.20.228 - - [11/Jul/2025:16:08:37 +0000] "GET / HTTP/1.1" 200 48694 "-" "ELB-HealthChecker/2.0" "-"
172.31.35.30 - - [11/Jul/2025:16:08:37 +0000] "GET / HTTP/1.1" 200 48690 "-" "ELB-HealthChecker/2.0" "-"
172.31.35.30 - - [11/Jul/2025:16:08:37 +0000] "GET /company/PBT/chart/ HTTP/1.1" 200 39803 "-" "Mozilla/5.0 (compatible; Bytespider; spider-feedback@bytedance.com) AppleWebKit/537.36 (KHTML, like Gecko) Chrome/70.0.0.0 Safari/537.36" "47.128.23.150"
172.31.35.30 - - [11/Jul/2025:16:08:40 +0000] "GET /company/JPM-PK/transcripts/2018/2/ HTTP/1.1" 200 33947 "-" "python-requests/2.32.4" "23.234.118.221"
172.31.35.30 - - [11/Jul/2025:16:08:43 +0000] "GET /accounts/signup/?next=/company/NOC/valuation/discounted-free-cash-flow-perpetuity/ HTTP/1.1" 200 11584 "-" "Mozilla/5.0 AppleWebKit/537.36 (KHTML, like Gecko; compatible; Amazonbot/0.1; +https://developer.amazon.com/support/amazonbot) Chrome/119.0.6045.214 Safari/537.36" "52.44.148.203"
172.31.35.30 - - [11/Jul/2025:16:08:45 +0000] "GET /company/REXR/transcripts/2014/4/ HTTP/1.1" 200 43811 "-" "Mozilla/5.0 AppleWebKit/537.36 (KHTML, like Gecko; compatible; Amazonbot/0.1; +https://developer.amazon.com/support/amazonbot) Chrome/119.0.6045.214 Safari/537.36" "52.73.142.41"
172.31.35.30 - - [11/Jul/2025:16:08:45 +0000] "GET /accounts/signup/?next=/company/PIK/valuation/discounted-free-cash-flow-perpetuity/ HTTP/1.1" 200 11551 "-" "Mozilla/5.0 AppleWebKit/537.36 (KHTML, like Gecko; compatible; Amazonbot/0.1; +https://developer.amazon.com/support/amazonbot) Chrome/119.0.6045.214 Safari/537.36" "52.3.104.214"
172.31.20.228 - - [11/Jul/2025:16:08:47 +0000] "GET /company/CA/cash-flow-statement/ HTTP/1.1" 302 0 "-" "Mozilla/5.0 AppleWebKit/537.36 (KHTML, like Gecko); compatible; ChatGPT-User/1.0; +https://openai.com/bot" "135.237.131.222"
172.31.35.30 - - [11/Jul/2025:16:08:48 +0000] "GET /company/JPM-PK/transcripts/2017/3/ HTTP/1.1" 200 43325 "-" "python-requests/2.32.4" "23.234.118.221"
172.31.35.30 - - [11/Jul/2025:16:08:48 +0000] "GET /accounts/login/?next=/company/SMAR/ratios/quarterly/ HTTP/1.1" 200 11108 "-" "Mozilla/5.0 AppleWebKit/537.36 (KHTML, like Gecko; compatible; Amazonbot/0.1; +https://developer.amazon.com/support/amazonbot) Chrome/119.0.6045.214 Safari/537.36" "34.205.170.13"
172.31.14.238 - - [11/Jul/2025:16:08:51 +0000] "GET / HTTP/1.1" 403 135 "-" "ELB-HealthChecker/2.0" "-"
172.31.35.30 - - [11/Jul/2025:16:08:51 +0000] "GET /accounts/login/?next=/company/MEAC/revenue-analysis/ HTTP/1.1" 200 11043 "-" "Mozilla/5.0 (compatible; AhrefsBot/7.0; +http://ahrefs.com/robot/)" "54.36.148.173"
172.31.20.228 - - [11/Jul/2025:16:08:52 +0000] "GET / HTTP/1.1" 200 48651 "-" "ELB-HealthChecker/2.0" "-"
172.31.35.30 - - [11/Jul/2025:16:08:52 +0000] "GET / HTTP/1.1" 200 48681 "-" "ELB-HealthChecker/2.0" "-"
172.31.35.30 - - [11/Jul/2025:16:08:53 +0000] "GET /company/VSIGX/profile/ HTTP/1.1" 302 0 "https://www.google.com/" "Mozilla/5.0 (Windows NT 10.0; Win64; x64) AppleWebKit/537.36 (KHTML, like Gecko) Chrome/138.0.0.0 Safari/537.36" "193.186.4.207"
172.31.20.228 - - [11/Jul/2025:16:08:55 +0000] "GET /company/CATY/transcripts/2014/1/ HTTP/1.1" 200 43805 "-" "Mozilla/5.0 (Linux; Android 6.0.1; Nexus 5X Build/MMB29P) AppleWebKit/537.36 (KHTML, like Gecko) Chrome/137.0.7151.103 Mobile Safari/537.36 (compatible; Googlebot/2.1; +http://www.google.com/bot.html)" "66.249.76.131"
172.31.20.228 - - [11/Jul/2025:16:08:55 +0000] "GET /company/0700.HK/balance-sheet-statement/ HTTP/1.1" 200 51369 "-" "Mozilla/5.0 (Linux; Android 6.0.1; Nexus 5X Build/MMB29P) AppleWebKit/537.36 (KHTML, like Gecko) Chrome/137.0.7151.103 Mobile Safari/537.36 (compatible; Googlebot/2.1; +http://www.google.com/bot.html)" "66.249.76.130"
172.31.35.30 - - [11/Jul/2025:16:08:56 +0000] "GET /company/SNDK/valuation/capital-asset-pricing-model/ HTTP/1.1" 200 61008 "-" "Mozilla/5.0 (compatible; SemrushBot/7~bl; +http://www.semrush.com/bot.html)" "185.191.171.11"
172.31.20.228 - - [11/Jul/2025:16:08:56 +0000] "GET /accounts/signup/?next=/company/IXAQ/executive-compensation/ HTTP/1.1" 200 11599 "-" "Mozilla/5.0 AppleWebKit/537.36 (KHTML, like Gecko; compatible; Amazonbot/0.1; +https://developer.amazon.com/support/amazonbot) Chrome/119.0.6045.214 Safari/537.36" "34.231.45.47"
172.31.35.30 - - [11/Jul/2025:16:08:57 +0000] "GET /accounts/login/?next=/company/ACP/insider-trading/ HTTP/1.1" 200 11086 "-" "Mozilla/5.0 (compatible; AhrefsBot/7.0; +http://ahrefs.com/robot/)" "54.36.148.44"
172.31.20.228 - - [11/Jul/2025:16:08:57 +0000] "GET /company/PARA/overview/ HTTP/1.1" 200 43725 "-" "Mozilla/5.0 (Linux; Android 6.0.1; Nexus 5X Build/MMB29P) AppleWebKit/537.36 (KHTML, like Gecko) Chrome/137.0.7151.103 Mobile Safari/537.36 (compatible; Googlebot/2.1; +http://www.google.com/bot.html)" "66.249.76.132"
172.31.35.30 - - [11/Jul/2025:16:08:59 +0000] "GET /company/LAZR/valuation/default/4/ HTTP/1.1" 302 0 "-" "Mozilla/5.0 (compatible; Bytespider; spider-feedback@bytedance.com) AppleWebKit/537.36 (KHTML, like Gecko) Chrome/70.0.0.0 Safari/537.36" "47.128.34.198"
172.31.20.228 - - [11/Jul/2025:16:08:59 +0000] "GET /company/FBGL/valuation/discounted-future-market-cap/ HTTP/1.1" 200 74260 "-" "Mozilla/5.0 (Linux; Android 6.0.1; Nexus 5X Build/MMB29P) AppleWebKit/537.36 (KHTML, like Gecko) Chrome/137.0.7151.103 Mobile Safari/537.36 (compatible; Googlebot/2.1; +http://www.google.com/bot.html)" "66.249.74.130"
172.31.35.30 - - [11/Jul/2025:16:09:01 +0000] "GET /accounts/login/?next=/company/ADV/senate-trading/ HTTP/1.1" 200 11074 "-" "Mozilla/5.0 AppleWebKit/537.36 (KHTML, like Gecko; compatible; Amazonbot/0.1; +https://developer.amazon.com/support/amazonbot) Chrome/119.0.6045.214 Safari/537.36" "54.152.163.42"
172.31.35.30 - - [11/Jul/2025:16:09:01 +0000] "GET /company/JPM-PK/transcripts/2016/3/ HTTP/1.1" 200 32853 "-" "python-requests/2.32.4" "23.234.118.221"
172.31.20.228 - - [11/Jul/2025:16:09:02 +0000] "GET /company/RYI/ratios/quarterly/ HTTP/1.1" 200 53737 "-" "Mozilla/5.0 (compatible; GoogleDocs; apps-spreadsheets; +http://docs.google.com)" "74.125.217.137"
172.31.35.30 - - [11/Jul/2025:16:09:03 +0000] "GET /company/VMEO/transcripts/2022/2/ HTTP/1.1" 200 42111 "-" "Mozilla/5.0 (compatible; SemrushBot/7~bl; +http://www.semrush.com/bot.html)" "85.208.96.197"
172.31.35.30 - - [11/Jul/2025:16:09:04 +0000] "GET /accounts/signup/?next=/search/dascoint%2Bh%C3%ADrek HTTP/1.1" 200 11530 "-" "Mozilla/5.0 AppleWebKit/537.36 (KHTML, like Gecko; compatible; bingbot/2.0; +http://www.bing.com/bingbot.htm) Chrome/116.0.1938.76 Safari/537.36" "52.167.144.181"
172.31.20.228 - - [11/Jul/2025:16:09:05 +0000] "GET /company/PBF/cash-flow-statement/quarterly/ HTTP/1.1" 200 46725 "-" "Mozilla/5.0 (compatible; GoogleDocs; apps-spreadsheets; +http://docs.google.com)" "74.125.217.129"
172.31.20.228 - - [11/Jul/2025:16:09:05 +0000] "GET /company/CIVI/balance-sheet-statement/quarterly/ HTTP/1.1" 200 47547 "-" "Mozilla/5.0 (compatible; GoogleDocs; apps-spreadsheets; +http://docs.google.com)" "74.125.217.137"
172.31.14.238 - - [11/Jul/2025:16:09:06 +0000] "GET / HTTP/1.1" 403 135 "-" "ELB-HealthChecker/2.0" "-"
172.31.20.228 - - [11/Jul/2025:16:09:06 +0000] "GET /company/SIRI/ratios/quarterly/ HTTP/1.1" 200 55205 "-" "Mozilla/5.0 (compatible; GoogleDocs; apps-spreadsheets; +http://docs.google.com)" "74.125.217.137"
172.31.35.30 - - [11/Jul/2025:16:09:07 +0000] "GET / HTTP/1.1" 200 48664 "-" "ELB-HealthChecker/2.0" "-"
172.31.20.228 - - [11/Jul/2025:16:09:08 +0000] "GET /company/GLXY/insider-trading/ HTTP/1.1" 200 44098 "-" "Mozilla/5.0 AppleWebKit/537.36 (KHTML, like Gecko); compatible; ChatGPT-User/1.0; +https://openai.com/bot" "40.84.221.233"
172.31.20.228 - - [11/Jul/2025:16:09:08 +0000] "GET /company/OLPX/balance-sheet-statement/quarterly/ HTTP/1.1" 200 46658 "-" "Mozilla/5.0 (compatible; GoogleDocs; apps-spreadsheets; +http://docs.google.com)" "74.125.217.137"
172.31.20.228 - - [11/Jul/2025:16:09:09 +0000] "GET / HTTP/1.1" 200 48661 "-" "ELB-HealthChecker/2.0" "-"
172.31.35.30 - - [11/Jul/2025:16:09:10 +0000] "GET /company/JPM-PK/transcripts/2015/4/ HTTP/1.1" 200 45484 "-" "python-requests/2.32.4" "23.234.118.221"
172.31.20.228 - - [11/Jul/2025:16:09:10 +0000] "GET /company/HAFN/balance-sheet-statement/quarterly/ HTTP/1.1" 200 46624 "-" "Mozilla/5.0 (compatible; GoogleDocs; apps-spreadsheets; +http://docs.google.com)" "74.125.217.136"
172.31.35.30 - - [11/Jul/2025:16:09:10 +0000] "GET /company/HLIO/transcripts/2012/1/ HTTP/1.1" 200 44388 "-" "Mozilla/5.0 (compatible; SemrushBot/7~bl; +http://www.semrush.com/bot.html)" "185.191.171.19"
172.31.20.228 - - [11/Jul/2025:16:09:11 +0000] "GET /company/PKE/transcripts/2025/2/ HTTP/1.1" 200 44001 "-" "Mozilla/5.0 AppleWebKit/537.36 (KHTML, like Gecko); compatible; ChatGPT-User/1.0; +https://openai.com/bot" "172.213.21.150"
172.31.20.228 - - [11/Jul/2025:16:09:11 +0000] "GET /company/POOL/balance-sheet-statement/quarterly/ HTTP/1.1" 200 49273 "-" "Mozilla/5.0 (compatible; GoogleDocs; apps-spreadsheets; +http://docs.google.com)" "74.125.217.136"
172.31.20.228 - - [11/Jul/2025:16:09:13 +0000] "GET /company/CP/ratios/quarterly/ HTTP/1.1" 200 54487 "-" "Mozilla/5.0 (compatible; GoogleDocs; apps-spreadsheets; +http://docs.google.com)" "74.125.217.136"
172.31.20.228 - - [11/Jul/2025:16:09:13 +0000] "POST /parts/stock-chart/ HTTP/1.1" 200 5598 "https://discountingcashflows.com/company/PARA/overview/" "Mozilla/5.0 (Linux; Android 6.0.1; Nexus 5X Build/MMB29P) AppleWebKit/537.36 (KHTML, like Gecko) Chrome/137.0.7151.119 Mobile Safari/537.36 (compatible; Googlebot/2.1; +http://www.google.com/bot.html)" "66.249.74.130"
172.31.35.30 - - [11/Jul/2025:16:09:13 +0000] "GET /accounts/login/?next=/company/EZPW/balance-sheet-statement/ HTTP/1.1" 200 11048 "-" "Mozilla/5.0 AppleWebKit/537.36 (KHTML, like Gecko; compatible; Amazonbot/0.1; +https://developer.amazon.com/support/amazonbot) Chrome/119.0.6045.214 Safari/537.36" "3.212.86.97"
172.31.20.228 - - [11/Jul/2025:16:09:15 +0000] "GET /company/NNE/estimates/quarterly/ HTTP/1.1" 200 43172 "-" "Mozilla/5.0 AppleWebKit/537.36 (KHTML, like Gecko); compatible; ChatGPT-User/1.0; +https://openai.com/bot" "52.159.227.41"
172.31.35.30 - - [11/Jul/2025:16:09:15 +0000] "GET /company/JPM-PK/transcripts/2015/2/ HTTP/1.1" 200 50009 "-" "python-requests/2.32.4" "23.234.118.221"
172.31.20.228 - - [11/Jul/2025:16:09:16 +0000] "GET /company/SCS/ratios/quarterly/ HTTP/1.1" 200 55072 "-" "Mozilla/5.0 (compatible; GoogleDocs; apps-spreadsheets; +http://docs.google.com)" "74.125.217.137"
172.31.20.228 - - [11/Jul/2025:16:09:17 +0000] "POST /widgets/stock-list/ HTTP/1.1" 200 2640 "https://discountingcashflows.com/company/PARA/overview/" "Mozilla/5.0 (Linux; Android 6.0.1; Nexus 5X Build/MMB29P) AppleWebKit/537.36 (KHTML, like Gecko) Chrome/137.0.7151.119 Mobile Safari/537.36 (compatible; Googlebot/2.1; +http://www.google.com/bot.html)" "66.249.74.133"
172.31.20.228 - - [11/Jul/2025:16:09:18 +0000] "GET /company/CSC.DE/balance-sheet-statement/quarterly/ HTTP/1.1" 200 48236 "-" "Mozilla/5.0 AppleWebKit/537.36 (KHTML, like Gecko); compatible; ChatGPT-User/1.0; +https://openai.com/bot" "135.237.131.214"
172.31.20.228 - - [11/Jul/2025:16:09:18 +0000] "GET /company/STZ/balance-sheet-statement/quarterly/ HTTP/1.1" 200 49951 "-" "Mozilla/5.0 (compatible; GoogleDocs; apps-spreadsheets; +http://docs.google.com)" "74.125.217.129"
172.31.20.228 - - [11/Jul/2025:16:09:18 +0000] "GET /company/JPM-PK/transcripts/2015/1/ HTTP/1.1" 200 33841 "-" "python-requests/2.32.4" "23.234.118.221"
172.31.20.228 - - [11/Jul/2025:16:09:19 +0000] "GET /api/news/?page=0&ticker=PARA&org.htmx.cache-buster=newsTableTbodyPARA HTTP/1.1" 200 2677 "https://discountingcashflows.com/company/PARA/overview/" "Mozilla/5.0 (Linux; Android 6.0.1; Nexus 5X Build/MMB29P) AppleWebKit/537.36 (KHTML, like Gecko) Chrome/137.0.7151.119 Mobile Safari/537.36 (compatible; Googlebot/2.1; +http://www.google.com/bot.html)" "66.249.76.131"
172.31.14.238 - - [11/Jul/2025:16:09:21 +0000] "GET / HTTP/1.1" 403 135 "-" "ELB-HealthChecker/2.0" "-"
172.31.35.30 - - [11/Jul/2025:16:09:21 +0000] "GET /accounts/login/?next=/company/SUAC-UN/valuation/two-stage-dividend-discount-model/ HTTP/1.1" 200 11081 "-" "Mozilla/5.0 AppleWebKit/537.36 (KHTML, like Gecko; compatible; Amazonbot/0.1; +https://developer.amazon.com/support/amazonbot) Chrome/119.0.6045.214 Safari/537.36" "44.223.232.55"
172.31.35.30 - - [11/Jul/2025:16:09:22 +0000] "GET / HTTP/1.1" 200 48662 "-" "ELB-HealthChecker/2.0" "-"
172.31.20.228 - - [11/Jul/2025:16:09:22 +0000] "GET /company/CRMT/balance-sheet-statement/quarterly/ HTTP/1.1" 200 49378 "-" "Mozilla/5.0 (compatible; GoogleDocs; apps-spreadsheets; +http://docs.google.com)" "74.125.217.137"
172.31.20.228 - - [11/Jul/2025:16:09:22 +0000] "GET /company/SGRE.MC/income-statement/quarterly/ HTTP/1.1" 200 45046 "-" "Mozilla/5.0 (Windows NT 10.0; Win64; x64) AppleWebKit/537.36 (KHTML, like Gecko) Chrome/126.0.0.0 Safari/537.36" "52.11.85.20"
172.31.20.228 - - [11/Jul/2025:16:09:22 +0000] "GET / HTTP/1.1" 200 48652 "-" "ELB-HealthChecker/2.0" "-"
172.31.35.30 - - [11/Jul/2025:16:09:22 +0000] "GET /company/ZBH/executive-compensation/ HTTP/1.1" 200 50033 "-" "Mozilla/5.0 AppleWebKit/537.36 (KHTML, like Gecko); compatible; ChatGPT-User/1.0; +https://openai.com/bot" "172.178.140.156"
